Microchip MPLAB XC8 Compiler V1.38 ()

Linker command line:

-W-3 --edf=C:\Program Files (x86)\Microchip\xc8\v1.38\dat\en_msgs.txt -cs \
  -h+dist/default/production\CortaMasa.X.production.sym \
  --cmf=dist/default/production\CortaMasa.X.production.cmf -z -Q18F25K22 \
  -oC:\Users\Sebas\AppData\Local\Temp\s7v4.2 \
  -Mdist/default/production/CortaMasa.X.production.map -E1 -ver=XC8 \
  --acfsm=1493 -ASTACK=0183h-05ffh -pstack=STACK -ACODE=00h-07FFFh \
  -ACONST=00h-07FFFh -ASMALLCONST=0600h-06FFhx122 \
  -AMEDIUMCONST=0600h-07FFFh -ACOMRAM=01h-05Fh -AABS1=00h-05FFh \
  -ABIGRAM=01h-05FFh -ARAM=060h-0FFh,0100h-01FFhx5 -ABANK0=060h-0FFh \
  -ABANK1=0100h-01FFh -ABANK2=0200h-02FFh -ABANK3=0300h-03FFh \
  -ABANK4=0400h-04FFh -ABANK5=0500h-05FFh -ASFR=0F38h-0F5Fh,0F60h-0FFFh \
  -preset_vec=00h,intcode=08h,intcodelo=018h,powerup,init,end_init \
  -pramtop=0600h -psmallconst=SMALLCONST -pmediumconst=MEDIUMCONST \
  -pconst=CONST -AFARRAM=00h-00h -ACONFIG=0300000h-030000Dh -pconfig=CONFIG \
  -AIDLOC=0200000h-0200007h -pidloc=IDLOC -AEEDATA=0F00000h-0F000FFh \
  -peeprom_data=EEDATA \
  -prdata=COMRAM,nvrram=COMRAM,nvbit=COMRAM,rbss=COMRAM,rbit=COMRAM \
  -pfarbss=FARRAM,fardata=FARRAM,nvFARRAM=FARRAM \
  -pintsave_regs=BIGRAM,bigbss=BIGRAM,bigdata=BIGRAM -pbss=RAM \
  -pidata=CODE,irdata=CODE,ibigdata=CODE,ifardata=CODE -prparam=COMRAM \
  C:\Users\Sebas\AppData\Local\Temp\s7v4.obj \
  dist/default/production\CortaMasa.X.production.obj 

Object code version is 3.11

Machine type is 18F25K22

Call graph: (short form)




                Name                               Link     Load   Length Selector   Space Scale
C:\Users\Sebas\AppData\Local\Temp\s7v4.obj
                end_init                             B2       B2        4        C       0
                reset_vec                             0        0        4        0       0
                idloc                            200000   200000        8   200000       0
                config                           300000   300000        E   300000       0
dist/default/production\CortaMasa.X.production.obj
                intcodelo                            18       18       9A        C       0
                intcode                               8        8        E        4       0
                temp                                 4A       4A        1        1       1
                mediumconst                        7CD8     7CD8      328     3E6C       0
                text87                             5F02     5F02        C     2F4E       0
                text86                             5904     5904       70        C       0
                text85                             5DB6     5DB6       2A        C       0
                intcode_body                       5734     5734       78        C       0
                text83                             5EF6     5EF6        C     2F4E       0
                text82                             28A8     28A8      2B4        C       0
                text81                             2286     2286      350        C       0
                text80                             4088     4088      14C        C       0
                text79                             5E9C     5E9C       14     2F4E       0
                text78                             49C4     49C4      10C        C       0
                text77                             3262     3262      23A        C       0
                text76                             5E4E     5E4E       1E        C       0
                text75                             4556     4556      128        C       0
                text74                             554A     554A       7C        C       0
                text72                             5F28     5F28        6     2F8C       0
                text71                             530C     530C       94        C       0
                text70                             5E6C     5E6C       18        C       0
                text69                             5974     5974       66        C       0
                text68                             5B76     5B76       38        C       0
                text67                             5AB6     5AB6       46        C       0
                text66                             5C78     5C78       30        C       0
                text65                             1B44     1B44      3C0        C       0
                text64                             169E     169E      4A6        C       0
                text63                             3026     3026      23C        C       0
                text62                             5E2E     5E2E       20        C       0
                text61                             442E     442E      128        C       0
                text60                             3A22     3A22      1B0        C       0
                text59                             57AC     57AC       76        C       0
                text58                             36A2     36A2      1CE        C       0
                text57                             4302     4302      12C        C       0
                text56                             51D4     51D4       9E        C       0
                text55                             59DA     59DA       4E        C       0
                text54                             56BA     56BA       7A        C       0
                text53                             4D96     4D96       CC        C       0
                text52                             467E     467E      120        C       0
                text51                             54BC     54BC       8E        C       0
                text50                             479E     479E      11A        C       0
                text49                             48B8     48B8      10C        C       0
                text48                             3870     3870      1B2        C       0
                text47                             2DE4     2DE4      242        C       0
                text46                             5894     5894       70        C       0
                text45                             4CC6     4CC6       D0        C       0
                text44                             41D4     41D4      12E        C       0
                text43                             5EE8     5EE8        E     2F4E       0
                text42                             5EDA     5EDA        E     2F4E       0
                text41                             5ECC     5ECC        E     2F4E       0
                text40                             5EBE     5EBE        E     2F4E       0
                text39                             2B5C     2B5C      288        C       0
                text38                             5DE0     5DE0       28        C       0
                text37                             3D70     3D70      190        C       0
                text36                             5B3E     5B3E       38        C       0
                text35                             11F6     11F6      4A8        C       0
                text34                             5A28     5A28       48        C       0
                text33                             4F20     4F20       BC        C       0
                text32                             5272     5272       9A        C       0
                text31                             5BAE     5BAE       36        C       0
                text30                             3F00     3F00      188        C       0
                text29                             3BD2     3BD2      19E        C       0
                text28                             4E62     4E62       BE        C       0
                text27                             5132     5132       A2        C       0
                text26                             25D6     25D6      2D2        C       0
                text25                             5D8C     5D8C       2A        C       0
                text24                             5640     5640       7A        C       0
                text23                             5A70     5A70       46        C       0
                text22                             542E     542E       8E        C       0
                text21                             5AFC     5AFC       42        C       0
                text20                             5C48     5C48       30        C       0
                text19                             55C6     55C6       7A        C       0
                text18                             5EB0     5EB0        E     2F4E       0
                text17                              D24      D24      4D2        C       0
                text16                               B6       B6      C6E        C       0
                text15                             5D32     5D32       2E        C       0
                text14                             5D04     5D04       2E        C       0
                text13                             5822     5822       72        C       0
                text12                             5C16     5C16       32        C       0
                text11                             5CD6     5CD6       2E        C       0
                text10                             5CA8     5CA8       2E        C       0
                text9                              349C     349C      206        C       0
                text8                              1F04     1F04      382        C       0
                text7                              4AD0     4AD0      106        C       0
                text6                              4BD6     4BD6       F0        C       0
                text5                              4FDC     4FDC       B4        C       0
                text4                              5F20     5F20        8     2F8C       0
                text3                              5BE4     5BE4       32        C       0
                text2                              5F18     5F18        8     2F8C       0
                text1                              5090     5090       A2        C       0
                text0                              5D60     5D60       2C        C       0
                cstackCOMRAM                          1        1       2E        1       1
                cstackBANK0                          60       60       6C       60       1
                cstackBANK1                         100      100       31      100       1
                dataBANK1                           15D      15D       26      100       1
                bssBANK1                            131      131       2C      100       1
                dataBANK0                            DB       DB        9       60       1
                bssBANK0                             CC       CC        F       60       1
                dataCOMRAM                           2F       2F       17        1       1
                bssCOMRAM                            46       46        4        1       1
                cinit                              53A0     53A0       8E        C       0
                idataBANK1                         5E08     5E08       26        C       0
                idataBANK0                         5F0E     5F0E        9     2F4E       0
                idataCOMRAM                        5E84     5E84       17        C       0

TOTAL           Name                               Link     Load   Length     Space
        CLASS   STACK          

        CLASS   CODE           
                end_init                             B2       B2        4         0
                intcodelo                            18       18       9A         0
                intcode                               8        8        E         0
                reset_vec                             0        0        4         0
                text87                             5F02     5F02        C         0
                text86                             5904     5904       70         0
                text85                             5DB6     5DB6       2A         0
                intcode_body                       5734     5734       78         0
                text83                             5EF6     5EF6        C         0
                text82                             28A8     28A8      2B4         0
                text81                             2286     2286      350         0
                text80                             4088     4088      14C         0
                text79                             5E9C     5E9C       14         0
                text78                             49C4     49C4      10C         0
                text77                             3262     3262      23A         0
                text76                             5E4E     5E4E       1E         0
                text75                             4556     4556      128         0
                text74                             554A     554A       7C         0
                text72                             5F28     5F28        6         0
                text71                             530C     530C       94         0
                text70                             5E6C     5E6C       18         0
                text69                             5974     5974       66         0
                text68                             5B76     5B76       38         0
                text67                             5AB6     5AB6       46         0
                text66                             5C78     5C78       30         0
                text65                             1B44     1B44      3C0         0
                text64                             169E     169E      4A6         0
                text63                             3026     3026      23C         0
                text62                             5E2E     5E2E       20         0
                text61                             442E     442E      128         0
                text60                             3A22     3A22      1B0         0
                text59                             57AC     57AC       76         0
                text58                             36A2     36A2      1CE         0
                text57                             4302     4302      12C         0
                text56                             51D4     51D4       9E         0
                text55                             59DA     59DA       4E         0
                text54                             56BA     56BA       7A         0
                text53                             4D96     4D96       CC         0
                text52                             467E     467E      120         0
                text51                             54BC     54BC       8E         0
                text50                             479E     479E      11A         0
                text49                             48B8     48B8      10C         0
                text48                             3870     3870      1B2         0
                text47                             2DE4     2DE4      242         0
                text46                             5894     5894       70         0
                text45                             4CC6     4CC6       D0         0
                text44                             41D4     41D4      12E         0
                text43                             5EE8     5EE8        E         0
                text42                             5EDA     5EDA        E         0
                text41                             5ECC     5ECC        E         0
                text40                             5EBE     5EBE        E         0
                text39                             2B5C     2B5C      288         0
                text38                             5DE0     5DE0       28         0
                text37                             3D70     3D70      190         0
                text36                             5B3E     5B3E       38         0
                text35                             11F6     11F6      4A8         0
                text34                             5A28     5A28       48         0
                text33                             4F20     4F20       BC         0
                text32                             5272     5272       9A         0
                text31                             5BAE     5BAE       36         0
                text30                             3F00     3F00      188         0
                text29                             3BD2     3BD2      19E         0
                text28                             4E62     4E62       BE         0
                text27                             5132     5132       A2         0
                text26                             25D6     25D6      2D2         0
                text25                             5D8C     5D8C       2A         0
                text24                             5640     5640       7A         0
                text23                             5A70     5A70       46         0
                text22                             542E     542E       8E         0
                text21                             5AFC     5AFC       42         0
                text20                             5C48     5C48       30         0
                text19                             55C6     55C6       7A         0
                text18                             5EB0     5EB0        E         0
                text17                              D24      D24      4D2         0
                text16                               B6       B6      C6E         0
                text15                             5D32     5D32       2E         0
                text14                             5D04     5D04       2E         0
                text13                             5822     5822       72         0
                text12                             5C16     5C16       32         0
                text11                             5CD6     5CD6       2E         0
                text10                             5CA8     5CA8       2E         0
                text9                              349C     349C      206         0
                text8                              1F04     1F04      382         0
                text7                              4AD0     4AD0      106         0
                text6                              4BD6     4BD6       F0         0
                text5                              4FDC     4FDC       B4         0
                text4                              5F20     5F20        8         0
                text3                              5BE4     5BE4       32         0
                text2                              5F18     5F18        8         0
                text1                              5090     5090       A2         0
                text0                              5D60     5D60       2C         0
                cinit                              53A0     53A0       8E         0
                idataBANK1                         5E08     5E08       26         0
                idataBANK0                         5F0E     5F0E        9         0
                idataCOMRAM                        5E84     5E84       17         0

        CLASS   CONST          

        CLASS   SMALLCONST     

        CLASS   MEDIUMCONST    
                mediumconst                        7CD8     7CD8      328         0

        CLASS   COMRAM         
                temp                                 4A       4A        1         1
                cstackCOMRAM                          1        1       2E         1
                dataCOMRAM                           2F       2F       17         1
                bssCOMRAM                            46       46        4         1

        CLASS   ABS1           

        CLASS   BIGRAM         

        CLASS   RAM            

        CLASS   BANK0          
                cstackBANK0                          60       60       6C         1
                dataBANK0                            DB       DB        9         1
                bssBANK0                             CC       CC        F         1

        CLASS   BANK1          
                cstackBANK1                         100      100       31         1
                dataBANK1                           15D      15D       26         1
                bssBANK1                            131      131       2C         1

        CLASS   BANK2          

        CLASS   BANK3          

        CLASS   BANK4          

        CLASS   BANK5          

        CLASS   SFR            

        CLASS   FARRAM         

        CLASS   CONFIG         
                config                           300000   300000        E         0

        CLASS   IDLOC          
                idloc                            200000   200000        8         0

        CLASS   EEDATA         



SEGMENTS        Name                           Load    Length   Top    Selector   Space  Class

                reset_vec                      000000  000004  000004         0       0  CODE    
                cstackCOMRAM                   000001  00004A  00004B         1       1  COMRAM  
                intcode                        000008  00000E  000016         4       0  CODE    
                intcodelo                      000018  005E83  005E9B         C       0  CODE    
                cstackBANK0                    000060  000084  0000E4        60       1  BANK0   
                cstackBANK1                    000100  000083  000183       100       1  BANK1   
                text79                         005E9C  00007B  005F17      2F4E       0  CODE    
                text2                          005F18  000016  005F2E      2F8C       0  CODE    
                mediumconst                    007CD8  000328  008000      3E6C       0  MEDIUMCO
                idloc                          200000  000008  200008    200000       0  IDLOC   
                config                         300000  00000E  30000E    300000       0  CONFIG  


UNUSED ADDRESS RANGES

        Name                Unused          Largest block    Delta
        BANK0            0000E4-0000FF               1C
        BANK1            000183-0001FF               7D
        BANK2            000200-0002FF              100
        BANK3            000300-0003FF              100
        BANK4            000400-0004FF              100
        BANK5            000500-0005FF              100
        BIGRAM           00004B-00005F               15
                         0000E4-0000FF               1C
                         000183-0005FF              47D
        CODE             000004-000007                4
                         000016-000017                2
                         005E9B-005E9B                1
                         005F17-005F17                1
                         005F2E-007CD7             1DAA
        COMRAM           00004B-00005F               15
        CONST            000004-000007                4
                         000016-000017                2
                         005E9B-005E9B                1
                         005F17-005F17                1
                         005F2E-007CD7             1DAA
        EEDATA           F00000-F000FF              100
        MEDIUMCONST      005E9B-005E9B                1
                         005F17-005F17                1
                         005F2E-007CD7             1DAA
        RAM              0000E4-0000FF               1C
                         000183-0005FF              100
        SFR              000F38-000FFF               28
        SMALLCONST       005E9B-005E9B                1
                         005F17-005F17                1
                         005F2E-007CD7              100
        STACK            000183-0005FF              47D

                                  Symbol Table

?___aldiv                  cstackBANK0  000075
?___awdiv                  cstackBANK0  00007B
?___awmod                  cstackBANK0  000075
?___fladd                  cstackBANK0  0000A9
?___fldiv                  cstackBANK0  000083
?___flmul                  cstackBANK0  000083
?___flneg                  cstackBANK0  000075
?___flsub                  cstackBANK0  0000BD
?___fltol                  cstackBANK0  0000A5
?___lldiv                  cstackBANK0  000075
?___llmod                  cstackBANK0  000082
?___lmul                   cstackBANK0  000075
?___wmul                   cstackBANK0  000075
?___xxtofl                 cstackBANK0  000075
?__div_to_l_               cstackBANK0  000075
?__tdiv_to_l_              cstackBANK0  000075
?_fround                   cstackBANK0  00009C
?_printf                   cstackBANK1  000100
?_scale                    cstackBANK0  00009C
?i1___fldiv                cstackCOMRAM 000015
?i1___flmul                cstackCOMRAM 000015
UARTint@sas                cstackCOMRAM 00002E
_ANSELAbits                (abs)        000F38
_ANSELCbits                (abs)        000F3A
_BAUDCON1bits              (abs)        000FB8
_CCP2CONbits               (abs)        000F66
_CCPR2L                    (abs)        000F67
_CCPTMRS0bits              (abs)        000F49
_DOWNisLP                  bssBANK1     000150
_DOWNsecurLock             bssBANK1     000151
_ECCP2ASbits               (abs)        000F64
_EEADR                     (abs)        000FA9
_EECON1bits                (abs)        000FA6
_EECON2                    (abs)        000FA7
_EEDATA                    (abs)        000FA8
_EEPROMConfig              text72       005F28
_ENTERisLP                 bssBANK1     000152
_ENTERsecurLock            bssBANK1     000153
_INTCONbits                (abs)        000FF2
_IPR1bits                  (abs)        000F9F
_LATBbits                  (abs)        000F8A
_LATCbits                  (abs)        000F8B
_OSCCON2bits               (abs)        000FD2
_OSCCONbits                (abs)        000FD3
_OSCTUNEbits               (abs)        000F9B
_PIE1bits                  (abs)        000F9D
_PIR1bits                  (abs)        000F9E
_PORTAbits                 (abs)        000F80
_PORTBbits                 (abs)        000F81
_PR2                       (abs)        000FBB
_PSTR2CONbits              (abs)        000F63
_PWM2CONbits               (abs)        000F65
_PWM2Config                text69       005974
_ProcessStarted            bssBANK0     0000D2
_RCONbits                  (abs)        000FD0
_RCREG1                    (abs)        000FAE
_RCSTA1bits                (abs)        000FAB
_RETROisLP                 bssBANK1     000154
_RETROsecurLock            bssBANK1     000155
_SPBRG1                    (abs)        000FAF
_SPBRGH1                   (abs)        000FB0
_T2CONbits                 (abs)        000FBA
_T2int                     text85       005DB6
_TRISAbits                 (abs)        000F92
_TRISBbits                 (abs)        000F93
_TRISCbits                 (abs)        000F94
_TXREG1                    (abs)        000FAD
_TXSTA1bits                (abs)        000FAC
_UARTConfig                text68       005B76
_UARTint                   text74       00554A
_UPisLP                    bssBANK1     000156
_UPsecurLock               bssBANK1     000157
_WDTCONbits                (abs)        000FD1
__CFG_BOREN$SBORDIS        (abs)        000000
__CFG_BORV$285             (abs)        000000
__CFG_CCP2MX$PORTC1        (abs)        000000
__CFG_CCP3MX$PORTB5        (abs)        000000
__CFG_CP0$OFF              (abs)        000000
__CFG_CP1$OFF              (abs)        000000
__CFG_CP2$OFF              (abs)        000000
__CFG_CP3$OFF              (abs)        000000
__CFG_CPB$OFF              (abs)        000000
__CFG_CPD$OFF              (abs)        000000
__CFG_EBTR0$OFF            (abs)        000000
__CFG_EBTR1$OFF            (abs)        000000
__CFG_EBTR2$OFF            (abs)        000000
__CFG_EBTR3$OFF            (abs)        000000
__CFG_EBTRB$OFF            (abs)        000000
__CFG_FCMEN$ON             (abs)        000000
__CFG_FOSC$INTIO67         (abs)        000000
__CFG_HFOFST$ON            (abs)        000000
__CFG_IESO$ON              (abs)        000000
__CFG_LVP$OFF              (abs)        000000
__CFG_MCLRE$EXTMCLR        (abs)        000000
__CFG_P2BMX$PORTC0         (abs)        000000
__CFG_PBADEN$OFF           (abs)        000000
__CFG_PLLCFG$ON            (abs)        000000
__CFG_PRICLKEN$ON          (abs)        000000
__CFG_PWRTEN$ON            (abs)        000000
__CFG_STVREN$ON            (abs)        000000
__CFG_T3CMX$PORTC0         (abs)        000000
__CFG_WDTEN$SWON           (abs)        000000
__CFG_WDTPS$32768          (abs)        000000
__CFG_WRT0$OFF             (abs)        000000
__CFG_WRT1$OFF             (abs)        000000
__CFG_WRT2$OFF             (abs)        000000
__CFG_WRT3$OFF             (abs)        000000
__CFG_WRTB$OFF             (abs)        000000
__CFG_WRTC$OFF             (abs)        000000
__CFG_WRTD$OFF             (abs)        000000
__CFG_XINST$OFF            (abs)        000000
__HRAM                     (abs)        000000
__Habs1                    abs1         000000
__Hbank0                   bank0        000000
__Hbank1                   bank1        000000
__Hbank2                   bank2        000000
__Hbank3                   bank3        000000
__Hbank4                   bank4        000000
__Hbank5                   bank5        000000
__Hbigbss                  bigbss       000000
__Hbigdata                 bigdata      000000
__Hbigram                  bigram       000000
__Hbss                     bss          000000
__HbssBANK0                bssBANK0     000000
__HbssBANK1                bssBANK1     000000
__HbssCOMRAM               bssCOMRAM    000000
__Hcinit                   cinit        000000
__Hclrtext                 clrtext      000000
__Hcomram                  comram       000000
__Hconfig                  config       30000E
__Hconst                   const        000000
__HcstackBANK0             cstackBANK0  000000
__HcstackBANK1             cstackBANK1  000000
__HcstackCOMRAM            cstackCOMRAM 000000
__Hdata                    data         000000
__HdataBANK0               dataBANK0    000000
__HdataBANK1               dataBANK1    000000
__HdataCOMRAM              dataCOMRAM   000000
__Heeprom_data             eeprom_data  000000
__Hend_init                end_init     0000B6
__Hfarbss                  farbss       000000
__Hfardata                 fardata      000000
__Hibigdata                ibigdata     000000
__Hidata                   idata        000000
__HidataBANK0              idataBANK0   000000
__HidataBANK1              idataBANK1   000000
__HidataCOMRAM             idataCOMRAM  000000
__Hidloc                   idloc        200008
__Hifardata                ifardata     000000
__Hinit                    init         0000B2
__Hintcode                 intcode      000016
__Hintcode_body            intcode_body 000000
__Hintcodelo               intcodelo    0000B2
__Hintentry                intentry     000000
__Hintret                  intret       000000
__Hintsave_regs            intsave_regs 000000
__Hirdata                  irdata       000000
__Hmediumconst             mediumconst  008000
__HnvFARRAM                nvFARRAM     000000
__Hnvbit                   nvbit        000000
__Hnvrram                  nvrram       000000
__Hparam                   rparam       000000
__Hpowerup                 powerup      0000B2
__Hram                     ram          000000
__Hramtop                  ramtop       000600
__Hrbit                    rbit         000000
__Hrbss                    rbss         000000
__Hrdata                   rdata        000000
__Hreset_vec               reset_vec    000004
__Hrparam                  rparam       000000
__Hsfr                     sfr          000000
__Hsmallconst              smallconst   000000
__Hspace_0                 (abs)        30000E
__Hspace_1                 (abs)        000183
__Hspace_2                 (abs)        000000
__Hstack                   stack        000000
__Hstruct                  struct       000000
__Htemp                    temp         00004B
__Htext                    text         000000
__Htext0                   text0        000000
__Htext1                   text1        000000
__Htext10                  text10       000000
__Htext11                  text11       000000
__Htext12                  text12       000000
__Htext13                  text13       000000
__Htext14                  text14       000000
__Htext15                  text15       000000
__Htext16                  text16       000000
__Htext17                  text17       000000
__Htext18                  text18       000000
__Htext19                  text19       000000
__Htext2                   text2        000000
__Htext20                  text20       000000
__Htext21                  text21       000000
__Htext22                  text22       000000
__Htext23                  text23       000000
__Htext24                  text24       000000
__Htext25                  text25       000000
__Htext26                  text26       000000
__Htext27                  text27       000000
__Htext28                  text28       000000
__Htext29                  text29       000000
__Htext3                   text3        000000
__Htext30                  text30       000000
__Htext31                  text31       000000
__Htext32                  text32       000000
__Htext33                  text33       000000
__Htext34                  text34       000000
__Htext35                  text35       000000
__Htext36                  text36       000000
__Htext37                  text37       000000
__Htext38                  text38       000000
__Htext39                  text39       000000
__Htext4                   text4        000000
__Htext40                  text40       000000
__Htext41                  text41       000000
__Htext42                  text42       000000
__Htext43                  text43       000000
__Htext44                  text44       000000
__Htext45                  text45       000000
__Htext46                  text46       000000
__Htext47                  text47       000000
__Htext48                  text48       000000
__Htext49                  text49       000000
__Htext5                   text5        000000
__Htext50                  text50       000000
__Htext51                  text51       000000
__Htext52                  text52       000000
__Htext53                  text53       000000
__Htext54                  text54       000000
__Htext55                  text55       000000
__Htext56                  text56       000000
__Htext57                  text57       000000
__Htext58                  text58       000000
__Htext59                  text59       000000
__Htext6                   text6        000000
__Htext60                  text60       000000
__Htext61                  text61       000000
__Htext62                  text62       000000
__Htext63                  text63       000000
__Htext64                  text64       000000
__Htext65                  text65       000000
__Htext66                  text66       000000
__Htext67                  text67       000000
__Htext68                  text68       000000
__Htext69                  text69       000000
__Htext7                   text7        000000
__Htext70                  text70       000000
__Htext71                  text71       000000
__Htext72                  text72       000000
__Htext74                  text74       000000
__Htext75                  text75       000000
__Htext76                  text76       000000
__Htext77                  text77       000000
__Htext78                  text78       000000
__Htext79                  text79       000000
__Htext8                   text8        000000
__Htext80                  text80       000000
__Htext81                  text81       000000
__Htext82                  text82       000000
__Htext83                  text83       000000
__Htext85                  text85       000000
__Htext86                  text86       000000
__Htext87                  text87       000000
__Htext9                   text9        000000
__LRAM                     (abs)        000001
__Labs1                    abs1         000000
__Lbank0                   bank0        000000
__Lbank1                   bank1        000000
__Lbank2                   bank2        000000
__Lbank3                   bank3        000000
__Lbank4                   bank4        000000
__Lbank5                   bank5        000000
__Lbigbss                  bigbss       000000
__Lbigdata                 bigdata      000000
__Lbigram                  bigram       000000
__Lbss                     bss          000000
__LbssBANK0                bssBANK0     000000
__LbssBANK1                bssBANK1     000000
__LbssCOMRAM               bssCOMRAM    000000
__Lcinit                   cinit        000000
__Lclrtext                 clrtext      000000
__Lcomram                  comram       000000
__Lconfig                  config       300000
__Lconst                   const        000000
__LcstackBANK0             cstackBANK0  000000
__LcstackBANK1             cstackBANK1  000000
__LcstackCOMRAM            cstackCOMRAM 000000
__Ldata                    data         000000
__LdataBANK0               dataBANK0    000000
__LdataBANK1               dataBANK1    000000
__LdataCOMRAM              dataCOMRAM   000000
__Leeprom_data             eeprom_data  000000
__Lend_init                end_init     0000B2
__Lfarbss                  farbss       000000
__Lfardata                 fardata      000000
__Libigdata                ibigdata     000000
__Lidata                   idata        000000
__LidataBANK0              idataBANK0   000000
__LidataBANK1              idataBANK1   000000
__LidataCOMRAM             idataCOMRAM  000000
__Lidloc                   idloc        200000
__Lifardata                ifardata     000000
__Linit                    init         0000B2
__Lintcode                 intcode      000008
__Lintcode_body            intcode_body 000000
__Lintcodelo               intcodelo    000018
__Lintentry                intentry     000000
__Lintret                  intret       000000
__Lintsave_regs            intsave_regs 000000
__Lirdata                  irdata       000000
__Lmediumconst             mediumconst  007CD8
__LnvFARRAM                nvFARRAM     000000
__Lnvbit                   nvbit        000000
__Lnvrram                  nvrram       000000
__Lparam                   rparam       000000
__Lpowerup                 powerup      0000B2
__Lram                     ram          000000
__Lramtop                  ramtop       000600
__Lrbit                    rbit         000000
__Lrbss                    rbss         000000
__Lrdata                   rdata        000000
__Lreset_vec               reset_vec    000000
__Lrparam                  rparam       000000
__Lsfr                     sfr          000000
__Lsmallconst              smallconst   000000
__Lspace_0                 (abs)        000000
__Lspace_1                 (abs)        000000
__Lspace_2                 (abs)        000000
__Lstack                   stack        000000
__Lstruct                  struct       000000
__Ltemp                    temp         00004A
__Ltext                    text         000000
__Ltext0                   text0        000000
__Ltext1                   text1        000000
__Ltext10                  text10       000000
__Ltext11                  text11       000000
__Ltext12                  text12       000000
__Ltext13                  text13       000000
__Ltext14                  text14       000000
__Ltext15                  text15       000000
__Ltext16                  text16       000000
__Ltext17                  text17       000000
__Ltext18                  text18       000000
__Ltext19                  text19       000000
__Ltext2                   text2        000000
__Ltext20                  text20       000000
__Ltext21                  text21       000000
__Ltext22                  text22       000000
__Ltext23                  text23       000000
__Ltext24                  text24       000000
__Ltext25                  text25       000000
__Ltext26                  text26       000000
__Ltext27                  text27       000000
__Ltext28                  text28       000000
__Ltext29                  text29       000000
__Ltext3                   text3        000000
__Ltext30                  text30       000000
__Ltext31                  text31       000000
__Ltext32                  text32       000000
__Ltext33                  text33       000000
__Ltext34                  text34       000000
__Ltext35                  text35       000000
__Ltext36                  text36       000000
__Ltext37                  text37       000000
__Ltext38                  text38       000000
__Ltext39                  text39       000000
__Ltext4                   text4        000000
__Ltext40                  text40       000000
__Ltext41                  text41       000000
__Ltext42                  text42       000000
__Ltext43                  text43       000000
__Ltext44                  text44       000000
__Ltext45                  text45       000000
__Ltext46                  text46       000000
__Ltext47                  text47       000000
__Ltext48                  text48       000000
__Ltext49                  text49       000000
__Ltext5                   text5        000000
__Ltext50                  text50       000000
__Ltext51                  text51       000000
__Ltext52                  text52       000000
__Ltext53                  text53       000000
__Ltext54                  text54       000000
__Ltext55                  text55       000000
__Ltext56                  text56       000000
__Ltext57                  text57       000000
__Ltext58                  text58       000000
__Ltext59                  text59       000000
__Ltext6                   text6        000000
__Ltext60                  text60       000000
__Ltext61                  text61       000000
__Ltext62                  text62       000000
__Ltext63                  text63       000000
__Ltext64                  text64       000000
__Ltext65                  text65       000000
__Ltext66                  text66       000000
__Ltext67                  text67       000000
__Ltext68                  text68       000000
__Ltext69                  text69       000000
__Ltext7                   text7        000000
__Ltext70                  text70       000000
__Ltext71                  text71       000000
__Ltext72                  text72       000000
__Ltext74                  text74       000000
__Ltext75                  text75       000000
__Ltext76                  text76       000000
__Ltext77                  text77       000000
__Ltext78                  text78       000000
__Ltext79                  text79       000000
__Ltext8                   text8        000000
__Ltext80                  text80       000000
__Ltext81                  text81       000000
__Ltext82                  text82       000000
__Ltext83                  text83       000000
__Ltext85                  text85       000000
__Ltext86                  text86       000000
__Ltext87                  text87       000000
__Ltext9                   text9        000000
__S0                       (abs)        30000E
__S1                       (abs)        000183
__S2                       (abs)        000000
___aldiv                   text50       00479E
___aldiv@counter           cstackBANK0  00007D
___aldiv@dividend          cstackBANK0  000075
___aldiv@divisor           cstackBANK0  000079
___aldiv@quotient          cstackBANK0  00007F
___aldiv@sign              cstackBANK0  00007E
___awdiv                   text28       004E62
___awdiv@counter           cstackBANK0  00007F
___awdiv@dividend          cstackBANK0  00007B
___awdiv@divisor           cstackBANK0  00007D
___awdiv@quotient          cstackBANK0  000081
___awdiv@sign              cstackBANK0  000080
___awmod                   text27       005132
___awmod@counter           cstackBANK0  000079
___awmod@dividend          cstackBANK0  000075
___awmod@divisor           cstackBANK0  000077
___awmod@sign              cstackBANK0  00007A
___fladd                   text35       0011F6
___fladd@a                 cstackBANK0  0000AD
___fladd@aexp              cstackBANK0  0000BA
___fladd@b                 cstackBANK0  0000A9
___fladd@bexp              cstackBANK0  0000BB
___fladd@grs               cstackBANK0  0000BC
___fladd@signs             cstackBANK0  0000B9
___fldiv                   text65       001B44
___fldiv@a                 cstackBANK0  000087
___fldiv@aexp              cstackBANK0  00009B
___fldiv@b                 cstackBANK0  000083
___fldiv@bexp              cstackBANK0  00009A
___fldiv@grs               cstackBANK0  000096
___fldiv@new_exp           cstackBANK0  000094
___fldiv@rem               cstackBANK0  000090
___fldiv@sign              cstackBANK0  00008F
___flge                    text37       003D70
___flge@ff1                cstackBANK0  000075
___flge@ff2                cstackBANK0  000079
___flmul                   text64       00169E
___flmul@a                 cstackBANK0  000087
___flmul@aexp              cstackBANK0  000090
___flmul@b                 cstackBANK0  000083
___flmul@bexp              cstackBANK0  000095
___flmul@grs               cstackBANK0  000091
___flmul@prod              cstackBANK0  000096
___flmul@sign              cstackBANK0  00008F
___flmul@temp              cstackBANK0  00009A
___flneg                   text36       005B3E
___flneg@f1                cstackBANK0  000075
___flsub                   text34       005A28
___flsub@a                 cstackBANK0  0000C1
___flsub@b                 cstackBANK0  0000BD
___fltol                   text49       0048B8
___fltol@exp1              cstackBANK0  0000AE
___fltol@f1                cstackBANK0  0000A5
___fltol@sign1             cstackBANK0  0000AD
___inthi_sp                stack        000000
___intlo_sp                stack        000000
___lldiv                   text33       004F20
___lldiv@counter           cstackBANK0  000081
___lldiv@dividend          cstackBANK0  000075
___lldiv@divisor           cstackBANK0  000079
___lldiv@quotient          cstackBANK0  00007D
___llmod                   text32       005272
___llmod@counter           cstackBANK0  00008A
___llmod@dividend          cstackBANK0  000082
___llmod@divisor           cstackBANK0  000086
___lmul                    text59       0057AC
___lmul@multiplicand       cstackBANK0  000079
___lmul@multiplier         cstackBANK0  000075
___lmul@product            cstackBANK0  00007D
___param_bank              (abs)        000010
___rparam_used             (abs)        000001
___sp                      stack        000000
___wmul                    text31       005BAE
___wmul@multiplicand       cstackBANK0  000077
___wmul@multiplier         cstackBANK0  000075
___wmul@product            cstackBANK0  000079
___xxtofl                  text58       0036A2
___xxtofl@arg              cstackBANK0  00007F
___xxtofl@exp              cstackBANK0  00007E
___xxtofl@sign             cstackBANK0  00007D
___xxtofl@val              cstackBANK0  000075
__accesstop                (abs)        000060
__activetblptr             (abs)        000002
__div_to_l_                text30       003F00
__div_to_l_@cntr           cstackBANK0  000081
__div_to_l_@exp1           cstackBANK0  000082
__div_to_l_@f1             cstackBANK0  000075
__div_to_l_@f2             cstackBANK0  000079
__div_to_l_@quot           cstackBANK0  00007D
__end_of_EEPROMConfig      text72       005F2E
__end_of_PWM2Config        text69       0059DA
__end_of_T2int             text85       005DE0
__end_of_UARTConfig        text68       005BAE
__end_of_UARTint           text74       0055C6
__end_of___aldiv           text50       0048B8
__end_of___awdiv           text28       004F20
__end_of___awmod           text27       0051D4
__end_of___fladd           text35       00169E
__end_of___fldiv           text65       001F04
__end_of___flge            text37       003F00
__end_of___flmul           text64       001B44
__end_of___flneg           text36       005B76
__end_of___flsub           text34       005A70
__end_of___fltol           text49       0049C4
__end_of___lldiv           text33       004FDC
__end_of___llmod           text32       00530C
__end_of___lmul            text59       005822
__end_of___wmul            text31       005BE4
__end_of___xxtofl          text58       003870
__end_of__div_to_l_        text30       004088
__end_of__initialization   cinit        005420
__end_of__npowers_         mediumconst  007D0D
__end_of__powers_          mediumconst  007D41
__end_of__tdiv_to_l_       text29       003D70
__end_of_buttonChecking    text39       002DE4
__end_of_calcSysVars       text80       0041D4
__end_of_calcVars2ti       text63       003262
__end_of_chanValDigDOWN    text53       004E62
__end_of_chanValDigUP      text45       004D96
__end_of_checkPass         text51       00554A
__end_of_clockConfig       text38       005E08
__end_of_confirmEdition    text60       003BD2
__end_of_delay_ms          text67       005AFC
__end_of_desintegrator     text48       003A22
__end_of_dpowers           mediumconst  007D69
__end_of_drawAdvOFF        text15       005D60
__end_of_drawAdvON         text14       005D32
__end_of_drawAutoCalibRM   text12       005C48
__end_of_drawAutoCalibRes  text11       005D04
__end_of_drawBadPass       text10       005CD6
__end_of_drawChanVal       text9        0036A2
__end_of_drawMenu          text8        002286
__end_of_drawPassWord      text7        004BD6
__end_of_drawSNquest       text6        004CC6
__end_of_drawScreen        text5        005090
__end_of_drawValEditor     text13       005894
__end_of_fround            text26       0028A8
__end_of_hp_isr            intcode_body 0057AC
__end_of_integrator        text57       00442E
__end_of_interruptConfig   text4        005F28
__end_of_ioConfig          text3        005C16
__end_of_ioInitStt         text2        005F20
__end_of_isdigit           text25       005DB6
__end_of_isr               intcodelo    0000B2
__end_of_lcd_gotoxy        text20       005C78
__end_of_lcd_init          text1        005132
__end_of_lcd_putc          text19       005640
__end_of_lcd_read_4bits    text24       0056BA
__end_of_lcd_read_byte     text23       005AB6
__end_of_lcd_send_4bits    text22       0054BC
__end_of_lcd_send_byte     text21       005B3E
__end_of_longPressDOWN     text66       005CA8
__end_of_longPressENTER    text56       005272
__end_of_longPressRETRO    text55       005A28
__end_of_longPressUP       text54       005734
__end_of_main              text0        005D8C
__end_of_pressDOWN         text52       00479E
__end_of_pressENTER        text47       003026
__end_of_pressRETRO        text46       005904
__end_of_pressUP           text44       004302
__end_of_printf            text16       000D24
__end_of_putch             text18       005EBE
__end_of_putchUART         text83       005F02
__end_of_readEEPROM        text79       005EB0
__end_of_releaseDOWN       text43       005EF6
__end_of_releaseENTER      text42       005EE8
__end_of_releaseRETRO      text41       005EDA
__end_of_releaseUP         text40       005ECC
__end_of_saveSysParams     text61       004556
__end_of_scale             text17       0011F6
__end_of_setPWM2duty       text71       0053A0
__end_of_sysParamInit      text78       004AD0
__end_of_t2config          text70       005E84
__end_of_writeEEPROM       text62       005E4E
__end_ofi1___fldiv         text82       002B5C
__end_ofi1___flmul         text81       0025D6
__end_ofi1_calcVars2ti     text77       00349C
__end_ofi1_saveSysParams   text75       00467E
__end_ofi1_writeEEPROM     text76       005E6C
__end_ofi2_putchUART       text87       005F0E
__end_ofi2_setPWM2duty     text86       005974
__initialization           cinit        0053A0
__mediumconst              mediumconst  007CD8
__npowers_                 mediumconst  007CD9
__pbssBANK0                bssBANK0     0000CC
__pbssBANK1                bssBANK1     000131
__pbssCOMRAM               bssCOMRAM    000046
__pcinit                   cinit        0053A0
__pcstackBANK0             cstackBANK0  000060
__pcstackBANK1             cstackBANK1  000100
__pcstackCOMRAM            cstackCOMRAM 000001
__pdataBANK0               dataBANK0    0000DB
__pdataBANK1               dataBANK1    00015D
__pdataCOMRAM              dataCOMRAM   00002F
__pidataBANK0              idataBANK0   005F0E
__pidataBANK1              idataBANK1   005E08
__pidataCOMRAM             idataCOMRAM  005E84
__pintcode                 intcode      000008
__pintcode_body            intcode_body 005734
__pintcodelo               intcodelo    000018
__pmediumconst             mediumconst  007CD8
__powers_                  mediumconst  007D0D
__ptext0                   text0        005D60
__ptext1                   text1        005090
__ptext10                  text10       005CA8
__ptext11                  text11       005CD6
__ptext12                  text12       005C16
__ptext13                  text13       005822
__ptext14                  text14       005D04
__ptext15                  text15       005D32
__ptext16                  text16       0000B6
__ptext17                  text17       000D24
__ptext18                  text18       005EB0
__ptext19                  text19       0055C6
__ptext2                   text2        005F18
__ptext20                  text20       005C48
__ptext21                  text21       005AFC
__ptext22                  text22       00542E
__ptext23                  text23       005A70
__ptext24                  text24       005640
__ptext25                  text25       005D8C
__ptext26                  text26       0025D6
__ptext27                  text27       005132
__ptext28                  text28       004E62
__ptext29                  text29       003BD2
__ptext3                   text3        005BE4
__ptext30                  text30       003F00
__ptext31                  text31       005BAE
__ptext32                  text32       005272
__ptext33                  text33       004F20
__ptext34                  text34       005A28
__ptext35                  text35       0011F6
__ptext36                  text36       005B3E
__ptext37                  text37       003D70
__ptext38                  text38       005DE0
__ptext39                  text39       002B5C
__ptext4                   text4        005F20
__ptext40                  text40       005EBE
__ptext41                  text41       005ECC
__ptext42                  text42       005EDA
__ptext43                  text43       005EE8
__ptext44                  text44       0041D4
__ptext45                  text45       004CC6
__ptext46                  text46       005894
__ptext47                  text47       002DE4
__ptext48                  text48       003870
__ptext49                  text49       0048B8
__ptext5                   text5        004FDC
__ptext50                  text50       00479E
__ptext51                  text51       0054BC
__ptext52                  text52       00467E
__ptext53                  text53       004D96
__ptext54                  text54       0056BA
__ptext55                  text55       0059DA
__ptext56                  text56       0051D4
__ptext57                  text57       004302
__ptext58                  text58       0036A2
__ptext59                  text59       0057AC
__ptext6                   text6        004BD6
__ptext60                  text60       003A22
__ptext61                  text61       00442E
__ptext62                  text62       005E2E
__ptext63                  text63       003026
__ptext64                  text64       00169E
__ptext65                  text65       001B44
__ptext66                  text66       005C78
__ptext67                  text67       005AB6
__ptext68                  text68       005B76
__ptext69                  text69       005974
__ptext7                   text7        004AD0
__ptext70                  text70       005E6C
__ptext71                  text71       00530C
__ptext72                  text72       005F28
__ptext74                  text74       00554A
__ptext75                  text75       004556
__ptext76                  text76       005E4E
__ptext77                  text77       003262
__ptext78                  text78       0049C4
__ptext79                  text79       005E9C
__ptext8                   text8        001F04
__ptext80                  text80       004088
__ptext81                  text81       002286
__ptext82                  text82       0028A8
__ptext83                  text83       005EF6
__ptext85                  text85       005DB6
__ptext86                  text86       005904
__ptext87                  text87       005F02
__ptext9                   text9        00349C
__ramtop                   ramtop       000600
__size_of_EEPROMConfig     (abs)        000000
__size_of_PWM2Config       (abs)        000000
__size_of_T2int            (abs)        000000
__size_of_UARTConfig       (abs)        000000
__size_of_UARTint          (abs)        000000
__size_of___aldiv          (abs)        000000
__size_of___awdiv          (abs)        000000
__size_of___awmod          (abs)        000000
__size_of___fladd          (abs)        000000
__size_of___fldiv          (abs)        000000
__size_of___flge           (abs)        000000
__size_of___flmul          (abs)        000000
__size_of___flneg          (abs)        000000
__size_of___flsub          (abs)        000000
__size_of___fltol          (abs)        000000
__size_of___lldiv          (abs)        000000
__size_of___llmod          (abs)        000000
__size_of___lmul           (abs)        000000
__size_of___wmul           (abs)        000000
__size_of___xxtofl         (abs)        000000
__size_of__div_to_l_       (abs)        000000
__size_of__tdiv_to_l_      (abs)        000000
__size_of_buttonChecking   (abs)        000000
__size_of_calcSysVars      (abs)        000000
__size_of_calcVars2ti      (abs)        000000
__size_of_chanValDigDOWN   (abs)        000000
__size_of_chanValDigUP     (abs)        000000
__size_of_checkPass        (abs)        000000
__size_of_clockConfig      (abs)        000000
__size_of_confirmEdition   (abs)        000000
__size_of_delay_ms         (abs)        000000
__size_of_desintegrator    (abs)        000000
__size_of_drawAdvOFF       (abs)        000000
__size_of_drawAdvON        (abs)        000000
__size_of_drawAutoCalibRM  (abs)        000000
__size_of_drawAutoCalibRes (abs)        000000
__size_of_drawBadPass      (abs)        000000
__size_of_drawChanVal      (abs)        000000
__size_of_drawMenu         (abs)        000000
__size_of_drawPassWord     (abs)        000000
__size_of_drawSNquest      (abs)        000000
__size_of_drawScreen       (abs)        000000
__size_of_drawValEditor    (abs)        000000
__size_of_fround           (abs)        000000
__size_of_hp_isr           (abs)        000000
__size_of_integrator       (abs)        000000
__size_of_interruptConfig  (abs)        000000
__size_of_ioConfig         (abs)        000000
__size_of_ioInitStt        (abs)        000000
__size_of_isdigit          (abs)        000000
__size_of_isr              (abs)        000000
__size_of_lcd_gotoxy       (abs)        000000
__size_of_lcd_init         (abs)        000000
__size_of_lcd_putc         (abs)        000000
__size_of_lcd_read_4bits   (abs)        000000
__size_of_lcd_read_byte    (abs)        000000
__size_of_lcd_send_4bits   (abs)        000000
__size_of_lcd_send_byte    (abs)        000000
__size_of_longPressDOWN    (abs)        000000
__size_of_longPressENTER   (abs)        000000
__size_of_longPressRETRO   (abs)        000000
__size_of_longPressUP      (abs)        000000
__size_of_main             (abs)        000000
__size_of_pressDOWN        (abs)        000000
__size_of_pressENTER       (abs)        000000
__size_of_pressRETRO       (abs)        000000
__size_of_pressUP          (abs)        000000
__size_of_printf           (abs)        000000
__size_of_putch            (abs)        000000
__size_of_putchUART        (abs)        000000
__size_of_readEEPROM       (abs)        000000
__size_of_releaseDOWN      (abs)        000000
__size_of_releaseENTER     (abs)        000000
__size_of_releaseRETRO     (abs)        000000
__size_of_releaseUP        (abs)        000000
__size_of_saveSysParams    (abs)        000000
__size_of_scale            (abs)        000000
__size_of_setPWM2duty      (abs)        000000
__size_of_sysParamInit     (abs)        000000
__size_of_t2config         (abs)        000000
__size_of_writeEEPROM      (abs)        000000
__size_ofi1___fldiv        (abs)        000000
__size_ofi1___flmul        (abs)        000000
__size_ofi1_calcVars2ti    (abs)        000000
__size_ofi1_saveSysParams  (abs)        000000
__size_ofi1_writeEEPROM    (abs)        000000
__size_ofi2_putchUART      (abs)        000000
__size_ofi2_setPWM2duty    (abs)        000000
__smallconst               smallconst   000000
__tdiv_to_l_               text29       003BD2
__tdiv_to_l_@cntr          cstackBANK0  000084
__tdiv_to_l_@exp1          cstackBANK0  000085
__tdiv_to_l_@f1            cstackBANK0  000075
__tdiv_to_l_@f2            cstackBANK0  000079
__tdiv_to_l_@quot          cstackBANK0  000080
_actualScreen              bssBANK0     0000D3
_buttonChecking            text39       002B5C
_calFactor                 bssBANK1     000137
_calcSysVars               text80       004088
_calcVars2ti               text63       003026
_chanValDigDOWN            text53       004D96
_chanValDigUP              text45       004CC6
_chanValSection            dataBANK0    0000E1
_chanValdig                bssBANK1     000131
_chanValf                  bssCOMRAM    000046
_chanVals                  bssBANK1     00014A
_checkPass                 text51       0054BC
_clockConfig               text38       005DE0
_confirmEdition            text60       003A22
_contra                    bssBANK1     00013B
_delay_ms                  text67       005AB6
_densidadMasa              dataCOMRAM   00002F
_desintegrator             text48       003870
_diamTubo                  dataCOMRAM   000033
_dpowers                   mediumconst  007D41
_drawAdvOFF                text15       005D32
_drawAdvON                 text14       005D04
_drawAutoCalibRM           text12       005C16
_drawAutoCalibRes          text11       005CD6
_drawBadPass               text10       005CA8
_drawChanVal               text9        00349C
_drawMenu                  text8        001F04
_drawPassWord              text7        004AD0
_drawSNquest               text6        004BD6
_drawScreen                text5        004FDC
_drawValEditor             text13       005822
_exp10                     dataBANK1    00015D
_fData                     bssBANK0     0000CC
_fd                        bssBANK1     000158
_fround                    text26       0025D6
_fround$2889               cstackBANK0  0000A4
_fround$2890               cstackBANK0  0000A0
_holdDOWNcont              bssBANK1     000159
_holdENTERcont             bssBANK0     0000D4
_holdRETROcont             bssBANK1     00015A
_holdUPcont                bssBANK0     0000D5
_hp_isr                    intcode      000008
_i16Data                   bssBANK0     0000D0
_ie                        bssBANK1     00015B
_integrator                text57       004302
_interruptConfig           text4        005F20
_introducido               bssBANK1     00013F
_ioConfig                  text3        005BE4
_ioInitStt                 text2        005F18
_isdigit                   text25       005D8C
_isdigit$2391              cstackBANK0  000076
_isr                       intcodelo    000018
_kgXcorte                  dataBANK0    0000DB
_lastSttDOWN               dataCOMRAM   000043
_lastSttENTER              dataCOMRAM   000044
_lastSttRETRO              dataCOMRAM   000045
_lastSttUP                 dataBANK0    0000E2
_lcd_gotoxy                text20       005C48
_lcd_init                  text1        005090
_lcd_putc                  text19       0055C6
_lcd_read_4bits            text24       005640
_lcd_read_byte             text23       005A70
_lcd_send_4bits            text22       00542E
_lcd_send_4bits$1602       cstackBANK0  000075
_lcd_send_4bits$1603       cstackBANK0  000076
_lcd_send_4bits$1604       cstackBANK0  000077
_lcd_send_4bits$1605       cstackBANK0  000078
_lcd_send_byte             text21       005AFC
_longPressDOWN             text66       005C78
_longPressENTER            text56       0051D4
_longPressRETRO            text55       0059DA
_longPressUP               text54       0056BA
_m3Xcorte                  dataCOMRAM   000037
_main                      text0        005D60
_menuSection               bssBANK0     0000D6
_numCortes                 dataBANK0    0000DF
_passChar                  bssBANK1     000143
_passSection               bssBANK0     0000D7
_pi                        dataBANK1    000175
_pressDOWN                 text52       00467E
_pressENTER                text47       002DE4
_pressRETRO                text46       005894
_pressUP                   text44       0041D4
_printf                    text16       0000B6
_printf$2892               cstackBANK1  000112
_proceso                   bssBANK1     00014C
_putch                     text18       005EB0
_putchUART                 text83       005EF6
_questKMT                  bssBANK1     000147
_questSN                   bssBANK1     00014E
_readEEPROM                text79       005E9C
_releaseDOWN               text43       005EE8
_releaseENTER              text42       005EDA
_releaseRETRO              text41       005ECC
_releaseUP                 text40       005EBE
_saveSysParams             text61       00442E
_scale                     text17       000D24
_scale$2891                cstackBANK0  0000A0
_screen_calibVelRes        bssBANK1     00015C
_selKMT                    bssBANK0     0000D8
_selSN                     bssBANK0     0000D9
_setPWM2duty               text71       00530C
_sysParamInit              text78       0049C4
_t2config                  text70       005E6C
_tVarProceso               dataBANK0    0000E3
_tempLastScreen            bssBANK0     0000DA
_tempNumCortes             dataBANK1    000181
_tempkgXcorte              dataBANK1    000179
_tiXcorte                  dataCOMRAM   00003B
_velocidadMasa             dataCOMRAM   00003F
_writeEEPROM               text62       005E2E
btemp                      temp         00004A
calcSysVars@temp           cstackBANK0  000060
calcVars2ti@temp           cstackBANK0  00009C
checkPass@i                cstackBANK0  00007A
checkPass@passOK           cstackBANK0  000079
confirmEdition@yes         cstackBANK0  0000A0
delay_ms@del               cstackBANK0  000075
delay_ms@i                 cstackBANK0  000078
desintegrator@i            cstackBANK0  0000C1
desintegrator@temp         cstackBANK0  0000B1
desintegrator@temp2        cstackBANK0  0000BD
desintegrator@temp3        cstackBANK0  0000B9
desintegrator@tempL        cstackBANK0  0000B5
drawChanVal@i              cstackBANK0  0000C9
drawMenu@adv               cstackBANK0  0000C9
drawPassWord@i             cstackBANK0  0000C9
drawSNquest@i              cstackBANK0  0000C9
drawSNquest@tq             cstackBANK0  0000CB
end_of_initialization      cinit        005420
fround@prec                cstackBANK0  0000A8
i1___fldiv                 text82       0028A8
i1___fldiv@a               cstackCOMRAM 000019
i1___fldiv@aexp            cstackCOMRAM 00002D
i1___fldiv@b               cstackCOMRAM 000015
i1___fldiv@bexp            cstackCOMRAM 00002C
i1___fldiv@grs             cstackCOMRAM 000028
i1___fldiv@new_exp         cstackCOMRAM 000026
i1___fldiv@rem             cstackCOMRAM 000022
i1___fldiv@sign            cstackCOMRAM 000021
i1___flmul                 text81       002286
i1___flmul@a               cstackCOMRAM 000019
i1___flmul@aexp            cstackCOMRAM 000022
i1___flmul@b               cstackCOMRAM 000015
i1___flmul@bexp            cstackCOMRAM 000027
i1___flmul@grs             cstackCOMRAM 000023
i1___flmul@prod            cstackCOMRAM 000028
i1___flmul@sign            cstackCOMRAM 000021
i1___flmul@temp            cstackCOMRAM 00002C
i1_calcVars2ti             text77       003262
i1_saveSysParams           text75       004556
i1_writeEEPROM             text76       005E4E
i1calcVars2ti@temp         cstackBANK0  000060
i1writeEEPROM@adr          cstackCOMRAM 000016
i1writeEEPROM@data         cstackCOMRAM 000015
i2_putchUART               text87       005F02
i2_setPWM2duty             text86       005904
i2putchUART@val            cstackCOMRAM 000001
i2setPWM2duty@act          cstackCOMRAM 000005
i2setPWM2duty@actuator     cstackCOMRAM 000001
int$flags                  temp         00004A
int_func                   intcode_body 005734
integrator@acum            cstackBANK0  00009E
integrator@i               cstackBANK0  0000A6
integrator@temp            cstackBANK0  0000A2
intlevel0                  text         000000
intlevel1                  text         000000
intlevel2                  text         000000
intlevel3                  text         000000
isdigit@c                  cstackBANK0  000077
lcd_gotoxy@address         cstackBANK0  00007F
lcd_gotoxy@fila            cstackBANK0  00007D
lcd_gotoxy@pos             cstackBANK0  00007E
lcd_init@F7567             dataBANK1    00017D
lcd_init@LCD_INIT_STRING   cstackBANK0  00007E
lcd_init@i                 cstackBANK0  000082
lcd_putc@cha               cstackBANK0  000081
lcd_read_4bits@n           cstackBANK0  000076
lcd_read_byte@high         cstackBANK0  000078
lcd_read_byte@low          cstackBANK0  000077
lcd_send_4bits@n           cstackBANK0  000079
lcd_send_byte@address      cstackBANK0  00007C
lcd_send_byte@n            cstackBANK0  00007A
printf@ap                  cstackBANK1  00011A
printf@c                   cstackBANK1  000130
printf@cp                  cstackBANK1  000116
printf@exp                 cstackBANK1  000126
printf@f                   cstackBANK1  000100
printf@flag                cstackBANK1  00011C
printf@fval                cstackBANK1  00012A
printf@len                 cstackBANK1  000118
printf@prec                cstackBANK1  00012E
printf@tmpval              cstackBANK1  00011E
printf@val                 cstackBANK1  000122
printf@width               cstackBANK1  000128
putch@val                  cstackBANK0  000082
putchUART@val              cstackCOMRAM 000015
readEEPROM@adr             cstackCOMRAM 000015
scale@scl                  cstackBANK0  0000A4
setPWM2duty@act            cstackBANK0  000079
setPWM2duty@actuator       cstackBANK0  000075
stackhi                    (abs)        0005FF
stacklo                    (abs)        000183
start                      init         0000B2
start_initialization       cinit        0053A0
writeEEPROM@adr            cstackBANK0  000076
writeEEPROM@data           cstackBANK0  000075


FUNCTION INFORMATION:

 *************** function _main *****************
 Defined at:
		line 27 in file "source/main.c"
 Parameters:    Size  Location     Type
		None
 Auto vars:     Size  Location     Type
		None
 Return value:  Size  Location     Type
                  1    wreg      void 
 Registers used:
		wreg, fsr2l, fsr2h, status,2, status,0, tblptrl, tblptrh, tblptru, prodl, prodh, cstack
 Tracked objects:
		On entry : 
		On exit  : 
		Unchanged: 
 Data sizes:     COMRAM   BANK0   BANK1   BANK2   BANK3   BANK4   BANK5
      Params:         0       0       0       0       0       0       0
      Locals:         0       0       0       0       0       0       0
      Temps:          0       0       0       0       0       0       0
      Totals:         0       0       0       0       0       0       0
Total ram usage:        0 bytes
 Hardware stack levels required when called:   18
 This function calls:
		_EEPROMConfig
		_PWM2Config
		_UARTConfig
		_buttonChecking
		_clockConfig
		_drawScreen
		_interruptConfig
		_ioConfig
		_ioInitStt
		_lcd_init
 This function is called by:
		Startup code after reset
 This function uses a non-reentrant model


 *************** function _lcd_init *****************
 Defined at:
		line 179 in file "source/../../vclib_lcd.h"
 Parameters:    Size  Location     Type
		None
 Auto vars:     Size  Location     Type
  LCD_INIT_STR    4   30[BANK0 ] unsigned char [4]
  i               1   34[BANK0 ] unsigned char 
 Return value:  Size  Location     Type
                  1    wreg      void 
 Registers used:
		wreg, fsr2l, fsr2h, status,2, status,0, prodl, prodh, cstack
 Tracked objects:
		On entry : 
		On exit  : 
		Unchanged: 
 Data sizes:     COMRAM   BANK0   BANK1   BANK2   BANK3   BANK4   BANK5
      Params:         0       0       0       0       0       0       0
      Locals:         0       5       0       0       0       0       0
      Temps:          0       1       0       0       0       0       0
      Totals:         0       6       0       0       0       0       0
Total ram usage:        6 bytes
 Hardware stack levels used:    1
 Hardware stack levels required when called:   11
 This function calls:
		_lcd_send_4bits
		_lcd_send_byte
 This function is called by:
		_main
 This function uses a non-reentrant model


 *************** function _ioInitStt *****************
 Defined at:
		line 80 in file "source/IOConfig.h"
 Parameters:    Size  Location     Type
		None
 Auto vars:     Size  Location     Type
		None
 Return value:  Size  Location     Type
                  1    wreg      void 
 Registers used:
		None
 Tracked objects:
		On entry : 
		On exit  : 
		Unchanged: 
 Data sizes:     COMRAM   BANK0   BANK1   BANK2   BANK3   BANK4   BANK5
      Params:         0       0       0       0       0       0       0
      Locals:         0       0       0       0       0       0       0
      Temps:          0       0       0       0       0       0       0
      Totals:         0       0       0       0       0       0       0
Total ram usage:        0 bytes
 Hardware stack levels used:    1
 Hardware stack levels required when called:    8
 This function calls:
		Nothing
 This function is called by:
		_main
 This function uses a non-reentrant model


 *************** function _ioConfig *****************
 Defined at:
		line 63 in file "source/IOConfig.h"
 Parameters:    Size  Location     Type
		None
 Auto vars:     Size  Location     Type
		None
 Return value:  Size  Location     Type
                  1    wreg      void 
 Registers used:
		None
 Tracked objects:
		On entry : 
		On exit  : 
		Unchanged: 
 Data sizes:     COMRAM   BANK0   BANK1   BANK2   BANK3   BANK4   BANK5
      Params:         0       0       0       0       0       0       0
      Locals:         0       0       0       0       0       0       0
      Temps:          0       0       0       0       0       0       0
      Totals:         0       0       0       0       0       0       0
Total ram usage:        0 bytes
 Hardware stack levels used:    1
 Hardware stack levels required when called:    8
 This function calls:
		Nothing
 This function is called by:
		_main
 This function uses a non-reentrant model


 *************** function _interruptConfig *****************
 Defined at:
		line 90 in file "source/SYSConfig.h"
 Parameters:    Size  Location     Type
		None
 Auto vars:     Size  Location     Type
		None
 Return value:  Size  Location     Type
                  1    wreg      void 
 Registers used:
		None
 Tracked objects:
		On entry : 
		On exit  : 
		Unchanged: 
 Data sizes:     COMRAM   BANK0   BANK1   BANK2   BANK3   BANK4   BANK5
      Params:         0       0       0       0       0       0       0
      Locals:         0       0       0       0       0       0       0
      Temps:          0       0       0       0       0       0       0
      Totals:         0       0       0       0       0       0       0
Total ram usage:        0 bytes
 Hardware stack levels used:    1
 Hardware stack levels required when called:    8
 This function calls:
		Nothing
 This function is called by:
		_main
 This function uses a non-reentrant model


 *************** function _drawScreen *****************
 Defined at:
		line 268 in file "source/screenDrawers.h"
 Parameters:    Size  Location     Type
		None
 Auto vars:     Size  Location     Type
		None
 Return value:  Size  Location     Type
                  1    wreg      void 
 Registers used:
		wreg, fsr2l, fsr2h, status,2, status,0, tblptrl, tblptrh, tblptru, prodl, prodh, cstack
 Tracked objects:
		On entry : 
		On exit  : 
		Unchanged: 
 Data sizes:     COMRAM   BANK0   BANK1   BANK2   BANK3   BANK4   BANK5
      Params:         0       0       0       0       0       0       0
      Locals:         0       0       0       0       0       0       0
      Temps:          0       0       0       0       0       0       0
      Totals:         0       0       0       0       0       0       0
Total ram usage:        0 bytes
 Hardware stack levels used:    1
 Hardware stack levels required when called:   17
 This function calls:
		_drawAdvOFF
		_drawAdvON
		_drawAutoCalibRM
		_drawAutoCalibRes
		_drawBadPass
		_drawChanVal
		_drawMenu
		_drawPassWord
		_drawSNquest
 This function is called by:
		_main
 This function uses a non-reentrant model


 *************** function _drawSNquest *****************
 Defined at:
		line 238 in file "source/screenDrawers.h"
 Parameters:    Size  Location     Type
  tq              1    wreg     unsigned char 
 Auto vars:     Size  Location     Type
  tq              1  107[BANK0 ] unsigned char 
  i               2  105[BANK0 ] int 
 Return value:  Size  Location     Type
                  1    wreg      void 
 Registers used:
		wreg, fsr2l, fsr2h, status,2, status,0, tblptrl, tblptrh, tblptru, prodl, prodh, cstack
 Tracked objects:
		On entry : 
		On exit  : 
		Unchanged: 
 Data sizes:     COMRAM   BANK0   BANK1   BANK2   BANK3   BANK4   BANK5
      Params:         0       0       0       0       0       0       0
      Locals:         0       3       0       0       0       0       0
      Temps:          0       0       0       0       0       0       0
      Totals:         0       3       0       0       0       0       0
Total ram usage:        3 bytes
 Hardware stack levels used:    1
 Hardware stack levels required when called:   15
 This function calls:
		_lcd_gotoxy
		_printf
 This function is called by:
		_drawScreen
 This function uses a non-reentrant model


 *************** function _drawPassWord *****************
 Defined at:
		line 201 in file "source/screenDrawers.h"
 Parameters:    Size  Location     Type
		None
 Auto vars:     Size  Location     Type
  i               2  105[BANK0 ] int 
 Return value:  Size  Location     Type
                  1    wreg      void 
 Registers used:
		wreg, fsr2l, fsr2h, status,2, status,0, tblptrl, tblptrh, tblptru, prodl, prodh, cstack
[...]
 Parameters:    Size  Location     Type
		None
 Auto vars:     Size  Location     Type
  calcVars2ti     4    0[BANK0 ] float 
 Return value:  Size  Location     Type
                  1    wreg      void 
 Registers used:
		wreg, status,2, status,0, prodl, prodh, cstack
 Tracked objects:
		On entry : 
		On exit  : 
		Unchanged: 
 Data sizes:     COMRAM   BANK0   BANK1   BANK2   BANK3   BANK4   BANK5
      Params:         0       0       0       0       0       0       0
      Locals:         0       4       0       0       0       0       0
      Temps:          0       0       0       0       0       0       0
      Totals:         0       4       0       0       0       0       0
Total ram usage:        4 bytes
 Hardware stack levels used:    1
 Hardware stack levels required when called:    4
 This function calls:
		i1___fldiv
		i1___flmul
 This function is called by:
		i1_saveSysParams
 This function uses a non-reentrant model


 *************** function _sysParamInit *****************
 Defined at:
		line 152 in file "source/sysParams.h"
 Parameters:    Size  Location     Type
		None
 Auto vars:     Size  Location     Type
		None
 Return value:  Size  Location     Type
                  1    wreg      void 
 Registers used:
		wreg, status,2, status,0, prodl, prodh, cstack
 Tracked objects:
		On entry : 
		On exit  : 
		Unchanged: 
 Data sizes:     COMRAM   BANK0   BANK1   BANK2   BANK3   BANK4   BANK5
      Params:         0       0       0       0       0       0       0
      Locals:         0       0       0       0       0       0       0
      Temps:          0       0       0       0       0       0       0
      Totals:         0       0       0       0       0       0       0
Total ram usage:        0 bytes
 Hardware stack levels used:    1
 Hardware stack levels required when called:    5
 This function calls:
		_calcSysVars
		_readEEPROM
 This function is called by:
		_UARTint
 This function uses a non-reentrant model


 *************** function _readEEPROM *****************
 Defined at:
		line 47 in file "source/sysParams.h"
 Parameters:    Size  Location     Type
  adr             1    wreg     unsigned char 
 Auto vars:     Size  Location     Type
  adr             1   20[COMRAM] unsigned char 
 Return value:  Size  Location     Type
                  1    wreg      unsigned char 
 Registers used:
		wreg, status,2
 Tracked objects:
		On entry : 
		On exit  : 
		Unchanged: 
 Data sizes:     COMRAM   BANK0   BANK1   BANK2   BANK3   BANK4   BANK5
      Params:         0       0       0       0       0       0       0
      Locals:         1       0       0       0       0       0       0
      Temps:          0       0       0       0       0       0       0
      Totals:         1       0       0       0       0       0       0
Total ram usage:        1 bytes
 Hardware stack levels used:    1
 Hardware stack levels required when called:    3
 This function calls:
		Nothing
 This function is called by:
		_sysParamInit
 This function uses a non-reentrant model


 *************** function _calcSysVars *****************
 Defined at:
		line 62 in file "source/sysParams.h"
 Parameters:    Size  Location     Type
		None
 Auto vars:     Size  Location     Type
  temp            4    0[BANK0 ] float 
 Return value:  Size  Location     Type
                  1    wreg      void 
 Registers used:
		wreg, status,2, status,0, prodl, prodh, cstack
 Tracked objects:
		On entry : 
		On exit  : 
		Unchanged: 
 Data sizes:     COMRAM   BANK0   BANK1   BANK2   BANK3   BANK4   BANK5
      Params:         0       0       0       0       0       0       0
      Locals:         0       4       0       0       0       0       0
      Temps:          0       0       0       0       0       0       0
      Totals:         0       4       0       0       0       0       0
Total ram usage:        4 bytes
 Hardware stack levels used:    1
 Hardware stack levels required when called:    4
 This function calls:
		i1___fldiv
		i1___flmul
 This function is called by:
		_sysParamInit
 This function uses a non-reentrant model


 *************** function i1___flmul *****************
 Defined at:
		line 8 in file "C:\Program Files (x86)\Microchip\xc8\v1.38\sources\common\sprcmul.c"
 Parameters:    Size  Location     Type
  b               4   20[COMRAM] void 
  a               4   24[COMRAM] void 
 Auto vars:     Size  Location     Type
  __flmul         4   39[COMRAM] struct .
  __flmul         4   34[COMRAM] unsigned long 
  __flmul         2   43[COMRAM] struct .
  __flmul         1   38[COMRAM] unsigned char 
  __flmul         1   33[COMRAM] unsigned char 
  __flmul         1   32[COMRAM] unsigned char 
 Return value:  Size  Location     Type
                  4   20[COMRAM] unsigned char 
 Registers used:
		wreg, status,2, status,0, prodl, prodh
 Tracked objects:
		On entry : 
		On exit  : 
		Unchanged: 
 Data sizes:     COMRAM   BANK0   BANK1   BANK2   BANK3   BANK4   BANK5
      Params:         8       0       0       0       0       0       0
      Locals:        13       0       0       0       0       0       0
      Temps:          4       0       0       0       0       0       0
      Totals:        25       0       0       0       0       0       0
Total ram usage:       25 bytes
 Hardware stack levels used:    1
 Hardware stack levels required when called:    3
 This function calls:
		Nothing
 This function is called by:
		_calcSysVars
		i1_calcVars2ti
 This function uses a non-reentrant model


 *************** function i1___fldiv *****************
 Defined at:
		line 11 in file "C:\Program Files (x86)\Microchip\xc8\v1.38\sources\common\sprcdiv.c"
 Parameters:    Size  Location     Type
  b               4   20[COMRAM] unsigned char 
  a               4   24[COMRAM] unsigned char 
 Auto vars:     Size  Location     Type
  __fldiv         4   39[COMRAM] unsigned long 
  __fldiv         4   33[COMRAM] unsigned long 
  __fldiv         2   37[COMRAM] int 
  __fldiv         1   44[COMRAM] unsigned char 
  __fldiv         1   43[COMRAM] unsigned char 
  __fldiv         1   32[COMRAM] unsigned char 
 Return value:  Size  Location     Type
                  4   20[COMRAM] unsigned char 
 Registers used:
		wreg, status,2, status,0
 Tracked objects:
		On entry : 
		On exit  : 
		Unchanged: 
 Data sizes:     COMRAM   BANK0   BANK1   BANK2   BANK3   BANK4   BANK5
      Params:         8       0       0       0       0       0       0
      Locals:        13       0       0       0       0       0       0
      Temps:          4       0       0       0       0       0       0
      Totals:        25       0       0       0       0       0       0
Total ram usage:       25 bytes
 Hardware stack levels used:    1
 Hardware stack levels required when called:    3
 This function calls:
		Nothing
 This function is called by:
		_calcSysVars
		i1_calcVars2ti
 This function uses a non-reentrant model


 *************** function _putchUART *****************
 Defined at:
		line 11 in file "source/UARTConfig.h"
 Parameters:    Size  Location     Type
  val             1    wreg     unsigned char 
 Auto vars:     Size  Location     Type
  val             1   20[COMRAM] unsigned char 
 Return value:  Size  Location     Type
                  1    wreg      void 
 Registers used:
		wreg
 Tracked objects:
		On entry : 
		On exit  : 
		Unchanged: 
 Data sizes:     COMRAM   BANK0   BANK1   BANK2   BANK3   BANK4   BANK5
      Params:         0       0       0       0       0       0       0
      Locals:         1       0       0       0       0       0       0
      Temps:          0       0       0       0       0       0       0
      Totals:         1       0       0       0       0       0       0
Total ram usage:        1 bytes
 Hardware stack levels used:    1
 Hardware stack levels required when called:    3
 This function calls:
		Nothing
 This function is called by:
		_UARTint
 This function uses a non-reentrant model


 *************** function _hp_isr *****************
 Defined at:
		line 13 in file "source/main.c"
 Parameters:    Size  Location     Type
		None
 Auto vars:     Size  Location     Type
		None
 Return value:  Size  Location     Type
                  1    wreg      void 
 Registers used:
		wreg, status,2, status,0, cstack
 Tracked objects:
		On entry : 
		On exit  : 
		Unchanged: 
 Data sizes:     COMRAM   BANK0   BANK1   BANK2   BANK3   BANK4   BANK5
      Params:         0       0       0       0       0       0       0
      Locals:         0       0       0       0       0       0       0
      Temps:         14       0       0       0       0       0       0
      Totals:        14       0       0       0       0       0       0
Total ram usage:       14 bytes
 Hardware stack levels used:    1
 Hardware stack levels required when called:    2
 This function calls:
		_T2int
 This function is called by:
		Interrupt level 2
 This function uses a non-reentrant model


 *************** function _T2int *****************
 Defined at:
		line 35 in file "source/PWMConfig.h"
 Parameters:    Size  Location     Type
		None
 Auto vars:     Size  Location     Type
		None
 Return value:  Size  Location     Type
                  1    wreg      void 
 Registers used:
		wreg, status,2, status,0, cstack
 Tracked objects:
		On entry : 
		On exit  : 
		Unchanged: 
 Data sizes:     COMRAM   BANK0   BANK1   BANK2   BANK3   BANK4   BANK5
      Params:         0       0       0       0       0       0       0
      Locals:         0       0       0       0       0       0       0
      Temps:          0       0       0       0       0       0       0
      Totals:         0       0       0       0       0       0       0
Total ram usage:        0 bytes
 Hardware stack levels used:    1
 Hardware stack levels required when called:    1
 This function calls:
		i2_putchUART
		i2_setPWM2duty
 This function is called by:
		_hp_isr
 This function uses a non-reentrant model


 *************** function i2_setPWM2duty *****************
 Defined at:
		line 23 in file "source/PWMConfig.h"
 Parameters:    Size  Location     Type
  actuator        2    0[COMRAM] short 
 Auto vars:     Size  Location     Type
  setPWM2duty     2    4[COMRAM] short 
 Return value:  Size  Location     Type
                  1    wreg      void 
 Registers used:
		wreg, status,2, status,0
 Tracked objects:
		On entry : 
		On exit  : 
		Unchanged: 
 Data sizes:     COMRAM   BANK0   BANK1   BANK2   BANK3   BANK4   BANK5
      Params:         2       0       0       0       0       0       0
      Locals:         2       0       0       0       0       0       0
      Temps:          2       0       0       0       0       0       0
      Totals:         6       0       0       0       0       0       0
Total ram usage:        6 bytes
 Hardware stack levels used:    1
 This function calls:
		Nothing
 This function is called by:
		_T2int
 This function uses a non-reentrant model


 *************** function i2_putchUART *****************
 Defined at:
		line 11 in file "source/UARTConfig.h"
 Parameters:    Size  Location     Type
  val             1    wreg     unsigned char 
 Auto vars:     Size  Location     Type
  val             1    0[COMRAM] unsigned char 
 Return value:  Size  Location     Type
                  1    wreg      void 
 Registers used:
		wreg
 Tracked objects:
		On entry : 
		On exit  : 
		Unchanged: 
 Data sizes:     COMRAM   BANK0   BANK1   BANK2   BANK3   BANK4   BANK5
      Params:         0       0       0       0       0       0       0
      Locals:         1       0       0       0       0       0       0
      Temps:          0       0       0       0       0       0       0
      Totals:         1       0       0       0       0       0       0
Total ram usage:        1 bytes
 Hardware stack levels used:    1
 This function calls:
		Nothing
 This function is called by:
		_T2int
 This function uses a non-reentrant model



MODULE INFORMATION

Module		Function		Class		Link	Load	Size
source/ButtonController.h
		_buttonChecking		CODE           	2B5C	0000	649

source/ButtonController.h estimated size: 649

C:\Program Files (x86)\Microchip\xc8\v1.38\sources\common\awmod.c
		___awmod       		CODE           	5132	0000	163

C:\Program Files (x86)\Microchip\xc8\v1.38\sources\common\awmod.c estimated size: 163

C:\Program Files (x86)\Microchip\xc8\v1.38\sources\common\ftdivl.c
		__tdiv_to_l_   		CODE           	3BD2	0000	415

C:\Program Files (x86)\Microchip\xc8\v1.38\sources\common\ftdivl.c estimated size: 415

C:\Program Files (x86)\Microchip\xc8\v1.38\sources\common\llmod.c
		___llmod       		CODE           	5272	0000	155

C:\Program Files (x86)\Microchip\xc8\v1.38\sources\common\llmod.c estimated size: 155

C:\Program Files (x86)\Microchip\xc8\v1.38\sources\common\Umul16.c
		___wmul        		CODE           	5BAE	0000	55

C:\Program Files (x86)\Microchip\xc8\v1.38\sources\common\Umul16.c estimated size: 55

source/screenDrawers.h
		_drawChanVal   		CODE           	349C	0000	519
		_drawPassWord  		CODE           	4AD0	0000	263
		_drawAutoCalibRes		CODE           	5CD6	0000	47
		_drawBadPass   		CODE           	5CA8	0000	47
		_drawValEditor 		CODE           	5822	0000	115
		_drawMenu      		CODE           	1F04	0000	899
		_drawAutoCalibRM		CODE           	5C16	0000	51
		_drawAdvON     		CODE           	5D04	0000	47
		_drawAdvOFF    		CODE           	5D32	0000	47
		_drawScreen    		CODE           	4FDC	0000	181
		_drawSNquest   		CODE           	4BD6	0000	241

source/screenDrawers.h estimated size: 2457

source/sysParams.h
		_EEPROMConfig  		CODE           	5F28	0000	7
		_saveSysParams 		CODE           	442E	0000	297
		_calcSysVars   		CODE           	4088	0000	333
		_sysParamInit  		CODE           	49C4	0000	269
		_readEEPROM    		CODE           	5E9C	0000	21
		_writeEEPROM   		CODE           	5E2E	0000	33
		_calcVars2ti   		CODE           	3026	0000	573

source/sysParams.h estimated size: 1533

C:\Program Files (x86)\Microchip\xc8\v1.38\sources\common\fldivl.c
		__div_to_l_    		CODE           	3F00	0000	393

C:\Program Files (x86)\Microchip\xc8\v1.38\sources\common\fldivl.c estimated size: 393

source/main.c
		_main          		CODE           	5D60	0000	45
		_isr           		CODE           	0018	0000	155
		_hp_isr        		CODE           	0008	0000	135

source/main.c estimated size: 335

C:\Program Files (x86)\Microchip\xc8\v1.38\sources\common\sprcmul.c
		___flmul       		CODE           	169E	0000	1191

C:\Program Files (x86)\Microchip\xc8\v1.38\sources\common\sprcmul.c estimated size: 1191

C:\Program Files (x86)\Microchip\xc8\v1.38\sources\common\sprcdiv.c
		___fldiv       		CODE           	1B44	0000	961

C:\Program Files (x86)\Microchip\xc8\v1.38\sources\common\sprcdiv.c estimated size: 961

source/PWMConfig.h
		_setPWM2duty   		CODE           	530C	0000	149
		_t2config      		CODE           	5E6C	0000	25
		_PWM2Config    		CODE           	5974	0000	103
		_T2int         		CODE           	5DB6	0000	43

source/PWMConfig.h estimated size: 320

C:\Program Files (x86)\Microchip\xc8\v1.38\sources\common\awdiv.c
		___awdiv       		CODE           	4E62	0000	191

C:\Program Files (x86)\Microchip\xc8\v1.38\sources\common\awdiv.c estimated size: 191

C:\Program Files (x86)\Microchip\xc8\v1.38\sources\common\Umul32.c
		___lmul        		CODE           	57AC	0000	119

C:\Program Files (x86)\Microchip\xc8\v1.38\sources\common\Umul32.c estimated size: 119

source/../../vclib_lcd.h
		_lcd_read_byte 		CODE           	5A70	0000	71
		_lcd_putc      		CODE           	55C6	0000	123
		_lcd_send_byte 		CODE           	5AFC	0000	67
		_lcd_read_4bits		CODE           	5640	0000	123
		_lcd_send_4bits		CODE           	542E	0000	143
		_lcd_gotoxy    		CODE           	5C48	0000	49
		_lcd_init      		CODE           	5090	0000	163

source/../../vclib_lcd.h estimated size: 739

C:\Program Files (x86)\Microchip\xc8\v1.38\sources\common\fltol.c
		___fltol       		CODE           	48B8	0000	269

C:\Program Files (x86)\Microchip\xc8\v1.38\sources\common\fltol.c estimated size: 269

C:\Program Files (x86)\Microchip\xc8\v1.38\sources\common\lldiv.c
		___lldiv       		CODE           	4F20	0000	189

C:\Program Files (x86)\Microchip\xc8\v1.38\sources\common\lldiv.c estimated size: 189

C:\Program Files (x86)\Microchip\xc8\v1.38\sources\common\aldiv.c
		___aldiv       		CODE           	479E	0000	283

C:\Program Files (x86)\Microchip\xc8\v1.38\sources\common\aldiv.c estimated size: 283

C:\Program Files (x86)\Microchip\xc8\v1.38\sources\common\xxtofl.c
		___xxtofl      		CODE           	36A2	0000	463

C:\Program Files (x86)\Microchip\xc8\v1.38\sources\common\xxtofl.c estimated size: 463

source/IOConfig.h
		_putch         		CODE           	5EB0	0000	15
		_ioInitStt     		CODE           	5F18	0000	9
		_ioConfig      		CODE           	5BE4	0000	51

source/IOConfig.h estimated size: 75

shared
		i2_putchUART   		CODE           	5F02	0000	13
		i1_writeEEPROM 		CODE           	5E4E	0000	31
		__powers_      		MEDIUMCONST    	7D0D	0000	53
		i1_calcVars2ti 		CODE           	3262	0000	571
		_dpowers       		MEDIUMCONST    	7D41	0000	41
		i1___fldiv     		CODE           	28A8	0000	693
		__npowers_     		MEDIUMCONST    	7CD9	0000	53
		__initialization		CODE           	53A0	0000	129
		i1___flmul     		CODE           	2286	0000	849
		i1_saveSysParams		CODE           	4556	0000	297
		i2_setPWM2duty 		CODE           	5904	0000	113

shared estimated size: 2843

C:\Program Files (x86)\Microchip\xc8\v1.38\sources\common\isdigit.c
		_isdigit       		CODE           	5D8C	0000	43

C:\Program Files (x86)\Microchip\xc8\v1.38\sources\common\isdigit.c estimated size: 43

C:\Program Files (x86)\Microchip\xc8\v1.38\sources\common\sprcadd.c
		___flsub       		CODE           	5A28	0000	73
		___fladd       		CODE           	11F6	0000	1193

C:\Program Files (x86)\Microchip\xc8\v1.38\sources\common\sprcadd.c estimated size: 1266

C:\Program Files (x86)\Microchip\xc8\v1.38\sources\common\flge.c
		___flge        		CODE           	3D70	0000	401

C:\Program Files (x86)\Microchip\xc8\v1.38\sources\common\flge.c estimated size: 401

source/SYSConfig.h
		_interruptConfig		CODE           	5F20	0000	9
		_clockConfig   		CODE           	5DE0	0000	41

source/SYSConfig.h estimated size: 50

C:\Program Files (x86)\Microchip\xc8\v1.38\sources\common\flneg.c
		___flneg       		CODE           	5B3E	0000	57

C:\Program Files (x86)\Microchip\xc8\v1.38\sources\common\flneg.c estimated size: 57

C:\Program Files (x86)\Microchip\xc8\v1.38\sources\common\doprnt.c
		_scale         		CODE           	0D24	0000	1235
		_printf        		CODE           	00B6	0000	3183
		_fround        		CODE           	25D6	0000	723

C:\Program Files (x86)\Microchip\xc8\v1.38\sources\common\doprnt.c estimated size: 5141

source/UARTConfig.h
		_putchUART     		CODE           	5EF6	0000	13
		_UARTConfig    		CODE           	5B76	0000	57
		_UARTint       		CODE           	554A	0000	125

source/UARTConfig.h estimated size: 195

source/DisplayProtocol.h
		_pressUP       		CODE           	41D4	0000	303
		_pressENTER    		CODE           	2DE4	0000	579
		_pressRETRO    		CODE           	5894	0000	113
		_pressDOWN     		CODE           	467E	0000	289
		_chanValDigUP  		CODE           	4CC6	0000	209
		_releaseUP     		CODE           	5EBE	0000	15
		_releaseDOWN   		CODE           	5EE8	0000	15
		_releaseENTER  		CODE           	5EDA	0000	15
		_releaseRETRO  		CODE           	5ECC	0000	15
		_confirmEdition		CODE           	3A22	0000	433
		_chanValDigDOWN		CODE           	4D96	0000	205
		_longPressUP   		CODE           	56BA	0000	123
		_desintegrator 		CODE           	3870	0000	435
		_longPressDOWN 		CODE           	5C78	0000	49
		_longPressENTER		CODE           	51D4	0000	159
		_longPressRETRO		CODE           	59DA	0000	79
		_checkPass     		CODE           	54BC	0000	143
		_integrator    		CODE           	4302	0000	301

source/DisplayProtocol.h estimated size: 3480

source/../../delay.h
		_delay_ms      		CODE           	5AB6	0000	71

source/../../delay.h estimated size: 71

