Microchip MPLAB XC8 Compiler V1.41 ()

Linker command line:

-W-3 --edf=C:\Program Files (x86)\Microchip\xc8\v1.41\dat\en_msgs.txt -cs \
  -h+dist/default/production\CortaMasa.X.production.sym \
  --cmf=dist/default/production\CortaMasa.X.production.cmf -z -Q18F25K22 \
  -oC:\Users\Sebas\AppData\Local\Temp\sft0.2 \
  -Mdist/default/production/CortaMasa.X.production.map -E1 -ver=XC8 \
  -ASTACK=01C0h-05ffh -pstack=STACK -ACODE=00h-07FFFh -ACONST=00h-07FFFh \
  -ASMALLCONST=0600h-06FFhx122 -AMEDIUMCONST=0600h-07FFFh -ACOMRAM=01h-05Fh \
  -AABS1=00h-05FFh -ABIGRAM=01h-05FFh -ARAM=060h-0FFh,0100h-01FFhx5 \
  -ABANK0=060h-0FFh -ABANK1=0100h-01FFh -ABANK2=0200h-02FFh \
  -ABANK3=0300h-03FFh -ABANK4=0400h-04FFh -ABANK5=0500h-05FFh \
  -ASFR=0F38h-0F5Fh,0F60h-0FFFh \
  -preset_vec=00h,intcode=08h,intcodelo=018h,powerup,init -pramtop=0600h \
  -psmallconst=SMALLCONST -pmediumconst=MEDIUMCONST -pconst=CONST \
  -AFARRAM=00h-00h -ACONFIG=0300000h-030000Dh -pconfig=CONFIG \
  -AIDLOC=0200000h-0200007h -pidloc=IDLOC -AEEDATA=0F00000h-0F000FFh \
  -peeprom_data=EEDATA \
  -prdata=COMRAM,nvrram=COMRAM,nvbit=COMRAM,rbss=COMRAM,rbit=COMRAM \
  -pfarbss=FARRAM,fardata=FARRAM,nvFARRAM=FARRAM \
  -pintsave_regs=BIGRAM,bigbss=BIGRAM,bigdata=BIGRAM -pbss=RAM \
  -pidata=CODE,irdata=CODE,ibigdata=CODE,ifardata=CODE -prparam=COMRAM \
  C:\Users\Sebas\AppData\Local\Temp\sft0.obj \
  dist/default/production\CortaMasa.X.production.obj 

Object code version is 3.11

Machine type is 18F25K22

Call graph: (short form)




                Name                               Link     Load   Length Selector   Space Scale
C:\Users\Sebas\AppData\Local\Temp\sft0.obj
                init                                 BE       BE        4        C       0
                reset_vec                             0        0        4        0       0
                idloc                            200000   200000        8   200000       0
                config                           300000   300000        E   300000       0
dist/default/production\CortaMasa.X.production.obj
                intcodelo                            18       18       A6        C       0
                intcode                               8        8        6        4       0
                temp                                 5E       5E        1        1       1
                mediumconst                        7CD4     7CD4      32C     3E6A       0
                text135                            69D0     69D0       70        C       0
                text134                            7342     7342        E     397E       0
                text133                            705E     705E       2E        C       0
                text132                            5ABA     5ABA       AE        C       0
                text131                            6698     6698       78        C       0
                text130                            304C     304C      1AC        C       0
                text129                            615E     615E       90        C       0
                text128                            7334     7334        E     397E       0
                text127                            3B26     3B26      154        C       0
                intcode_body                       64A8     64A8       80        C       0
                text125                            71A6     71A6       20        C       0
                text124                            6E24     6E24       3C        C       0
                text123                            5F14     5F14       94        C       0
                text122                            72DC     72DC       10     3956       0
                text121                            6ED0     6ED0       38        C       0
                text120                            72CC     72CC       10     3956       0
                text119                            7286     7286       14        C       0
                text118                            2C98     2C98      1FE        C       0
                text117                            4B5E     4B5E      10C        C       0
                text116                            39C8     39C8      15E        C       0
                text115                            6AAA     6AAA       6A        C       0
                text114                            3DC6     3DC6      14C        C       0
                text113                            6BD2     6BD2       58        C       0
                text112                            60CC     60CC       92        C       0
                text111                            6D0E     6D0E       48        C       0
                text110                            7136     7136       2A        C       0
                text109                            2A30     2A30      268        C       0
                text108                            59FE     59FE       BC        C       0
                text107                            44F8     44F8      11A        C       0
                text106                            4056     4056      144        C       0
                text105                            6872     6872       76        C       0
                text104                            339E     339E      1A6        C       0
                text103                            5D48     5D48       9E        C       0
                text102                            42BC     42BC      122        C       0
                text101                            1C60     1C60      332        C       0
                text100                            4F7C     4F7C      102        C       0
                text99                             695C     695C       74        C       0
                text98                             54B0     54B0       CC        C       0
                text97                             4D72     4D72      108        C       0
                text96                             630A     630A       8E        C       0
                text95                             1568     1568      3C6        C       0
                text94                             5706     5706       C2        C       0
                text93                             5314     5314       D0        C       0
                text92                             4836     4836      110        C       0
                text91                             7326     7326        E     397E       0
                text90                             725C     725C       16        C       0
                text89                             67FC     67FC       76        C       0
                text88                             4612     4612      114        C       0
                text86                             7378     7378        6     397E       0
                text85                             5E80     5E80       94        C       0
                text84                             71E4     71E4       1C        C       0
                text83                             6B14     6B14       66        C       0
                text82                             6E98     6E98       38        C       0
                text81                             6D9C     6D9C       46        C       0
                text80                             710C     710C       2A        C       0
                text79                             4A52     4A52      10C        C       0
                text78                             27C8     27C8      268        C       0
                text77                             3C7A     3C7A      14C        C       0
                text76                             386A     386A      15E        C       0
                text75                             6B7A     6B7A       58        C       0
                text74                             7186     7186       20        C       0
                text73                             603A     603A       92        C       0
                text72                             5942     5942       BC        C       0
                text71                             43DE     43DE      11A        C       0
                text70                             3F12     3F12      144        C       0
                text69                             6786     6786       76        C       0
                text68                             31F8     31F8      1A6        C       0
                text67                             5CAA     5CAA       9E        C       0
                text66                             419A     419A      122        C       0
                text65                             192E     192E      332        C       0
                text64                             72BC     72BC       10     3956       0
                text63                             6E60     6E60       38        C       0
                text62                             72AC     72AC       10     3956       0
                text61                             7272     7272       14        C       0
                text60                             4E7A     4E7A      102        C       0
                text59                             68E8     68E8       74        C       0
                text58                             53E4     53E4       CC        C       0
                text57                             4C6A     4C6A      108        C       0
                text56                             627C     627C       8E        C       0
                text55                             11A2     11A2      3C6        C       0
                text54                             5644     5644       C2        C       0
                text53                             5244     5244       D0        C       0
                text52                             4726     4726      110        C       0
                text51                             735C     735C        C     397E       0
                text50                             7318     7318        E     397E       0
                text49                             730A     730A        E     397E       0
                text48                             7350     7350        C     397E       0
                text47                             226A     226A      2B2        C       0
                text46                             7160     7160       26        C       0
                text45                             557C     557C       C8        C       0
                text44                             6FD2     6FD2       30        C       0
                text43                             6C78     6C78       4C        C       0
                text42                             5886     5886       BC        C       0
                text41                             5DE6     5DE6       9A        C       0
                text40                             6528     6528       7C        C       0
                text39                             36E2     36E2      188        C       0
                text38                             3544     3544      19E        C       0
                text37                             57C8     57C8       BE        C       0
                text36                             5B68     5B68       A2        C       0
                text35                             6F08     6F08       36        C       0
                text34                             251C     251C      2AC        C       0
                text33                             70E2     70E2       2A        C       0
                text32                             661E     661E       7A        C       0
                text31                             6D56     6D56       46        C       0
                text30                             61EE     61EE       8E        C       0
                text29                             6DE2     6DE2       42        C       0
                text28                             6FA2     6FA2       30        C       0
                text27                             65A4     65A4       7A        C       0
                text26                             72FC     72FC        E     397E       0
                text25                             7246     7246       16        C       0
                text24                              CF4      CF4      4AE        C       0
                text23                               C2       C2      C32        C       0
                text22                             6C2A     6C2A       4E        C       0
                text21                             1F92     1F92      2D8        C       0
                text20                             6F70     6F70       32        C       0
                text19                             71C6     71C6       1E        C       0
                text18                             7230     7230       16        C       0
                text17                             6398     6398       8C        C       0
                text16                             6424     6424       84        C       0
                text15                             7030     7030       2E        C       0
                text14                             2E96     2E96      1B6        C       0
                text13                             507E     507E       EC        C       0
                text12                             7002     7002       2E        C       0
                text11                             4946     4946      10C        C       0
                text10                             516A     516A       DA        C       0
                text9                              7370     7370        8     397E       0
                text8                              6F3E     6F3E       32        C       0
                text7                              7368     7368        8     397E       0
                text6                              5C0A     5C0A       A0        C       0
                text5                              7200     7200       1A        C       0
                text4                              6A40     6A40       6A        C       0
                text3                              721A     721A       16        C       0
                text2                              6710     6710       76        C       0
                text1                              70B8     70B8       2A        C       0
                text0                              6CC4     6CC4       4A        C       0
                cstackCOMRAM                          1        1       36        1       1
                cstackBANK0                          60       60       45       60       1
                cstackBANK1                         100      100       77      100       1
                dataBANK1                           177      177       2C      100       1
                bssBANK1                            1A3      1A3       1D      100       1
                dataBANK0                            C9       C9        F       60       1
                bssBANK0                             A5       A5       24       60       1
                dataCOMRAM                           4D       4D       11        1       1
                bssCOMRAM                            37       37       16        1       1
                cinit                              5FA8     5FA8       92        C       0
                idataBANK1                         708C     708C       2C        C       0
                idataBANK0                         72EC     72EC        F     3956       0
                idataCOMRAM                        729A     729A       11        C       0

TOTAL           Name                               Link     Load   Length     Space
        CLASS   STACK          

        CLASS   CODE           
                intcodelo                            18       18       A6         0
                intcode                               8        8        6         0
                init                                 BE       BE        4         0
                reset_vec                             0        0        4         0
                text135                            69D0     69D0       70         0
                text134                            7342     7342        E         0
                text133                            705E     705E       2E         0
                text132                            5ABA     5ABA       AE         0
                text131                            6698     6698       78         0
                text130                            304C     304C      1AC         0
                text129                            615E     615E       90         0
                text128                            7334     7334        E         0
                text127                            3B26     3B26      154         0
                intcode_body                       64A8     64A8       80         0
                text125                            71A6     71A6       20         0
                text124                            6E24     6E24       3C         0
                text123                            5F14     5F14       94         0
                text122                            72DC     72DC       10         0
                text121                            6ED0     6ED0       38         0
                text120                            72CC     72CC       10         0
                text119                            7286     7286       14         0
                text118                            2C98     2C98      1FE         0
                text117                            4B5E     4B5E      10C         0
                text116                            39C8     39C8      15E         0
                text115                            6AAA     6AAA       6A         0
                text114                            3DC6     3DC6      14C         0
                text113                            6BD2     6BD2       58         0
                text112                            60CC     60CC       92         0
                text111                            6D0E     6D0E       48         0
                text110                            7136     7136       2A         0
                text109                            2A30     2A30      268         0
                text108                            59FE     59FE       BC         0
                text107                            44F8     44F8      11A         0
                text106                            4056     4056      144         0
                text105                            6872     6872       76         0
                text104                            339E     339E      1A6         0
                text103                            5D48     5D48       9E         0
                text102                            42BC     42BC      122         0
                text101                            1C60     1C60      332         0
                text100                            4F7C     4F7C      102         0
                text99                             695C     695C       74         0
                text98                             54B0     54B0       CC         0
                text97                             4D72     4D72      108         0
                text96                             630A     630A       8E         0
                text95                             1568     1568      3C6         0
                text94                             5706     5706       C2         0
                text93                             5314     5314       D0         0
                text92                             4836     4836      110         0
                text91                             7326     7326        E         0
                text90                             725C     725C       16         0
                text89                             67FC     67FC       76         0
                text88                             4612     4612      114         0
                text86                             7378     7378        6         0
                text85                             5E80     5E80       94         0
                text84                             71E4     71E4       1C         0
                text83                             6B14     6B14       66         0
                text82                             6E98     6E98       38         0
                text81                             6D9C     6D9C       46         0
                text80                             710C     710C       2A         0
                text79                             4A52     4A52      10C         0
                text78                             27C8     27C8      268         0
                text77                             3C7A     3C7A      14C         0
                text76                             386A     386A      15E         0
                text75                             6B7A     6B7A       58         0
                text74                             7186     7186       20         0
                text73                             603A     603A       92         0
                text72                             5942     5942       BC         0
                text71                             43DE     43DE      11A         0
                text70                             3F12     3F12      144         0
                text69                             6786     6786       76         0
                text68                             31F8     31F8      1A6         0
                text67                             5CAA     5CAA       9E         0
                text66                             419A     419A      122         0
                text65                             192E     192E      332         0
                text64                             72BC     72BC       10         0
                text63                             6E60     6E60       38         0
                text62                             72AC     72AC       10         0
                text61                             7272     7272       14         0
                text60                             4E7A     4E7A      102         0
                text59                             68E8     68E8       74         0
                text58                             53E4     53E4       CC         0
                text57                             4C6A     4C6A      108         0
                text56                             627C     627C       8E         0
                text55                             11A2     11A2      3C6         0
                text54                             5644     5644       C2         0
                text53                             5244     5244       D0         0
                text52                             4726     4726      110         0
                text51                             735C     735C        C         0
                text50                             7318     7318        E         0
                text49                             730A     730A        E         0
                text48                             7350     7350        C         0
                text47                             226A     226A      2B2         0
                text46                             7160     7160       26         0
                text45                             557C     557C       C8         0
                text44                             6FD2     6FD2       30         0
                text43                             6C78     6C78       4C         0
                text42                             5886     5886       BC         0
                text41                             5DE6     5DE6       9A         0
                text40                             6528     6528       7C         0
                text39                             36E2     36E2      188         0
                text38                             3544     3544      19E         0
                text37                             57C8     57C8       BE         0
                text36                             5B68     5B68       A2         0
                text35                             6F08     6F08       36         0
                text34                             251C     251C      2AC         0
                text33                             70E2     70E2       2A         0
                text32                             661E     661E       7A         0
                text31                             6D56     6D56       46         0
                text30                             61EE     61EE       8E         0
                text29                             6DE2     6DE2       42         0
                text28                             6FA2     6FA2       30         0
                text27                             65A4     65A4       7A         0
                text26                             72FC     72FC        E         0
                text25                             7246     7246       16         0
                text24                              CF4      CF4      4AE         0
                text23                               C2       C2      C32         0
                text22                             6C2A     6C2A       4E         0
                text21                             1F92     1F92      2D8         0
                text20                             6F70     6F70       32         0
                text19                             71C6     71C6       1E         0
                text18                             7230     7230       16         0
                text17                             6398     6398       8C         0
                text16                             6424     6424       84         0
                text15                             7030     7030       2E         0
                text14                             2E96     2E96      1B6         0
                text13                             507E     507E       EC         0
                text12                             7002     7002       2E         0
                text11                             4946     4946      10C         0
                text10                             516A     516A       DA         0
                text9                              7370     7370        8         0
                text8                              6F3E     6F3E       32         0
                text7                              7368     7368        8         0
                text6                              5C0A     5C0A       A0         0
                text5                              7200     7200       1A         0
                text4                              6A40     6A40       6A         0
                text3                              721A     721A       16         0
                text2                              6710     6710       76         0
                text1                              70B8     70B8       2A         0
                text0                              6CC4     6CC4       4A         0
                cinit                              5FA8     5FA8       92         0
                idataBANK1                         708C     708C       2C         0
                idataBANK0                         72EC     72EC        F         0
                idataCOMRAM                        729A     729A       11         0

        CLASS   CONST          

        CLASS   SMALLCONST     

        CLASS   MEDIUMCONST    
                mediumconst                        7CD4     7CD4      32C         0

        CLASS   COMRAM         
                temp                                 5E       5E        1         1
                cstackCOMRAM                          1        1       36         1
                dataCOMRAM                           4D       4D       11         1
                bssCOMRAM                            37       37       16         1

        CLASS   ABS1           

        CLASS   BIGRAM         

        CLASS   RAM            

        CLASS   BANK0          
                cstackBANK0                          60       60       45         1
                dataBANK0                            C9       C9        F         1
                bssBANK0                             A5       A5       24         1

        CLASS   BANK1          
                cstackBANK1                         100      100       77         1
                dataBANK1                           177      177       2C         1
                bssBANK1                            1A3      1A3       1D         1

        CLASS   BANK2          

        CLASS   BANK3          

        CLASS   BANK4          

        CLASS   BANK5          

        CLASS   SFR            

        CLASS   FARRAM         

        CLASS   CONFIG         
                config                           300000   300000        E         0

        CLASS   IDLOC          
                idloc                            200000   200000        8         0

        CLASS   EEDATA         



SEGMENTS        Name                           Load    Length   Top    Selector   Space  Class

                reset_vec                      000000  000004  000004         0       0  CODE    
                cstackCOMRAM                   000001  00005E  00005F         1       1  COMRAM  
                intcode                        000008  000006  00000E         4       0  CODE    
                intcodelo                      000018  007293  0072AB         C       0  CODE    
                cstackBANK0                    000060  000078  0000D8        60       1  BANK0   
                cstackBANK1                    000100  0000C0  0001C0       100       1  BANK1   
                text62                         0072AC  00004F  0072FB      3956       0  CODE    
                text26                         0072FC  000082  00737E      397E       0  CODE    
                mediumconst                    007CD4  00032C  008000      3E6A       0  MEDIUMCO
                idloc                          200000  000008  200008    200000       0  IDLOC   
                config                         300000  00000E  30000E    300000       0  CONFIG  


UNUSED ADDRESS RANGES

        Name                Unused          Largest block    Delta
        BANK0            0000D8-0000FF               28
        BANK1            0001C0-0001FF               40
        BANK2            000200-0002FF              100
        BANK3            000300-0003FF              100
        BANK4            000400-0004FF              100
        BANK5            000500-0005FF              100
        BIGRAM           00005F-00005F                1
                         0000D8-0000FF               28
                         0001C0-0005FF              440
        CODE             000004-000007                4
                         00000E-000017                A
                         0072AB-0072AB                1
                         0072FB-0072FB                1
                         00737E-007CD3              956
        COMRAM           00005F-00005F                1
        CONST            000004-000007                4
                         00000E-000017                A
                         0072AB-0072AB                1
                         0072FB-0072FB                1
                         00737E-007CD3              956
        EEDATA           F00000-F000FF              100
        MEDIUMCONST      0072AB-0072AB                1
                         0072FB-0072FB                1
                         00737E-007CD3              956
        RAM              0000D8-0000FF               28
                         0001C0-0005FF              100
        SFR              000F38-000FFF               28
        SMALLCONST       0072AB-0072AB                1
                         0072FB-0072FB                1
                         00737E-007CD3              100
        STACK            0001C0-0005FF              440

                                  Symbol Table

?___aldiv                   cstackBANK1  000100
?___altoft                  cstackBANK1  000108
?___awdiv                   cstackBANK1  000106
?___awmod                   cstackBANK1  000100
?___ftadd                   cstackBANK1  00012D
?___ftdiv                   cstackBANK1  000112
?___ftmul                   cstackBANK1  000114
?___ftneg                   cstackBANK1  000100
?___ftpack                  cstackBANK1  000100
?___ftsub                   cstackBANK1  000139
?___fttol                   cstackBANK1  00012A
?___lldiv                   cstackBANK1  000100
?___llmod                   cstackBANK1  00010D
?___lltoft                  cstackBANK1  000108
?___lmul                    cstackBANK1  000100
?___wmul                    cstackBANK1  00010E
?__div_to_l_                cstackBANK1  000100
?__tdiv_to_l_               cstackBANK1  000100
?_fround                    cstackBANK1  000123
?_printf                    cstackBANK1  00013F
?_scale                     cstackBANK1  000123
?i1___aldiv                 cstackBANK0  000060
?i1___altoft                cstackBANK0  000068
?i1___ftadd                 cstackBANK0  000068
?i1___ftdiv                 cstackBANK0  000072
?i1___ftmul                 cstackBANK0  000068
?i1___ftpack                cstackBANK0  000060
?i1___fttol                 cstackBANK0  000060
?i1___lmul                  cstackBANK0  000060
?i2___altoft                cstackCOMRAM 000009
?i2___ftadd                 cstackCOMRAM 000013
?i2___ftpack                cstackCOMRAM 000001
UARTint@sas                 cstackBANK0  000093
_ANSELAbits                 (abs)        000F38
_ANSELCbits                 (abs)        000F3A
_BAUDCON1bits               (abs)        000FB8
_CCP2CONbits                (abs)        000F66
_CCPR2L                     (abs)        000F67
_CCPTMRS0bits               (abs)        000F49
_DOWNisLP                   bssCOMRAM    00004B
_DOWNsecurLock              bssBANK0     0000C3
_ECCP2ASbits                (abs)        000F64
_EEADR                      (abs)        000FA9
_EECON1bits                 (abs)        000FA6
_EECON2                     (abs)        000FA7
_EEDATA                     (abs)        000FA8
_EEPROMConfig               text86       007378
_ENTERisLP                  bssBANK1     0001BE
_ENTERsecurLock             bssBANK0     0000C1
_FC1securLock               bssCOMRAM    000047
_FC2securLock               bssCOMRAM    000045
_INTCONbits                 (abs)        000FF2
_IPR1bits                   (abs)        000F9F
_IPR5bits                   (abs)        000F7F
_LATBbits                   (abs)        000F8A
_LATCbits                   (abs)        000F8B
_OSCCON2bits                (abs)        000FD2
_OSCCONbits                 (abs)        000FD3
_OSCTUNEbits                (abs)        000F9B
_PIE1bits                   (abs)        000F9D
_PIE5bits                   (abs)        000F7D
_PIR1bits                   (abs)        000F9E
_PIR5bits                   (abs)        000F7E
_PORTAbits                  (abs)        000F80
_PORTBbits                  (abs)        000F81
_PR2                        (abs)        000FBB
_PR4                        (abs)        000F52
_PSTR2CONbits               (abs)        000F63
_PWM2CONbits                (abs)        000F65
_PWM2Config                 text83       006B14
_RCONbits                   (abs)        000FD0
_RCREG1                     (abs)        000FAE
_RCSTA1bits                 (abs)        000FAB
_RETROisLP                  bssBANK0     0000C5
_RETROsecurLock             bssBANK0     0000C2
_SPBRG1                     (abs)        000FAF
_SPBRGH1                    (abs)        000FB0
_T2CONbits                  (abs)        000FBA
_T2int                      text118      002C98
_T4CONbits                  (abs)        000F51
_T4int                      text127      003B26
_TRISAbits                  (abs)        000F92
_TRISBbits                  (abs)        000F93
_TRISCbits                  (abs)        000F94
_TXREG1                     (abs)        000FAD
_TXSTA1bits                 (abs)        000FAC
_UARTConfig                 text82       006E98
_UARTint                    text88       004612
_UPisLP                     bssCOMRAM    00004C
_UPsecurLock                bssBANK0     0000C4
_WDTCONbits                 (abs)        000FD1
__CFG_BOREN$SBORDIS         (abs)        000000
__CFG_BORV$285              (abs)        000000
__CFG_CCP2MX$PORTC1         (abs)        000000
__CFG_CCP3MX$PORTB5         (abs)        000000
__CFG_CP0$OFF               (abs)        000000
__CFG_CP1$OFF               (abs)        000000
__CFG_CP2$OFF               (abs)        000000
__CFG_CP3$OFF               (abs)        000000
__CFG_CPB$OFF               (abs)        000000
__CFG_CPD$OFF               (abs)        000000
__CFG_EBTR0$OFF             (abs)        000000
__CFG_EBTR1$OFF             (abs)        000000
__CFG_EBTR2$OFF             (abs)        000000
__CFG_EBTR3$OFF             (abs)        000000
__CFG_EBTRB$OFF             (abs)        000000
__CFG_FCMEN$ON              (abs)        000000
__CFG_FOSC$INTIO67          (abs)        000000
__CFG_HFOFST$ON             (abs)        000000
__CFG_IESO$ON               (abs)        000000
__CFG_LVP$OFF               (abs)        000000
__CFG_MCLRE$EXTMCLR         (abs)        000000
__CFG_P2BMX$PORTC0          (abs)        000000
__CFG_PBADEN$OFF            (abs)        000000
__CFG_PLLCFG$ON             (abs)        000000
__CFG_PRICLKEN$ON           (abs)        000000
__CFG_PWRTEN$ON             (abs)        000000
__CFG_STVREN$ON             (abs)        000000
__CFG_T3CMX$PORTC0          (abs)        000000
__CFG_WDTEN$SWON            (abs)        000000
__CFG_WDTPS$32              (abs)        000000
__CFG_WRT0$OFF              (abs)        000000
__CFG_WRT1$OFF              (abs)        000000
__CFG_WRT2$OFF              (abs)        000000
__CFG_WRT3$OFF              (abs)        000000
__CFG_WRTB$OFF              (abs)        000000
__CFG_WRTC$OFF              (abs)        000000
__CFG_WRTD$OFF              (abs)        000000
__CFG_XINST$OFF             (abs)        000000
__HRAM                      (abs)        000000
__Habs1                     abs1         000000
__Hbank0                    bank0        000000
__Hbank1                    bank1        000000
__Hbank2                    bank2        000000
__Hbank3                    bank3        000000
__Hbank4                    bank4        000000
__Hbank5                    bank5        000000
__Hbigbss                   bigbss       000000
__Hbigdata                  bigdata      000000
__Hbigram                   bigram       000000
__Hbss                      bss          000000
__HbssBANK0                 bssBANK0     000000
__HbssBANK1                 bssBANK1     000000
__HbssCOMRAM                bssCOMRAM    000000
__Hcinit                    cinit        000000
__Hclrtext                  clrtext      000000
__Hcomram                   comram       000000
__Hconfig                   config       30000E
__Hconst                    const        000000
__HcstackBANK0              cstackBANK0  000000
__HcstackBANK1              cstackBANK1  000000
__HcstackCOMRAM             cstackCOMRAM 000000
__Hdata                     data         000000
__HdataBANK0                dataBANK0    000000
__HdataBANK1                dataBANK1    000000
__HdataCOMRAM               dataCOMRAM   000000
__Heeprom_data              eeprom_data  000000
__Hfarbss                   farbss       000000
__Hfardata                  fardata      000000
__Hibigdata                 ibigdata     000000
__Hidata                    idata        000000
__HidataBANK0               idataBANK0   000000
__HidataBANK1               idataBANK1   000000
__HidataCOMRAM              idataCOMRAM  000000
__Hidloc                    idloc        200008
__Hifardata                 ifardata     000000
__Hinit                     init         0000C2
__Hintcode                  intcode      00000E
__Hintcode_body             intcode_body 000000
__Hintcodelo                intcodelo    0000BE
__Hintentry                 intentry     000000
__Hintret                   intret       000000
__Hintsave_regs             intsave_regs 000000
__Hirdata                   irdata       000000
__Hmediumconst              mediumconst  008000
__HnvFARRAM                 nvFARRAM     000000
__Hnvbit                    nvbit        000000
__Hnvrram                   nvrram       000000
__Hparam                    rparam       000000
__Hpowerup                  powerup      0000BE
__Hram                      ram          000000
__Hramtop                   ramtop       000600
__Hrbit                     rbit         000000
__Hrbss                     rbss         000000
__Hrdata                    rdata        000000
__Hreset_vec                reset_vec    000004
__Hrparam                   rparam       000000
__Hsfr                      sfr          000000
__Hsmallconst               smallconst   000000
__Hspace_0                  (abs)        30000E
__Hspace_1                  (abs)        0001C0
__Hspace_2                  (abs)        000000
__Hstack                    stack        000000
__Hstruct                   struct       000000
__Htemp                     temp         00005F
__Htext                     text         000000
__Htext0                    text0        000000
__Htext1                    text1        000000
__Htext10                   text10       000000
__Htext100                  text100      000000
__Htext101                  text101      000000
__Htext102                  text102      000000
__Htext103                  text103      000000
__Htext104                  text104      000000
__Htext105                  text105      000000
__Htext106                  text106      000000
__Htext107                  text107      000000
__Htext108                  text108      000000
__Htext109                  text109      000000
__Htext11                   text11       000000
__Htext110                  text110      000000
__Htext111                  text111      000000
__Htext112                  text112      000000
__Htext113                  text113      000000
__Htext114                  text114      000000
__Htext115                  text115      000000
__Htext116                  text116      000000
__Htext117                  text117      000000
__Htext118                  text118      000000
__Htext119                  text119      000000
__Htext12                   text12       000000
__Htext120                  text120      000000
__Htext121                  text121      000000
__Htext122                  text122      000000
__Htext123                  text123      000000
__Htext124                  text124      000000
__Htext125                  text125      000000
__Htext127                  text127      000000
__Htext128                  text128      000000
__Htext129                  text129      000000
__Htext13                   text13       000000
__Htext130                  text130      000000
__Htext131                  text131      000000
__Htext132                  text132      000000
__Htext133                  text133      000000
__Htext134                  text134      000000
__Htext135                  text135      000000
__Htext14                   text14       000000
__Htext15                   text15       000000
__Htext16                   text16       000000
__Htext17                   text17       000000
__Htext18                   text18       000000
__Htext19                   text19       000000
__Htext2                    text2        000000
__Htext20                   text20       000000
__Htext21                   text21       000000
__Htext22                   text22       000000
__Htext23                   text23       000000
__Htext24                   text24       000000
__Htext25                   text25       000000
__Htext26                   text26       000000
__Htext27                   text27       000000
__Htext28                   text28       000000
__Htext29                   text29       000000
__Htext3                    text3        000000
__Htext30                   text30       000000
__Htext31                   text31       000000
__Htext32                   text32       000000
__Htext33                   text33       000000
__Htext34                   text34       000000
__Htext35                   text35       000000
__Htext36                   text36       000000
__Htext37                   text37       000000
__Htext38                   text38       000000
__Htext39                   text39       000000
__Htext4                    text4        000000
__Htext40                   text40       000000
__Htext41                   text41       000000
__Htext42                   text42       000000
__Htext43                   text43       000000
__Htext44                   text44       000000
__Htext45                   text45       000000
__Htext46                   text46       000000
__Htext47                   text47       000000
__Htext48                   text48       000000
__Htext49                   text49       000000
__Htext5                    text5        000000
__Htext50                   text50       000000
__Htext51                   text51       000000
__Htext52                   text52       000000
__Htext53                   text53       000000
__Htext54                   text54       000000
__Htext55                   text55       000000
__Htext56                   text56       000000
__Htext57                   text57       000000
__Htext58                   text58       000000
__Htext59                   text59       000000
__Htext6                    text6        000000
__Htext60                   text60       000000
__Htext61                   text61       000000
__Htext62                   text62       000000
__Htext63                   text63       000000
__Htext64                   text64       000000
__Htext65                   text65       000000
__Htext66                   text66       000000
__Htext67                   text67       000000
__Htext68                   text68       000000
__Htext69                   text69       000000
__Htext7                    text7        000000
__Htext70                   text70       000000
__Htext71                   text71       000000
__Htext72                   text72       000000
__Htext73                   text73       000000
__Htext74                   text74       000000
__Htext75                   text75       000000
__Htext76                   text76       000000
__Htext77                   text77       000000
__Htext78                   text78       000000
__Htext79                   text79       000000
__Htext8                    text8        000000
__Htext80                   text80       000000
__Htext81                   text81       000000
__Htext82                   text82       000000
__Htext83                   text83       000000
__Htext84                   text84       000000
__Htext85                   text85       000000
__Htext86                   text86       000000
__Htext88                   text88       000000
__Htext89                   text89       000000
__Htext9                    text9        000000
__Htext90                   text90       000000
__Htext91                   text91       000000
__Htext92                   text92       000000
__Htext93                   text93       000000
__Htext94                   text94       000000
__Htext95                   text95       000000
__Htext96                   text96       000000
__Htext97                   text97       000000
__Htext98                   text98       000000
__Htext99                   text99       000000
__LRAM                      (abs)        000001
__Labs1                     abs1         000000
__Lbank0                    bank0        000000
__Lbank1                    bank1        000000
__Lbank2                    bank2        000000
__Lbank3                    bank3        000000
__Lbank4                    bank4        000000
__Lbank5                    bank5        000000
__Lbigbss                   bigbss       000000
__Lbigdata                  bigdata      000000
__Lbigram                   bigram       000000
__Lbss                      bss          000000
__LbssBANK0                 bssBANK0     000000
__LbssBANK1                 bssBANK1     000000
__LbssCOMRAM                bssCOMRAM    000000
__Lcinit                    cinit        000000
__Lclrtext                  clrtext      000000
__Lcomram                   comram       000000
__Lconfig                   config       300000
__Lconst                    const        000000
__LcstackBANK0              cstackBANK0  000000
__LcstackBANK1              cstackBANK1  000000
__LcstackCOMRAM             cstackCOMRAM 000000
__Ldata                     data         000000
__LdataBANK0                dataBANK0    000000
__LdataBANK1                dataBANK1    000000
__LdataCOMRAM               dataCOMRAM   000000
__Leeprom_data              eeprom_data  000000
__Lfarbss                   farbss       000000
__Lfardata                  fardata      000000
__Libigdata                 ibigdata     000000
__Lidata                    idata        000000
__LidataBANK0               idataBANK0   000000
__LidataBANK1               idataBANK1   000000
__LidataCOMRAM              idataCOMRAM  000000
__Lidloc                    idloc        200000
__Lifardata                 ifardata     000000
__Linit                     init         0000BE
__Lintcode                  intcode      000008
__Lintcode_body             intcode_body 000000
__Lintcodelo                intcodelo    000018
__Lintentry                 intentry     000000
__Lintret                   intret       000000
__Lintsave_regs             intsave_regs 000000
__Lirdata                   irdata       000000
__Lmediumconst              mediumconst  007CD4
__LnvFARRAM                 nvFARRAM     000000
__Lnvbit                    nvbit        000000
__Lnvrram                   nvrram       000000
__Lparam                    rparam       000000
__Lpowerup                  powerup      0000BE
__Lram                      ram          000000
__Lramtop                   ramtop       000600
__Lrbit                     rbit         000000
__Lrbss                     rbss         000000
__Lrdata                    rdata        000000
__Lreset_vec                reset_vec    000000
__Lrparam                   rparam       000000
__Lsfr                      sfr          000000
__Lsmallconst               smallconst   000000
__Lspace_0                  (abs)        000000
__Lspace_1                  (abs)        000000
__Lspace_2                  (abs)        000000
__Lstack                    stack        000000
__Lstruct                   struct       000000
__Ltemp                     temp         00005E
__Ltext                     text         000000
__Ltext0                    text0        000000
__Ltext1                    text1        000000
__Ltext10                   text10       000000
__Ltext100                  text100      000000
__Ltext101                  text101      000000
__Ltext102                  text102      000000
__Ltext103                  text103      000000
__Ltext104                  text104      000000
__Ltext105                  text105      000000
__Ltext106                  text106      000000
__Ltext107                  text107      000000
__Ltext108                  text108      000000
__Ltext109                  text109      000000
__Ltext11                   text11       000000
__Ltext110                  text110      000000
__Ltext111                  text111      000000
__Ltext112                  text112      000000
__Ltext113                  text113      000000
__Ltext114                  text114      000000
__Ltext115                  text115      000000
__Ltext116                  text116      000000
__Ltext117                  text117      000000
__Ltext118                  text118      000000
__Ltext119                  text119      000000
__Ltext12                   text12       000000
__Ltext120                  text120      000000
__Ltext121                  text121      000000
__Ltext122                  text122      000000
__Ltext123                  text123      000000
__Ltext124                  text124      000000
__Ltext125                  text125      000000
__Ltext127                  text127      000000
__Ltext128                  text128      000000
__Ltext129                  text129      000000
__Ltext13                   text13       000000
__Ltext130                  text130      000000
__Ltext131                  text131      000000
__Ltext132                  text132      000000
__Ltext133                  text133      000000
__Ltext134                  text134      000000
__Ltext135                  text135      000000
__Ltext14                   text14       000000
__Ltext15                   text15       000000
__Ltext16                   text16       000000
__Ltext17                   text17       000000
__Ltext18                   text18       000000
__Ltext19                   text19       000000
__Ltext2                    text2        000000
__Ltext20                   text20       000000
__Ltext21                   text21       000000
__Ltext22                   text22       000000
__Ltext23                   text23       000000
__Ltext24                   text24       000000
__Ltext25                   text25       000000
__Ltext26                   text26       000000
__Ltext27                   text27       000000
__Ltext28                   text28       000000
__Ltext29                   text29       000000
__Ltext3                    text3        000000
__Ltext30                   text30       000000
__Ltext31                   text31       000000
__Ltext32                   text32       000000
__Ltext33                   text33       000000
__Ltext34                   text34       000000
__Ltext35                   text35       000000
__Ltext36                   text36       000000
__Ltext37                   text37       000000
__Ltext38                   text38       000000
__Ltext39                   text39       000000
__Ltext4                    text4        000000
__Ltext40                   text40       000000
__Ltext41                   text41       000000
__Ltext42                   text42       000000
__Ltext43                   text43       000000
__Ltext44                   text44       000000
__Ltext45                   text45       000000
__Ltext46                   text46       000000
__Ltext47                   text47       000000
__Ltext48                   text48       000000
__Ltext49                   text49       000000
__Ltext5                    text5        000000
__Ltext50                   text50       000000
__Ltext51                   text51       000000
__Ltext52                   text52       000000
__Ltext53                   text53       000000
__Ltext54                   text54       000000
__Ltext55                   text55       000000
__Ltext56                   text56       000000
__Ltext57                   text57       000000
__Ltext58                   text58       000000
__Ltext59                   text59       000000
__Ltext6                    text6        000000
__Ltext60                   text60       000000
__Ltext61                   text61       000000
__Ltext62                   text62       000000
__Ltext63                   text63       000000
__Ltext64                   text64       000000
__Ltext65                   text65       000000
__Ltext66                   text66       000000
__Ltext67                   text67       000000
__Ltext68                   text68       000000
__Ltext69                   text69       000000
__Ltext7                    text7        000000
__Ltext70                   text70       000000
__Ltext71                   text71       000000
__Ltext72                   text72       000000
__Ltext73                   text73       000000
__Ltext74                   text74       000000
__Ltext75                   text75       000000
__Ltext76                   text76       000000
__Ltext77                   text77       000000
__Ltext78                   text78       000000
__Ltext79                   text79       000000
__Ltext8                    text8        000000
__Ltext80                   text80       000000
__Ltext81                   text81       000000
__Ltext82                   text82       000000
__Ltext83                   text83       000000
__Ltext84                   text84       000000
__Ltext85                   text85       000000
__Ltext86                   text86       000000
__Ltext88                   text88       000000
__Ltext89                   text89       000000
__Ltext9                    text9        000000
__Ltext90                   text90       000000
__Ltext91                   text91       000000
__Ltext92                   text92       000000
__Ltext93                   text93       000000
__Ltext94                   text94       000000
__Ltext95                   text95       000000
__Ltext96                   text96       000000
__Ltext97                   text97       000000
__Ltext98                   text98       000000
__Ltext99                   text99       000000
__S0                        (abs)        30000E
__S1                        (abs)        0001C0
__S2                        (abs)        000000
___aldiv                    text71       0043DE
___aldiv@counter            cstackBANK1  000108
___aldiv@dividend           cstackBANK1  000100
___aldiv@divisor            cstackBANK1  000104
___aldiv@quotient           cstackBANK1  00010A
___aldiv@sign               cstackBANK1  000109
___altoft                   text67       005CAA
___altoft@c                 cstackBANK1  000108
___altoft@exp               cstackBANK1  000110
___altoft@sign              cstackBANK1  000111
___awdiv                    text37       0057C8
___awdiv@counter            cstackBANK1  00010A
___awdiv@dividend           cstackBANK1  000106
___awdiv@divisor            cstackBANK1  000108
___awdiv@quotient           cstackBANK1  00010C
___awdiv@sign               cstackBANK1  00010B
___awmod                    text36       005B68
___awmod@counter            cstackBANK1  000104
___awmod@dividend           cstackBANK1  000100
___awmod@divisor            cstackBANK1  000102
___awmod@sign               cstackBANK1  000105
___ftadd                    text78       0027C8
___ftadd@exp1               cstackBANK1  000138
___ftadd@exp2               cstackBANK1  000137
___ftadd@f1                 cstackBANK1  00012D
___ftadd@f2                 cstackBANK1  000130
___ftadd@sign               cstackBANK1  000136
___ftdiv                    text77       003C7A
___ftdiv@cntr               cstackBANK1  00011B
___ftdiv@exp                cstackBANK1  00011F
___ftdiv@f1                 cstackBANK1  000112
___ftdiv@f2                 cstackBANK1  000115
___ftdiv@f3                 cstackBANK1  00011C
___ftdiv@sign               cstackBANK1  000120
___ftge                     text45       00557C
___ftge@ff1                 cstackBANK1  000100
___ftge@ff2                 cstackBANK1  000103
___ftmul                    text76       00386A
___ftmul@cntr               cstackBANK1  000121
___ftmul@exp                cstackBANK1  00011D
___ftmul@f1                 cstackBANK1  000114
___ftmul@f2                 cstackBANK1  000117
___ftmul@f3_as_product      cstackBANK1  00011E
___ftmul@sign               cstackBANK1  000122
___ftneg                    text44       006FD2
___ftneg@f1                 cstackBANK1  000100
___ftpack                   text79       004A52
___ftpack@arg               cstackBANK1  000100
___ftpack@exp               cstackBANK1  000103
___ftpack@sign              cstackBANK1  000104
___ftsub                    text43       006C78
___ftsub@f1                 cstackBANK1  000139
___ftsub@f2                 cstackBANK1  00013C
___fttol                    text70       003F12
___fttol@exp1               cstackBANK1  000138
___fttol@f1                 cstackBANK1  00012A
___fttol@lval               cstackBANK1  000134
___fttol@sign1              cstackBANK1  000133
___inthi_sp                 stack        000000
___intlo_sp                 stack        000000
___lldiv                    text42       005886
___lldiv@counter            cstackBANK1  00010C
___lldiv@dividend           cstackBANK1  000100
___lldiv@divisor            cstackBANK1  000104
___lldiv@quotient           cstackBANK1  000108
___llmod                    text41       005DE6
___llmod@counter            cstackBANK1  000115
___llmod@dividend           cstackBANK1  00010D
___llmod@divisor            cstackBANK1  000111
___lltoft                   text40       006528
___lltoft@c                 cstackBANK1  000108
___lltoft@exp               cstackBANK1  000110
___lmul                     text69       006786
___lmul@multiplicand        cstackBANK1  000104
___lmul@multiplier          cstackBANK1  000100
___lmul@product             cstackBANK1  000108
___param_bank               (abs)        000000
___rparam_used              (abs)        000001
___sp                       stack        000000
___wmul                     text35       006F08
___wmul@multiplicand        cstackBANK1  000110
___wmul@multiplier          cstackBANK1  00010E
___wmul@product             cstackBANK1  000112
__accesstop                 (abs)        000060
__activetblptr              (abs)        000002
__div_to_l_                 text39       0036E2
__div_to_l_@cntr            cstackBANK1  00010A
__div_to_l_@exp1            cstackBANK1  00010B
__div_to_l_@f1              cstackBANK1  000100
__div_to_l_@f2              cstackBANK1  000103
__div_to_l_@quot            cstackBANK1  000106
__end_of_EEPROMConfig       text86       00737E
__end_of_PWM2Config         text83       006B7A
__end_of_T2int              text118      002E96
__end_of_T4int              text127      003C7A
__end_of_UARTConfig         text82       006ED0
__end_of_UARTint            text88       004726
__end_of___aldiv            text71       0044F8
__end_of___altoft           text67       005D48
__end_of___awdiv            text37       005886
__end_of___awmod            text36       005C0A
__end_of___ftadd            text78       002A30
__end_of___ftdiv            text77       003DC6
__end_of___ftge             text45       005644
__end_of___ftmul            text76       0039C8
__end_of___ftneg            text44       007002
__end_of___ftpack           text79       004B5E
__end_of___ftsub            text43       006CC4
__end_of___fttol            text70       004056
__end_of___lldiv            text42       005942
__end_of___llmod            text41       005E80
__end_of___lltoft           text40       0065A4
__end_of___lmul             text69       0067FC
__end_of___wmul             text35       006F3E
__end_of__div_to_l_         text39       00386A
__end_of__initialization    cinit        00602C
__end_of__npowers_          mediumconst  007D4B
__end_of__powers_           mediumconst  007D24
__end_of__tdiv_to_l_        text38       0036E2
__end_of_bajarCuchilla      text134      007350
__end_of_buttonChecking     text47       00251C
__end_of_calcSysVars        text4        006AAA
__end_of_calcVars2ti        text75       006BD2
__end_of_chanValDigDOWN     text58       0054B0
__end_of_chanValDigUP       text53       005314
__end_of_checkPass          text56       00630A
__end_of_clockConfig        text46       007186
__end_of_confirmEdition     text72       0059FE
__end_of_cutError           text133      00708C
__end_of_delay_ms           text81       006DE2
__end_of_desintegrator      text68       00339E
__end_of_detenerCuchilla    text62       0072BC
__end_of_dpowers            mediumconst  007CFD
__end_of_drawAdvON          text22       006C78
__end_of_drawAutoCalibRM    text20       006FA2
__end_of_drawBadPass        text18       007246
__end_of_drawCalibProc      text17       006424
__end_of_drawChanVal        text16       0064A8
__end_of_drawCutError       text15       00705E
__end_of_drawMenu           text14       00304C
__end_of_drawPass1Lin       text19       0071E4
__end_of_drawPassWord       text13       00516A
__end_of_drawReady2Cut      text12       007030
__end_of_drawSNquest        text11       004A52
__end_of_drawScreen         text10       005244
__end_of_drawValEditor      text21       00226A
__end_of_fround             text34       0027C8
__end_of_hp_isr             intcode_body 006528
__end_of_initProtocoll      text63       006E98
__end_of_integrator         text66       0042BC
__end_of_interruptConfig    text9        007378
__end_of_ioConfig           text8        006F70
__end_of_ioInitStt          text7        007370
__end_of_isdigit            text33       00710C
__end_of_isr                intcodelo    0000BE
__end_of_lcd_gotoxy         text28       006FD2
__end_of_lcd_init           text6        005CAA
__end_of_lcd_putc           text27       00661E
__end_of_lcd_read_4bits     text32       006698
__end_of_lcd_read_byte      text31       006D9C
__end_of_lcd_send_4bits     text30       00627C
__end_of_lcd_send_byte      text29       006E24
__end_of_loadSysParams      text111      006D56
__end_of_longPressDOWN      text80       007136
__end_of_longPressENTER     text65       001C60
__end_of_longPressRETRO     text60       004F7C
__end_of_longPressUP        text59       00695C
__end_of_main               text0        006D0E
__end_of_pressDOWN          text57       004D72
__end_of_pressENTER         text55       001568
__end_of_pressRETRO         text54       005706
__end_of_pressUP            text52       004836
__end_of_printf             text23       000CF4
__end_of_putch              text25       00725C
__end_of_putchUART          text26       00730A
__end_of_readEEPROM         text3        007230
__end_of_releaseDOWN        text51       007368
__end_of_releaseENTER       text50       007326
__end_of_releaseRETRO       text49       007318
__end_of_releaseUP          text48       00735C
__end_of_saveProcessState   text124      006E60
__end_of_saveSysParams      text73       0060CC
__end_of_scale              text24       0011A2
__end_of_setPWM2duty        text85       005F14
__end_of_setPWM2on          text5        00721A
__end_of_stopProcess        text61       007286
__end_of_subirCuchilla      text64       0072CC
__end_of_sysParamInit       text2        006786
__end_of_t2config           text84       007200
__end_of_t4config           text1        0070E2
__end_of_writeEEPROM        text74       0071A6
__end_ofi1___aldiv          text107      004612
__end_ofi1___altoft         text103      005DE6
__end_ofi1___ftadd          text109      002C98
__end_ofi1___ftdiv          text114      003F12
__end_ofi1___ftmul          text116      003B26
__end_ofi1___ftpack         text117      004C6A
__end_ofi1___fttol          text106      00419A
__end_ofi1___lmul           text105      0068E8
__end_ofi1_calcSysVars      text115      006B14
__end_ofi1_calcVars2ti      text113      006C2A
__end_ofi1_chanValDigDOWN   text98       00557C
__end_ofi1_chanValDigUP     text93       0053E4
__end_ofi1_checkPass        text96       006398
__end_ofi1_confirmEdition   text108      005ABA
__end_ofi1_desintegrator    text104      003544
__end_ofi1_detenerCuchilla  text120      0072DC
__end_ofi1_initProtocoll    text121      006F08
__end_ofi1_integrator       text102      0043DE
__end_ofi1_longPressDOWN    text110      007160
__end_ofi1_longPressENTER   text101      001F92
__end_ofi1_longPressRETRO   text100      00507E
__end_ofi1_longPressUP      text99       0069D0
__end_ofi1_pressDOWN        text97       004E7A
__end_ofi1_pressENTER       text95       00192E
__end_ofi1_pressRETRO       text94       0057C8
__end_ofi1_pressUP          text92       004946
__end_ofi1_putchUART        text91       007334
__end_ofi1_readEEPROM       text90       007272
__end_ofi1_saveSysParams    text112      00615E
__end_ofi1_setPWM2duty      text123      005FA8
__end_ofi1_stopProcess      text119      00729A
__end_ofi1_subirCuchilla    text122      0072EC
__end_ofi1_sysParamInit     text89       006872
__end_ofi1_writeEEPROM      text125      0071C6
__end_ofi2___altoft         text131      006710
__end_ofi2___ftadd          text130      0031F8
__end_ofi2___ftge           text129      0061EE
__end_ofi2___ftpack         text132      005B68
__end_ofi2_setPWM2duty      text135      006A40
__end_ofi2_subirCuchilla    text128      007342
__initialization            cinit        005FA8
__mediumconst               mediumconst  007CD4
__npowers_                  mediumconst  007D24
__pbssBANK0                 bssBANK0     0000A5
__pbssBANK1                 bssBANK1     0001A3
__pbssCOMRAM                bssCOMRAM    000037
__pcinit                    cinit        005FA8
__pcstackBANK0              cstackBANK0  000060
__pcstackBANK1              cstackBANK1  000100
__pcstackCOMRAM             cstackCOMRAM 000001
__pdataBANK0                dataBANK0    0000C9
__pdataBANK1                dataBANK1    000177
__pdataCOMRAM               dataCOMRAM   00004D
__pidataBANK0               idataBANK0   0072EC
__pidataBANK1               idataBANK1   00708C
__pidataCOMRAM              idataCOMRAM  00729A
__pintcode                  intcode      000008
__pintcode_body             intcode_body 0064A8
__pintcodelo                intcodelo    000018
__pmediumconst              mediumconst  007CD4
__powers_                   mediumconst  007CFD
__ptext0                    text0        006CC4
__ptext1                    text1        0070B8
__ptext10                   text10       00516A
__ptext100                  text100      004F7C
__ptext101                  text101      001C60
__ptext102                  text102      0042BC
__ptext103                  text103      005D48
__ptext104                  text104      00339E
__ptext105                  text105      006872
__ptext106                  text106      004056
__ptext107                  text107      0044F8
__ptext108                  text108      0059FE
__ptext109                  text109      002A30
__ptext11                   text11       004946
__ptext110                  text110      007136
__ptext111                  text111      006D0E
__ptext112                  text112      0060CC
__ptext113                  text113      006BD2
__ptext114                  text114      003DC6
__ptext115                  text115      006AAA
__ptext116                  text116      0039C8
__ptext117                  text117      004B5E
__ptext118                  text118      002C98
__ptext119                  text119      007286
__ptext12                   text12       007002
__ptext120                  text120      0072CC
__ptext121                  text121      006ED0
__ptext122                  text122      0072DC
__ptext123                  text123      005F14
__ptext124                  text124      006E24
__ptext125                  text125      0071A6
__ptext127                  text127      003B26
__ptext128                  text128      007334
__ptext129                  text129      00615E
__ptext13                   text13       00507E
__ptext130                  text130      00304C
__ptext131                  text131      006698
__ptext132                  text132      005ABA
__ptext133                  text133      00705E
__ptext134                  text134      007342
__ptext135                  text135      0069D0
__ptext14                   text14       002E96
__ptext15                   text15       007030
__ptext16                   text16       006424
__ptext17                   text17       006398
__ptext18                   text18       007230
__ptext19                   text19       0071C6
__ptext2                    text2        006710
__ptext20                   text20       006F70
__ptext21                   text21       001F92
__ptext22                   text22       006C2A
__ptext23                   text23       0000C2
__ptext24                   text24       000CF4
__ptext25                   text25       007246
__ptext26                   text26       0072FC
__ptext27                   text27       0065A4
__ptext28                   text28       006FA2
__ptext29                   text29       006DE2
__ptext3                    text3        00721A
__ptext30                   text30       0061EE
__ptext31                   text31       006D56
__ptext32                   text32       00661E
__ptext33                   text33       0070E2
__ptext34                   text34       00251C
__ptext35                   text35       006F08
__ptext36                   text36       005B68
__ptext37                   text37       0057C8
__ptext38                   text38       003544
__ptext39                   text39       0036E2
__ptext4                    text4        006A40
__ptext40                   text40       006528
__ptext41                   text41       005DE6
__ptext42                   text42       005886
__ptext43                   text43       006C78
__ptext44                   text44       006FD2
__ptext45                   text45       00557C
__ptext46                   text46       007160
__ptext47                   text47       00226A
__ptext48                   text48       007350
__ptext49                   text49       00730A
__ptext5                    text5        007200
__ptext50                   text50       007318
__ptext51                   text51       00735C
__ptext52                   text52       004726
__ptext53                   text53       005244
__ptext54                   text54       005644
__ptext55                   text55       0011A2
__ptext56                   text56       00627C
__ptext57                   text57       004C6A
__ptext58                   text58       0053E4
__ptext59                   text59       0068E8
__ptext6                    text6        005C0A
__ptext60                   text60       004E7A
__ptext61                   text61       007272
__ptext62                   text62       0072AC
__ptext63                   text63       006E60
__ptext64                   text64       0072BC
__ptext65                   text65       00192E
__ptext66                   text66       00419A
__ptext67                   text67       005CAA
__ptext68                   text68       0031F8
__ptext69                   text69       006786
__ptext7                    text7        007368
__ptext70                   text70       003F12
__ptext71                   text71       0043DE
__ptext72                   text72       005942
__ptext73                   text73       00603A
__ptext74                   text74       007186
__ptext75                   text75       006B7A
__ptext76                   text76       00386A
__ptext77                   text77       003C7A
__ptext78                   text78       0027C8
__ptext79                   text79       004A52
__ptext8                    text8        006F3E
__ptext80                   text80       00710C
__ptext81                   text81       006D9C
__ptext82                   text82       006E98
__ptext83                   text83       006B14
__ptext84                   text84       0071E4
__ptext85                   text85       005E80
__ptext86                   text86       007378
__ptext88                   text88       004612
__ptext89                   text89       0067FC
__ptext9                    text9        007370
__ptext90                   text90       00725C
__ptext91                   text91       007326
__ptext92                   text92       004836
__ptext93                   text93       005314
__ptext94                   text94       005706
__ptext95                   text95       001568
__ptext96                   text96       00630A
__ptext97                   text97       004D72
__ptext98                   text98       0054B0
__ptext99                   text99       00695C
__ramtop                    ramtop       000600
__size_of_EEPROMConfig      (abs)        000000
__size_of_PWM2Config        (abs)        000000
__size_of_T2int             (abs)        000000
__size_of_T4int             (abs)        000000
__size_of_UARTConfig        (abs)        000000
__size_of_UARTint           (abs)        000000
__size_of___aldiv           (abs)        000000
__size_of___altoft          (abs)        000000
__size_of___awdiv           (abs)        000000
__size_of___awmod           (abs)        000000
__size_of___ftadd           (abs)        000000
__size_of___ftdiv           (abs)        000000
__size_of___ftge            (abs)        000000
__size_of___ftmul           (abs)        000000
__size_of___ftneg           (abs)        000000
__size_of___ftpack          (abs)        000000
__size_of___ftsub           (abs)        000000
__size_of___fttol           (abs)        000000
__size_of___lldiv           (abs)        000000
__size_of___llmod           (abs)        000000
__size_of___lltoft          (abs)        000000
__size_of___lmul            (abs)        000000
__size_of___wmul            (abs)        000000
__size_of__div_to_l_        (abs)        000000
__size_of__tdiv_to_l_       (abs)        000000
__size_of_bajarCuchilla     (abs)        000000
__size_of_buttonChecking    (abs)        000000
__size_of_calcSysVars       (abs)        000000
__size_of_calcVars2ti       (abs)        000000
__size_of_chanValDigDOWN    (abs)        000000
__size_of_chanValDigUP      (abs)        000000
__size_of_checkPass         (abs)        000000
__size_of_clockConfig       (abs)        000000
__size_of_confirmEdition    (abs)        000000
__size_of_cutError          (abs)        000000
__size_of_delay_ms          (abs)        000000
__size_of_desintegrator     (abs)        000000
__size_of_detenerCuchilla   (abs)        000000
__size_of_drawAdvON         (abs)        000000
__size_of_drawAutoCalibRM   (abs)        000000
__size_of_drawBadPass       (abs)        000000
__size_of_drawCalibProc     (abs)        000000
__size_of_drawChanVal       (abs)        000000
__size_of_drawCutError      (abs)        000000
__size_of_drawMenu          (abs)        000000
__size_of_drawPass1Lin      (abs)        000000
__size_of_drawPassWord      (abs)        000000
__size_of_drawReady2Cut     (abs)        000000
__size_of_drawSNquest       (abs)        000000
__size_of_drawScreen        (abs)        000000
__size_of_drawValEditor     (abs)        000000
__size_of_fround            (abs)        000000
__size_of_hp_isr            (abs)        000000
__size_of_initProtocoll     (abs)        000000
__size_of_integrator        (abs)        000000
__size_of_interruptConfig   (abs)        000000
__size_of_ioConfig          (abs)        000000
__size_of_ioInitStt         (abs)        000000
__size_of_isdigit           (abs)        000000
__size_of_isr               (abs)        000000
__size_of_lcd_gotoxy        (abs)        000000
__size_of_lcd_init          (abs)        000000
[...]
      Locals:         0       0       0       0       0       0       0
      Temps:          1       0       0       0       0       0       0
      Totals:         1       0       0       0       0       0       0
Total ram usage:        1 bytes
 Hardware stack levels used:    1
 Hardware stack levels required when called:    2
 This function calls:
		_bajarCuchilla
		_cutError
		i2___altoft
		i2___ftadd
		i2___ftge
		i2_subirCuchilla
 This function is called by:
		_hp_isr
 This function uses a non-reentrant model


 *************** function i2_subirCuchilla *****************
 Defined at:
		line 49 in file "source/PWMConfig.h"
 Parameters:    Size  Location     Type
		None
 Auto vars:     Size  Location     Type
		None
 Return value:  Size  Location     Type
                  1    wreg      void 
 Registers used:
		wreg, status,2, status,0, cstack
 Tracked objects:
		On entry : 
		On exit  : 
		Unchanged: 
 Data sizes:     COMRAM   BANK0   BANK1   BANK2   BANK3   BANK4   BANK5
      Params:         0       0       0       0       0       0       0
      Locals:         0       0       0       0       0       0       0
      Temps:          0       0       0       0       0       0       0
      Totals:         0       0       0       0       0       0       0
Total ram usage:        0 bytes
 Hardware stack levels used:    1
 Hardware stack levels required when called:    1
 This function calls:
		i2_setPWM2duty
 This function is called by:
		_T4int
 This function uses a non-reentrant model


 *************** function i2___ftge *****************
 Defined at:
		line 4 in file "C:\Program Files (x86)\Microchip\xc8\v1.41\sources\common\ftge.c"
 Parameters:    Size  Location     Type
  ff1             3   30[COMRAM] float 
  ff2             3   33[COMRAM] float 
 Auto vars:     Size  Location     Type
		None
 Return value:  Size  Location     Type
		None               void
 Registers used:
		wreg, status,2, status,0
 Tracked objects:
		On entry : 
		On exit  : 
		Unchanged: 
 Data sizes:     COMRAM   BANK0   BANK1   BANK2   BANK3   BANK4   BANK5
      Params:         6       0       0       0       0       0       0
      Locals:         0       0       0       0       0       0       0
      Temps:          3       0       0       0       0       0       0
      Totals:         9       0       0       0       0       0       0
Total ram usage:        9 bytes
 Hardware stack levels used:    1
 This function calls:
		Nothing
 This function is called by:
		_T4int
 This function uses a non-reentrant model


 *************** function i2___ftadd *****************
 Defined at:
		line 86 in file "C:\Program Files (x86)\Microchip\xc8\v1.41\sources\common\ftadd.c"
 Parameters:    Size  Location     Type
  f1              3   18[COMRAM] float 
  f2              3   21[COMRAM] float 
 Auto vars:     Size  Location     Type
  __ftadd         1   29[COMRAM] unsigned char 
  __ftadd         1   28[COMRAM] unsigned char 
  __ftadd         1   27[COMRAM] unsigned char 
 Return value:  Size  Location     Type
                  3   18[COMRAM] float 
 Registers used:
		wreg, status,2, status,0, cstack
 Tracked objects:
		On entry : 
		On exit  : 
		Unchanged: 
 Data sizes:     COMRAM   BANK0   BANK1   BANK2   BANK3   BANK4   BANK5
      Params:         6       0       0       0       0       0       0
      Locals:         3       0       0       0       0       0       0
      Temps:          3       0       0       0       0       0       0
      Totals:        12       0       0       0       0       0       0
Total ram usage:       12 bytes
 Hardware stack levels used:    1
 Hardware stack levels required when called:    1
 This function calls:
		i2___ftpack
 This function is called by:
		_T4int
 This function uses a non-reentrant model


 *************** function i2___altoft *****************
 Defined at:
		line 42 in file "C:\Program Files (x86)\Microchip\xc8\v1.41\sources\common\altoft.c"
 Parameters:    Size  Location     Type
  c               4    8[COMRAM] long 
 Auto vars:     Size  Location     Type
  __altoft        1   17[COMRAM] unsigned char 
  __altoft        1   16[COMRAM] unsigned char 
 Return value:  Size  Location     Type
                  3    8[COMRAM] float 
 Registers used:
		wreg, status,2, status,0, cstack
 Tracked objects:
		On entry : 
		On exit  : 
		Unchanged: 
 Data sizes:     COMRAM   BANK0   BANK1   BANK2   BANK3   BANK4   BANK5
      Params:         4       0       0       0       0       0       0
      Locals:         2       0       0       0       0       0       0
      Temps:          4       0       0       0       0       0       0
      Totals:        10       0       0       0       0       0       0
Total ram usage:       10 bytes
 Hardware stack levels used:    1
 Hardware stack levels required when called:    1
 This function calls:
		i2___ftpack
 This function is called by:
		_T4int
 This function uses a non-reentrant model


 *************** function i2___ftpack *****************
 Defined at:
		line 62 in file "C:\Program Files (x86)\Microchip\xc8\v1.41\sources\common\float.c"
 Parameters:    Size  Location     Type
  arg             3    0[COMRAM] unsigned um
  exp             1    3[COMRAM] unsigned char 
  sign            1    4[COMRAM] unsigned char 
 Auto vars:     Size  Location     Type
		None
 Return value:  Size  Location     Type
                  3    0[COMRAM] float 
 Registers used:
		wreg, status,2, status,0
 Tracked objects:
		On entry : 
		On exit  : 
		Unchanged: 
 Data sizes:     COMRAM   BANK0   BANK1   BANK2   BANK3   BANK4   BANK5
      Params:         5       0       0       0       0       0       0
      Locals:         0       0       0       0       0       0       0
      Temps:          3       0       0       0       0       0       0
      Totals:         8       0       0       0       0       0       0
Total ram usage:        8 bytes
 Hardware stack levels used:    1
 This function calls:
		Nothing
 This function is called by:
		i2___altoft
		i2___ftadd
 This function uses a non-reentrant model


 *************** function _cutError *****************
 Defined at:
		line 12 in file "source/T4Config.h"
 Parameters:    Size  Location     Type
		None
 Auto vars:     Size  Location     Type
		None
 Return value:  Size  Location     Type
                  1    wreg      void 
 Registers used:
		wreg, status,2
 Tracked objects:
		On entry : 
		On exit  : 
		Unchanged: 
 Data sizes:     COMRAM   BANK0   BANK1   BANK2   BANK3   BANK4   BANK5
      Params:         0       0       0       0       0       0       0
      Locals:         0       0       0       0       0       0       0
      Temps:          0       0       0       0       0       0       0
      Totals:         0       0       0       0       0       0       0
Total ram usage:        0 bytes
 Hardware stack levels used:    1
 This function calls:
		Nothing
 This function is called by:
		_T4int
 This function uses a non-reentrant model


 *************** function _bajarCuchilla *****************
 Defined at:
		line 53 in file "source/PWMConfig.h"
 Parameters:    Size  Location     Type
		None
 Auto vars:     Size  Location     Type
		None
 Return value:  Size  Location     Type
                  1    wreg      void 
 Registers used:
		wreg, status,2, status,0, cstack
 Tracked objects:
		On entry : 
		On exit  : 
		Unchanged: 
 Data sizes:     COMRAM   BANK0   BANK1   BANK2   BANK3   BANK4   BANK5
      Params:         0       0       0       0       0       0       0
      Locals:         0       0       0       0       0       0       0
      Temps:          0       0       0       0       0       0       0
      Totals:         0       0       0       0       0       0       0
Total ram usage:        0 bytes
 Hardware stack levels used:    1
 Hardware stack levels required when called:    1
 This function calls:
		i2_setPWM2duty
 This function is called by:
		_T4int
 This function uses a non-reentrant model


 *************** function i2_setPWM2duty *****************
 Defined at:
		line 37 in file "source/PWMConfig.h"
 Parameters:    Size  Location     Type
  actuator        2    0[COMRAM] short 
 Auto vars:     Size  Location     Type
  setPWM2duty     2    4[COMRAM] short 
 Return value:  Size  Location     Type
                  1    wreg      void 
 Registers used:
		wreg, status,2, status,0
 Tracked objects:
		On entry : 
		On exit  : 
		Unchanged: 
 Data sizes:     COMRAM   BANK0   BANK1   BANK2   BANK3   BANK4   BANK5
      Params:         2       0       0       0       0       0       0
      Locals:         2       0       0       0       0       0       0
      Temps:          2       0       0       0       0       0       0
      Totals:         6       0       0       0       0       0       0
Total ram usage:        6 bytes
 Hardware stack levels used:    1
 This function calls:
		Nothing
 This function is called by:
		_bajarCuchilla
		i2_subirCuchilla
 This function uses a non-reentrant model



MODULE INFORMATION

Module		Function		Class		Link	Load	Size
C:\Program Files (x86)\Microchip\xc8\v1.41\sources\common\awdiv.c
		___awdiv       		CODE           	57C8	0000	191

C:\Program Files (x86)\Microchip\xc8\v1.41\sources\common\awdiv.c estimated size: 191

source/ButtonController.h
		_buttonChecking		CODE           	226A	0000	691

source/ButtonController.h estimated size: 691

C:\Program Files (x86)\Microchip\xc8\v1.41\sources\common\lldiv.c
		___lldiv       		CODE           	5886	0000	189

C:\Program Files (x86)\Microchip\xc8\v1.41\sources\common\lldiv.c estimated size: 189

C:\Program Files (x86)\Microchip\xc8\v1.41\sources\common\aldiv.c
		___aldiv       		CODE           	43DE	0000	283

C:\Program Files (x86)\Microchip\xc8\v1.41\sources\common\aldiv.c estimated size: 283

C:\Program Files (x86)\Microchip\xc8\v1.41\sources\common\doprnt.c
		_scale         		CODE           	0CF4	0000	1199
		_printf        		CODE           	00C2	0000	3123
		_fround        		CODE           	251C	0000	685

C:\Program Files (x86)\Microchip\xc8\v1.41\sources\common\doprnt.c estimated size: 5007

C:\Program Files (x86)\Microchip\xc8\v1.41\sources\common\ftdivl.c
		__tdiv_to_l_   		CODE           	3544	0000	415

C:\Program Files (x86)\Microchip\xc8\v1.41\sources\common\ftdivl.c estimated size: 415

C:\Program Files (x86)\Microchip\xc8\v1.41\sources\common\fttol.c
		___fttol       		CODE           	3F12	0000	325

C:\Program Files (x86)\Microchip\xc8\v1.41\sources\common\fttol.c estimated size: 325

C:\Program Files (x86)\Microchip\xc8\v1.41\sources\common\Umul16.c
		___wmul        		CODE           	6F08	0000	55

C:\Program Files (x86)\Microchip\xc8\v1.41\sources\common\Umul16.c estimated size: 55

C:\Program Files (x86)\Microchip\xc8\v1.41\sources\common\isdigit.c
		_isdigit       		CODE           	70E2	0000	43

C:\Program Files (x86)\Microchip\xc8\v1.41\sources\common\isdigit.c estimated size: 43

source/screenDrawers.h
		_drawChanVal   		CODE           	6424	0000	133
		_drawPass1Lin  		CODE           	71C6	0000	31
		_drawPassWord  		CODE           	507E	0000	237
		_drawCalibProc 		CODE           	6398	0000	141
		_drawBadPass   		CODE           	7230	0000	23
		_drawValEditor 		CODE           	1F92	0000	729
		_drawCutError  		CODE           	7030	0000	47
		_drawMenu      		CODE           	2E96	0000	439
		_drawAutoCalibRM		CODE           	6F70	0000	51
		_drawReady2Cut 		CODE           	7002	0000	47
		_drawAdvON     		CODE           	6C2A	0000	79
		_drawScreen    		CODE           	516A	0000	219
		_drawSNquest   		CODE           	4946	0000	269

source/screenDrawers.h estimated size: 2445

source/sysParams.h
		_EEPROMConfig  		CODE           	7378	0000	7
		_saveSysParams 		CODE           	603A	0000	147
		_calcSysVars   		CODE           	6A40	0000	107
		_sysParamInit  		CODE           	6710	0000	119
		_loadSysParams 		CODE           	6D0E	0000	73
		_saveProcessState		CODE           	6E24	0000	61
		_readEEPROM    		CODE           	721A	0000	23
		_writeEEPROM   		CODE           	7186	0000	33
		_calcVars2ti   		CODE           	6B7A	0000	89

source/sysParams.h estimated size: 659

source/main.c
		_main          		CODE           	6CC4	0000	75
		_isr           		CODE           	0018	0000	167
		_hp_isr        		CODE           	0008	0000	135

source/main.c estimated size: 377

C:\Program Files (x86)\Microchip\xc8\v1.41\sources\common\ftadd.c
		___ftadd       		CODE           	27C8	0000	617

C:\Program Files (x86)\Microchip\xc8\v1.41\sources\common\ftadd.c estimated size: 617

C:\Program Files (x86)\Microchip\xc8\v1.41\sources\common\ftge.c
		___ftge        		CODE           	557C	0000	201

C:\Program Files (x86)\Microchip\xc8\v1.41\sources\common\ftge.c estimated size: 201

source/PWMConfig.h
		_setPWM2on     		CODE           	7200	0000	27
		_setPWM2duty   		CODE           	5E80	0000	149
		_subirCuchilla 		CODE           	72BC	0000	17
		_bajarCuchilla 		CODE           	7342	0000	15
		_t2config      		CODE           	71E4	0000	29
		_initProtocoll 		CODE           	6E60	0000	57
		_stopProcess   		CODE           	7272	0000	21
		_detenerCuchilla		CODE           	72AC	0000	17
		_PWM2Config    		CODE           	6B14	0000	103
		_T2int         		CODE           	2C98	0000	511

source/PWMConfig.h estimated size: 946

source/../../vclib_lcd.h
		_lcd_read_byte 		CODE           	6D56	0000	71
		_lcd_putc      		CODE           	65A4	0000	123
		_lcd_send_byte 		CODE           	6DE2	0000	67
		_lcd_read_4bits		CODE           	661E	0000	123
		_lcd_send_4bits		CODE           	61EE	0000	143
		_lcd_gotoxy    		CODE           	6FA2	0000	49
		_lcd_init      		CODE           	5C0A	0000	161

source/../../vclib_lcd.h estimated size: 737

C:\Program Files (x86)\Microchip\xc8\v1.41\sources\common\Umul32.c
		___lmul        		CODE           	6786	0000	119

C:\Program Files (x86)\Microchip\xc8\v1.41\sources\common\Umul32.c estimated size: 119

C:\Program Files (x86)\Microchip\xc8\v1.41\sources\common\fldivl.c
		__div_to_l_    		CODE           	36E2	0000	393

C:\Program Files (x86)\Microchip\xc8\v1.41\sources\common\fldivl.c estimated size: 393

C:\Program Files (x86)\Microchip\xc8\v1.41\sources\common\ftneg.c
		___ftneg       		CODE           	6FD2	0000	49

C:\Program Files (x86)\Microchip\xc8\v1.41\sources\common\ftneg.c estimated size: 49

C:\Program Files (x86)\Microchip\xc8\v1.41\sources\common\ftsub.c
		___ftsub       		CODE           	6C78	0000	77

C:\Program Files (x86)\Microchip\xc8\v1.41\sources\common\ftsub.c estimated size: 77

C:\Program Files (x86)\Microchip\xc8\v1.41\sources\common\float.c
		___ftpack      		CODE           	4A52	0000	269

C:\Program Files (x86)\Microchip\xc8\v1.41\sources\common\float.c estimated size: 269

source/IOConfig.h
		_putchUART     		CODE           	72FC	0000	15
		_putch         		CODE           	7246	0000	23
		_ioInitStt     		CODE           	7368	0000	9
		_ioConfig      		CODE           	6F3E	0000	51

source/IOConfig.h estimated size: 98

shared
		i1_longPressENTER		CODE           	1C60	0000	819
		i1___ftadd     		CODE           	2A30	0000	617
		i1_longPressRETRO		CODE           	4F7C	0000	259
		i2___ftadd     		CODE           	304C	0000	429
		i1_putchUART   		CODE           	7326	0000	15
		i1_writeEEPROM 		CODE           	71A6	0000	33
		i1_calcSysVars 		CODE           	6AAA	0000	107
		i1___ftdiv     		CODE           	3DC6	0000	333
		i1___fttol     		CODE           	4056	0000	325
		__powers_      		MEDIUMCONST    	7CFD	0000	40
		i1_calcVars2ti 		CODE           	6BD2	0000	89
		i1_detenerCuchilla		CODE           	72CC	0000	17
		i1_initProtocoll		CODE           	6ED0	0000	57
		_dpowers       		MEDIUMCONST    	7CD5	0000	41
		i2___ftge      		CODE           	615E	0000	145
		i1_integrator  		CODE           	42BC	0000	291
		i1_pressUP     		CODE           	4836	0000	273
		i1_sysParamInit		CODE           	67FC	0000	119
		i1_pressDOWN   		CODE           	4D72	0000	265
		i1_longPressUP 		CODE           	695C	0000	117
		i1___ftmul     		CODE           	39C8	0000	351
		i1_pressENTER  		CODE           	1568	0000	967
		i1_pressRETRO  		CODE           	5706	0000	195
		i1_stopProcess 		CODE           	7286	0000	21
		i1_chanValDigDOWN		CODE           	54B0	0000	205
		i1___ftpack    		CODE           	4B5E	0000	269
		__npowers_     		MEDIUMCONST    	7D24	0000	40
		i2___ftpack    		CODE           	5ABA	0000	175
		__initialization		CODE           	5FA8	0000	133
		i1___lmul      		CODE           	6872	0000	119
		i1___aldiv     		CODE           	44F8	0000	283
		i1___altoft    		CODE           	5D48	0000	159
		i2___altoft    		CODE           	6698	0000	121
		i1_subirCuchilla		CODE           	72DC	0000	17
		i2_subirCuchilla		CODE           	7334	0000	15
		i1_longPressDOWN		CODE           	7136	0000	43
		i1_saveSysParams		CODE           	60CC	0000	147
		i1_setPWM2duty 		CODE           	5F14	0000	149
		i2_setPWM2duty 		CODE           	69D0	0000	113
		i1_chanValDigUP		CODE           	5314	0000	209
		i1_desintegrator		CODE           	339E	0000	423
		i1_readEEPROM  		CODE           	725C	0000	23
		i1_confirmEdition		CODE           	59FE	0000	189
		i1_checkPass   		CODE           	630A	0000	143

shared estimated size: 8900

C:\Program Files (x86)\Microchip\xc8\v1.41\sources\common\awmod.c
		___awmod       		CODE           	5B68	0000	163

C:\Program Files (x86)\Microchip\xc8\v1.41\sources\common\awmod.c estimated size: 163

source/T4Config.h
		_T4int         		CODE           	3B26	0000	341
		_t4config      		CODE           	70B8	0000	43
		_cutError      		CODE           	705E	0000	47

source/T4Config.h estimated size: 431

C:\Program Files (x86)\Microchip\xc8\v1.41\sources\common\altoft.c
		___altoft      		CODE           	5CAA	0000	159

C:\Program Files (x86)\Microchip\xc8\v1.41\sources\common\altoft.c estimated size: 159

C:\Program Files (x86)\Microchip\xc8\v1.41\sources\common\llmod.c
		___llmod       		CODE           	5DE6	0000	155

C:\Program Files (x86)\Microchip\xc8\v1.41\sources\common\llmod.c estimated size: 155

source/SYSConfig.h
		_interruptConfig		CODE           	7370	0000	9
		_clockConfig   		CODE           	7160	0000	39

source/SYSConfig.h estimated size: 48

source/UARTConfig.h
		_UARTConfig    		CODE           	6E98	0000	57
		_UARTint       		CODE           	4612	0000	277

source/UARTConfig.h estimated size: 334

source/DisplayProtocol.h
		_pressUP       		CODE           	4726	0000	273
		_pressENTER    		CODE           	11A2	0000	967
		_pressRETRO    		CODE           	5644	0000	195
		_pressDOWN     		CODE           	4C6A	0000	265
		_chanValDigUP  		CODE           	5244	0000	209
		_releaseUP     		CODE           	7350	0000	13
		_releaseDOWN   		CODE           	735C	0000	13
		_releaseENTER  		CODE           	7318	0000	15
		_releaseRETRO  		CODE           	730A	0000	15
		_confirmEdition		CODE           	5942	0000	189
		_chanValDigDOWN		CODE           	53E4	0000	205
		_longPressUP   		CODE           	68E8	0000	117
		_desintegrator 		CODE           	31F8	0000	423
		_longPressDOWN 		CODE           	710C	0000	43
		_longPressENTER		CODE           	192E	0000	819
		_longPressRETRO		CODE           	4E7A	0000	259
		_checkPass     		CODE           	627C	0000	143
		_integrator    		CODE           	419A	0000	291

source/DisplayProtocol.h estimated size: 4454

C:\Program Files (x86)\Microchip\xc8\v1.41\sources\common\ftmul.c
		___ftmul       		CODE           	386A	0000	351

C:\Program Files (x86)\Microchip\xc8\v1.41\sources\common\ftmul.c estimated size: 351

C:\Program Files (x86)\Microchip\xc8\v1.41\sources\common\lltoft.c
		___lltoft      		CODE           	6528	0000	125

C:\Program Files (x86)\Microchip\xc8\v1.41\sources\common\lltoft.c estimated size: 125

source/../../delay.h
		_delay_ms      		CODE           	6D9C	0000	71

source/../../delay.h estimated size: 71

C:\Program Files (x86)\Microchip\xc8\v1.41\sources\common\ftdiv.c
		___ftdiv       		CODE           	3C7A	0000	333

C:\Program Files (x86)\Microchip\xc8\v1.41\sources\common\ftdiv.c estimated size: 333

