Microchip MPLAB XC8 Compiler V1.41 ()

Linker command line:

-W-3 --edf=C:\Program Files (x86)\Microchip\xc8\v1.41\dat\en_msgs.txt -cs \
  -h+dist/default/production\CortaMasa.X.production.sym \
  --cmf=dist/default/production\CortaMasa.X.production.cmf -z -Q18F25K22 \
  -oC:\Users\Sebas\AppData\Local\Temp\sgps.2 \
  -Mdist/default/production/CortaMasa.X.production.map -E1 -ver=XC8 \
  -ASTACK=01C0h-05ffh -pstack=STACK -ACODE=00h-07FFFh -ACONST=00h-07FFFh \
  -ASMALLCONST=0600h-06FFhx122 -AMEDIUMCONST=0600h-07FFFh -ACOMRAM=01h-05Fh \
  -AABS1=00h-05FFh -ABIGRAM=01h-05FFh -ARAM=060h-0FFh,0100h-01FFhx5 \
  -ABANK0=060h-0FFh -ABANK1=0100h-01FFh -ABANK2=0200h-02FFh \
  -ABANK3=0300h-03FFh -ABANK4=0400h-04FFh -ABANK5=0500h-05FFh \
  -ASFR=0F38h-0F5Fh,0F60h-0FFFh \
  -preset_vec=00h,intcode=08h,intcodelo=018h,powerup,init -pramtop=0600h \
  -psmallconst=SMALLCONST -pmediumconst=MEDIUMCONST -pconst=CONST \
  -AFARRAM=00h-00h -ACONFIG=0300000h-030000Dh -pconfig=CONFIG \
  -AIDLOC=0200000h-0200007h -pidloc=IDLOC -AEEDATA=0F00000h-0F000FFh \
  -peeprom_data=EEDATA \
  -prdata=COMRAM,nvrram=COMRAM,nvbit=COMRAM,rbss=COMRAM,rbit=COMRAM \
  -pfarbss=FARRAM,fardata=FARRAM,nvFARRAM=FARRAM \
  -pintsave_regs=BIGRAM,bigbss=BIGRAM,bigdata=BIGRAM -pbss=RAM \
  -pidata=CODE,irdata=CODE,ibigdata=CODE,ifardata=CODE -prparam=COMRAM \
  C:\Users\Sebas\AppData\Local\Temp\sgps.obj \
  dist/default/production\CortaMasa.X.production.obj 

Object code version is 3.11

Machine type is 18F25K22

Call graph: (short form)




                Name                               Link     Load   Length Selector   Space Scale
C:\Users\Sebas\AppData\Local\Temp\sgps.obj
                init                                 BE       BE        4        C       0
                reset_vec                             0        0        4        0       0
                idloc                            200000   200000        8   200000       0
                config                           300000   300000        E   300000       0
dist/default/production\CortaMasa.X.production.obj
                intcodelo                            18       18       A6        C       0
                intcode                               8        8        6        4       0
                temp                                 5C       5C        1        1       1
                mediumconst                        7CD4     7CD4      32C     3E6A       0
                text127                            710E     710E       2E        C       0
                text126                            5B42     5B42       AE        C       0
                text125                            6720     6720       78        C       0
                text124                            3220     3220      1AC        C       0
                text123                            61E6     61E6       90        C       0
                text122                            6A58     6A58       70        C       0
                text121                            2EA2     2EA2      1C8        C       0
                intcode_body                       6530     6530       80        C       0
                text119                            7256     7256       20        C       0
                text118                            6F44     6F44       3C        C       0
                text117                            5F9C     5F9C       94        C       0
                text116                            6D98     6D98       4C        C       0
                text115                            2CA8     2CA8      1FA        C       0
                text114                            4BDE     4BDE      10C        C       0
                text113                            3B9C     3B9C      15E        C       0
                text112                            6B32     6B32       6A        C       0
                text111                            3E46     3E46      14C        C       0
                text110                            6C5A     6C5A       58        C       0
                text109                            6154     6154       92        C       0
                text108                            6E2E     6E2E       48        C       0
                text107                            71E6     71E6       2A        C       0
                text106                            2A40     2A40      268        C       0
                text105                            5A86     5A86       BC        C       0
                text104                            4578     4578      11A        C       0
                text103                            40D6     40D6      144        C       0
                text102                            68FA     68FA       76        C       0
                text101                            3572     3572      1A6        C       0
                text100                            5DD0     5DD0       9E        C       0
                text99                             433C     433C      122        C       0
                text98                             1C70     1C70      332        C       0
                text97                             5000     5000      106        C       0
                text96                             69E4     69E4       74        C       0
                text95                             5538     5538       CC        C       0
                text94                             4DF2     4DF2      108        C       0
                text93                             6392     6392       8E        C       0
                text92                             1570     1570      3CE        C       0
                text91                             578E     578E       C2        C       0
                text90                             539C     539C       D0        C       0
                text89                             48B6     48B6      110        C       0
                text88                             736A     736A        E     39A0       0
                text87                             7308     7308       16        C       0
                text86                             6884     6884       76        C       0
                text85                             4692     4692      114        C       0
                text83                             73A0     73A0        6     39A0       0
                text82                             5F08     5F08       94        C       0
                text81                             72AE     72AE       18        C       0
                text80                             6B9C     6B9C       66        C       0
                text79                             6F80     6F80       38        C       0
                text78                             6EBC     6EBC       46        C       0
                text77                             71BC     71BC       2A        C       0
                text76                             4AD2     4AD2      10C        C       0
                text75                             27D8     27D8      268        C       0
                text74                             3CFA     3CFA      14C        C       0
                text73                             3A3E     3A3E      15E        C       0
                text72                             6C02     6C02       58        C       0
                text71                             7236     7236       20        C       0
                text70                             60C2     60C2       92        C       0
                text69                             59CA     59CA       BC        C       0
                text68                             445E     445E      11A        C       0
                text67                             3F92     3F92      144        C       0
                text66                             680E     680E       76        C       0
                text65                             33CC     33CC      1A6        C       0
                text64                             5D32     5D32       9E        C       0
                text63                             421A     421A      122        C       0
                text62                             193E     193E      332        C       0
                text61                             6D4C     6D4C       4C        C       0
                text60                             4EFA     4EFA      106        C       0
                text59                             6970     6970       74        C       0
                text58                             546C     546C       CC        C       0
                text57                             4CEA     4CEA      108        C       0
                text56                             6304     6304       8E        C       0
                text55                             11A2     11A2      3CE        C       0
                text54                             56CC     56CC       C2        C       0
                text53                             52CC     52CC       D0        C       0
                text52                             47A6     47A6      110        C       0
                text51                             7384     7384        C     39A0       0
                text50                             735C     735C        E     39A0       0
                text49                             734E     734E        E     39A0       0
                text48                             7378     7378        C     39A0       0
                text47                             227A     227A      2B2        C       0
                text46                             7210     7210       26        C       0
                text45                             5604     5604       C8        C       0
                text44                             7082     7082       30        C       0
                text43                             6D00     6D00       4C        C       0
                text42                             590E     590E       BC        C       0
                text41                             5E6E     5E6E       9A        C       0
                text40                             65B0     65B0       7C        C       0
                text39                             38B6     38B6      188        C       0
                text38                             3718     3718      19E        C       0
                text37                             5850     5850       BE        C       0
                text36                             5BF0     5BF0       A2        C       0
                text35                             6FB8     6FB8       36        C       0
                text34                             252C     252C      2AC        C       0
                text33                             7192     7192       2A        C       0
                text32                             66A6     66A6       7A        C       0
                text31                             6E76     6E76       46        C       0
                text30                             6276     6276       8E        C       0
                text29                             6F02     6F02       42        C       0
                text28                             7052     7052       30        C       0
                text27                             662C     662C       7A        C       0
                text26                             7340     7340        E     39A0       0
                text25                             72F2     72F2       16        C       0
                text24                              CF4      CF4      4AE        C       0
                text23                               C2       C2      C32        C       0
                text22                             6CB2     6CB2       4E        C       0
                text21                             1FA2     1FA2      2D8        C       0
                text20                             7020     7020       32        C       0
                text19                             7276     7276       1E        C       0
                text18                             72DC     72DC       16        C       0
                text17                             6420     6420       8C        C       0
                text16                             64AC     64AC       84        C       0
                text15                             70E0     70E0       2E        C       0
                text14                             306A     306A      1B6        C       0
                text13                             5106     5106       EC        C       0
                text12                             70B2     70B2       2E        C       0
                text11                             49C6     49C6      10C        C       0
                text10                             51F2     51F2       DA        C       0
                text9                              7398     7398        8     39A0       0
                text8                              6FEE     6FEE       32        C       0
                text7                              7390     7390        8     39A0       0
                text6                              5C92     5C92       A0        C       0
                text5                              7294     7294       1A        C       0
                text4                              6AC8     6AC8       6A        C       0
                text3                              72C6     72C6       16        C       0
                text2                              6798     6798       76        C       0
                text1                              7168     7168       2A        C       0
                text0                              6DE4     6DE4       4A        C       0
                cstackCOMRAM                          1        1       36        1       1
                cstackBANK0                          60       60       45       60       1
                cstackBANK1                         100      100       77      100       1
                dataBANK1                           177      177       2C      100       1
                bssBANK1                            1A3      1A3       1D      100       1
                dataBANK0                            C9       C9       10       60       1
                bssBANK0                             A5       A5       24       60       1
                dataCOMRAM                           4B       4B       11        1       1
                bssCOMRAM                            37       37       14        1       1
                cinit                              6030     6030       92        C       0
                idataBANK1                         713C     713C       2C        C       0
                idataBANK0                         732F     732F       10        C       0
                idataCOMRAM                        731E     731E       11        C       0

TOTAL           Name                               Link     Load   Length     Space
        CLASS   STACK          

        CLASS   CODE           
                intcodelo                            18       18       A6         0
                intcode                               8        8        6         0
                init                                 BE       BE        4         0
                reset_vec                             0        0        4         0
                text127                            710E     710E       2E         0
                text126                            5B42     5B42       AE         0
                text125                            6720     6720       78         0
                text124                            3220     3220      1AC         0
                text123                            61E6     61E6       90         0
                text122                            6A58     6A58       70         0
                text121                            2EA2     2EA2      1C8         0
                intcode_body                       6530     6530       80         0
                text119                            7256     7256       20         0
                text118                            6F44     6F44       3C         0
                text117                            5F9C     5F9C       94         0
                text116                            6D98     6D98       4C         0
                text115                            2CA8     2CA8      1FA         0
                text114                            4BDE     4BDE      10C         0
                text113                            3B9C     3B9C      15E         0
                text112                            6B32     6B32       6A         0
                text111                            3E46     3E46      14C         0
                text110                            6C5A     6C5A       58         0
                text109                            6154     6154       92         0
                text108                            6E2E     6E2E       48         0
                text107                            71E6     71E6       2A         0
                text106                            2A40     2A40      268         0
                text105                            5A86     5A86       BC         0
                text104                            4578     4578      11A         0
                text103                            40D6     40D6      144         0
                text102                            68FA     68FA       76         0
                text101                            3572     3572      1A6         0
                text100                            5DD0     5DD0       9E         0
                text99                             433C     433C      122         0
                text98                             1C70     1C70      332         0
                text97                             5000     5000      106         0
                text96                             69E4     69E4       74         0
                text95                             5538     5538       CC         0
                text94                             4DF2     4DF2      108         0
                text93                             6392     6392       8E         0
                text92                             1570     1570      3CE         0
                text91                             578E     578E       C2         0
                text90                             539C     539C       D0         0
                text89                             48B6     48B6      110         0
                text88                             736A     736A        E         0
                text87                             7308     7308       16         0
                text86                             6884     6884       76         0
                text85                             4692     4692      114         0
                text83                             73A0     73A0        6         0
                text82                             5F08     5F08       94         0
                text81                             72AE     72AE       18         0
                text80                             6B9C     6B9C       66         0
                text79                             6F80     6F80       38         0
                text78                             6EBC     6EBC       46         0
                text77                             71BC     71BC       2A         0
                text76                             4AD2     4AD2      10C         0
                text75                             27D8     27D8      268         0
                text74                             3CFA     3CFA      14C         0
                text73                             3A3E     3A3E      15E         0
                text72                             6C02     6C02       58         0
                text71                             7236     7236       20         0
                text70                             60C2     60C2       92         0
                text69                             59CA     59CA       BC         0
                text68                             445E     445E      11A         0
                text67                             3F92     3F92      144         0
                text66                             680E     680E       76         0
                text65                             33CC     33CC      1A6         0
                text64                             5D32     5D32       9E         0
                text63                             421A     421A      122         0
                text62                             193E     193E      332         0
                text61                             6D4C     6D4C       4C         0
                text60                             4EFA     4EFA      106         0
                text59                             6970     6970       74         0
                text58                             546C     546C       CC         0
                text57                             4CEA     4CEA      108         0
                text56                             6304     6304       8E         0
                text55                             11A2     11A2      3CE         0
                text54                             56CC     56CC       C2         0
                text53                             52CC     52CC       D0         0
                text52                             47A6     47A6      110         0
                text51                             7384     7384        C         0
                text50                             735C     735C        E         0
                text49                             734E     734E        E         0
                text48                             7378     7378        C         0
                text47                             227A     227A      2B2         0
                text46                             7210     7210       26         0
                text45                             5604     5604       C8         0
                text44                             7082     7082       30         0
                text43                             6D00     6D00       4C         0
                text42                             590E     590E       BC         0
                text41                             5E6E     5E6E       9A         0
                text40                             65B0     65B0       7C         0
                text39                             38B6     38B6      188         0
                text38                             3718     3718      19E         0
                text37                             5850     5850       BE         0
                text36                             5BF0     5BF0       A2         0
                text35                             6FB8     6FB8       36         0
                text34                             252C     252C      2AC         0
                text33                             7192     7192       2A         0
                text32                             66A6     66A6       7A         0
                text31                             6E76     6E76       46         0
                text30                             6276     6276       8E         0
                text29                             6F02     6F02       42         0
                text28                             7052     7052       30         0
                text27                             662C     662C       7A         0
                text26                             7340     7340        E         0
                text25                             72F2     72F2       16         0
                text24                              CF4      CF4      4AE         0
                text23                               C2       C2      C32         0
                text22                             6CB2     6CB2       4E         0
                text21                             1FA2     1FA2      2D8         0
                text20                             7020     7020       32         0
                text19                             7276     7276       1E         0
                text18                             72DC     72DC       16         0
                text17                             6420     6420       8C         0
                text16                             64AC     64AC       84         0
                text15                             70E0     70E0       2E         0
                text14                             306A     306A      1B6         0
                text13                             5106     5106       EC         0
                text12                             70B2     70B2       2E         0
                text11                             49C6     49C6      10C         0
                text10                             51F2     51F2       DA         0
                text9                              7398     7398        8         0
                text8                              6FEE     6FEE       32         0
                text7                              7390     7390        8         0
                text6                              5C92     5C92       A0         0
                text5                              7294     7294       1A         0
                text4                              6AC8     6AC8       6A         0
                text3                              72C6     72C6       16         0
                text2                              6798     6798       76         0
                text1                              7168     7168       2A         0
                text0                              6DE4     6DE4       4A         0
                cinit                              6030     6030       92         0
                idataBANK1                         713C     713C       2C         0
                idataBANK0                         732F     732F       10         0
                idataCOMRAM                        731E     731E       11         0

        CLASS   CONST          

        CLASS   SMALLCONST     

        CLASS   MEDIUMCONST    
                mediumconst                        7CD4     7CD4      32C         0

        CLASS   COMRAM         
                temp                                 5C       5C        1         1
                cstackCOMRAM                          1        1       36         1
                dataCOMRAM                           4B       4B       11         1
                bssCOMRAM                            37       37       14         1

        CLASS   ABS1           

        CLASS   BIGRAM         

        CLASS   RAM            

        CLASS   BANK0          
                cstackBANK0                          60       60       45         1
                dataBANK0                            C9       C9       10         1
                bssBANK0                             A5       A5       24         1

        CLASS   BANK1          
                cstackBANK1                         100      100       77         1
                dataBANK1                           177      177       2C         1
                bssBANK1                            1A3      1A3       1D         1

        CLASS   BANK2          

        CLASS   BANK3          

        CLASS   BANK4          

        CLASS   BANK5          

        CLASS   SFR            

        CLASS   FARRAM         

        CLASS   CONFIG         
                config                           300000   300000        E         0

        CLASS   IDLOC          
                idloc                            200000   200000        8         0

        CLASS   EEDATA         



SEGMENTS        Name                           Load    Length   Top    Selector   Space  Class

                reset_vec                      000000  000004  000004         0       0  CODE    
                cstackCOMRAM                   000001  00005C  00005D         1       1  COMRAM  
                intcode                        000008  000006  00000E         4       0  CODE    
                intcodelo                      000018  007327  00733F         C       0  CODE    
                cstackBANK0                    000060  000079  0000D9        60       1  BANK0   
                cstackBANK1                    000100  0000C0  0001C0       100       1  BANK1   
                text26                         007340  000066  0073A6      39A0       0  CODE    
                mediumconst                    007CD4  00032C  008000      3E6A       0  MEDIUMCO
                idloc                          200000  000008  200008    200000       0  IDLOC   
                config                         300000  00000E  30000E    300000       0  CONFIG  


UNUSED ADDRESS RANGES

        Name                Unused          Largest block    Delta
        BANK0            0000D9-0000FF               27
        BANK1            0001C0-0001FF               40
        BANK2            000200-0002FF              100
        BANK3            000300-0003FF              100
        BANK4            000400-0004FF              100
        BANK5            000500-0005FF              100
        BIGRAM           00005D-00005F                3
                         0000D9-0000FF               27
                         0001C0-0005FF              440
        CODE             000004-000007                4
                         00000E-000017                A
                         00733F-00733F                1
                         0073A6-007CD3              92E
        COMRAM           00005D-00005F                3
        CONST            000004-000007                4
                         00000E-000017                A
                         00733F-00733F                1
                         0073A6-007CD3              92E
        EEDATA           F00000-F000FF              100
        MEDIUMCONST      00733F-00733F                1
                         0073A6-007CD3              92E
        RAM              0000D9-0000FF               27
                         0001C0-0005FF              100
        SFR              000F38-000FFF               28
        SMALLCONST       00733F-00733F                1
                         0073A6-007CD3              100
        STACK            0001C0-0005FF              440

                                  Symbol Table

?___aldiv                  cstackBANK1  000100
?___altoft                 cstackBANK1  000108
?___awdiv                  cstackBANK1  000106
?___awmod                  cstackBANK1  000100
?___ftadd                  cstackBANK1  00012D
?___ftdiv                  cstackBANK1  000112
?___ftmul                  cstackBANK1  000114
?___ftneg                  cstackBANK1  000100
?___ftpack                 cstackBANK1  000100
?___ftsub                  cstackBANK1  000139
?___fttol                  cstackBANK1  00012A
?___lldiv                  cstackBANK1  000100
?___llmod                  cstackBANK1  00010D
?___lltoft                 cstackBANK1  000108
?___lmul                   cstackBANK1  000100
?___wmul                   cstackBANK1  00010E
?__div_to_l_               cstackBANK1  000100
?__tdiv_to_l_              cstackBANK1  000100
?_fround                   cstackBANK1  000123
?_printf                   cstackBANK1  00013F
?_scale                    cstackBANK1  000123
?i1___aldiv                cstackBANK0  000060
?i1___altoft               cstackBANK0  000068
?i1___ftadd                cstackBANK0  000068
?i1___ftdiv                cstackBANK0  000072
?i1___ftmul                cstackBANK0  000068
?i1___ftpack               cstackBANK0  000060
?i1___fttol                cstackBANK0  000060
?i1___lmul                 cstackBANK0  000060
?i2___altoft               cstackCOMRAM 000009
?i2___ftadd                cstackCOMRAM 000013
?i2___ftpack               cstackCOMRAM 000001
UARTint@sas                cstackBANK0  000093
_ANSELAbits                (abs)        000F38
_ANSELCbits                (abs)        000F3A
_BAUDCON1bits              (abs)        000FB8
_CCP2CONbits               (abs)        000F66
_CCPR2L                    (abs)        000F67
_CCPTMRS0bits              (abs)        000F49
_DOWNisLP                  bssCOMRAM    000049
_DOWNsecurLock             bssBANK0     0000C3
_ECCP2ASbits               (abs)        000F64
_EEADR                     (abs)        000FA9
_EECON1bits                (abs)        000FA6
_EECON2                    (abs)        000FA7
_EEDATA                    (abs)        000FA8
_EEPROMConfig              text83       0073A0
_ENTERisLP                 bssBANK1     0001BE
_ENTERsecurLock            bssBANK0     0000C1
_FC1securLock              bssCOMRAM    000046
_FC2securLock              bssCOMRAM    000045
_INTCONbits                (abs)        000FF2
_IPR1bits                  (abs)        000F9F
_IPR5bits                  (abs)        000F7F
_LATBbits                  (abs)        000F8A
_LATCbits                  (abs)        000F8B
_OSCCON2bits               (abs)        000FD2
_OSCCONbits                (abs)        000FD3
_OSCTUNEbits               (abs)        000F9B
_PIE1bits                  (abs)        000F9D
_PIE5bits                  (abs)        000F7D
_PIR1bits                  (abs)        000F9E
_PIR5bits                  (abs)        000F7E
_PORTAbits                 (abs)        000F80
_PORTBbits                 (abs)        000F81
_PR2                       (abs)        000FBB
_PR4                       (abs)        000F52
_PSTR2CONbits              (abs)        000F63
_PWM2CONbits               (abs)        000F65
_PWM2Config                text80       006B9C
_RCONbits                  (abs)        000FD0
_RCREG1                    (abs)        000FAE
_RCSTA1bits                (abs)        000FAB
_RETROisLP                 bssBANK0     0000C5
_RETROsecurLock            bssBANK0     0000C2
_SPBRG1                    (abs)        000FAF
_SPBRGH1                   (abs)        000FB0
_T2CONbits                 (abs)        000FBA
_T2int                     text115      002CA8
_T4CONbits                 (abs)        000F51
_T4int                     text121      002EA2
_TRISAbits                 (abs)        000F92
_TRISBbits                 (abs)        000F93
_TRISCbits                 (abs)        000F94
_TXREG1                    (abs)        000FAD
_TXSTA1bits                (abs)        000FAC
_UARTConfig                text79       006F80
_UARTint                   text85       004692
_UPisLP                    bssCOMRAM    00004A
_UPsecurLock               bssBANK0     0000C4
_WDTCONbits                (abs)        000FD1
__CFG_BOREN$SBORDIS        (abs)        000000
__CFG_BORV$285             (abs)        000000
__CFG_CCP2MX$PORTC1        (abs)        000000
__CFG_CCP3MX$PORTB5        (abs)        000000
__CFG_CP0$OFF              (abs)        000000
__CFG_CP1$OFF              (abs)        000000
__CFG_CP2$OFF              (abs)        000000
__CFG_CP3$OFF              (abs)        000000
__CFG_CPB$OFF              (abs)        000000
__CFG_CPD$OFF              (abs)        000000
__CFG_EBTR0$OFF            (abs)        000000
__CFG_EBTR1$OFF            (abs)        000000
__CFG_EBTR2$OFF            (abs)        000000
__CFG_EBTR3$OFF            (abs)        000000
__CFG_EBTRB$OFF            (abs)        000000
__CFG_FCMEN$ON             (abs)        000000
__CFG_FOSC$INTIO67         (abs)        000000
__CFG_HFOFST$ON            (abs)        000000
__CFG_IESO$ON              (abs)        000000
__CFG_LVP$OFF              (abs)        000000
__CFG_MCLRE$EXTMCLR        (abs)        000000
__CFG_P2BMX$PORTC0         (abs)        000000
__CFG_PBADEN$OFF           (abs)        000000
__CFG_PLLCFG$ON            (abs)        000000
__CFG_PRICLKEN$ON          (abs)        000000
__CFG_PWRTEN$ON            (abs)        000000
__CFG_STVREN$ON            (abs)        000000
__CFG_T3CMX$PORTC0         (abs)        000000
__CFG_WDTEN$SWON           (abs)        000000
__CFG_WDTPS$32             (abs)        000000
__CFG_WRT0$OFF             (abs)        000000
__CFG_WRT1$OFF             (abs)        000000
__CFG_WRT2$OFF             (abs)        000000
__CFG_WRT3$OFF             (abs)        000000
__CFG_WRTB$OFF             (abs)        000000
__CFG_WRTC$OFF             (abs)        000000
__CFG_WRTD$OFF             (abs)        000000
__CFG_XINST$OFF            (abs)        000000
__HRAM                     (abs)        000000
__Habs1                    abs1         000000
__Hbank0                   bank0        000000
__Hbank1                   bank1        000000
__Hbank2                   bank2        000000
__Hbank3                   bank3        000000
__Hbank4                   bank4        000000
__Hbank5                   bank5        000000
__Hbigbss                  bigbss       000000
__Hbigdata                 bigdata      000000
__Hbigram                  bigram       000000
__Hbss                     bss          000000
__HbssBANK0                bssBANK0     000000
__HbssBANK1                bssBANK1     000000
__HbssCOMRAM               bssCOMRAM    000000
__Hcinit                   cinit        000000
__Hclrtext                 clrtext      000000
__Hcomram                  comram       000000
__Hconfig                  config       30000E
__Hconst                   const        000000
__HcstackBANK0             cstackBANK0  000000
__HcstackBANK1             cstackBANK1  000000
__HcstackCOMRAM            cstackCOMRAM 000000
__Hdata                    data         000000
__HdataBANK0               dataBANK0    000000
__HdataBANK1               dataBANK1    000000
__HdataCOMRAM              dataCOMRAM   000000
__Heeprom_data             eeprom_data  000000
__Hfarbss                  farbss       000000
__Hfardata                 fardata      000000
__Hibigdata                ibigdata     000000
__Hidata                   idata        000000
__HidataBANK0              idataBANK0   000000
__HidataBANK1              idataBANK1   000000
__HidataCOMRAM             idataCOMRAM  000000
__Hidloc                   idloc        200008
__Hifardata                ifardata     000000
__Hinit                    init         0000C2
__Hintcode                 intcode      00000E
__Hintcode_body            intcode_body 000000
__Hintcodelo               intcodelo    0000BE
__Hintentry                intentry     000000
__Hintret                  intret       000000
__Hintsave_regs            intsave_regs 000000
__Hirdata                  irdata       000000
__Hmediumconst             mediumconst  008000
__HnvFARRAM                nvFARRAM     000000
__Hnvbit                   nvbit        000000
__Hnvrram                  nvrram       000000
__Hparam                   rparam       000000
__Hpowerup                 powerup      0000BE
__Hram                     ram          000000
__Hramtop                  ramtop       000600
__Hrbit                    rbit         000000
__Hrbss                    rbss         000000
__Hrdata                   rdata        000000
__Hreset_vec               reset_vec    000004
__Hrparam                  rparam       000000
__Hsfr                     sfr          000000
__Hsmallconst              smallconst   000000
__Hspace_0                 (abs)        30000E
__Hspace_1                 (abs)        0001C0
__Hspace_2                 (abs)        000000
__Hstack                   stack        000000
__Hstruct                  struct       000000
__Htemp                    temp         00005D
__Htext                    text         000000
__Htext0                   text0        000000
__Htext1                   text1        000000
__Htext10                  text10       000000
__Htext100                 text100      000000
__Htext101                 text101      000000
__Htext102                 text102      000000
__Htext103                 text103      000000
__Htext104                 text104      000000
__Htext105                 text105      000000
__Htext106                 text106      000000
__Htext107                 text107      000000
__Htext108                 text108      000000
__Htext109                 text109      000000
__Htext11                  text11       000000
__Htext110                 text110      000000
__Htext111                 text111      000000
__Htext112                 text112      000000
__Htext113                 text113      000000
__Htext114                 text114      000000
__Htext115                 text115      000000
__Htext116                 text116      000000
__Htext117                 text117      000000
__Htext118                 text118      000000
__Htext119                 text119      000000
__Htext12                  text12       000000
__Htext121                 text121      000000
__Htext122                 text122      000000
__Htext123                 text123      000000
__Htext124                 text124      000000
__Htext125                 text125      000000
__Htext126                 text126      000000
__Htext127                 text127      000000
__Htext13                  text13       000000
__Htext14                  text14       000000
__Htext15                  text15       000000
__Htext16                  text16       000000
__Htext17                  text17       000000
__Htext18                  text18       000000
__Htext19                  text19       000000
__Htext2                   text2        000000
__Htext20                  text20       000000
__Htext21                  text21       000000
__Htext22                  text22       000000
__Htext23                  text23       000000
__Htext24                  text24       000000
__Htext25                  text25       000000
__Htext26                  text26       000000
__Htext27                  text27       000000
__Htext28                  text28       000000
__Htext29                  text29       000000
__Htext3                   text3        000000
__Htext30                  text30       000000
__Htext31                  text31       000000
__Htext32                  text32       000000
__Htext33                  text33       000000
__Htext34                  text34       000000
__Htext35                  text35       000000
__Htext36                  text36       000000
__Htext37                  text37       000000
__Htext38                  text38       000000
__Htext39                  text39       000000
__Htext4                   text4        000000
__Htext40                  text40       000000
__Htext41                  text41       000000
__Htext42                  text42       000000
__Htext43                  text43       000000
__Htext44                  text44       000000
__Htext45                  text45       000000
__Htext46                  text46       000000
__Htext47                  text47       000000
__Htext48                  text48       000000
__Htext49                  text49       000000
__Htext5                   text5        000000
__Htext50                  text50       000000
__Htext51                  text51       000000
__Htext52                  text52       000000
__Htext53                  text53       000000
__Htext54                  text54       000000
__Htext55                  text55       000000
__Htext56                  text56       000000
__Htext57                  text57       000000
__Htext58                  text58       000000
__Htext59                  text59       000000
__Htext6                   text6        000000
__Htext60                  text60       000000
__Htext61                  text61       000000
__Htext62                  text62       000000
__Htext63                  text63       000000
__Htext64                  text64       000000
__Htext65                  text65       000000
__Htext66                  text66       000000
__Htext67                  text67       000000
__Htext68                  text68       000000
__Htext69                  text69       000000
__Htext7                   text7        000000
__Htext70                  text70       000000
__Htext71                  text71       000000
__Htext72                  text72       000000
__Htext73                  text73       000000
__Htext74                  text74       000000
__Htext75                  text75       000000
__Htext76                  text76       000000
__Htext77                  text77       000000
__Htext78                  text78       000000
__Htext79                  text79       000000
__Htext8                   text8        000000
__Htext80                  text80       000000
__Htext81                  text81       000000
__Htext82                  text82       000000
__Htext83                  text83       000000
__Htext85                  text85       000000
__Htext86                  text86       000000
__Htext87                  text87       000000
__Htext88                  text88       000000
__Htext89                  text89       000000
__Htext9                   text9        000000
__Htext90                  text90       000000
__Htext91                  text91       000000
__Htext92                  text92       000000
__Htext93                  text93       000000
__Htext94                  text94       000000
__Htext95                  text95       000000
__Htext96                  text96       000000
__Htext97                  text97       000000
__Htext98                  text98       000000
__Htext99                  text99       000000
__LRAM                     (abs)        000001
__Labs1                    abs1         000000
__Lbank0                   bank0        000000
__Lbank1                   bank1        000000
__Lbank2                   bank2        000000
__Lbank3                   bank3        000000
__Lbank4                   bank4        000000
__Lbank5                   bank5        000000
__Lbigbss                  bigbss       000000
__Lbigdata                 bigdata      000000
__Lbigram                  bigram       000000
__Lbss                     bss          000000
__LbssBANK0                bssBANK0     000000
__LbssBANK1                bssBANK1     000000
__LbssCOMRAM               bssCOMRAM    000000
__Lcinit                   cinit        000000
__Lclrtext                 clrtext      000000
__Lcomram                  comram       000000
__Lconfig                  config       300000
__Lconst                   const        000000
__LcstackBANK0             cstackBANK0  000000
__LcstackBANK1             cstackBANK1  000000
__LcstackCOMRAM            cstackCOMRAM 000000
__Ldata                    data         000000
__LdataBANK0               dataBANK0    000000
__LdataBANK1               dataBANK1    000000
__LdataCOMRAM              dataCOMRAM   000000
__Leeprom_data             eeprom_data  000000
__Lfarbss                  farbss       000000
__Lfardata                 fardata      000000
__Libigdata                ibigdata     000000
__Lidata                   idata        000000
__LidataBANK0              idataBANK0   000000
__LidataBANK1              idataBANK1   000000
__LidataCOMRAM             idataCOMRAM  000000
__Lidloc                   idloc        200000
__Lifardata                ifardata     000000
__Linit                    init         0000BE
__Lintcode                 intcode      000008
__Lintcode_body            intcode_body 000000
__Lintcodelo               intcodelo    000018
__Lintentry                intentry     000000
__Lintret                  intret       000000
__Lintsave_regs            intsave_regs 000000
__Lirdata                  irdata       000000
__Lmediumconst             mediumconst  007CD4
__LnvFARRAM                nvFARRAM     000000
__Lnvbit                   nvbit        000000
__Lnvrram                  nvrram       000000
__Lparam                   rparam       000000
__Lpowerup                 powerup      0000BE
__Lram                     ram          000000
__Lramtop                  ramtop       000600
__Lrbit                    rbit         000000
__Lrbss                    rbss         000000
__Lrdata                   rdata        000000
__Lreset_vec               reset_vec    000000
__Lrparam                  rparam       000000
__Lsfr                     sfr          000000
__Lsmallconst              smallconst   000000
__Lspace_0                 (abs)        000000
__Lspace_1                 (abs)        000000
__Lspace_2                 (abs)        000000
__Lstack                   stack        000000
__Lstruct                  struct       000000
__Ltemp                    temp         00005C
__Ltext                    text         000000
__Ltext0                   text0        000000
__Ltext1                   text1        000000
__Ltext10                  text10       000000
__Ltext100                 text100      000000
__Ltext101                 text101      000000
__Ltext102                 text102      000000
__Ltext103                 text103      000000
__Ltext104                 text104      000000
__Ltext105                 text105      000000
__Ltext106                 text106      000000
__Ltext107                 text107      000000
__Ltext108                 text108      000000
__Ltext109                 text109      000000
__Ltext11                  text11       000000
__Ltext110                 text110      000000
__Ltext111                 text111      000000
__Ltext112                 text112      000000
__Ltext113                 text113      000000
__Ltext114                 text114      000000
__Ltext115                 text115      000000
__Ltext116                 text116      000000
__Ltext117                 text117      000000
__Ltext118                 text118      000000
__Ltext119                 text119      000000
__Ltext12                  text12       000000
__Ltext121                 text121      000000
__Ltext122                 text122      000000
__Ltext123                 text123      000000
__Ltext124                 text124      000000
__Ltext125                 text125      000000
__Ltext126                 text126      000000
__Ltext127                 text127      000000
__Ltext13                  text13       000000
__Ltext14                  text14       000000
__Ltext15                  text15       000000
__Ltext16                  text16       000000
__Ltext17                  text17       000000
__Ltext18                  text18       000000
__Ltext19                  text19       000000
__Ltext2                   text2        000000
__Ltext20                  text20       000000
__Ltext21                  text21       000000
__Ltext22                  text22       000000
__Ltext23                  text23       000000
__Ltext24                  text24       000000
__Ltext25                  text25       000000
__Ltext26                  text26       000000
__Ltext27                  text27       000000
__Ltext28                  text28       000000
__Ltext29                  text29       000000
__Ltext3                   text3        000000
__Ltext30                  text30       000000
__Ltext31                  text31       000000
__Ltext32                  text32       000000
__Ltext33                  text33       000000
__Ltext34                  text34       000000
__Ltext35                  text35       000000
__Ltext36                  text36       000000
__Ltext37                  text37       000000
__Ltext38                  text38       000000
__Ltext39                  text39       000000
__Ltext4                   text4        000000
__Ltext40                  text40       000000
__Ltext41                  text41       000000
__Ltext42                  text42       000000
__Ltext43                  text43       000000
__Ltext44                  text44       000000
__Ltext45                  text45       000000
__Ltext46                  text46       000000
__Ltext47                  text47       000000
__Ltext48                  text48       000000
__Ltext49                  text49       000000
__Ltext5                   text5        000000
__Ltext50                  text50       000000
__Ltext51                  text51       000000
__Ltext52                  text52       000000
__Ltext53                  text53       000000
__Ltext54                  text54       000000
__Ltext55                  text55       000000
__Ltext56                  text56       000000
__Ltext57                  text57       000000
__Ltext58                  text58       000000
__Ltext59                  text59       000000
__Ltext6                   text6        000000
__Ltext60                  text60       000000
__Ltext61                  text61       000000
__Ltext62                  text62       000000
__Ltext63                  text63       000000
__Ltext64                  text64       000000
__Ltext65                  text65       000000
__Ltext66                  text66       000000
__Ltext67                  text67       000000
__Ltext68                  text68       000000
__Ltext69                  text69       000000
__Ltext7                   text7        000000
__Ltext70                  text70       000000
__Ltext71                  text71       000000
__Ltext72                  text72       000000
__Ltext73                  text73       000000
__Ltext74                  text74       000000
__Ltext75                  text75       000000
__Ltext76                  text76       000000
__Ltext77                  text77       000000
__Ltext78                  text78       000000
__Ltext79                  text79       000000
__Ltext8                   text8        000000
__Ltext80                  text80       000000
__Ltext81                  text81       000000
__Ltext82                  text82       000000
__Ltext83                  text83       000000
__Ltext85                  text85       000000
__Ltext86                  text86       000000
__Ltext87                  text87       000000
__Ltext88                  text88       000000
__Ltext89                  text89       000000
__Ltext9                   text9        000000
__Ltext90                  text90       000000
__Ltext91                  text91       000000
__Ltext92                  text92       000000
__Ltext93                  text93       000000
__Ltext94                  text94       000000
__Ltext95                  text95       000000
__Ltext96                  text96       000000
__Ltext97                  text97       000000
__Ltext98                  text98       000000
__Ltext99                  text99       000000
__S0                       (abs)        30000E
__S1                       (abs)        0001C0
__S2                       (abs)        000000
___aldiv                   text68       00445E
___aldiv@counter           cstackBANK1  000108
___aldiv@dividend          cstackBANK1  000100
___aldiv@divisor           cstackBANK1  000104
___aldiv@quotient          cstackBANK1  00010A
___aldiv@sign              cstackBANK1  000109
___altoft                  text64       005D32
___altoft@c                cstackBANK1  000108
___altoft@exp              cstackBANK1  000110
___altoft@sign             cstackBANK1  000111
___awdiv                   text37       005850
___awdiv@counter           cstackBANK1  00010A
___awdiv@dividend          cstackBANK1  000106
___awdiv@divisor           cstackBANK1  000108
___awdiv@quotient          cstackBANK1  00010C
___awdiv@sign              cstackBANK1  00010B
___awmod                   text36       005BF0
___awmod@counter           cstackBANK1  000104
___awmod@dividend          cstackBANK1  000100
___awmod@divisor           cstackBANK1  000102
___awmod@sign              cstackBANK1  000105
___ftadd                   text75       0027D8
___ftadd@exp1              cstackBANK1  000138
___ftadd@exp2              cstackBANK1  000137
___ftadd@f1                cstackBANK1  00012D
___ftadd@f2                cstackBANK1  000130
___ftadd@sign              cstackBANK1  000136
___ftdiv                   text74       003CFA
___ftdiv@cntr              cstackBANK1  00011B
___ftdiv@exp               cstackBANK1  00011F
___ftdiv@f1                cstackBANK1  000112
___ftdiv@f2                cstackBANK1  000115
___ftdiv@f3                cstackBANK1  00011C
___ftdiv@sign              cstackBANK1  000120
___ftge                    text45       005604
___ftge@ff1                cstackBANK1  000100
___ftge@ff2                cstackBANK1  000103
___ftmul                   text73       003A3E
___ftmul@cntr              cstackBANK1  000121
___ftmul@exp               cstackBANK1  00011D
___ftmul@f1                cstackBANK1  000114
___ftmul@f2                cstackBANK1  000117
___ftmul@f3_as_product     cstackBANK1  00011E
___ftmul@sign              cstackBANK1  000122
___ftneg                   text44       007082
___ftneg@f1                cstackBANK1  000100
___ftpack                  text76       004AD2
___ftpack@arg              cstackBANK1  000100
___ftpack@exp              cstackBANK1  000103
___ftpack@sign             cstackBANK1  000104
___ftsub                   text43       006D00
___ftsub@f1                cstackBANK1  000139
___ftsub@f2                cstackBANK1  00013C
___fttol                   text67       003F92
___fttol@exp1              cstackBANK1  000138
___fttol@f1                cstackBANK1  00012A
___fttol@lval              cstackBANK1  000134
___fttol@sign1             cstackBANK1  000133
___inthi_sp                stack        000000
___intlo_sp                stack        000000
___lldiv                   text42       00590E
___lldiv@counter           cstackBANK1  00010C
___lldiv@dividend          cstackBANK1  000100
___lldiv@divisor           cstackBANK1  000104
___lldiv@quotient          cstackBANK1  000108
___llmod                   text41       005E6E
___llmod@counter           cstackBANK1  000115
___llmod@dividend          cstackBANK1  00010D
___llmod@divisor           cstackBANK1  000111
___lltoft                  text40       0065B0
___lltoft@c                cstackBANK1  000108
___lltoft@exp              cstackBANK1  000110
___lmul                    text66       00680E
___lmul@multiplicand       cstackBANK1  000104
___lmul@multiplier         cstackBANK1  000100
___lmul@product            cstackBANK1  000108
___param_bank              (abs)        000000
___rparam_used             (abs)        000001
___sp                      stack        000000
___wmul                    text35       006FB8
___wmul@multiplicand       cstackBANK1  000110
___wmul@multiplier         cstackBANK1  00010E
___wmul@product            cstackBANK1  000112
__accesstop                (abs)        000060
__activetblptr             (abs)        000002
__div_to_l_                text39       0038B6
__div_to_l_@cntr           cstackBANK1  00010A
__div_to_l_@exp1           cstackBANK1  00010B
__div_to_l_@f1             cstackBANK1  000100
__div_to_l_@f2             cstackBANK1  000103
__div_to_l_@quot           cstackBANK1  000106
__end_of_EEPROMConfig      text83       0073A6
__end_of_PWM2Config        text80       006C02
__end_of_T2int             text115      002EA2
__end_of_T4int             text121      00306A
__end_of_UARTConfig        text79       006FB8
__end_of_UARTint           text85       0047A6
__end_of___aldiv           text68       004578
__end_of___altoft          text64       005DD0
__end_of___awdiv           text37       00590E
__end_of___awmod           text36       005C92
__end_of___ftadd           text75       002A40
__end_of___ftdiv           text74       003E46
__end_of___ftge            text45       0056CC
__end_of___ftmul           text73       003B9C
__end_of___ftneg           text44       0070B2
__end_of___ftpack          text76       004BDE
__end_of___ftsub           text43       006D4C
__end_of___fttol           text67       0040D6
__end_of___lldiv           text42       0059CA
__end_of___llmod           text41       005F08
__end_of___lltoft          text40       00662C
__end_of___lmul            text66       006884
__end_of___wmul            text35       006FEE
__end_of__div_to_l_        text39       003A3E
__end_of__initialization   cinit        0060B4
__end_of__npowers_         mediumconst  007D4B
__end_of__powers_          mediumconst  007D24
__end_of__tdiv_to_l_       text38       0038B6
__end_of_buttonChecking    text47       00252C
__end_of_calcSysVars       text4        006B32
__end_of_calcVars2ti       text72       006C5A
__end_of_chanValDigDOWN    text58       005538
__end_of_chanValDigUP      text53       00539C
__end_of_checkPass         text56       006392
__end_of_clockConfig       text46       007236
__end_of_confirmEdition    text69       005A86
__end_of_cutError          text127      00713C
__end_of_delay_ms          text78       006F02
__end_of_desintegrator     text65       003572
__end_of_dpowers           mediumconst  007CFD
__end_of_drawAdvON         text22       006D00
__end_of_drawAutoCalibRM   text20       007052
__end_of_drawBadPass       text18       0072F2
__end_of_drawCalibProc     text17       0064AC
__end_of_drawChanVal       text16       006530
__end_of_drawCutError      text15       00710E
__end_of_drawMenu          text14       003220
__end_of_drawPass1Lin      text19       007294
__end_of_drawPassWord      text13       0051F2
__end_of_drawReady2Cut     text12       0070E0
__end_of_drawSNquest       text11       004AD2
__end_of_drawScreen        text10       0052CC
__end_of_drawValEditor     text21       00227A
__end_of_fround            text34       0027D8
__end_of_hp_isr            intcode_body 0065B0
__end_of_initProtocoll     text61       006D98
__end_of_integrator        text63       00433C
__end_of_interruptConfig   text9        0073A0
__end_of_ioConfig          text8        007020
__end_of_ioInitStt         text7        007398
__end_of_isdigit           text33       0071BC
__end_of_isr               intcodelo    0000BE
__end_of_lcd_gotoxy        text28       007082
__end_of_lcd_init          text6        005D32
__end_of_lcd_putc          text27       0066A6
__end_of_lcd_read_4bits    text32       006720
__end_of_lcd_read_byte     text31       006EBC
__end_of_lcd_send_4bits    text30       006304
__end_of_lcd_send_byte     text29       006F44
__end_of_loadSysParams     text108      006E76
__end_of_longPressDOWN     text77       0071E6
__end_of_longPressENTER    text62       001C70
__end_of_longPressRETRO    text60       005000
__end_of_longPressUP       text59       0069E4
__end_of_main              text0        006E2E
__end_of_pressDOWN         text57       004DF2
__end_of_pressENTER        text55       001570
__end_of_pressRETRO        text54       00578E
__end_of_pressUP           text52       0048B6
__end_of_printf            text23       000CF4
__end_of_putch             text25       007308
__end_of_putchUART         text26       00734E
__end_of_readEEPROM        text3        0072DC
__end_of_releaseDOWN       text51       007390
__end_of_releaseENTER      text50       00736A
__end_of_releaseRETRO      text49       00735C
__end_of_releaseUP         text48       007384
__end_of_saveProcessState  text118      006F80
__end_of_saveSysParams     text70       006154
__end_of_scale             text24       0011A2
__end_of_setPWM2duty       text82       005F9C
__end_of_setPWM2on         text5        0072AE
__end_of_sysParamInit      text2        00680E
__end_of_t2config          text81       0072C6
__end_of_t4config          text1        007192
__end_of_writeEEPROM       text71       007256
__end_ofi1___aldiv         text104      004692
__end_ofi1___altoft        text100      005E6E
__end_ofi1___ftadd         text106      002CA8
__end_ofi1___ftdiv         text111      003F92
__end_ofi1___ftmul         text113      003CFA
__end_ofi1___ftpack        text114      004CEA
__end_ofi1___fttol         text103      00421A
__end_ofi1___lmul          text102      006970
__end_ofi1_calcSysVars     text112      006B9C
__end_ofi1_calcVars2ti     text110      006CB2
__end_ofi1_chanValDigDOWN  text95       005604
__end_ofi1_chanValDigUP    text90       00546C
__end_ofi1_checkPass       text93       006420
__end_ofi1_confirmEdition  text105      005B42
__end_ofi1_desintegrator   text101      003718
__end_ofi1_initProtocoll   text116      006DE4
__end_ofi1_integrator      text99       00445E
__end_ofi1_longPressDOWN   text107      007210
__end_ofi1_longPressENTER  text98       001FA2
__end_ofi1_longPressRETRO  text97       005106
__end_ofi1_longPressUP     text96       006A58
__end_ofi1_pressDOWN       text94       004EFA
__end_ofi1_pressENTER      text92       00193E
__end_ofi1_pressRETRO      text91       005850
__end_ofi1_pressUP         text89       0049C6
__end_ofi1_putchUART       text88       007378
__end_ofi1_readEEPROM      text87       00731E
__end_ofi1_saveSysParams   text109      0061E6
__end_ofi1_setPWM2duty     text117      006030
__end_ofi1_sysParamInit    text86       0068FA
__end_ofi1_writeEEPROM     text119      007276
__end_ofi2___altoft        text125      006798
__end_ofi2___ftadd         text124      0033CC
__end_ofi2___ftge          text123      006276
__end_ofi2___ftpack        text126      005BF0
__end_ofi2_setPWM2duty     text122      006AC8
__initialization           cinit        006030
__mediumconst              mediumconst  007CD4
__npowers_                 mediumconst  007D24
__pbssBANK0                bssBANK0     0000A5
__pbssBANK1                bssBANK1     0001A3
__pbssCOMRAM               bssCOMRAM    000037
__pcinit                   cinit        006030
__pcstackBANK0             cstackBANK0  000060
__pcstackBANK1             cstackBANK1  000100
__pcstackCOMRAM            cstackCOMRAM 000001
__pdataBANK0               dataBANK0    0000C9
__pdataBANK1               dataBANK1    000177
__pdataCOMRAM              dataCOMRAM   00004B
__pidataBANK0              idataBANK0   00732F
__pidataBANK1              idataBANK1   00713C
__pidataCOMRAM             idataCOMRAM  00731E
__pintcode                 intcode      000008
__pintcode_body            intcode_body 006530
__pintcodelo               intcodelo    000018
__pmediumconst             mediumconst  007CD4
__powers_                  mediumconst  007CFD
__ptext0                   text0        006DE4
__ptext1                   text1        007168
__ptext10                  text10       0051F2
__ptext100                 text100      005DD0
__ptext101                 text101      003572
__ptext102                 text102      0068FA
__ptext103                 text103      0040D6
__ptext104                 text104      004578
__ptext105                 text105      005A86
__ptext106                 text106      002A40
__ptext107                 text107      0071E6
__ptext108                 text108      006E2E
__ptext109                 text109      006154
__ptext11                  text11       0049C6
__ptext110                 text110      006C5A
__ptext111                 text111      003E46
__ptext112                 text112      006B32
__ptext113                 text113      003B9C
__ptext114                 text114      004BDE
__ptext115                 text115      002CA8
__ptext116                 text116      006D98
__ptext117                 text117      005F9C
__ptext118                 text118      006F44
__ptext119                 text119      007256
__ptext12                  text12       0070B2
__ptext121                 text121      002EA2
__ptext122                 text122      006A58
__ptext123                 text123      0061E6
__ptext124                 text124      003220
__ptext125                 text125      006720
__ptext126                 text126      005B42
__ptext127                 text127      00710E
__ptext13                  text13       005106
__ptext14                  text14       00306A
__ptext15                  text15       0070E0
__ptext16                  text16       0064AC
__ptext17                  text17       006420
__ptext18                  text18       0072DC
__ptext19                  text19       007276
__ptext2                   text2        006798
__ptext20                  text20       007020
__ptext21                  text21       001FA2
__ptext22                  text22       006CB2
__ptext23                  text23       0000C2
__ptext24                  text24       000CF4
__ptext25                  text25       0072F2
__ptext26                  text26       007340
__ptext27                  text27       00662C
__ptext28                  text28       007052
__ptext29                  text29       006F02
__ptext3                   text3        0072C6
__ptext30                  text30       006276
__ptext31                  text31       006E76
__ptext32                  text32       0066A6
__ptext33                  text33       007192
__ptext34                  text34       00252C
__ptext35                  text35       006FB8
__ptext36                  text36       005BF0
__ptext37                  text37       005850
__ptext38                  text38       003718
__ptext39                  text39       0038B6
__ptext4                   text4        006AC8
__ptext40                  text40       0065B0
__ptext41                  text41       005E6E
__ptext42                  text42       00590E
__ptext43                  text43       006D00
__ptext44                  text44       007082
__ptext45                  text45       005604
__ptext46                  text46       007210
__ptext47                  text47       00227A
__ptext48                  text48       007378
__ptext49                  text49       00734E
__ptext5                   text5        007294
__ptext50                  text50       00735C
__ptext51                  text51       007384
__ptext52                  text52       0047A6
__ptext53                  text53       0052CC
__ptext54                  text54       0056CC
__ptext55                  text55       0011A2
__ptext56                  text56       006304
__ptext57                  text57       004CEA
__ptext58                  text58       00546C
__ptext59                  text59       006970
__ptext6                   text6        005C92
__ptext60                  text60       004EFA
__ptext61                  text61       006D4C
__ptext62                  text62       00193E
__ptext63                  text63       00421A
__ptext64                  text64       005D32
__ptext65                  text65       0033CC
__ptext66                  text66       00680E
__ptext67                  text67       003F92
__ptext68                  text68       00445E
__ptext69                  text69       0059CA
__ptext7                   text7        007390
__ptext70                  text70       0060C2
__ptext71                  text71       007236
__ptext72                  text72       006C02
__ptext73                  text73       003A3E
__ptext74                  text74       003CFA
__ptext75                  text75       0027D8
__ptext76                  text76       004AD2
__ptext77                  text77       0071BC
__ptext78                  text78       006EBC
__ptext79                  text79       006F80
__ptext8                   text8        006FEE
__ptext80                  text80       006B9C
__ptext81                  text81       0072AE
__ptext82                  text82       005F08
__ptext83                  text83       0073A0
__ptext85                  text85       004692
__ptext86                  text86       006884
__ptext87                  text87       007308
__ptext88                  text88       00736A
__ptext89                  text89       0048B6
__ptext9                   text9        007398
__ptext90                  text90       00539C
__ptext91                  text91       00578E
__ptext92                  text92       001570
__ptext93                  text93       006392
__ptext94                  text94       004DF2
__ptext95                  text95       005538
__ptext96                  text96       0069E4
__ptext97                  text97       005000
__ptext98                  text98       001C70
__ptext99                  text99       00433C
__ramtop                   ramtop       000600
__size_of_EEPROMConfig     (abs)        000000
__size_of_PWM2Config       (abs)        000000
__size_of_T2int            (abs)        000000
__size_of_T4int            (abs)        000000
__size_of_UARTConfig       (abs)        000000
__size_of_UARTint          (abs)        000000
__size_of___aldiv          (abs)        000000
__size_of___altoft         (abs)        000000
__size_of___awdiv          (abs)        000000
__size_of___awmod          (abs)        000000
__size_of___ftadd          (abs)        000000
__size_of___ftdiv          (abs)        000000
__size_of___ftge           (abs)        000000
__size_of___ftmul          (abs)        000000
__size_of___ftneg          (abs)        000000
__size_of___ftpack         (abs)        000000
__size_of___ftsub          (abs)        000000
__size_of___fttol          (abs)        000000
__size_of___lldiv          (abs)        000000
__size_of___llmod          (abs)        000000
__size_of___lltoft         (abs)        000000
__size_of___lmul           (abs)        000000
__size_of___wmul           (abs)        000000
__size_of__div_to_l_       (abs)        000000
__size_of__tdiv_to_l_      (abs)        000000
__size_of_buttonChecking   (abs)        000000
__size_of_calcSysVars      (abs)        000000
__size_of_calcVars2ti      (abs)        000000
__size_of_chanValDigDOWN   (abs)        000000
__size_of_chanValDigUP     (abs)        000000
__size_of_checkPass        (abs)        000000
__size_of_clockConfig      (abs)        000000
__size_of_confirmEdition   (abs)        000000
__size_of_cutError         (abs)        000000
__size_of_delay_ms         (abs)        000000
__size_of_desintegrator    (abs)        000000
__size_of_drawAdvON        (abs)        000000
__size_of_drawAutoCalibRM  (abs)        000000
__size_of_drawBadPass      (abs)        000000
__size_of_drawCalibProc    (abs)        000000
__size_of_drawChanVal      (abs)        000000
__size_of_drawCutError     (abs)        000000
__size_of_drawMenu         (abs)        000000
__size_of_drawPass1Lin     (abs)        000000
__size_of_drawPassWord     (abs)        000000
__size_of_drawReady2Cut    (abs)        000000
__size_of_drawSNquest      (abs)        000000
__size_of_drawScreen       (abs)        000000
__size_of_drawValEditor    (abs)        000000
__size_of_fround           (abs)        000000
__size_of_hp_isr           (abs)        000000
__size_of_initProtocoll    (abs)        000000
__size_of_integrator       (abs)        000000
__size_of_interruptConfig  (abs)        000000
__size_of_ioConfig         (abs)        000000
__size_of_ioInitStt        (abs)        000000
__size_of_isdigit          (abs)        000000
__size_of_isr              (abs)        000000
__size_of_lcd_gotoxy       (abs)        000000
__size_of_lcd_init         (abs)        000000
__size_of_lcd_putc         (abs)        000000
__size_of_lcd_read_4bits   (abs)        000000
__size_of_lcd_read_byte    (abs)        000000
__size_of_lcd_send_4bits   (abs)        000000
__size_of_lcd_send_byte    (abs)        000000
__size_of_loadSysParams    (abs)        000000
__size_of_longPressDOWN    (abs)        000000
__size_of_longPressENTER   (abs)        000000
__size_of_longPressRETRO   (abs)        000000
__size_of_longPressUP      (abs)        000000
__size_of_main             (abs)        000000
__size_of_pressDOWN        (abs)        000000
__size_of_pressENTER       (abs)        000000
__size_of_pressRETRO       (abs)        000000
__size_of_pressUP          (abs)        000000
__size_of_printf           (abs)        000000
__size_of_putch            (abs)        000000
__size_of_putchUART        (abs)        000000
__size_of_readEEPROM       (abs)        000000
__size_of_releaseDOWN      (abs)        000000
__size_of_releaseENTER     (abs)        000000
__size_of_releaseRETRO     (abs)        000000
__size_of_releaseUP        (abs)        000000
__size_of_saveProcessState (abs)        000000
__size_of_saveSysParams    (abs)        000000
__size_of_scale            (abs)        000000
__size_of_setPWM2duty      (abs)        000000
__size_of_setPWM2on        (abs)        000000
__size_of_sysParamInit     (abs)        000000
__size_of_t2config         (abs)        000000
__size_of_t4config         (abs)        000000
__size_of_writeEEPROM      (abs)        000000
__size_ofi1___aldiv        (abs)        000000
__size_ofi1___altoft       (abs)        000000
__size_ofi1___ftadd        (abs)        000000
__size_ofi1___ftdiv        (abs)        000000
__size_ofi1___ftmul        (abs)        000000
__size_ofi1___ftpack       (abs)        000000
__size_ofi1___fttol        (abs)        000000
__size_ofi1___lmul         (abs)        000000
__size_ofi1_calcSysVars    (abs)        000000
__size_ofi1_calcVars2ti    (abs)        000000
__size_ofi1_chanValDigDOWN (abs)        000000
__size_ofi1_chanValDigUP   (abs)        000000
__size_ofi1_checkPass      (abs)        000000
__size_ofi1_confirmEdition (abs)        000000
__size_ofi1_desintegrator  (abs)        000000
__size_ofi1_initProtocoll  (abs)        000000
__size_ofi1_integrator     (abs)        000000
__size_ofi1_longPressDOWN  (abs)        000000
__size_ofi1_longPressENTER (abs)        000000
__size_ofi1_longPressRETRO (abs)        000000
__size_ofi1_longPressUP    (abs)        000000
__size_ofi1_pressDOWN      (abs)        000000
__size_ofi1_pressENTER     (abs)        000000
__size_ofi1_pressRETRO     (abs)        000000
__size_ofi1_pressUP        (abs)        000000
__size_ofi1_putchUART      (abs)        000000
__size_ofi1_readEEPROM     (abs)        000000
__size_ofi1_saveSysParams  (abs)        000000
__size_ofi1_setPWM2duty    (abs)        000000
__size_ofi1_sysParamInit   (abs)        000000
__size_ofi1_writeEEPROM    (abs)        000000
__size_ofi2___altoft       (abs)        000000
__size_ofi2___ftadd        (abs)        000000
__size_ofi2___ftge         (abs)        000000
__size_ofi2___ftpack       (abs)        000000
__size_ofi2_setPWM2duty    (abs)        000000
__smallconst               smallconst   000000
__tdiv_to_l_               text38       003718
__tdiv_to_l_@cntr          cstackBANK1  00010D
__tdiv_to_l_@exp1          cstackBANK1  00010E
__tdiv_to_l_@f1            cstackBANK1  000100
__tdiv_to_l_@f2            cstackBANK1  000103
__tdiv_to_l_@quot          cstackBANK1  000109
_actualScreen              bssBANK1     0001BD
_bladeIsUP                 dataBANK0    0000D4
_buttonChecking            text47       00227A
_calFactor                 bssCOMRAM    000042
_calcSysVars               text4        006AC8
_calcVars2ti               text72       006C02
_calibLevel                bssBANK1     0001B8
_calibMode                 bssBANK0     0000BE
_chanValChar               bssBANK0     0000A5
_chanValDigDOWN            text58       00546C
_chanValDigUP              text53       0052CC
_chanValSection            dataBANK1    00019C
_chanValdig                bssBANK1     0001A3
_chanValf                  bssBANK1     0001B1
_chanVals                  bssBANK1     0001B6
_checkPass                 text56       006304
[...]
  adr             1    wreg     unsigned char 
  data            1    0[BANK0 ] unsigned char 
 Auto vars:     Size  Location     Type
  adr             1    1[BANK0 ] unsigned char 
 Return value:  Size  Location     Type
                  1    wreg      void 
 Registers used:
		wreg, status,2
 Tracked objects:
		On entry : 
		On exit  : 
		Unchanged: 
 Data sizes:     COMRAM   BANK0   BANK1   BANK2   BANK3   BANK4   BANK5
      Params:         0       1       0       0       0       0       0
      Locals:         0       1       0       0       0       0       0
      Temps:          0       0       0       0       0       0       0
      Totals:         0       2       0       0       0       0       0
Total ram usage:        2 bytes
 Hardware stack levels used:    1
 Hardware stack levels required when called:    4
 This function calls:
		Nothing
 This function is called by:
		_saveProcessState
		i1_saveSysParams
 This function uses a non-reentrant model


 *************** function _hp_isr *****************
 Defined at:
		line 13 in file "source/main.c"
 Parameters:    Size  Location     Type
		None
 Auto vars:     Size  Location     Type
		None
 Return value:  Size  Location     Type
                  1    wreg      void 
 Registers used:
		wreg, status,2, status,0, cstack
 Tracked objects:
		On entry : 
		On exit  : 
		Unchanged: 
 Data sizes:     COMRAM   BANK0   BANK1   BANK2   BANK3   BANK4   BANK5
      Params:         0       0       0       0       0       0       0
      Locals:         0       0       0       0       0       0       0
      Temps:         14       0       0       0       0       0       0
      Totals:        14       0       0       0       0       0       0
Total ram usage:       14 bytes
 Hardware stack levels used:    1
 Hardware stack levels required when called:    3
 This function calls:
		_T4int
 This function is called by:
		Interrupt level 2
 This function uses a non-reentrant model


 *************** function _T4int *****************
 Defined at:
		line 21 in file "source/T4Config.h"
 Parameters:    Size  Location     Type
		None
 Auto vars:     Size  Location     Type
		None
 Return value:  Size  Location     Type
                  1    wreg      void 
 Registers used:
		wreg, status,2, status,0, cstack
 Tracked objects:
		On entry : 
		On exit  : 
		Unchanged: 
 Data sizes:     COMRAM   BANK0   BANK1   BANK2   BANK3   BANK4   BANK5
      Params:         0       0       0       0       0       0       0
      Locals:         0       0       0       0       0       0       0
      Temps:          1       0       0       0       0       0       0
      Totals:         1       0       0       0       0       0       0
Total ram usage:        1 bytes
 Hardware stack levels used:    1
 Hardware stack levels required when called:    2
 This function calls:
		_cutError
		i2___altoft
		i2___ftadd
		i2___ftge
		i2_setPWM2duty
 This function is called by:
		_hp_isr
 This function uses a non-reentrant model


 *************** function i2_setPWM2duty *****************
 Defined at:
		line 37 in file "source/PWMConfig.h"
 Parameters:    Size  Location     Type
  actuator        2    0[COMRAM] short 
 Auto vars:     Size  Location     Type
  setPWM2duty     2    4[COMRAM] short 
 Return value:  Size  Location     Type
                  1    wreg      void 
 Registers used:
		wreg, status,2, status,0
 Tracked objects:
		On entry : 
		On exit  : 
		Unchanged: 
 Data sizes:     COMRAM   BANK0   BANK1   BANK2   BANK3   BANK4   BANK5
      Params:         2       0       0       0       0       0       0
      Locals:         2       0       0       0       0       0       0
      Temps:          2       0       0       0       0       0       0
      Totals:         6       0       0       0       0       0       0
Total ram usage:        6 bytes
 Hardware stack levels used:    1
 This function calls:
		Nothing
 This function is called by:
		_T4int
 This function uses a non-reentrant model


 *************** function i2___ftge *****************
 Defined at:
		line 4 in file "C:\Program Files (x86)\Microchip\xc8\v1.41\sources\common\ftge.c"
 Parameters:    Size  Location     Type
  ff1             3   30[COMRAM] float 
  ff2             3   33[COMRAM] float 
 Auto vars:     Size  Location     Type
		None
 Return value:  Size  Location     Type
		None               void
 Registers used:
		wreg, status,2, status,0
 Tracked objects:
		On entry : 
		On exit  : 
		Unchanged: 
 Data sizes:     COMRAM   BANK0   BANK1   BANK2   BANK3   BANK4   BANK5
      Params:         6       0       0       0       0       0       0
      Locals:         0       0       0       0       0       0       0
      Temps:          3       0       0       0       0       0       0
      Totals:         9       0       0       0       0       0       0
Total ram usage:        9 bytes
 Hardware stack levels used:    1
 This function calls:
		Nothing
 This function is called by:
		_T4int
 This function uses a non-reentrant model


 *************** function i2___ftadd *****************
 Defined at:
		line 86 in file "C:\Program Files (x86)\Microchip\xc8\v1.41\sources\common\ftadd.c"
 Parameters:    Size  Location     Type
  f1              3   18[COMRAM] float 
  f2              3   21[COMRAM] float 
 Auto vars:     Size  Location     Type
  __ftadd         1   29[COMRAM] unsigned char 
  __ftadd         1   28[COMRAM] unsigned char 
  __ftadd         1   27[COMRAM] unsigned char 
 Return value:  Size  Location     Type
                  3   18[COMRAM] float 
 Registers used:
		wreg, status,2, status,0, cstack
 Tracked objects:
		On entry : 
		On exit  : 
		Unchanged: 
 Data sizes:     COMRAM   BANK0   BANK1   BANK2   BANK3   BANK4   BANK5
      Params:         6       0       0       0       0       0       0
      Locals:         3       0       0       0       0       0       0
      Temps:          3       0       0       0       0       0       0
      Totals:        12       0       0       0       0       0       0
Total ram usage:       12 bytes
 Hardware stack levels used:    1
 Hardware stack levels required when called:    1
 This function calls:
		i2___ftpack
 This function is called by:
		_T4int
 This function uses a non-reentrant model


 *************** function i2___altoft *****************
 Defined at:
		line 42 in file "C:\Program Files (x86)\Microchip\xc8\v1.41\sources\common\altoft.c"
 Parameters:    Size  Location     Type
  c               4    8[COMRAM] long 
 Auto vars:     Size  Location     Type
  __altoft        1   17[COMRAM] unsigned char 
  __altoft        1   16[COMRAM] unsigned char 
 Return value:  Size  Location     Type
                  3    8[COMRAM] float 
 Registers used:
		wreg, status,2, status,0, cstack
 Tracked objects:
		On entry : 
		On exit  : 
		Unchanged: 
 Data sizes:     COMRAM   BANK0   BANK1   BANK2   BANK3   BANK4   BANK5
      Params:         4       0       0       0       0       0       0
      Locals:         2       0       0       0       0       0       0
      Temps:          4       0       0       0       0       0       0
      Totals:        10       0       0       0       0       0       0
Total ram usage:       10 bytes
 Hardware stack levels used:    1
 Hardware stack levels required when called:    1
 This function calls:
		i2___ftpack
 This function is called by:
		_T4int
 This function uses a non-reentrant model


 *************** function i2___ftpack *****************
 Defined at:
		line 62 in file "C:\Program Files (x86)\Microchip\xc8\v1.41\sources\common\float.c"
 Parameters:    Size  Location     Type
  arg             3    0[COMRAM] unsigned um
  exp             1    3[COMRAM] unsigned char 
  sign            1    4[COMRAM] unsigned char 
 Auto vars:     Size  Location     Type
		None
 Return value:  Size  Location     Type
                  3    0[COMRAM] float 
 Registers used:
		wreg, status,2, status,0
 Tracked objects:
		On entry : 
		On exit  : 
		Unchanged: 
 Data sizes:     COMRAM   BANK0   BANK1   BANK2   BANK3   BANK4   BANK5
      Params:         5       0       0       0       0       0       0
      Locals:         0       0       0       0       0       0       0
      Temps:          3       0       0       0       0       0       0
      Totals:         8       0       0       0       0       0       0
Total ram usage:        8 bytes
 Hardware stack levels used:    1
 This function calls:
		Nothing
 This function is called by:
		i2___altoft
		i2___ftadd
 This function uses a non-reentrant model


 *************** function _cutError *****************
 Defined at:
		line 12 in file "source/T4Config.h"
 Parameters:    Size  Location     Type
		None
 Auto vars:     Size  Location     Type
		None
 Return value:  Size  Location     Type
                  1    wreg      void 
 Registers used:
		wreg, status,2
 Tracked objects:
		On entry : 
		On exit  : 
		Unchanged: 
 Data sizes:     COMRAM   BANK0   BANK1   BANK2   BANK3   BANK4   BANK5
      Params:         0       0       0       0       0       0       0
      Locals:         0       0       0       0       0       0       0
      Temps:          0       0       0       0       0       0       0
      Totals:         0       0       0       0       0       0       0
Total ram usage:        0 bytes
 Hardware stack levels used:    1
 This function calls:
		Nothing
 This function is called by:
		_T4int
 This function uses a non-reentrant model



MODULE INFORMATION

Module		Function		Class		Link	Load	Size
C:\Program Files (x86)\Microchip\xc8\v1.41\sources\common\awdiv.c
		___awdiv       		CODE           	5850	0000	191

C:\Program Files (x86)\Microchip\xc8\v1.41\sources\common\awdiv.c estimated size: 191

source/ButtonController.h
		_buttonChecking		CODE           	227A	0000	691

source/ButtonController.h estimated size: 691

C:\Program Files (x86)\Microchip\xc8\v1.41\sources\common\lldiv.c
		___lldiv       		CODE           	590E	0000	189

C:\Program Files (x86)\Microchip\xc8\v1.41\sources\common\lldiv.c estimated size: 189

C:\Program Files (x86)\Microchip\xc8\v1.41\sources\common\aldiv.c
		___aldiv       		CODE           	445E	0000	283

C:\Program Files (x86)\Microchip\xc8\v1.41\sources\common\aldiv.c estimated size: 283

C:\Program Files (x86)\Microchip\xc8\v1.41\sources\common\doprnt.c
		_scale         		CODE           	0CF4	0000	1199
		_printf        		CODE           	00C2	0000	3123
		_fround        		CODE           	252C	0000	685

C:\Program Files (x86)\Microchip\xc8\v1.41\sources\common\doprnt.c estimated size: 5007

C:\Program Files (x86)\Microchip\xc8\v1.41\sources\common\ftdivl.c
		__tdiv_to_l_   		CODE           	3718	0000	415

C:\Program Files (x86)\Microchip\xc8\v1.41\sources\common\ftdivl.c estimated size: 415

C:\Program Files (x86)\Microchip\xc8\v1.41\sources\common\fttol.c
		___fttol       		CODE           	3F92	0000	325

C:\Program Files (x86)\Microchip\xc8\v1.41\sources\common\fttol.c estimated size: 325

C:\Program Files (x86)\Microchip\xc8\v1.41\sources\common\Umul16.c
		___wmul        		CODE           	6FB8	0000	55

C:\Program Files (x86)\Microchip\xc8\v1.41\sources\common\Umul16.c estimated size: 55

C:\Program Files (x86)\Microchip\xc8\v1.41\sources\common\isdigit.c
		_isdigit       		CODE           	7192	0000	43

C:\Program Files (x86)\Microchip\xc8\v1.41\sources\common\isdigit.c estimated size: 43

source/screenDrawers.h
		_drawChanVal   		CODE           	64AC	0000	133
		_drawPass1Lin  		CODE           	7276	0000	31
		_drawPassWord  		CODE           	5106	0000	237
		_drawCalibProc 		CODE           	6420	0000	141
		_drawBadPass   		CODE           	72DC	0000	23
		_drawValEditor 		CODE           	1FA2	0000	729
		_drawCutError  		CODE           	70E0	0000	47
		_drawMenu      		CODE           	306A	0000	439
		_drawAutoCalibRM		CODE           	7020	0000	51
		_drawReady2Cut 		CODE           	70B2	0000	47
		_drawAdvON     		CODE           	6CB2	0000	79
		_drawScreen    		CODE           	51F2	0000	219
		_drawSNquest   		CODE           	49C6	0000	269

source/screenDrawers.h estimated size: 2445

source/sysParams.h
		_EEPROMConfig  		CODE           	73A0	0000	7
		_saveSysParams 		CODE           	60C2	0000	147
		_calcSysVars   		CODE           	6AC8	0000	107
		_sysParamInit  		CODE           	6798	0000	119
		_loadSysParams 		CODE           	6E2E	0000	73
		_saveProcessState		CODE           	6F44	0000	61
		_readEEPROM    		CODE           	72C6	0000	23
		_writeEEPROM   		CODE           	7236	0000	33
		_calcVars2ti   		CODE           	6C02	0000	89

source/sysParams.h estimated size: 659

source/main.c
		_main          		CODE           	6DE4	0000	75
		_isr           		CODE           	0018	0000	167
		_hp_isr        		CODE           	0008	0000	135

source/main.c estimated size: 377

C:\Program Files (x86)\Microchip\xc8\v1.41\sources\common\ftadd.c
		___ftadd       		CODE           	27D8	0000	617

C:\Program Files (x86)\Microchip\xc8\v1.41\sources\common\ftadd.c estimated size: 617

C:\Program Files (x86)\Microchip\xc8\v1.41\sources\common\ftge.c
		___ftge        		CODE           	5604	0000	201

C:\Program Files (x86)\Microchip\xc8\v1.41\sources\common\ftge.c estimated size: 201

source/PWMConfig.h
		_setPWM2on     		CODE           	7294	0000	27
		_setPWM2duty   		CODE           	5F08	0000	149
		_t2config      		CODE           	72AE	0000	25
		_initProtocoll 		CODE           	6D4C	0000	77
		_PWM2Config    		CODE           	6B9C	0000	103
		_T2int         		CODE           	2CA8	0000	507

source/PWMConfig.h estimated size: 888

source/../../vclib_lcd.h
		_lcd_read_byte 		CODE           	6E76	0000	71
		_lcd_putc      		CODE           	662C	0000	123
		_lcd_send_byte 		CODE           	6F02	0000	67
		_lcd_read_4bits		CODE           	66A6	0000	123
		_lcd_send_4bits		CODE           	6276	0000	143
		_lcd_gotoxy    		CODE           	7052	0000	49
		_lcd_init      		CODE           	5C92	0000	161

source/../../vclib_lcd.h estimated size: 737

C:\Program Files (x86)\Microchip\xc8\v1.41\sources\common\Umul32.c
		___lmul        		CODE           	680E	0000	119

C:\Program Files (x86)\Microchip\xc8\v1.41\sources\common\Umul32.c estimated size: 119

C:\Program Files (x86)\Microchip\xc8\v1.41\sources\common\fldivl.c
		__div_to_l_    		CODE           	38B6	0000	393

C:\Program Files (x86)\Microchip\xc8\v1.41\sources\common\fldivl.c estimated size: 393

C:\Program Files (x86)\Microchip\xc8\v1.41\sources\common\ftneg.c
		___ftneg       		CODE           	7082	0000	49

C:\Program Files (x86)\Microchip\xc8\v1.41\sources\common\ftneg.c estimated size: 49

C:\Program Files (x86)\Microchip\xc8\v1.41\sources\common\ftsub.c
		___ftsub       		CODE           	6D00	0000	77

C:\Program Files (x86)\Microchip\xc8\v1.41\sources\common\ftsub.c estimated size: 77

C:\Program Files (x86)\Microchip\xc8\v1.41\sources\common\float.c
		___ftpack      		CODE           	4AD2	0000	269

C:\Program Files (x86)\Microchip\xc8\v1.41\sources\common\float.c estimated size: 269

source/IOConfig.h
		_putchUART     		CODE           	7340	0000	15
		_putch         		CODE           	72F2	0000	23
		_ioInitStt     		CODE           	7390	0000	9
		_ioConfig      		CODE           	6FEE	0000	51

source/IOConfig.h estimated size: 98

shared
		i1_longPressENTER		CODE           	1C70	0000	819
		i1___ftadd     		CODE           	2A40	0000	617
		i1_longPressRETRO		CODE           	5000	0000	263
		i2___ftadd     		CODE           	3220	0000	429
		i1_putchUART   		CODE           	736A	0000	15
		i1_writeEEPROM 		CODE           	7256	0000	33
		i1_calcSysVars 		CODE           	6B32	0000	107
		i1___ftdiv     		CODE           	3E46	0000	333
		i1___fttol     		CODE           	40D6	0000	325
		__powers_      		MEDIUMCONST    	7CFD	0000	40
		i1_calcVars2ti 		CODE           	6C5A	0000	89
		i1_initProtocoll		CODE           	6D98	0000	77
		_dpowers       		MEDIUMCONST    	7CD5	0000	41
		i2___ftge      		CODE           	61E6	0000	145
		i1_integrator  		CODE           	433C	0000	291
		i1_pressUP     		CODE           	48B6	0000	273
		i1_sysParamInit		CODE           	6884	0000	119
		i1_pressDOWN   		CODE           	4DF2	0000	265
		i1_longPressUP 		CODE           	69E4	0000	117
		i1___ftmul     		CODE           	3B9C	0000	351
		i1_pressENTER  		CODE           	1570	0000	975
		i1_pressRETRO  		CODE           	578E	0000	195
		i1_chanValDigDOWN		CODE           	5538	0000	205
		i1___ftpack    		CODE           	4BDE	0000	269
		__npowers_     		MEDIUMCONST    	7D24	0000	40
		i2___ftpack    		CODE           	5B42	0000	175
		__initialization		CODE           	6030	0000	133
		i1___lmul      		CODE           	68FA	0000	119
		i1___aldiv     		CODE           	4578	0000	283
		i1___altoft    		CODE           	5DD0	0000	159
		i2___altoft    		CODE           	6720	0000	121
		i1_longPressDOWN		CODE           	71E6	0000	43
		i1_saveSysParams		CODE           	6154	0000	147
		i1_setPWM2duty 		CODE           	5F9C	0000	149
		i2_setPWM2duty 		CODE           	6A58	0000	113
		i1_chanValDigUP		CODE           	539C	0000	209
		i1_desintegrator		CODE           	3572	0000	423
		i1_readEEPROM  		CODE           	7308	0000	23
		i1_confirmEdition		CODE           	5A86	0000	189
		i1_checkPass   		CODE           	6392	0000	143

shared estimated size: 8862

C:\Program Files (x86)\Microchip\xc8\v1.41\sources\common\awmod.c
		___awmod       		CODE           	5BF0	0000	163

C:\Program Files (x86)\Microchip\xc8\v1.41\sources\common\awmod.c estimated size: 163

source/T4Config.h
		_T4int         		CODE           	2EA2	0000	457
		_t4config      		CODE           	7168	0000	43
		_cutError      		CODE           	710E	0000	47

source/T4Config.h estimated size: 547

C:\Program Files (x86)\Microchip\xc8\v1.41\sources\common\altoft.c
		___altoft      		CODE           	5D32	0000	159

C:\Program Files (x86)\Microchip\xc8\v1.41\sources\common\altoft.c estimated size: 159

C:\Program Files (x86)\Microchip\xc8\v1.41\sources\common\llmod.c
		___llmod       		CODE           	5E6E	0000	155

C:\Program Files (x86)\Microchip\xc8\v1.41\sources\common\llmod.c estimated size: 155

source/SYSConfig.h
		_interruptConfig		CODE           	7398	0000	9
		_clockConfig   		CODE           	7210	0000	39

source/SYSConfig.h estimated size: 48

source/UARTConfig.h
		_UARTConfig    		CODE           	6F80	0000	57
		_UARTint       		CODE           	4692	0000	277

source/UARTConfig.h estimated size: 334

source/DisplayProtocol.h
		_pressUP       		CODE           	47A6	0000	273
		_pressENTER    		CODE           	11A2	0000	975
		_pressRETRO    		CODE           	56CC	0000	195
		_pressDOWN     		CODE           	4CEA	0000	265
		_chanValDigUP  		CODE           	52CC	0000	209
		_releaseUP     		CODE           	7378	0000	13
		_releaseDOWN   		CODE           	7384	0000	13
		_releaseENTER  		CODE           	735C	0000	15
		_releaseRETRO  		CODE           	734E	0000	15
		_confirmEdition		CODE           	59CA	0000	189
		_chanValDigDOWN		CODE           	546C	0000	205
		_longPressUP   		CODE           	6970	0000	117
		_desintegrator 		CODE           	33CC	0000	423
		_longPressDOWN 		CODE           	71BC	0000	43
		_longPressENTER		CODE           	193E	0000	819
		_longPressRETRO		CODE           	4EFA	0000	263
		_checkPass     		CODE           	6304	0000	143
		_integrator    		CODE           	421A	0000	291

source/DisplayProtocol.h estimated size: 4466

C:\Program Files (x86)\Microchip\xc8\v1.41\sources\common\ftmul.c
		___ftmul       		CODE           	3A3E	0000	351

C:\Program Files (x86)\Microchip\xc8\v1.41\sources\common\ftmul.c estimated size: 351

C:\Program Files (x86)\Microchip\xc8\v1.41\sources\common\lltoft.c
		___lltoft      		CODE           	65B0	0000	125

C:\Program Files (x86)\Microchip\xc8\v1.41\sources\common\lltoft.c estimated size: 125

source/../../delay.h
		_delay_ms      		CODE           	6EBC	0000	71

source/../../delay.h estimated size: 71

C:\Program Files (x86)\Microchip\xc8\v1.41\sources\common\ftdiv.c
		___ftdiv       		CODE           	3CFA	0000	333

C:\Program Files (x86)\Microchip\xc8\v1.41\sources\common\ftdiv.c estimated size: 333

