Microchip MPLAB XC8 Compiler V1.38 ()

Linker command line:

-W-3 --edf=C:\Program Files (x86)\Microchip\xc8\v1.38\dat\en_msgs.txt -cs \
  -h+dist/default/production\CortaMasa.X.production.sym \
  --cmf=dist/default/production\CortaMasa.X.production.cmf -z -Q18F25K22 \
  -oC:\Users\Sebas\AppData\Local\Temp\s7ho.2 \
  -Mdist/default/production/CortaMasa.X.production.map -E1 -ver=XC8 \
  -ASTACK=01C4h-05ffh -pstack=STACK -ACODE=00h-07FFFh -ACONST=00h-07FFFh \
  -ASMALLCONST=0600h-06FFhx122 -AMEDIUMCONST=0600h-07FFFh -ACOMRAM=01h-05Fh \
  -AABS1=00h-05FFh -ABIGRAM=01h-05FFh -ARAM=060h-0FFh,0100h-01FFhx5 \
  -ABANK0=060h-0FFh -ABANK1=0100h-01FFh -ABANK2=0200h-02FFh \
  -ABANK3=0300h-03FFh -ABANK4=0400h-04FFh -ABANK5=0500h-05FFh \
  -ASFR=0F38h-0F5Fh,0F60h-0FFFh \
  -preset_vec=00h,intcode=08h,intcodelo=018h,powerup,init,end_init \
  -pramtop=0600h -psmallconst=SMALLCONST -pmediumconst=MEDIUMCONST \
  -pconst=CONST -AFARRAM=00h-00h -ACONFIG=0300000h-030000Dh -pconfig=CONFIG \
  -AIDLOC=0200000h-0200007h -pidloc=IDLOC -AEEDATA=0F00000h-0F000FFh \
  -peeprom_data=EEDATA \
  -prdata=COMRAM,nvrram=COMRAM,nvbit=COMRAM,rbss=COMRAM,rbit=COMRAM \
  -pfarbss=FARRAM,fardata=FARRAM,nvFARRAM=FARRAM \
  -pintsave_regs=BIGRAM,bigbss=BIGRAM,bigdata=BIGRAM -pbss=RAM \
  -pidata=CODE,irdata=CODE,ibigdata=CODE,ifardata=CODE -prparam=COMRAM \
  C:\Users\Sebas\AppData\Local\Temp\s7ho.obj \
  dist/default/production\CortaMasa.X.production.obj 

Object code version is 3.11

Machine type is 18F25K22

Call graph: (short form)




                Name                               Link     Load   Length Selector   Space Scale
C:\Users\Sebas\AppData\Local\Temp\s7ho.obj
                end_init                             BE       BE        4        C       0
                reset_vec                             0        0        4        0       0
                idloc                            200000   200000        8   200000       0
                config                           300000   300000        E   300000       0
dist/default/production\CortaMasa.X.production.obj
                intcodelo                            18       18       A6        C       0
                intcode                               8        8        E        4       0
                temp                                 50       50        1        1       1
                mediumconst                        7D34     7D34      2CC     3E9A       0
                text121                            549E     549E       AE        C       0
                text120                            6146     6146       78        C       0
                text119                            5C98     5C98       90        C       0
                text118                            6392     6392       70        C       0
                text117                            53EE     53EE       B0        C       0
                intcode_body                       60CE     60CE       78        C       0
                text115                            6B5A     6B5A       20     358A       0
                text114                            69B0     69B0       32        C       0
                text113                            6856     6856       46        C       0
                text112                            5B72     5B72       94        C       0
                text111                            30EA     30EA      19A        C       0
                text110                            44A4     44A4      10C        C       0
                text109                            356A     356A      15E        C       0
                text108                            646C     646C       6A        C       0
                text107                            3814     3814      14C        C       0
                text106                            6644     6644       58        C       0
                text105                            527E     527E       BC        C       0
                text104                            6780     6780       4A        C       0
                text103                            6C3E     6C3E        E     3611       0
                text102                            6AC0     6AC0       2A        C       0
                text101                            2780     2780      268        C       0
                text100                            48BA     48BA       F6        C       0
                text99                             586E     586E       9E        C       0
                text98                             6234     6234       76        C       0
                text97                             3D0A     3D0A      122        C       0
                text96                             1486     1486      2E4        C       0
                text95                             65EC     65EC       58        C       0
                text94                             631E     631E       74        C       0
                text93                             4DF8     4DF8       CC        C       0
                text92                             46BA     46BA      10A        C       0
                text91                             5E44     5E44       8E        C       0
                text90                             3F46     3F46      11A        C       0
                text89                             3AA4     3AA4      144        C       0
                text88                             2DA6     2DA6      1A6        C       0
                text87                             1CFE     1CFE      2BC        C       0
                text86                             59A8     59A8       9C        C       0
                text85                             4C5C     4C5C       D0        C       0
                text84                             4286     4286      112        C       0
                text83                             6BF6     6BF6       16     358A       0
                text82                             5730     5730       A0        C       0
                text81                             4060     4060      114        C       0
                text79                             6C8E     6C8E        6     362D       0
                text78                             5ADE     5ADE       94        C       0
                text77                             6BB2     6BB2       18     358A       0
                text76                             64D6     64D6       66        C       0
                text75                             68DE     68DE       38        C       0
                text74                             6810     6810       46        C       0
                text73                             6A96     6A96       2A        C       0
                text72                             4398     4398      10C        C       0
                text71                             2518     2518      268        C       0
                text70                             36C8     36C8      14C        C       0
                text69                             340C     340C      15E        C       0
                text68                             6594     6594       58        C       0
                text67                             6B3A     6B3A       20     358A       0
                text66                             51C2     51C2       BC        C       0
                text65                             47C4     47C4       F6        C       0
                text64                             57D0     57D0       9E        C       0
                text63                             61BE     61BE       76        C       0
                text62                             3BE8     3BE8      122        C       0
                text61                             11A2     11A2      2E4        C       0
                text60                             653C     653C       58        C       0
                text59                             62AA     62AA       74        C       0
                text58                             4D2C     4D2C       CC        C       0
                text57                             45B0     45B0      10A        C       0
                text56                             5DB6     5DB6       8E        C       0
                text55                             3E2C     3E2C      11A        C       0
                text54                             3960     3960      144        C       0
                text53                             2C00     2C00      1A6        C       0
                text52                             1A42     1A42      2BC        C       0
                text51                             590C     590C       9C        C       0
                text50                             4B8C     4B8C       D0        C       0
                text49                             4174     4174      112        C       0
                text48                             6C72     6C72        C     362D       0
                text47                             6C30     6C30        E     3611       0
                text46                             6C66     6C66        C     362D       0
                text45                             6C5A     6C5A        C     362D       0
                text44                             1FBA     1FBA      2B2        C       0
                text43                             6B14     6B14       26     358A       0
                text42                             4EC4     4EC4       C8        C       0
                text41                             6A12     6A12       30        C       0
                text40                             66EA     66EA       4C        C       0
                text39                             5106     5106       BC        C       0
                text38                             5A44     5A44       9A        C       0
                text37                             5F5E     5F5E       7C        C       0
                text36                             3284     3284      188        C       0
                text35                             2F4C     2F4C      19E        C       0
                text34                             4F8C     4F8C       BE        C       0
                text33                             55EE     55EE       A2        C       0
                text32                             6916     6916       36        C       0
                text31                             226C     226C      2AC        C       0
                text30                             6A6C     6A6C       2A        C       0
                text29                             6054     6054       7A        C       0
                text28                             67CA     67CA       46        C       0
                text27                             5D28     5D28       8E        C       0
                text26                             689C     689C       42        C       0
                text25                             69E2     69E2       30        C       0
                text24                             5FDA     5FDA       7A        C       0
                text23                             6C22     6C22        E     3611       0
                text22                              CF4      CF4      4AE        C       0
                text21                               C2       C2      C32        C       0
                text20                             669C     669C       4E        C       0
                text19                             176A     176A      2D8        C       0
                text18                             697E     697E       32        C       0
                text17                             6B7A     6B7A       1E     358A       0
                text16                             6BE0     6BE0       16     358A       0
                text15                             5ED2     5ED2       8C        C       0
                text14                             504A     504A       BC        C       0
                text13                             29E8     29E8      218        C       0
                text12                             4AA0     4AA0       EC        C       0
                text11                             49B0     49B0       F0        C       0
                text10                             533A     533A       B4        C       0
                text9                              6C86     6C86        8     362D       0
                text8                              694C     694C       32        C       0
                text7                              6C7E     6C7E        8     362D       0
                text6                              554C     554C       A2        C       0
                text5                              6B98     6B98       1A     358A       0
                text4                              6402     6402       6A        C       0
                text3                              6BCA     6BCA       16     358A       0
                text2                              5690     5690       A0        C       0
                text1                              6A42     6A42       2A        C       0
                text0                              6736     6736       4A        C       0
                cstackCOMRAM                          1        1       2A        1       1
                cstackBANK0                          60       60       45       60       1
                cstackBANK1                         100      100       77      100       1
                dataBANK1                           177      177       29      100       1
                bssBANK1                            1A0      1A0       24      100       1
                dataBANK0                            A5       A5       15       60       1
                bssBANK0                             BA       BA       12       60       1
                dataCOMRAM                           43       43        D        1       1
                bssCOMRAM                            2B       2B       18        1       1
                cinit                              5C06     5C06       92        C       0
                idataBANK1                         6AEA     6AEA       29        C       0
                idataBANK0                         6C0C     6C0C       15     358A       0
                idataCOMRAM                        6C4C     6C4C        D     3611       0

TOTAL           Name                               Link     Load   Length     Space
        CLASS   STACK          

        CLASS   CODE           
                end_init                             BE       BE        4         0
                intcodelo                            18       18       A6         0
                intcode                               8        8        E         0
                reset_vec                             0        0        4         0
                text121                            549E     549E       AE         0
                text120                            6146     6146       78         0
                text119                            5C98     5C98       90         0
                text118                            6392     6392       70         0
                text117                            53EE     53EE       B0         0
                intcode_body                       60CE     60CE       78         0
                text115                            6B5A     6B5A       20         0
                text114                            69B0     69B0       32         0
                text113                            6856     6856       46         0
                text112                            5B72     5B72       94         0
                text111                            30EA     30EA      19A         0
                text110                            44A4     44A4      10C         0
                text109                            356A     356A      15E         0
                text108                            646C     646C       6A         0
                text107                            3814     3814      14C         0
                text106                            6644     6644       58         0
                text105                            527E     527E       BC         0
                text104                            6780     6780       4A         0
                text103                            6C3E     6C3E        E         0
                text102                            6AC0     6AC0       2A         0
                text101                            2780     2780      268         0
                text100                            48BA     48BA       F6         0
                text99                             586E     586E       9E         0
                text98                             6234     6234       76         0
                text97                             3D0A     3D0A      122         0
                text96                             1486     1486      2E4         0
                text95                             65EC     65EC       58         0
                text94                             631E     631E       74         0
                text93                             4DF8     4DF8       CC         0
                text92                             46BA     46BA      10A         0
                text91                             5E44     5E44       8E         0
                text90                             3F46     3F46      11A         0
                text89                             3AA4     3AA4      144         0
                text88                             2DA6     2DA6      1A6         0
                text87                             1CFE     1CFE      2BC         0
                text86                             59A8     59A8       9C         0
                text85                             4C5C     4C5C       D0         0
                text84                             4286     4286      112         0
                text83                             6BF6     6BF6       16         0
                text82                             5730     5730       A0         0
                text81                             4060     4060      114         0
                text79                             6C8E     6C8E        6         0
                text78                             5ADE     5ADE       94         0
                text77                             6BB2     6BB2       18         0
                text76                             64D6     64D6       66         0
                text75                             68DE     68DE       38         0
                text74                             6810     6810       46         0
                text73                             6A96     6A96       2A         0
                text72                             4398     4398      10C         0
                text71                             2518     2518      268         0
                text70                             36C8     36C8      14C         0
                text69                             340C     340C      15E         0
                text68                             6594     6594       58         0
                text67                             6B3A     6B3A       20         0
                text66                             51C2     51C2       BC         0
                text65                             47C4     47C4       F6         0
                text64                             57D0     57D0       9E         0
                text63                             61BE     61BE       76         0
                text62                             3BE8     3BE8      122         0
                text61                             11A2     11A2      2E4         0
                text60                             653C     653C       58         0
                text59                             62AA     62AA       74         0
                text58                             4D2C     4D2C       CC         0
                text57                             45B0     45B0      10A         0
                text56                             5DB6     5DB6       8E         0
                text55                             3E2C     3E2C      11A         0
                text54                             3960     3960      144         0
                text53                             2C00     2C00      1A6         0
                text52                             1A42     1A42      2BC         0
                text51                             590C     590C       9C         0
                text50                             4B8C     4B8C       D0         0
                text49                             4174     4174      112         0
                text48                             6C72     6C72        C         0
                text47                             6C30     6C30        E         0
                text46                             6C66     6C66        C         0
                text45                             6C5A     6C5A        C         0
                text44                             1FBA     1FBA      2B2         0
                text43                             6B14     6B14       26         0
                text42                             4EC4     4EC4       C8         0
                text41                             6A12     6A12       30         0
                text40                             66EA     66EA       4C         0
                text39                             5106     5106       BC         0
                text38                             5A44     5A44       9A         0
                text37                             5F5E     5F5E       7C         0
                text36                             3284     3284      188         0
                text35                             2F4C     2F4C      19E         0
                text34                             4F8C     4F8C       BE         0
                text33                             55EE     55EE       A2         0
                text32                             6916     6916       36         0
                text31                             226C     226C      2AC         0
                text30                             6A6C     6A6C       2A         0
                text29                             6054     6054       7A         0
                text28                             67CA     67CA       46         0
                text27                             5D28     5D28       8E         0
                text26                             689C     689C       42         0
                text25                             69E2     69E2       30         0
                text24                             5FDA     5FDA       7A         0
                text23                             6C22     6C22        E         0
                text22                              CF4      CF4      4AE         0
                text21                               C2       C2      C32         0
                text20                             669C     669C       4E         0
                text19                             176A     176A      2D8         0
                text18                             697E     697E       32         0
                text17                             6B7A     6B7A       1E         0
                text16                             6BE0     6BE0       16         0
                text15                             5ED2     5ED2       8C         0
                text14                             504A     504A       BC         0
                text13                             29E8     29E8      218         0
                text12                             4AA0     4AA0       EC         0
                text11                             49B0     49B0       F0         0
                text10                             533A     533A       B4         0
                text9                              6C86     6C86        8         0
                text8                              694C     694C       32         0
                text7                              6C7E     6C7E        8         0
                text6                              554C     554C       A2         0
                text5                              6B98     6B98       1A         0
                text4                              6402     6402       6A         0
                text3                              6BCA     6BCA       16         0
                text2                              5690     5690       A0         0
                text1                              6A42     6A42       2A         0
                text0                              6736     6736       4A         0
                cinit                              5C06     5C06       92         0
                idataBANK1                         6AEA     6AEA       29         0
                idataBANK0                         6C0C     6C0C       15         0
                idataCOMRAM                        6C4C     6C4C        D         0

        CLASS   CONST          

        CLASS   SMALLCONST     

        CLASS   MEDIUMCONST    
                mediumconst                        7D34     7D34      2CC         0

        CLASS   COMRAM         
                temp                                 50       50        1         1
                cstackCOMRAM                          1        1       2A         1
                dataCOMRAM                           43       43        D         1
                bssCOMRAM                            2B       2B       18         1

        CLASS   ABS1           

        CLASS   BIGRAM         

        CLASS   RAM            

        CLASS   BANK0          
                cstackBANK0                          60       60       45         1
                dataBANK0                            A5       A5       15         1
                bssBANK0                             BA       BA       12         1

        CLASS   BANK1          
                cstackBANK1                         100      100       77         1
                dataBANK1                           177      177       29         1
                bssBANK1                            1A0      1A0       24         1

        CLASS   BANK2          

        CLASS   BANK3          

        CLASS   BANK4          

        CLASS   BANK5          

        CLASS   SFR            

        CLASS   FARRAM         

        CLASS   CONFIG         
                config                           300000   300000        E         0

        CLASS   IDLOC          
                idloc                            200000   200000        8         0

        CLASS   EEDATA         



SEGMENTS        Name                           Load    Length   Top    Selector   Space  Class

                reset_vec                      000000  000004  000004         0       0  CODE    
                cstackCOMRAM                   000001  000050  000051         1       1  COMRAM  
                intcode                        000008  00000E  000016         4       0  CODE    
                intcodelo                      000018  006AFB  006B13         C       0  CODE    
                cstackBANK0                    000060  00006C  0000CC        60       1  BANK0   
                cstackBANK1                    000100  0000C4  0001C4       100       1  BANK1   
                text43                         006B14  00010D  006C21      358A       0  CODE    
                text23                         006C22  000037  006C59      3611       0  CODE    
                text45                         006C5A  00003A  006C94      362D       0  CODE    
                mediumconst                    007D34  0002CC  008000      3E9A       0  MEDIUMCO
                idloc                          200000  000008  200008    200000       0  IDLOC   
                config                         300000  00000E  30000E    300000       0  CONFIG  


UNUSED ADDRESS RANGES

        Name                Unused          Largest block    Delta
        BANK0            0000CC-0000FF               34
        BANK1            0001C4-0001FF               3C
        BANK2            000200-0002FF              100
        BANK3            000300-0003FF              100
        BANK4            000400-0004FF              100
        BANK5            000500-0005FF              100
        BIGRAM           000051-00005F                F
                         0000CC-0000FF               34
                         0001C4-0005FF              43C
        CODE             000004-000007                4
                         000016-000017                2
                         006B13-006B13                1
                         006C21-006C21                1
                         006C59-006C59                1
                         006C94-007D33             10A0
        COMRAM           000051-00005F                F
        CONST            000004-000007                4
                         000016-000017                2
                         006B13-006B13                1
                         006C21-006C21                1
                         006C59-006C59                1
                         006C94-007D33             10A0
        EEDATA           F00000-F000FF              100
        MEDIUMCONST      006B13-006B13                1
                         006C21-006C21                1
                         006C59-006C59                1
                         006C94-007D33             10A0
        RAM              0000CC-0000FF               34
                         0001C4-0005FF              100
        SFR              000F38-000FFF               28
        SMALLCONST       006B13-006B13                1
                         006C21-006C21                1
                         006C59-006C59                1
                         006C94-007D33              100
        STACK            0001C4-0005FF              43C

                                  Symbol Table

?___aldiv                  cstackBANK1  000100
?___altoft                 cstackBANK1  000108
?___awdiv                  cstackBANK1  000106
?___awmod                  cstackBANK1  000100
?___ftadd                  cstackBANK1  00012D
?___ftdiv                  cstackBANK1  000112
?___ftmul                  cstackBANK1  000114
?___ftneg                  cstackBANK1  000100
?___ftpack                 cstackBANK1  000100
?___ftsub                  cstackBANK1  000139
?___fttol                  cstackBANK1  00012A
?___lldiv                  cstackBANK1  000100
?___llmod                  cstackBANK1  00010D
?___lltoft                 cstackBANK1  000108
?___lmul                   cstackBANK1  000100
?___wmul                   cstackBANK1  00010E
?__div_to_l_               cstackBANK1  000100
?__tdiv_to_l_              cstackBANK1  000100
?_fround                   cstackBANK1  000123
?_printf                   cstackBANK1  00013F
?_scale                    cstackBANK1  000123
?i1___aldiv                cstackBANK0  000060
?i1___altoft               cstackBANK0  000068
?i1___ftadd                cstackBANK0  000068
?i1___ftdiv                cstackBANK0  000072
?i1___ftmul                cstackBANK0  000068
?i1___ftpack               cstackBANK0  000060
?i1___fttol                cstackBANK0  000060
?i1___lmul                 cstackBANK0  000060
?i2___altoft               cstackCOMRAM 000009
?i2___ftpack               cstackCOMRAM 000001
UARTint@sas                cstackBANK0  000093
_ANSELAbits                (abs)        000F38
_ANSELCbits                (abs)        000F3A
_BAUDCON1bits              (abs)        000FB8
_CCP2CONbits               (abs)        000F66
_CCPR2L                    (abs)        000F67
_CCPTMRS0bits              (abs)        000F49
_DOWNisLP                  bssCOMRAM    000037
_DOWNsecurLock             bssBANK1     0001B5
_ECCP2ASbits               (abs)        000F64
_EEADR                     (abs)        000FA9
_EECON1bits                (abs)        000FA6
_EECON2                    (abs)        000FA7
_EEDATA                    (abs)        000FA8
_EEPROMConfig              text79       006C8E
_ENTERisLP                 bssBANK1     0001B6
_ENTERsecurLock            bssBANK1     0001B7
_FC1securLock              bssCOMRAM    000038
_FC2securLock              bssCOMRAM    000039
_INTCONbits                (abs)        000FF2
_IPR1bits                  (abs)        000F9F
_IPR5bits                  (abs)        000F7F
_LATBbits                  (abs)        000F8A
_LATCbits                  (abs)        000F8B
_OSCCON2bits               (abs)        000FD2
_OSCCONbits                (abs)        000FD3
_OSCTUNEbits               (abs)        000F9B
_PIE1bits                  (abs)        000F9D
_PIE5bits                  (abs)        000F7D
_PIR1bits                  (abs)        000F9E
_PIR5bits                  (abs)        000F7E
_PORTAbits                 (abs)        000F80
_PORTBbits                 (abs)        000F81
_PR2                       (abs)        000FBB
_PR4                       (abs)        000F52
_PSTR2CONbits              (abs)        000F63
_PWM2CONbits               (abs)        000F65
_PWM2Config                text76       0064D6
_ProcessStarted            bssCOMRAM    00003A
_RCONbits                  (abs)        000FD0
_RCREG1                    (abs)        000FAE
_RCSTA1bits                (abs)        000FAB
_RETROisLP                 bssCOMRAM    00003B
_RETROsecurLock            bssBANK1     0001B8
_SPBRG1                    (abs)        000FAF
_SPBRGH1                   (abs)        000FB0
_T2CONbits                 (abs)        000FBA
_T2int                     text111      0030EA
_T4CONbits                 (abs)        000F51
_T4int                     text117      0053EE
_TRISAbits                 (abs)        000F92
_TRISBbits                 (abs)        000F93
_TRISCbits                 (abs)        000F94
_TXREG1                    (abs)        000FAD
_TXSTA1bits                (abs)        000FAC
_UARTConfig                text75       0068DE
_UARTint                   text81       004060
_UPisLP                    bssCOMRAM    00003C
_UPsecurLock               bssBANK1     0001B9
_WDTCONbits                (abs)        000FD1
__CFG_BOREN$SBORDIS        (abs)        000000
__CFG_BORV$285             (abs)        000000
__CFG_CCP2MX$PORTC1        (abs)        000000
__CFG_CCP3MX$PORTB5        (abs)        000000
__CFG_CP0$OFF              (abs)        000000
__CFG_CP1$OFF              (abs)        000000
__CFG_CP2$OFF              (abs)        000000
__CFG_CP3$OFF              (abs)        000000
__CFG_CPB$OFF              (abs)        000000
__CFG_CPD$OFF              (abs)        000000
__CFG_EBTR0$OFF            (abs)        000000
__CFG_EBTR1$OFF            (abs)        000000
__CFG_EBTR2$OFF            (abs)        000000
__CFG_EBTR3$OFF            (abs)        000000
__CFG_EBTRB$OFF            (abs)        000000
__CFG_FCMEN$ON             (abs)        000000
__CFG_FOSC$INTIO67         (abs)        000000
__CFG_HFOFST$ON            (abs)        000000
__CFG_IESO$ON              (abs)        000000
__CFG_LVP$OFF              (abs)        000000
__CFG_MCLRE$EXTMCLR        (abs)        000000
__CFG_P2BMX$PORTC0         (abs)        000000
__CFG_PBADEN$OFF           (abs)        000000
__CFG_PLLCFG$ON            (abs)        000000
__CFG_PRICLKEN$ON          (abs)        000000
__CFG_PWRTEN$ON            (abs)        000000
__CFG_STVREN$ON            (abs)        000000
__CFG_T3CMX$PORTC0         (abs)        000000
__CFG_WDTEN$SWON           (abs)        000000
__CFG_WDTPS$32             (abs)        000000
__CFG_WRT0$OFF             (abs)        000000
__CFG_WRT1$OFF             (abs)        000000
__CFG_WRT2$OFF             (abs)        000000
__CFG_WRT3$OFF             (abs)        000000
__CFG_WRTB$OFF             (abs)        000000
__CFG_WRTC$OFF             (abs)        000000
__CFG_WRTD$OFF             (abs)        000000
__CFG_XINST$OFF            (abs)        000000
__HRAM                     (abs)        000000
__Habs1                    abs1         000000
__Hbank0                   bank0        000000
__Hbank1                   bank1        000000
__Hbank2                   bank2        000000
__Hbank3                   bank3        000000
__Hbank4                   bank4        000000
__Hbank5                   bank5        000000
__Hbigbss                  bigbss       000000
__Hbigdata                 bigdata      000000
__Hbigram                  bigram       000000
__Hbss                     bss          000000
__HbssBANK0                bssBANK0     000000
__HbssBANK1                bssBANK1     000000
__HbssCOMRAM               bssCOMRAM    000000
__Hcinit                   cinit        000000
__Hclrtext                 clrtext      000000
__Hcomram                  comram       000000
__Hconfig                  config       30000E
__Hconst                   const        000000
__HcstackBANK0             cstackBANK0  000000
__HcstackBANK1             cstackBANK1  000000
__HcstackCOMRAM            cstackCOMRAM 000000
__Hdata                    data         000000
__HdataBANK0               dataBANK0    000000
__HdataBANK1               dataBANK1    000000
__HdataCOMRAM              dataCOMRAM   000000
__Heeprom_data             eeprom_data  000000
__Hend_init                end_init     0000C2
__Hfarbss                  farbss       000000
__Hfardata                 fardata      000000
__Hibigdata                ibigdata     000000
__Hidata                   idata        000000
__HidataBANK0              idataBANK0   000000
__HidataBANK1              idataBANK1   000000
__HidataCOMRAM             idataCOMRAM  000000
__Hidloc                   idloc        200008
__Hifardata                ifardata     000000
__Hinit                    init         0000BE
__Hintcode                 intcode      000016
__Hintcode_body            intcode_body 000000
__Hintcodelo               intcodelo    0000BE
__Hintentry                intentry     000000
__Hintret                  intret       000000
__Hintsave_regs            intsave_regs 000000
__Hirdata                  irdata       000000
__Hmediumconst             mediumconst  008000
__HnvFARRAM                nvFARRAM     000000
__Hnvbit                   nvbit        000000
__Hnvrram                  nvrram       000000
__Hparam                   rparam       000000
__Hpowerup                 powerup      0000BE
__Hram                     ram          000000
__Hramtop                  ramtop       000600
__Hrbit                    rbit         000000
__Hrbss                    rbss         000000
__Hrdata                   rdata        000000
__Hreset_vec               reset_vec    000004
__Hrparam                  rparam       000000
__Hsfr                     sfr          000000
__Hsmallconst              smallconst   000000
__Hspace_0                 (abs)        30000E
__Hspace_1                 (abs)        0001C4
__Hspace_2                 (abs)        000000
__Hstack                   stack        000000
__Hstruct                  struct       000000
__Htemp                    temp         000051
__Htext                    text         000000
__Htext0                   text0        000000
__Htext1                   text1        000000
__Htext10                  text10       000000
__Htext100                 text100      000000
__Htext101                 text101      000000
__Htext102                 text102      000000
__Htext103                 text103      000000
__Htext104                 text104      000000
__Htext105                 text105      000000
__Htext106                 text106      000000
__Htext107                 text107      000000
__Htext108                 text108      000000
__Htext109                 text109      000000
__Htext11                  text11       000000
__Htext110                 text110      000000
__Htext111                 text111      000000
__Htext112                 text112      000000
__Htext113                 text113      000000
__Htext114                 text114      000000
__Htext115                 text115      000000
__Htext117                 text117      000000
__Htext118                 text118      000000
__Htext119                 text119      000000
__Htext12                  text12       000000
__Htext120                 text120      000000
__Htext121                 text121      000000
__Htext13                  text13       000000
__Htext14                  text14       000000
__Htext15                  text15       000000
__Htext16                  text16       000000
__Htext17                  text17       000000
__Htext18                  text18       000000
__Htext19                  text19       000000
__Htext2                   text2        000000
__Htext20                  text20       000000
__Htext21                  text21       000000
__Htext22                  text22       000000
__Htext23                  text23       000000
__Htext24                  text24       000000
__Htext25                  text25       000000
__Htext26                  text26       000000
__Htext27                  text27       000000
__Htext28                  text28       000000
__Htext29                  text29       000000
__Htext3                   text3        000000
__Htext30                  text30       000000
__Htext31                  text31       000000
__Htext32                  text32       000000
__Htext33                  text33       000000
__Htext34                  text34       000000
__Htext35                  text35       000000
__Htext36                  text36       000000
__Htext37                  text37       000000
__Htext38                  text38       000000
__Htext39                  text39       000000
__Htext4                   text4        000000
__Htext40                  text40       000000
__Htext41                  text41       000000
__Htext42                  text42       000000
__Htext43                  text43       000000
__Htext44                  text44       000000
__Htext45                  text45       000000
__Htext46                  text46       000000
__Htext47                  text47       000000
__Htext48                  text48       000000
__Htext49                  text49       000000
__Htext5                   text5        000000
__Htext50                  text50       000000
__Htext51                  text51       000000
__Htext52                  text52       000000
__Htext53                  text53       000000
__Htext54                  text54       000000
__Htext55                  text55       000000
__Htext56                  text56       000000
__Htext57                  text57       000000
__Htext58                  text58       000000
__Htext59                  text59       000000
__Htext6                   text6        000000
__Htext60                  text60       000000
__Htext61                  text61       000000
__Htext62                  text62       000000
__Htext63                  text63       000000
__Htext64                  text64       000000
__Htext65                  text65       000000
__Htext66                  text66       000000
__Htext67                  text67       000000
__Htext68                  text68       000000
__Htext69                  text69       000000
__Htext7                   text7        000000
__Htext70                  text70       000000
__Htext71                  text71       000000
__Htext72                  text72       000000
__Htext73                  text73       000000
__Htext74                  text74       000000
__Htext75                  text75       000000
__Htext76                  text76       000000
__Htext77                  text77       000000
__Htext78                  text78       000000
__Htext79                  text79       000000
__Htext8                   text8        000000
__Htext81                  text81       000000
__Htext82                  text82       000000
__Htext83                  text83       000000
__Htext84                  text84       000000
__Htext85                  text85       000000
__Htext86                  text86       000000
__Htext87                  text87       000000
__Htext88                  text88       000000
__Htext89                  text89       000000
__Htext9                   text9        000000
__Htext90                  text90       000000
__Htext91                  text91       000000
__Htext92                  text92       000000
__Htext93                  text93       000000
__Htext94                  text94       000000
__Htext95                  text95       000000
__Htext96                  text96       000000
__Htext97                  text97       000000
__Htext98                  text98       000000
__Htext99                  text99       000000
__LRAM                     (abs)        000001
__Labs1                    abs1         000000
__Lbank0                   bank0        000000
__Lbank1                   bank1        000000
__Lbank2                   bank2        000000
__Lbank3                   bank3        000000
__Lbank4                   bank4        000000
__Lbank5                   bank5        000000
__Lbigbss                  bigbss       000000
__Lbigdata                 bigdata      000000
__Lbigram                  bigram       000000
__Lbss                     bss          000000
__LbssBANK0                bssBANK0     000000
__LbssBANK1                bssBANK1     000000
__LbssCOMRAM               bssCOMRAM    000000
__Lcinit                   cinit        000000
__Lclrtext                 clrtext      000000
__Lcomram                  comram       000000
__Lconfig                  config       300000
__Lconst                   const        000000
__LcstackBANK0             cstackBANK0  000000
__LcstackBANK1             cstackBANK1  000000
__LcstackCOMRAM            cstackCOMRAM 000000
__Ldata                    data         000000
__LdataBANK0               dataBANK0    000000
__LdataBANK1               dataBANK1    000000
__LdataCOMRAM              dataCOMRAM   000000
__Leeprom_data             eeprom_data  000000
__Lend_init                end_init     0000BE
__Lfarbss                  farbss       000000
__Lfardata                 fardata      000000
__Libigdata                ibigdata     000000
__Lidata                   idata        000000
__LidataBANK0              idataBANK0   000000
__LidataBANK1              idataBANK1   000000
__LidataCOMRAM             idataCOMRAM  000000
__Lidloc                   idloc        200000
__Lifardata                ifardata     000000
__Linit                    init         0000BE
__Lintcode                 intcode      000008
__Lintcode_body            intcode_body 000000
__Lintcodelo               intcodelo    000018
__Lintentry                intentry     000000
__Lintret                  intret       000000
__Lintsave_regs            intsave_regs 000000
__Lirdata                  irdata       000000
__Lmediumconst             mediumconst  007D34
__LnvFARRAM                nvFARRAM     000000
__Lnvbit                   nvbit        000000
__Lnvrram                  nvrram       000000
__Lparam                   rparam       000000
__Lpowerup                 powerup      0000BE
__Lram                     ram          000000
__Lramtop                  ramtop       000600
__Lrbit                    rbit         000000
__Lrbss                    rbss         000000
__Lrdata                   rdata        000000
__Lreset_vec               reset_vec    000000
__Lrparam                  rparam       000000
__Lsfr                     sfr          000000
__Lsmallconst              smallconst   000000
__Lspace_0                 (abs)        000000
__Lspace_1                 (abs)        000000
__Lspace_2                 (abs)        000000
__Lstack                   stack        000000
__Lstruct                  struct       000000
__Ltemp                    temp         000050
__Ltext                    text         000000
__Ltext0                   text0        000000
__Ltext1                   text1        000000
__Ltext10                  text10       000000
__Ltext100                 text100      000000
__Ltext101                 text101      000000
__Ltext102                 text102      000000
__Ltext103                 text103      000000
__Ltext104                 text104      000000
__Ltext105                 text105      000000
__Ltext106                 text106      000000
__Ltext107                 text107      000000
__Ltext108                 text108      000000
__Ltext109                 text109      000000
__Ltext11                  text11       000000
__Ltext110                 text110      000000
__Ltext111                 text111      000000
__Ltext112                 text112      000000
__Ltext113                 text113      000000
__Ltext114                 text114      000000
__Ltext115                 text115      000000
__Ltext117                 text117      000000
__Ltext118                 text118      000000
__Ltext119                 text119      000000
__Ltext12                  text12       000000
__Ltext120                 text120      000000
__Ltext121                 text121      000000
__Ltext13                  text13       000000
__Ltext14                  text14       000000
__Ltext15                  text15       000000
__Ltext16                  text16       000000
__Ltext17                  text17       000000
__Ltext18                  text18       000000
__Ltext19                  text19       000000
__Ltext2                   text2        000000
__Ltext20                  text20       000000
__Ltext21                  text21       000000
__Ltext22                  text22       000000
__Ltext23                  text23       000000
__Ltext24                  text24       000000
__Ltext25                  text25       000000
__Ltext26                  text26       000000
__Ltext27                  text27       000000
__Ltext28                  text28       000000
__Ltext29                  text29       000000
__Ltext3                   text3        000000
__Ltext30                  text30       000000
__Ltext31                  text31       000000
__Ltext32                  text32       000000
__Ltext33                  text33       000000
__Ltext34                  text34       000000
__Ltext35                  text35       000000
__Ltext36                  text36       000000
__Ltext37                  text37       000000
__Ltext38                  text38       000000
__Ltext39                  text39       000000
__Ltext4                   text4        000000
__Ltext40                  text40       000000
__Ltext41                  text41       000000
__Ltext42                  text42       000000
__Ltext43                  text43       000000
__Ltext44                  text44       000000
__Ltext45                  text45       000000
__Ltext46                  text46       000000
__Ltext47                  text47       000000
__Ltext48                  text48       000000
__Ltext49                  text49       000000
__Ltext5                   text5        000000
__Ltext50                  text50       000000
__Ltext51                  text51       000000
__Ltext52                  text52       000000
__Ltext53                  text53       000000
__Ltext54                  text54       000000
__Ltext55                  text55       000000
__Ltext56                  text56       000000
__Ltext57                  text57       000000
__Ltext58                  text58       000000
__Ltext59                  text59       000000
__Ltext6                   text6        000000
__Ltext60                  text60       000000
__Ltext61                  text61       000000
__Ltext62                  text62       000000
__Ltext63                  text63       000000
__Ltext64                  text64       000000
__Ltext65                  text65       000000
__Ltext66                  text66       000000
__Ltext67                  text67       000000
__Ltext68                  text68       000000
__Ltext69                  text69       000000
__Ltext7                   text7        000000
__Ltext70                  text70       000000
__Ltext71                  text71       000000
__Ltext72                  text72       000000
__Ltext73                  text73       000000
__Ltext74                  text74       000000
__Ltext75                  text75       000000
__Ltext76                  text76       000000
__Ltext77                  text77       000000
__Ltext78                  text78       000000
__Ltext79                  text79       000000
__Ltext8                   text8        000000
__Ltext81                  text81       000000
__Ltext82                  text82       000000
__Ltext83                  text83       000000
__Ltext84                  text84       000000
__Ltext85                  text85       000000
__Ltext86                  text86       000000
__Ltext87                  text87       000000
__Ltext88                  text88       000000
__Ltext89                  text89       000000
__Ltext9                   text9        000000
__Ltext90                  text90       000000
__Ltext91                  text91       000000
__Ltext92                  text92       000000
__Ltext93                  text93       000000
__Ltext94                  text94       000000
__Ltext95                  text95       000000
__Ltext96                  text96       000000
__Ltext97                  text97       000000
__Ltext98                  text98       000000
__Ltext99                  text99       000000
__S0                       (abs)        30000E
__S1                       (abs)        0001C4
__S2                       (abs)        000000
___aldiv                   text55       003E2C
___aldiv@counter           cstackBANK1  000108
___aldiv@dividend          cstackBANK1  000100
___aldiv@divisor           cstackBANK1  000104
___aldiv@quotient          cstackBANK1  00010A
___aldiv@sign              cstackBANK1  000109
___altoft                  text64       0057D0
___altoft@c                cstackBANK1  000108
___altoft@exp              cstackBANK1  000110
___altoft@sign             cstackBANK1  000111
___awdiv                   text34       004F8C
___awdiv@counter           cstackBANK1  00010A
___awdiv@dividend          cstackBANK1  000106
___awdiv@divisor           cstackBANK1  000108
___awdiv@quotient          cstackBANK1  00010C
___awdiv@sign              cstackBANK1  00010B
___awmod                   text33       0055EE
___awmod@counter           cstackBANK1  000104
___awmod@dividend          cstackBANK1  000100
___awmod@divisor           cstackBANK1  000102
___awmod@sign              cstackBANK1  000105
___ftadd                   text71       002518
___ftadd@exp1              cstackBANK1  000138
___ftadd@exp2              cstackBANK1  000137
___ftadd@f1                cstackBANK1  00012D
___ftadd@f2                cstackBANK1  000130
___ftadd@sign              cstackBANK1  000136
___ftdiv                   text70       0036C8
___ftdiv@cntr              cstackBANK1  00011B
___ftdiv@exp               cstackBANK1  00011F
___ftdiv@f1                cstackBANK1  000112
___ftdiv@f2                cstackBANK1  000115
___ftdiv@f3                cstackBANK1  00011C
___ftdiv@sign              cstackBANK1  000120
___ftge                    text42       004EC4
___ftge@ff1                cstackBANK1  000100
___ftge@ff2                cstackBANK1  000103
___ftmul                   text69       00340C
___ftmul@cntr              cstackBANK1  000121
___ftmul@exp               cstackBANK1  00011D
___ftmul@f1                cstackBANK1  000114
___ftmul@f2                cstackBANK1  000117
___ftmul@f3_as_product     cstackBANK1  00011E
___ftmul@sign              cstackBANK1  000122
___ftneg                   text41       006A12
___ftneg@f1                cstackBANK1  000100
___ftpack                  text72       004398
___ftpack@arg              cstackBANK1  000100
___ftpack@exp              cstackBANK1  000103
___ftpack@sign             cstackBANK1  000104
___ftsub                   text40       0066EA
___ftsub@f1                cstackBANK1  000139
___ftsub@f2                cstackBANK1  00013C
___fttol                   text54       003960
___fttol@exp1              cstackBANK1  000138
___fttol@f1                cstackBANK1  00012A
___fttol@lval              cstackBANK1  000134
___fttol@sign1             cstackBANK1  000133
___inthi_sp                stack        000000
___intlo_sp                stack        000000
___lldiv                   text39       005106
___lldiv@counter           cstackBANK1  00010C
___lldiv@dividend          cstackBANK1  000100
___lldiv@divisor           cstackBANK1  000104
___lldiv@quotient          cstackBANK1  000108
___llmod                   text38       005A44
___llmod@counter           cstackBANK1  000115
___llmod@dividend          cstackBANK1  00010D
___llmod@divisor           cstackBANK1  000111
___lltoft                  text37       005F5E
___lltoft@c                cstackBANK1  000108
___lltoft@exp              cstackBANK1  000110
___lmul                    text63       0061BE
___lmul@multiplicand       cstackBANK1  000104
___lmul@multiplier         cstackBANK1  000100
___lmul@product            cstackBANK1  000108
___param_bank              (abs)        000010
___rparam_used             (abs)        000001
___sp                      stack        000000
___wmul                    text32       006916
___wmul@multiplicand       cstackBANK1  000110
___wmul@multiplier         cstackBANK1  00010E
___wmul@product            cstackBANK1  000112
__accesstop                (abs)        000060
__activetblptr             (abs)        000002
__div_to_l_                text36       003284
__div_to_l_@cntr           cstackBANK1  00010A
__div_to_l_@exp1           cstackBANK1  00010B
__div_to_l_@f1             cstackBANK1  000100
__div_to_l_@f2             cstackBANK1  000103
__div_to_l_@quot           cstackBANK1  000106
__end_of_EEPROMConfig      text79       006C94
__end_of_PWM2Config        text76       00653C
__end_of_T2int             text111      003284
__end_of_T4int             text117      00549E
__end_of_UARTConfig        text75       006916
__end_of_UARTint           text81       004174
__end_of___aldiv           text55       003F46
__end_of___altoft          text64       00586E
__end_of___awdiv           text34       00504A
__end_of___awmod           text33       005690
__end_of___ftadd           text71       002780
__end_of___ftdiv           text70       003814
__end_of___ftge            text42       004F8C
__end_of___ftmul           text69       00356A
__end_of___ftneg           text41       006A42
__end_of___ftpack          text72       0044A4
__end_of___ftsub           text40       006736
__end_of___fttol           text54       003AA4
__end_of___lldiv           text39       0051C2
__end_of___llmod           text38       005ADE
__end_of___lltoft          text37       005FDA
__end_of___lmul            text63       006234
__end_of___wmul            text32       00694C
__end_of__div_to_l_        text36       00340C
__end_of__initialization   cinit        005C8A
__end_of__npowers_         mediumconst  007D84
__end_of__powers_          mediumconst  007DAB
__end_of__tdiv_to_l_       text35       0030EA
__end_of_buttonChecking    text44       00226C
__end_of_calcSysVars       text4        00646C
__end_of_calcVars2ti       text68       0065EC
__end_of_chanValDigDOWN    text58       004DF8
__end_of_chanValDigUP      text50       004C5C
__end_of_checkPass         text56       005E44
__end_of_clockConfig       text43       006B3A
__end_of_confirmEdition    text65       0048BA
__end_of_delay_ms          text74       006856
__end_of_desintegrator     text53       002DA6
__end_of_dpowers           mediumconst  007D5D
__end_of_drawAdvON         text20       0066EA
__end_of_drawAutoCalibRM   text18       0069B0
__end_of_drawBadPass       text16       006BF6
__end_of_drawCalibProc     text15       005F5E
__end_of_drawChanVal       text14       005106
__end_of_drawMenu          text13       002C00
__end_of_drawPass1Lin      text17       006B98
__end_of_drawPassWord      text12       004B8C
__end_of_drawSNquest       text11       004AA0
__end_of_drawScreen        text10       0053EE
__end_of_drawValEditor     text19       001A42
__end_of_fround            text31       002518
__end_of_hp_isr            intcode_body 006146
__end_of_integrator        text62       003D0A
__end_of_interruptConfig   text9        006C8E
__end_of_ioConfig          text8        00697E
__end_of_ioInitStt         text7        006C86
__end_of_isdigit           text30       006A96
__end_of_isr               intcodelo    0000BE
__end_of_lcd_gotoxy        text25       006A12
__end_of_lcd_init          text6        0055EE
__end_of_lcd_putc          text24       006054
__end_of_lcd_read_4bits    text29       0060CE
__end_of_lcd_read_byte     text28       006810
__end_of_lcd_send_4bits    text27       005DB6
__end_of_lcd_send_byte     text26       0068DE
__end_of_loadSysParams     text104      0067CA
__end_of_longPressDOWN     text73       006AC0
__end_of_longPressENTER    text61       001486
__end_of_longPressRETRO    text60       006594
__end_of_longPressUP       text59       00631E
__end_of_main              text0        006780
__end_of_pressDOWN         text57       0046BA
__end_of_pressENTER        text52       001CFE
__end_of_pressRETRO        text51       0059A8
__end_of_pressUP           text49       004286
__end_of_printf            text21       000CF4
__end_of_putch             text23       006C30
__end_of_putchUART         text103      006C4C
__end_of_readEEPROM        text3        006BE0
__end_of_releaseDOWN       text48       006C7E
__end_of_releaseENTER      text47       006C3E
__end_of_releaseRETRO      text46       006C72
__end_of_releaseUP         text45       006C66
__end_of_saveProcessState  text114      0069E2
__end_of_saveSysParams     text66       00527E
__end_of_scale             text22       0011A2
__end_of_setPWM2duty       text78       005B72
__end_of_setPWM2on         text5        006BB2
__end_of_sysParamInit      text2        005730
__end_of_t2config          text77       006BCA
__end_of_t4config          text1        006A6C
__end_of_writeEEPROM       text67       006B5A
__end_ofi1___aldiv         text90       004060
__end_ofi1___altoft        text99       00590C
__end_ofi1___ftadd         text101      0029E8
__end_ofi1___ftdiv         text107      003960
__end_ofi1___ftmul         text109      0036C8
__end_ofi1___ftpack        text110      0045B0
__end_ofi1___fttol         text89       003BE8
__end_ofi1___lmul          text98       0062AA
__end_ofi1_calcSysVars     text108      0064D6
__end_ofi1_calcVars2ti     text106      00669C
__end_ofi1_chanValDigDOWN  text93       004EC4
__end_ofi1_chanValDigUP    text85       004D2C
__end_ofi1_checkPass       text91       005ED2
__end_ofi1_confirmEdition  text100      0049B0
__end_ofi1_delay_ms        text113      00689C
__end_ofi1_desintegrator   text88       002F4C
__end_ofi1_integrator      text97       003E2C
__end_ofi1_longPressDOWN   text102      006AEA
__end_ofi1_longPressENTER  text96       00176A
__end_ofi1_longPressRETRO  text95       006644
__end_ofi1_longPressUP     text94       006392
__end_ofi1_pressDOWN       text92       0047C4
__end_ofi1_pressENTER      text87       001FBA
__end_ofi1_pressRETRO      text86       005A44
__end_ofi1_pressUP         text84       004398
__end_ofi1_readEEPROM      text83       006C0C
__end_ofi1_saveSysParams   text105      00533A
__end_ofi1_setPWM2duty     text112      005C06
__end_ofi1_sysParamInit    text82       0057D0
__end_ofi1_writeEEPROM     text115      006B7A
__end_ofi2___altoft        text120      0061BE
__end_ofi2___ftge          text119      005D28
__end_ofi2___ftpack        text121      00554C
__end_ofi2_setPWM2duty     text118      006402
__initialization           cinit        005C06
__mediumconst              mediumconst  007D34
__npowers_                 mediumconst  007D5D
__pbssBANK0                bssBANK0     0000BA
__pbssBANK1                bssBANK1     0001A0
__pbssCOMRAM               bssCOMRAM    00002B
__pcinit                   cinit        005C06
__pcstackBANK0             cstackBANK0  000060
__pcstackBANK1             cstackBANK1  000100
__pcstackCOMRAM            cstackCOMRAM 000001
__pdataBANK0               dataBANK0    0000A5
__pdataBANK1               dataBANK1    000177
__pdataCOMRAM              dataCOMRAM   000043
__pidataBANK0              idataBANK0   006C0C
__pidataBANK1              idataBANK1   006AEA
__pidataCOMRAM             idataCOMRAM  006C4C
__pintcode                 intcode      000008
__pintcode_body            intcode_body 0060CE
__pintcodelo               intcodelo    000018
__pmediumconst             mediumconst  007D34
__powers_                  mediumconst  007D84
__ptext0                   text0        006736
__ptext1                   text1        006A42
__ptext10                  text10       00533A
__ptext100                 text100      0048BA
__ptext101                 text101      002780
__ptext102                 text102      006AC0
__ptext103                 text103      006C3E
__ptext104                 text104      006780
__ptext105                 text105      00527E
__ptext106                 text106      006644
__ptext107                 text107      003814
__ptext108                 text108      00646C
__ptext109                 text109      00356A
__ptext11                  text11       0049B0
__ptext110                 text110      0044A4
__ptext111                 text111      0030EA
__ptext112                 text112      005B72
__ptext113                 text113      006856
__ptext114                 text114      0069B0
__ptext115                 text115      006B5A
__ptext117                 text117      0053EE
__ptext118                 text118      006392
__ptext119                 text119      005C98
__ptext12                  text12       004AA0
__ptext120                 text120      006146
__ptext121                 text121      00549E
__ptext13                  text13       0029E8
__ptext14                  text14       00504A
__ptext15                  text15       005ED2
__ptext16                  text16       006BE0
__ptext17                  text17       006B7A
__ptext18                  text18       00697E
__ptext19                  text19       00176A
__ptext2                   text2        005690
__ptext20                  text20       00669C
__ptext21                  text21       0000C2
__ptext22                  text22       000CF4
__ptext23                  text23       006C22
__ptext24                  text24       005FDA
__ptext25                  text25       0069E2
__ptext26                  text26       00689C
__ptext27                  text27       005D28
__ptext28                  text28       0067CA
__ptext29                  text29       006054
__ptext3                   text3        006BCA
__ptext30                  text30       006A6C
__ptext31                  text31       00226C
__ptext32                  text32       006916
__ptext33                  text33       0055EE
__ptext34                  text34       004F8C
__ptext35                  text35       002F4C
__ptext36                  text36       003284
__ptext37                  text37       005F5E
__ptext38                  text38       005A44
__ptext39                  text39       005106
__ptext4                   text4        006402
__ptext40                  text40       0066EA
__ptext41                  text41       006A12
__ptext42                  text42       004EC4
__ptext43                  text43       006B14
__ptext44                  text44       001FBA
__ptext45                  text45       006C5A
__ptext46                  text46       006C66
__ptext47                  text47       006C30
__ptext48                  text48       006C72
__ptext49                  text49       004174
__ptext5                   text5        006B98
__ptext50                  text50       004B8C
__ptext51                  text51       00590C
__ptext52                  text52       001A42
__ptext53                  text53       002C00
__ptext54                  text54       003960
__ptext55                  text55       003E2C
__ptext56                  text56       005DB6
__ptext57                  text57       0045B0
__ptext58                  text58       004D2C
__ptext59                  text59       0062AA
__ptext6                   text6        00554C
__ptext60                  text60       00653C
__ptext61                  text61       0011A2
__ptext62                  text62       003BE8
__ptext63                  text63       0061BE
__ptext64                  text64       0057D0
__ptext65                  text65       0047C4
__ptext66                  text66       0051C2
__ptext67                  text67       006B3A
__ptext68                  text68       006594
__ptext69                  text69       00340C
__ptext7                   text7        006C7E
__ptext70                  text70       0036C8
__ptext71                  text71       002518
__ptext72                  text72       004398
__ptext73                  text73       006A96
__ptext74                  text74       006810
__ptext75                  text75       0068DE
__ptext76                  text76       0064D6
__ptext77                  text77       006BB2
__ptext78                  text78       005ADE
__ptext79                  text79       006C8E
__ptext8                   text8        00694C
__ptext81                  text81       004060
__ptext82                  text82       005730
__ptext83                  text83       006BF6
__ptext84                  text84       004286
__ptext85                  text85       004C5C
__ptext86                  text86       0059A8
__ptext87                  text87       001CFE
__ptext88                  text88       002DA6
__ptext89                  text89       003AA4
__ptext9                   text9        006C86
__ptext90                  text90       003F46
__ptext91                  text91       005E44
__ptext92                  text92       0046BA
__ptext93                  text93       004DF8
__ptext94                  text94       00631E
__ptext95                  text95       0065EC
__ptext96                  text96       001486
__ptext97                  text97       003D0A
__ptext98                  text98       006234
__ptext99                  text99       00586E
__ramtop                   ramtop       000600
__size_of_EEPROMConfig     (abs)        000000
__size_of_PWM2Config       (abs)        000000
__size_of_T2int            (abs)        000000
__size_of_T4int            (abs)        000000
__size_of_UARTConfig       (abs)        000000
__size_of_UARTint          (abs)        000000
__size_of___aldiv          (abs)        000000
__size_of___altoft         (abs)        000000
__size_of___awdiv          (abs)        000000
__size_of___awmod          (abs)        000000
__size_of___ftadd          (abs)        000000
__size_of___ftdiv          (abs)        000000
__size_of___ftge           (abs)        000000
__size_of___ftmul          (abs)        000000
__size_of___ftneg          (abs)        000000
__size_of___ftpack         (abs)        000000
__size_of___ftsub          (abs)        000000
__size_of___fttol          (abs)        000000
__size_of___lldiv          (abs)        000000
__size_of___llmod          (abs)        000000
__size_of___lltoft         (abs)        000000
__size_of___lmul           (abs)        000000
__size_of___wmul           (abs)        000000
__size_of__div_to_l_       (abs)        000000
__size_of__tdiv_to_l_      (abs)        000000
__size_of_buttonChecking   (abs)        000000
__size_of_calcSysVars      (abs)        000000
__size_of_calcVars2ti      (abs)        000000
__size_of_chanValDigDOWN   (abs)        000000
__size_of_chanValDigUP     (abs)        000000
__size_of_checkPass        (abs)        000000
__size_of_clockConfig      (abs)        000000
__size_of_confirmEdition   (abs)        000000
__size_of_delay_ms         (abs)        000000
__size_of_desintegrator    (abs)        000000
__size_of_drawAdvON        (abs)        000000
__size_of_drawAutoCalibRM  (abs)        000000
__size_of_drawBadPass      (abs)        000000
__size_of_drawCalibProc    (abs)        000000
__size_of_drawChanVal      (abs)        000000
__size_of_drawMenu         (abs)        000000
__size_of_drawPass1Lin     (abs)        000000
__size_of_drawPassWord     (abs)        000000
__size_of_drawSNquest      (abs)        000000
__size_of_drawScreen       (abs)        000000
__size_of_drawValEditor    (abs)        000000
__size_of_fround           (abs)        000000
__size_of_hp_isr           (abs)        000000
__size_of_integrator       (abs)        000000
__size_of_interruptConfig  (abs)        000000
__size_of_ioConfig         (abs)        000000
__size_of_ioInitStt        (abs)        000000
__size_of_isdigit          (abs)        000000
__size_of_isr              (abs)        000000
__size_of_lcd_gotoxy       (abs)        000000
__size_of_lcd_init         (abs)        000000
__size_of_lcd_putc         (abs)        000000
__size_of_lcd_read_4bits   (abs)        000000
__size_of_lcd_read_byte    (abs)        000000
__size_of_lcd_send_4bits   (abs)        000000
__size_of_lcd_send_byte    (abs)        000000
__size_of_loadSysParams    (abs)        000000
__size_of_longPressDOWN    (abs)        000000
__size_of_longPressENTER   (abs)        000000
__size_of_longPressRETRO   (abs)        000000
__size_of_longPressUP      (abs)        000000
__size_of_main             (abs)        000000
__size_of_pressDOWN        (abs)        000000
__size_of_pressENTER       (abs)        000000
__size_of_pressRETRO       (abs)        000000
__size_of_pressUP          (abs)        000000
__size_of_printf           (abs)        000000
__size_of_putch            (abs)        000000
__size_of_putchUART        (abs)        000000
__size_of_readEEPROM       (abs)        000000
__size_of_releaseDOWN      (abs)        000000
__size_of_releaseENTER     (abs)        000000
__size_of_releaseRETRO     (abs)        000000
__size_of_releaseUP        (abs)        000000
__size_of_saveProcessState (abs)        000000
__size_of_saveSysParams    (abs)        000000
__size_of_scale            (abs)        000000
__size_of_setPWM2duty      (abs)        000000
__size_of_setPWM2on        (abs)        000000
__size_of_sysParamInit     (abs)        000000
__size_of_t2config         (abs)        000000
__size_of_t4config         (abs)        000000
__size_of_writeEEPROM      (abs)        000000
__size_ofi1___aldiv        (abs)        000000
__size_ofi1___altoft       (abs)        000000
__size_ofi1___ftadd        (abs)        000000
__size_ofi1___ftdiv        (abs)        000000
__size_ofi1___ftmul        (abs)        000000
__size_ofi1___ftpack       (abs)        000000
__size_ofi1___fttol        (abs)        000000
__size_ofi1___lmul         (abs)        000000
__size_ofi1_calcSysVars    (abs)        000000
__size_ofi1_calcVars2ti    (abs)        000000
__size_ofi1_chanValDigDOWN (abs)        000000
__size_ofi1_chanValDigUP   (abs)        000000
__size_ofi1_checkPass      (abs)        000000
__size_ofi1_confirmEdition (abs)        000000
__size_ofi1_delay_ms       (abs)        000000
__size_ofi1_desintegrator  (abs)        000000
__size_ofi1_integrator     (abs)        000000
__size_ofi1_longPressDOWN  (abs)        000000
__size_ofi1_longPressENTER (abs)        000000
__size_ofi1_longPressRETRO (abs)        000000
__size_ofi1_longPressUP    (abs)        000000
__size_ofi1_pressDOWN      (abs)        000000
__size_ofi1_pressENTER     (abs)        000000
__size_ofi1_pressRETRO     (abs)        000000
__size_ofi1_pressUP        (abs)        000000
__size_ofi1_readEEPROM     (abs)        000000
__size_ofi1_saveSysParams  (abs)        000000
__size_ofi1_setPWM2duty    (abs)        000000
__size_ofi1_sysParamInit   (abs)        000000
__size_ofi1_writeEEPROM    (abs)        000000
__size_ofi2___altoft       (abs)        000000
__size_ofi2___ftge         (abs)        000000
__size_ofi2___ftpack       (abs)        000000
__size_ofi2_setPWM2duty    (abs)        000000
__smallconst               smallconst   000000
__tdiv_to_l_               text35       002F4C
__tdiv_to_l_@cntr          cstackBANK1  00010D
__tdiv_to_l_@exp1          cstackBANK1  00010E
__tdiv_to_l_@f1            cstackBANK1  000100
__tdiv_to_l_@f2            cstackBANK1  000103
__tdiv_to_l_@quot          cstackBANK1  000109
_actualScreen              bssBANK1     0001BA
_bladeIsUP                 bssBANK0     0000C9
_buttonChecking            text44       001FBA
_calFactor                 bssCOMRAM    00002F
_calcSysVars               text4        006402
_calcVars2ti               text68       006594
_calibLevel                bssBANK1     0001BB
_chanValChar               bssBANK0     0000BA
_chanValDigDOWN            text58       004D2C
_chanValDigUP              text50       004B8C
_chanValSection            dataBANK1    000194
_chanValdig                bssBANK1     0001A0
_chanValf                  bssBANK1     0001AE
_chanVals                  bssBANK1     0001B1
_checkPass                 text56       005DB6
_clockConfig               text43       006B14
_confirmEdition            text65       0047C4
_contra                    bssBANK0     0000C0
_delay_ms                  text74       006810
_desintegrator             text53       002C00
_diamTubo                  dataBANK0    0000A9
_dpowers                   mediumconst  007D35
_drawAdvON                 text20       00669C
_drawAutoCalibRM           text18       00697E
_drawBadPass               text16       006BE0
_drawCalibProc             text15       005ED2
_drawChanVal               text14       00504A
_drawMenu                  text13       0029E8
_drawPass1Lin              text17       006B7A
_drawPassWord              text12       004AA0
_drawSNquest               text11       0049B0
_drawScreen                text10       00533A
_drawValEditor             text19       00176A
_exp10                     dataBANK1    000177
_fData                     bssBANK0     0000C4
_fd                        bssBANK1     0001BC
_flech                     dataBANK1    000195
_fround                    text31       00226C
_fround$2992               cstackBANK1  000129
_fround$2993               cstackBANK1  000126
_holdDOWNcont              bssBANK1     0001BD
_holdENTERcont             bssBANK1     0001BE
_holdFC1cont               bssCOMRAM    00003D
_holdFC2cont               bssCOMRAM    00003E
_holdRETROcont             bssBANK1     0001BF
_holdUPcont                bssBANK1     0001C0
_hp_isr                    intcode      000008
_i16Data                   bssBANK0     0000C7
_ie                        bssBANK0     0000CA
_integrator                text62       003BE8
_interruptConfig           text9        006C86
_introducido               bssBANK1     0001A6
_ioConfig                  text8        00694C
[...]
Total ram usage:        6 bytes
 Hardware stack levels used:    1
 Hardware stack levels required when called:    4
 This function calls:
		Nothing
 This function is called by:
		_T2int
		i1_pressENTER
		i1_longPressENTER
 This function uses a non-reentrant model


 *************** function i1_delay_ms *****************
 Defined at:
		line 13 in file "source/../../delay.h"
 Parameters:    Size  Location     Type
  del             2    0[BANK0 ] int 
 Auto vars:     Size  Location     Type
  delay_ms        2    3[BANK0 ] int 
 Return value:  Size  Location     Type
                  1    wreg      void 
 Registers used:
		wreg, status,2, status,0
 Tracked objects:
		On entry : 
		On exit  : 
		Unchanged: 
 Data sizes:     COMRAM   BANK0   BANK1   BANK2   BANK3   BANK4   BANK5
      Params:         0       2       0       0       0       0       0
      Locals:         0       2       0       0       0       0       0
      Temps:          0       1       0       0       0       0       0
      Totals:         0       5       0       0       0       0       0
Total ram usage:        5 bytes
 Hardware stack levels used:    1
 Hardware stack levels required when called:    4
 This function calls:
		Nothing
 This function is called by:
		_T2int
 This function uses a non-reentrant model


 *************** function _saveProcessState *****************
 Defined at:
		line 153 in file "source/sysParams.h"
 Parameters:    Size  Location     Type
		None
 Auto vars:     Size  Location     Type
		None
 Return value:  Size  Location     Type
                  1    wreg      void 
 Registers used:
		wreg, status,2, cstack
 Tracked objects:
		On entry : 
		On exit  : 
		Unchanged: 
 Data sizes:     COMRAM   BANK0   BANK1   BANK2   BANK3   BANK4   BANK5
      Params:         0       0       0       0       0       0       0
      Locals:         0       0       0       0       0       0       0
      Temps:          0       0       0       0       0       0       0
      Totals:         0       0       0       0       0       0       0
Total ram usage:        0 bytes
 Hardware stack levels used:    1
 Hardware stack levels required when called:    5
 This function calls:
		i1_writeEEPROM
 This function is called by:
		_T2int
 This function uses a non-reentrant model


 *************** function i1_writeEEPROM *****************
 Defined at:
		line 51 in file "source/sysParams.h"
 Parameters:    Size  Location     Type
  adr             1    wreg     unsigned char 
  data            1    0[BANK0 ] unsigned char 
 Auto vars:     Size  Location     Type
  adr             1    1[BANK0 ] unsigned char 
 Return value:  Size  Location     Type
                  1    wreg      void 
 Registers used:
		wreg, status,2
 Tracked objects:
		On entry : 
		On exit  : 
		Unchanged: 
 Data sizes:     COMRAM   BANK0   BANK1   BANK2   BANK3   BANK4   BANK5
      Params:         0       1       0       0       0       0       0
      Locals:         0       1       0       0       0       0       0
      Temps:          0       0       0       0       0       0       0
      Totals:         0       2       0       0       0       0       0
Total ram usage:        2 bytes
 Hardware stack levels used:    1
 Hardware stack levels required when called:    4
 This function calls:
		Nothing
 This function is called by:
		_saveProcessState
		i1_saveSysParams
 This function uses a non-reentrant model


 *************** function _hp_isr *****************
 Defined at:
		line 14 in file "source/main.c"
 Parameters:    Size  Location     Type
		None
 Auto vars:     Size  Location     Type
		None
 Return value:  Size  Location     Type
                  1    wreg      void 
 Registers used:
		wreg, status,2, status,0, cstack
 Tracked objects:
		On entry : 
		On exit  : 
		Unchanged: 
 Data sizes:     COMRAM   BANK0   BANK1   BANK2   BANK3   BANK4   BANK5
      Params:         0       0       0       0       0       0       0
      Locals:         0       0       0       0       0       0       0
      Temps:         14       0       0       0       0       0       0
      Totals:        14       0       0       0       0       0       0
Total ram usage:       14 bytes
 Hardware stack levels used:    1
 Hardware stack levels required when called:    3
 This function calls:
		_T4int
 This function is called by:
		Interrupt level 2
 This function uses a non-reentrant model


 *************** function _T4int *****************
 Defined at:
		line 13 in file "source/T4Config.h"
 Parameters:    Size  Location     Type
		None
 Auto vars:     Size  Location     Type
		None
 Return value:  Size  Location     Type
                  1    wreg      void 
 Registers used:
		wreg, status,2, status,0, cstack
 Tracked objects:
		On entry : 
		On exit  : 
		Unchanged: 
 Data sizes:     COMRAM   BANK0   BANK1   BANK2   BANK3   BANK4   BANK5
      Params:         0       0       0       0       0       0       0
      Locals:         0       0       0       0       0       0       0
      Temps:          1       0       0       0       0       0       0
      Totals:         1       0       0       0       0       0       0
Total ram usage:        1 bytes
 Hardware stack levels used:    1
 Hardware stack levels required when called:    2
 This function calls:
		i2___altoft
		i2___ftge
		i2_setPWM2duty
 This function is called by:
		_hp_isr
 This function uses a non-reentrant model


 *************** function i2_setPWM2duty *****************
 Defined at:
		line 34 in file "source/PWMConfig.h"
 Parameters:    Size  Location     Type
  actuator        2    0[COMRAM] short 
 Auto vars:     Size  Location     Type
  setPWM2duty     2    4[COMRAM] short 
 Return value:  Size  Location     Type
                  1    wreg      void 
 Registers used:
		wreg, status,2, status,0
 Tracked objects:
		On entry : 
		On exit  : 
		Unchanged: 
 Data sizes:     COMRAM   BANK0   BANK1   BANK2   BANK3   BANK4   BANK5
      Params:         2       0       0       0       0       0       0
      Locals:         2       0       0       0       0       0       0
      Temps:          2       0       0       0       0       0       0
      Totals:         6       0       0       0       0       0       0
Total ram usage:        6 bytes
 Hardware stack levels used:    1
 This function calls:
		Nothing
 This function is called by:
		_T4int
 This function uses a non-reentrant model


 *************** function i2___ftge *****************
 Defined at:
		line 4 in file "C:\Program Files (x86)\Microchip\xc8\v1.38\sources\common\ftge.c"
 Parameters:    Size  Location     Type
  ff1             3   18[COMRAM] float 
  ff2             3   21[COMRAM] float 
 Auto vars:     Size  Location     Type
		None
 Return value:  Size  Location     Type
		None               void
 Registers used:
		wreg, status,2, status,0
 Tracked objects:
		On entry : 
		On exit  : 
		Unchanged: 
 Data sizes:     COMRAM   BANK0   BANK1   BANK2   BANK3   BANK4   BANK5
      Params:         6       0       0       0       0       0       0
      Locals:         0       0       0       0       0       0       0
      Temps:          3       0       0       0       0       0       0
      Totals:         9       0       0       0       0       0       0
Total ram usage:        9 bytes
 Hardware stack levels used:    1
 This function calls:
		Nothing
 This function is called by:
		_T4int
 This function uses a non-reentrant model


 *************** function i2___altoft *****************
 Defined at:
		line 42 in file "C:\Program Files (x86)\Microchip\xc8\v1.38\sources\common\altoft.c"
 Parameters:    Size  Location     Type
  c               4    8[COMRAM] long 
 Auto vars:     Size  Location     Type
  __altoft        1   17[COMRAM] unsigned char 
  __altoft        1   16[COMRAM] unsigned char 
 Return value:  Size  Location     Type
                  3    8[COMRAM] float 
 Registers used:
		wreg, status,2, status,0, cstack
 Tracked objects:
		On entry : 
		On exit  : 
		Unchanged: 
 Data sizes:     COMRAM   BANK0   BANK1   BANK2   BANK3   BANK4   BANK5
      Params:         4       0       0       0       0       0       0
      Locals:         2       0       0       0       0       0       0
      Temps:          4       0       0       0       0       0       0
      Totals:        10       0       0       0       0       0       0
Total ram usage:       10 bytes
 Hardware stack levels used:    1
 Hardware stack levels required when called:    1
 This function calls:
		i2___ftpack
 This function is called by:
		_T4int
 This function uses a non-reentrant model


 *************** function i2___ftpack *****************
 Defined at:
		line 62 in file "C:\Program Files (x86)\Microchip\xc8\v1.38\sources\common\float.c"
 Parameters:    Size  Location     Type
  arg             3    0[COMRAM] unsigned um
  exp             1    3[COMRAM] unsigned char 
  sign            1    4[COMRAM] unsigned char 
 Auto vars:     Size  Location     Type
		None
 Return value:  Size  Location     Type
                  3    0[COMRAM] float 
 Registers used:
		wreg, status,2, status,0
 Tracked objects:
		On entry : 
		On exit  : 
		Unchanged: 
 Data sizes:     COMRAM   BANK0   BANK1   BANK2   BANK3   BANK4   BANK5
      Params:         5       0       0       0       0       0       0
      Locals:         0       0       0       0       0       0       0
      Temps:          3       0       0       0       0       0       0
      Totals:         8       0       0       0       0       0       0
Total ram usage:        8 bytes
 Hardware stack levels used:    1
 This function calls:
		Nothing
 This function is called by:
		i2___altoft
 This function uses a non-reentrant model



MODULE INFORMATION

Module		Function		Class		Link	Load	Size
C:\Program Files (x86)\Microchip\xc8\v1.38\sources\common\ftsub.c
		___ftsub       		CODE           	66EA	0000	77

C:\Program Files (x86)\Microchip\xc8\v1.38\sources\common\ftsub.c estimated size: 77

C:\Program Files (x86)\Microchip\xc8\v1.38\sources\common\float.c
		___ftpack      		CODE           	4398	0000	269

C:\Program Files (x86)\Microchip\xc8\v1.38\sources\common\float.c estimated size: 269

source/ButtonController.h
		_buttonChecking		CODE           	1FBA	0000	691

source/ButtonController.h estimated size: 691

C:\Program Files (x86)\Microchip\xc8\v1.38\sources\common\awmod.c
		___awmod       		CODE           	55EE	0000	163

C:\Program Files (x86)\Microchip\xc8\v1.38\sources\common\awmod.c estimated size: 163

C:\Program Files (x86)\Microchip\xc8\v1.38\sources\common\ftdivl.c
		__tdiv_to_l_   		CODE           	2F4C	0000	415

C:\Program Files (x86)\Microchip\xc8\v1.38\sources\common\ftdivl.c estimated size: 415

C:\Program Files (x86)\Microchip\xc8\v1.38\sources\common\llmod.c
		___llmod       		CODE           	5A44	0000	155

C:\Program Files (x86)\Microchip\xc8\v1.38\sources\common\llmod.c estimated size: 155

C:\Program Files (x86)\Microchip\xc8\v1.38\sources\common\Umul16.c
		___wmul        		CODE           	6916	0000	55

C:\Program Files (x86)\Microchip\xc8\v1.38\sources\common\Umul16.c estimated size: 55

source/screenDrawers.h
		_drawChanVal   		CODE           	504A	0000	189
		_drawPass1Lin  		CODE           	6B7A	0000	31
		_drawPassWord  		CODE           	4AA0	0000	237
		_drawCalibProc 		CODE           	5ED2	0000	141
		_drawBadPass   		CODE           	6BE0	0000	23
		_drawValEditor 		CODE           	176A	0000	729
		_drawMenu      		CODE           	29E8	0000	537
		_drawAutoCalibRM		CODE           	697E	0000	51
		_drawAdvON     		CODE           	669C	0000	79
		_drawScreen    		CODE           	533A	0000	181
		_drawSNquest   		CODE           	49B0	0000	241

source/screenDrawers.h estimated size: 2439

source/sysParams.h
		_EEPROMConfig  		CODE           	6C8E	0000	7
		_saveSysParams 		CODE           	51C2	0000	189
		_calcSysVars   		CODE           	6402	0000	107
		_sysParamInit  		CODE           	5690	0000	161
		_loadSysParams 		CODE           	6780	0000	75
		_saveProcessState		CODE           	69B0	0000	51
		_readEEPROM    		CODE           	6BCA	0000	23
		_writeEEPROM   		CODE           	6B3A	0000	33
		_calcVars2ti   		CODE           	6594	0000	89

source/sysParams.h estimated size: 735

C:\Program Files (x86)\Microchip\xc8\v1.38\sources\common\fldivl.c
		__div_to_l_    		CODE           	3284	0000	393

C:\Program Files (x86)\Microchip\xc8\v1.38\sources\common\fldivl.c estimated size: 393

source/main.c
		_main          		CODE           	6736	0000	75
		_isr           		CODE           	0018	0000	167
		_hp_isr        		CODE           	0008	0000	135

source/main.c estimated size: 377

C:\Program Files (x86)\Microchip\xc8\v1.38\sources\common\ftmul.c
		___ftmul       		CODE           	340C	0000	351

C:\Program Files (x86)\Microchip\xc8\v1.38\sources\common\ftmul.c estimated size: 351

C:\Program Files (x86)\Microchip\xc8\v1.38\sources\common\ftdiv.c
		___ftdiv       		CODE           	36C8	0000	333

C:\Program Files (x86)\Microchip\xc8\v1.38\sources\common\ftdiv.c estimated size: 333

source/PWMConfig.h
		_setPWM2on     		CODE           	6B98	0000	27
		_setPWM2duty   		CODE           	5ADE	0000	149
		_t2config      		CODE           	6BB2	0000	25
		_PWM2Config    		CODE           	64D6	0000	103
		_T2int         		CODE           	30EA	0000	411

source/PWMConfig.h estimated size: 715

C:\Program Files (x86)\Microchip\xc8\v1.38\sources\common\awdiv.c
		___awdiv       		CODE           	4F8C	0000	191

C:\Program Files (x86)\Microchip\xc8\v1.38\sources\common\awdiv.c estimated size: 191

C:\Program Files (x86)\Microchip\xc8\v1.38\sources\common\Umul32.c
		___lmul        		CODE           	61BE	0000	119

C:\Program Files (x86)\Microchip\xc8\v1.38\sources\common\Umul32.c estimated size: 119

source/../../vclib_lcd.h
		_lcd_read_byte 		CODE           	67CA	0000	71
		_lcd_putc      		CODE           	5FDA	0000	123
		_lcd_send_byte 		CODE           	689C	0000	67
		_lcd_read_4bits		CODE           	6054	0000	123
		_lcd_send_4bits		CODE           	5D28	0000	143
		_lcd_gotoxy    		CODE           	69E2	0000	49
		_lcd_init      		CODE           	554C	0000	163

source/../../vclib_lcd.h estimated size: 739

C:\Program Files (x86)\Microchip\xc8\v1.38\sources\common\lldiv.c
		___lldiv       		CODE           	5106	0000	189

C:\Program Files (x86)\Microchip\xc8\v1.38\sources\common\lldiv.c estimated size: 189

C:\Program Files (x86)\Microchip\xc8\v1.38\sources\common\aldiv.c
		___aldiv       		CODE           	3E2C	0000	283

C:\Program Files (x86)\Microchip\xc8\v1.38\sources\common\aldiv.c estimated size: 283

source/IOConfig.h
		_putchUART     		CODE           	6C3E	0000	15
		_putch         		CODE           	6C22	0000	15
		_ioInitStt     		CODE           	6C7E	0000	9
		_ioConfig      		CODE           	694C	0000	51

source/IOConfig.h estimated size: 90

C:\Program Files (x86)\Microchip\xc8\v1.38\sources\common\fttol.c
		___fttol       		CODE           	3960	0000	325

C:\Program Files (x86)\Microchip\xc8\v1.38\sources\common\fttol.c estimated size: 325

shared
		i1_longPressENTER		CODE           	1486	0000	741
		i1___ftadd     		CODE           	2780	0000	617
		i1_longPressRETRO		CODE           	65EC	0000	89
		i1_writeEEPROM 		CODE           	6B5A	0000	33
		i1_calcSysVars 		CODE           	646C	0000	107
		i1___ftdiv     		CODE           	3814	0000	333
		i1___fttol     		CODE           	3AA4	0000	325
		__powers_      		MEDIUMCONST    	7D84	0000	40
		i1_calcVars2ti 		CODE           	6644	0000	89
		_dpowers       		MEDIUMCONST    	7D35	0000	41
		i2___ftge      		CODE           	5C98	0000	145
		i1_integrator  		CODE           	3D0A	0000	291
		i1_pressUP     		CODE           	4286	0000	275
		i1_sysParamInit		CODE           	5730	0000	161
		i1_pressDOWN   		CODE           	46BA	0000	267
		i1_longPressUP 		CODE           	631E	0000	117
		i1___ftmul     		CODE           	356A	0000	351
		i1_pressENTER  		CODE           	1CFE	0000	701
		i1_pressRETRO  		CODE           	59A8	0000	157
		i1_chanValDigDOWN		CODE           	4DF8	0000	205
		i1___ftpack    		CODE           	44A4	0000	269
		__npowers_     		MEDIUMCONST    	7D5D	0000	40
		i2___ftpack    		CODE           	549E	0000	175
		__initialization		CODE           	5C06	0000	133
		i1___lmul      		CODE           	6234	0000	119
		i1___aldiv     		CODE           	3F46	0000	283
		i1___altoft    		CODE           	586E	0000	159
		i2___altoft    		CODE           	6146	0000	121
		i1_longPressDOWN		CODE           	6AC0	0000	43
		i1_saveSysParams		CODE           	527E	0000	189
		i1_setPWM2duty 		CODE           	5B72	0000	149
		i2_setPWM2duty 		CODE           	6392	0000	113
		i1_chanValDigUP		CODE           	4C5C	0000	209
		i1_desintegrator		CODE           	2DA6	0000	423
		i1_delay_ms    		CODE           	6856	0000	71
		i1_readEEPROM  		CODE           	6BF6	0000	23
		i1_confirmEdition		CODE           	48BA	0000	247
		i1_checkPass   		CODE           	5E44	0000	143

shared estimated size: 7994

source/T4Config.h
		_T4int         		CODE           	53EE	0000	177
		_t4config      		CODE           	6A42	0000	43

source/T4Config.h estimated size: 220

C:\Program Files (x86)\Microchip\xc8\v1.38\sources\common\altoft.c
		___altoft      		CODE           	57D0	0000	159

C:\Program Files (x86)\Microchip\xc8\v1.38\sources\common\altoft.c estimated size: 159

C:\Program Files (x86)\Microchip\xc8\v1.38\sources\common\isdigit.c
		_isdigit       		CODE           	6A6C	0000	43

C:\Program Files (x86)\Microchip\xc8\v1.38\sources\common\isdigit.c estimated size: 43

C:\Program Files (x86)\Microchip\xc8\v1.38\sources\common\ftadd.c
		___ftadd       		CODE           	2518	0000	617

C:\Program Files (x86)\Microchip\xc8\v1.38\sources\common\ftadd.c estimated size: 617

source/SYSConfig.h
		_interruptConfig		CODE           	6C86	0000	9
		_clockConfig   		CODE           	6B14	0000	39

source/SYSConfig.h estimated size: 48

C:\Program Files (x86)\Microchip\xc8\v1.38\sources\common\doprnt.c
		_scale         		CODE           	0CF4	0000	1199
		_printf        		CODE           	00C2	0000	3123
		_fround        		CODE           	226C	0000	685

C:\Program Files (x86)\Microchip\xc8\v1.38\sources\common\doprnt.c estimated size: 5007

source/UARTConfig.h
		_UARTConfig    		CODE           	68DE	0000	57
		_UARTint       		CODE           	4060	0000	277

source/UARTConfig.h estimated size: 334

source/DisplayProtocol.h
		_pressUP       		CODE           	4174	0000	275
		_pressENTER    		CODE           	1A42	0000	701
		_pressRETRO    		CODE           	590C	0000	157
		_pressDOWN     		CODE           	45B0	0000	267
		_chanValDigUP  		CODE           	4B8C	0000	209
		_releaseUP     		CODE           	6C5A	0000	13
		_releaseDOWN   		CODE           	6C72	0000	13
		_releaseENTER  		CODE           	6C30	0000	15
		_releaseRETRO  		CODE           	6C66	0000	13
		_confirmEdition		CODE           	47C4	0000	247
		_chanValDigDOWN		CODE           	4D2C	0000	205
		_longPressUP   		CODE           	62AA	0000	117
		_desintegrator 		CODE           	2C00	0000	423
		_longPressDOWN 		CODE           	6A96	0000	43
		_longPressENTER		CODE           	11A2	0000	741
		_longPressRETRO		CODE           	653C	0000	89
		_checkPass     		CODE           	5DB6	0000	143
		_integrator    		CODE           	3BE8	0000	291

source/DisplayProtocol.h estimated size: 3962

C:\Program Files (x86)\Microchip\xc8\v1.38\sources\common\lltoft.c
		___lltoft      		CODE           	5F5E	0000	125

C:\Program Files (x86)\Microchip\xc8\v1.38\sources\common\lltoft.c estimated size: 125

source/../../delay.h
		_delay_ms      		CODE           	6810	0000	71

source/../../delay.h estimated size: 71

C:\Program Files (x86)\Microchip\xc8\v1.38\sources\common\ftge.c
		___ftge        		CODE           	4EC4	0000	201

C:\Program Files (x86)\Microchip\xc8\v1.38\sources\common\ftge.c estimated size: 201

C:\Program Files (x86)\Microchip\xc8\v1.38\sources\common\ftneg.c
		___ftneg       		CODE           	6A12	0000	49

C:\Program Files (x86)\Microchip\xc8\v1.38\sources\common\ftneg.c estimated size: 49

