Microchip MPLAB XC8 Compiler V1.38 ()

Linker command line:

-W-3 --edf=C:\Program Files (x86)\Microchip\xc8\v1.38\dat\en_msgs.txt -cs \
  -h+dist/default/production\CortaMasa.X.production.sym \
  --cmf=dist/default/production\CortaMasa.X.production.cmf -z -Q18F25K22 \
  -oC:\Users\Sebas\AppData\Local\Temp\s9ks.2 \
  -Mdist/default/production/CortaMasa.X.production.map -E1 -ver=XC8 \
  --acfsm=1493 -ASTACK=015Dh-05ffh -pstack=STACK -ACODE=00h-07FFFh \
  -ACONST=00h-07FFFh -ASMALLCONST=0600h-06FFhx122 \
  -AMEDIUMCONST=0600h-07FFFh -ACOMRAM=01h-05Fh -AABS1=00h-05FFh \
  -ABIGRAM=01h-05FFh -ARAM=060h-0FFh,0100h-01FFhx5 -ABANK0=060h-0FFh \
  -ABANK1=0100h-01FFh -ABANK2=0200h-02FFh -ABANK3=0300h-03FFh \
  -ABANK4=0400h-04FFh -ABANK5=0500h-05FFh -ASFR=0F38h-0F5Fh,0F60h-0FFFh \
  -preset_vec=00h,intcode=08h,intcodelo=018h,powerup,init,end_init \
  -pramtop=0600h -psmallconst=SMALLCONST -pmediumconst=MEDIUMCONST \
  -pconst=CONST -AFARRAM=00h-00h -ACONFIG=0300000h-030000Dh -pconfig=CONFIG \
  -AIDLOC=0200000h-0200007h -pidloc=IDLOC -AEEDATA=0F00000h-0F000FFh \
  -peeprom_data=EEDATA \
  -prdata=COMRAM,nvrram=COMRAM,nvbit=COMRAM,rbss=COMRAM,rbit=COMRAM \
  -pfarbss=FARRAM,fardata=FARRAM,nvFARRAM=FARRAM \
  -pintsave_regs=BIGRAM,bigbss=BIGRAM,bigdata=BIGRAM -pbss=RAM \
  -pidata=CODE,irdata=CODE,ibigdata=CODE,ifardata=CODE -prparam=COMRAM \
  C:\Users\Sebas\AppData\Local\Temp\s9ks.obj \
  dist/default/production\CortaMasa.X.production.obj 

Object code version is 3.11

Machine type is 18F25K22

Call graph: (short form)




                Name                               Link     Load   Length Selector   Space Scale
C:\Users\Sebas\AppData\Local\Temp\s9ks.obj
                end_init                             B2       B2        4        C       0
                reset_vec                             0        0        4        0       0
                idloc                            200000   200000        8   200000       0
                config                           300000   300000        E   300000       0
dist/default/production\CortaMasa.X.production.obj
                intcodelo                            18       18       9A        C       0
                intcode                               8        8        E        4       0
                temp                                 4A       4A        1        1       1
                mediumconst                        7D52     7D52      2AE     3EA9       0
                text77                             5274     5274        C        C       0
                text76                             4BE0     4BE0       70        C       0
                text75                             5138     5138       2A        C       0
                intcode_body                       4B68     4B68       78        C       0
                text73                             5268     5268        C        C       0
                text72                             51F4     51F4       14        C       0
                text71                             28A8     28A8      2B4        C       0
                text70                             2286     2286      350        C       0
                text69                             399A     399A      14C        C       0
                text68                             406E     406E      108        C       0
                text67                             51AA     51AA       1E        C       0
                text66                             3D34     3D34      124        C       0
                text65                             4ED2     4ED2       42        C       0
                text63                             529C     529C        6     2946       0
                text62                             47A2     47A2       94        C       0
                text61                             51C8     51C8       18        C       0
                text60                             4CBC     4CBC       66        C       0
                text59                             4F88     4F88       38        C       0
                text58                             4E4A     4E4A       46        C       0
                text57                             525C     525C        C        C       0
                text56                             4C50     4C50       6C        C       0
                text55                             4F14     4F14       3C        C       0
                text54                             4D22     4D22       54        C       0
                text53                             427C     427C       FA        C       0
                text52                             49E6     49E6       8E        C       0
                text51                             1B44     1B44      3C0        C       0
                text50                             169E     169E      4A6        C       0
                text49                             384C     384C      14E        C       0
                text48                             518A     518A       20        C       0
                text47                             3C10     3C10      124        C       0
                text46                             3AE6     3AE6      12A        C       0
                text45                             36F0     36F0      15C        C       0
                text44                             4E04     4E04       46        C       0
                text43                             3F64     3F64      10A        C       0
                text42                             5250     5250        C        C       0
                text41                             5236     5236        E        C       0
                text40                             5228     5228        E        C       0
                text39                             5244     5244        C        C       0
                text38                             2E0A     2E0A      262        C       0
                text37                             5162     5162       28        C       0
                text36                             33D8     33D8      190        C       0
                text35                             4F50     4F50       38        C       0
                text34                             11F6     11F6      4A8        C       0
                text33                             4D76     4D76       48        C       0
                text32                             3E58     3E58      10C        C       0
                text31                             4508     4508       BC        C       0
                text30                             4708     4708       9A        C       0
                text29                             4FC0     4FC0       36        C       0
                text28                             306C     306C      1CE        C       0
                text27                             3568     3568      188        C       0
                text26                             323A     323A      19E        C       0
                text25                             444A     444A       BE        C       0
                text24                             4666     4666       A2        C       0
                text23                             25D6     25D6      2D2        C       0
                text22                             510E     510E       2A        C       0
                text21                             4AEE     4AEE       7A        C       0
                text20                             4DBE     4DBE       46        C       0
                text19                             4958     4958       8E        C       0
                text18                             4E90     4E90       42        C       0
                text17                             5028     5028       30        C       0
                text16                             4A74     4A74       7A        C       0
                text15                             521A     521A        E        C       0
                text14                              D24      D24      4D2        C       0
                text13                               B6       B6      C6E        C       0
                text12                             50B4     50B4       2E        C       0
                text11                             5086     5086       2E        C       0
                text10                             5058     5058       2E        C       0
                text9                              2B5C     2B5C      2AE        C       0
                text8                              1F04     1F04      382        C       0
                text7                              4176     4176      106        C       0
                text6                              4376     4376       D4        C       0
                text5                              48C8     48C8       90        C       0
                text4                              5294     5294        8     2946       0
                text3                              4FF6     4FF6       32        C       0
                text2                              528C     528C        8     2946       0
                text1                              45C4     45C4       A2        C       0
                text0                              50E2     50E2       2C        C       0
                cstackCOMRAM                          1        1       2E        1       1
                cstackBANK0                          60       60       6C       60       1
                cstackBANK1                         100      100       31      100       1
                dataBANK1                           14B      14B       12      100       1
                bssBANK1                            131      131       1A      100       1
                dataBANK0                            D9       D9        B       60       1
                bssBANK0                             CC       CC        D       60       1
                dataCOMRAM                           2F       2F       14        1       1
                bssCOMRAM                            43       43        7        1       1
                cinit                              4836     4836       92        C       0
                idataBANK1                         5208     5208       12        C       0
                idataBANK0                         5280     5280        B        C       0
                idataCOMRAM                        51E0     51E0       14        C       0

TOTAL           Name                               Link     Load   Length     Space
        CLASS   STACK          

        CLASS   CODE           
                end_init                             B2       B2        4         0
                intcodelo                            18       18       9A         0
                intcode                               8        8        E         0
                reset_vec                             0        0        4         0
                text77                             5274     5274        C         0
                text76                             4BE0     4BE0       70         0
                text75                             5138     5138       2A         0
                intcode_body                       4B68     4B68       78         0
                text73                             5268     5268        C         0
                text72                             51F4     51F4       14         0
                text71                             28A8     28A8      2B4         0
                text70                             2286     2286      350         0
                text69                             399A     399A      14C         0
                text68                             406E     406E      108         0
                text67                             51AA     51AA       1E         0
                text66                             3D34     3D34      124         0
                text65                             4ED2     4ED2       42         0
                text63                             529C     529C        6         0
                text62                             47A2     47A2       94         0
                text61                             51C8     51C8       18         0
                text60                             4CBC     4CBC       66         0
                text59                             4F88     4F88       38         0
                text58                             4E4A     4E4A       46         0
                text57                             525C     525C        C         0
                text56                             4C50     4C50       6C         0
                text55                             4F14     4F14       3C         0
                text54                             4D22     4D22       54         0
                text53                             427C     427C       FA         0
                text52                             49E6     49E6       8E         0
                text51                             1B44     1B44      3C0         0
                text50                             169E     169E      4A6         0
                text49                             384C     384C      14E         0
                text48                             518A     518A       20         0
                text47                             3C10     3C10      124         0
                text46                             3AE6     3AE6      12A         0
                text45                             36F0     36F0      15C         0
                text44                             4E04     4E04       46         0
                text43                             3F64     3F64      10A         0
                text42                             5250     5250        C         0
                text41                             5236     5236        E         0
                text40                             5228     5228        E         0
                text39                             5244     5244        C         0
                text38                             2E0A     2E0A      262         0
                text37                             5162     5162       28         0
                text36                             33D8     33D8      190         0
                text35                             4F50     4F50       38         0
                text34                             11F6     11F6      4A8         0
                text33                             4D76     4D76       48         0
                text32                             3E58     3E58      10C         0
                text31                             4508     4508       BC         0
                text30                             4708     4708       9A         0
                text29                             4FC0     4FC0       36         0
                text28                             306C     306C      1CE         0
                text27                             3568     3568      188         0
                text26                             323A     323A      19E         0
                text25                             444A     444A       BE         0
                text24                             4666     4666       A2         0
                text23                             25D6     25D6      2D2         0
                text22                             510E     510E       2A         0
                text21                             4AEE     4AEE       7A         0
                text20                             4DBE     4DBE       46         0
                text19                             4958     4958       8E         0
                text18                             4E90     4E90       42         0
                text17                             5028     5028       30         0
                text16                             4A74     4A74       7A         0
                text15                             521A     521A        E         0
                text14                              D24      D24      4D2         0
                text13                               B6       B6      C6E         0
                text12                             50B4     50B4       2E         0
                text11                             5086     5086       2E         0
                text10                             5058     5058       2E         0
                text9                              2B5C     2B5C      2AE         0
                text8                              1F04     1F04      382         0
                text7                              4176     4176      106         0
                text6                              4376     4376       D4         0
                text5                              48C8     48C8       90         0
                text4                              5294     5294        8         0
                text3                              4FF6     4FF6       32         0
                text2                              528C     528C        8         0
                text1                              45C4     45C4       A2         0
                text0                              50E2     50E2       2C         0
                cinit                              4836     4836       92         0
                idataBANK1                         5208     5208       12         0
                idataBANK0                         5280     5280        B         0
                idataCOMRAM                        51E0     51E0       14         0

        CLASS   CONST          

        CLASS   SMALLCONST     

        CLASS   MEDIUMCONST    
                mediumconst                        7D52     7D52      2AE         0

        CLASS   COMRAM         
                temp                                 4A       4A        1         1
                cstackCOMRAM                          1        1       2E         1
                dataCOMRAM                           2F       2F       14         1
                bssCOMRAM                            43       43        7         1

        CLASS   ABS1           

        CLASS   BIGRAM         

        CLASS   RAM            

        CLASS   BANK0          
                cstackBANK0                          60       60       6C         1
                dataBANK0                            D9       D9        B         1
                bssBANK0                             CC       CC        D         1

        CLASS   BANK1          
                cstackBANK1                         100      100       31         1
                dataBANK1                           14B      14B       12         1
                bssBANK1                            131      131       1A         1

        CLASS   BANK2          

        CLASS   BANK3          

        CLASS   BANK4          

        CLASS   BANK5          

        CLASS   SFR            

        CLASS   FARRAM         

        CLASS   CONFIG         
                config                           300000   300000        E         0

        CLASS   IDLOC          
                idloc                            200000   200000        8         0

        CLASS   EEDATA         



SEGMENTS        Name                           Load    Length   Top    Selector   Space  Class

                reset_vec                      000000  000004  000004         0       0  CODE    
                cstackCOMRAM                   000001  00004A  00004B         1       1  COMRAM  
                intcode                        000008  00000E  000016         4       0  CODE    
                intcodelo                      000018  005273  00528B         C       0  CODE    
                cstackBANK0                    000060  000084  0000E4        60       1  BANK0   
                cstackBANK1                    000100  00005D  00015D       100       1  BANK1   
                text2                          00528C  000016  0052A2      2946       0  CODE    
                mediumconst                    007D52  0002AE  008000      3EA9       0  MEDIUMCO
                idloc                          200000  000008  200008    200000       0  IDLOC   
                config                         300000  00000E  30000E    300000       0  CONFIG  


UNUSED ADDRESS RANGES

        Name                Unused          Largest block    Delta
        BANK0            0000E4-0000FF               1C
        BANK1            00015D-0001FF               A3
        BANK2            000200-0002FF              100
        BANK3            000300-0003FF              100
        BANK4            000400-0004FF              100
        BANK5            000500-0005FF              100
        BIGRAM           00004B-00005F               15
                         0000E4-0000FF               1C
                         00015D-0005FF              4A3
        CODE             000004-000007                4
                         000016-000017                2
                         00528B-00528B                1
                         0052A2-007D51             2AB0
        COMRAM           00004B-00005F               15
        CONST            000004-000007                4
                         000016-000017                2
                         00528B-00528B                1
                         0052A2-007D51             2AB0
        EEDATA           F00000-F000FF              100
        MEDIUMCONST      00528B-00528B                1
                         0052A2-007D51             2AB0
        RAM              0000E4-0000FF               1C
                         00015D-0005FF              100
        SFR              000F38-000FFF               28
        SMALLCONST       00528B-00528B                1
                         0052A2-007D51              100
        STACK            00015D-0005FF              4A3

                                  Symbol Table

?___awdiv                 cstackBANK0  00007B
?___awmod                 cstackBANK0  000075
?___fladd                 cstackBANK0  0000A9
?___fldiv                 cstackBANK0  000075
?___flmul                 cstackBANK0  000083
?___flneg                 cstackBANK0  000075
?___flsub                 cstackBANK0  0000BD
?___fltol                 cstackBANK0  0000A5
?___lldiv                 cstackBANK0  000075
?___llmod                 cstackBANK0  000082
?___wmul                  cstackBANK0  000075
?___xxtofl                cstackBANK0  000075
?__div_to_l_              cstackBANK0  000075
?__tdiv_to_l_             cstackBANK0  000075
?_fround                  cstackBANK0  00009C
?_printf                  cstackBANK1  000100
?_scale                   cstackBANK0  00009C
?i1___fldiv               cstackCOMRAM 000015
?i1___flmul               cstackCOMRAM 000015
UARTint@sas               cstackCOMRAM 00002E
_ANSELAbits               (abs)        000F38
_ANSELCbits               (abs)        000F3A
_BAUDCON1bits             (abs)        000FB8
_CCP2CONbits              (abs)        000F66
_CCPR2L                   (abs)        000F67
_CCPTMRS0bits             (abs)        000F49
_DOWNisLP                 bssCOMRAM    000045
_DOWNsecurLock            bssBANK1     000144
_ECCP2ASbits              (abs)        000F64
_EEADR                    (abs)        000FA9
_EECON1bits               (abs)        000FA6
_EECON2                   (abs)        000FA7
_EEDATA                   (abs)        000FA8
_EEPROMConfig             text63       00529C
_ENTERisLP                bssBANK1     000145
_ENTERsecurLock           bssBANK1     000146
_INTCONbits               (abs)        000FF2
_IPR1bits                 (abs)        000F9F
_LATBbits                 (abs)        000F8A
_LATCbits                 (abs)        000F8B
_OSCCON2bits              (abs)        000FD2
_OSCCONbits               (abs)        000FD3
_OSCTUNEbits              (abs)        000F9B
_PIE1bits                 (abs)        000F9D
_PIR1bits                 (abs)        000F9E
_PORTAbits                (abs)        000F80
_PORTBbits                (abs)        000F81
_PR2                      (abs)        000FBB
_PSTR2CONbits             (abs)        000F63
_PWM2CONbits              (abs)        000F65
_PWM2Config               text60       004CBC
_ProcessStarted           bssBANK0     0000D0
_RCONbits                 (abs)        000FD0
_RCREG1                   (abs)        000FAE
_RCSTA1bits               (abs)        000FAB
_RETROisLP                bssBANK1     000147
_RETROsecurLock           bssBANK1     000148
_SPBRG1                   (abs)        000FAF
_SPBRGH1                  (abs)        000FB0
_T2CONbits                (abs)        000FBA
_T2int                    text75       005138
_TRISAbits                (abs)        000F92
_TRISBbits                (abs)        000F93
_TRISCbits                (abs)        000F94
_TXREG1                   (abs)        000FAD
_TXSTA1bits               (abs)        000FAC
_UARTConfig               text59       004F88
_UARTint                  text65       004ED2
_UPisLP                   bssCOMRAM    000046
_UPsecurLock              bssBANK1     000149
_WDTCONbits               (abs)        000FD1
__CFG_BOREN$SBORDIS       (abs)        000000
__CFG_BORV$285            (abs)        000000
__CFG_CCP2MX$PORTC1       (abs)        000000
__CFG_CCP3MX$PORTB5       (abs)        000000
__CFG_CP0$OFF             (abs)        000000
__CFG_CP1$OFF             (abs)        000000
__CFG_CP2$OFF             (abs)        000000
__CFG_CP3$OFF             (abs)        000000
__CFG_CPB$OFF             (abs)        000000
__CFG_CPD$OFF             (abs)        000000
__CFG_EBTR0$OFF           (abs)        000000
__CFG_EBTR1$OFF           (abs)        000000
__CFG_EBTR2$OFF           (abs)        000000
__CFG_EBTR3$OFF           (abs)        000000
__CFG_EBTRB$OFF           (abs)        000000
__CFG_FCMEN$ON            (abs)        000000
__CFG_FOSC$INTIO67        (abs)        000000
__CFG_HFOFST$ON           (abs)        000000
__CFG_IESO$ON             (abs)        000000
__CFG_LVP$OFF             (abs)        000000
__CFG_MCLRE$EXTMCLR       (abs)        000000
__CFG_P2BMX$PORTC0        (abs)        000000
__CFG_PBADEN$OFF          (abs)        000000
__CFG_PLLCFG$ON           (abs)        000000
__CFG_PRICLKEN$ON         (abs)        000000
__CFG_PWRTEN$ON           (abs)        000000
__CFG_STVREN$ON           (abs)        000000
__CFG_T3CMX$PORTC0        (abs)        000000
__CFG_WDTEN$SWON          (abs)        000000
__CFG_WDTPS$32768         (abs)        000000
__CFG_WRT0$OFF            (abs)        000000
__CFG_WRT1$OFF            (abs)        000000
__CFG_WRT2$OFF            (abs)        000000
__CFG_WRT3$OFF            (abs)        000000
__CFG_WRTB$OFF            (abs)        000000
__CFG_WRTC$OFF            (abs)        000000
__CFG_WRTD$OFF            (abs)        000000
__CFG_XINST$OFF           (abs)        000000
__HRAM                    (abs)        000000
__Habs1                   abs1         000000
__Hbank0                  bank0        000000
__Hbank1                  bank1        000000
__Hbank2                  bank2        000000
__Hbank3                  bank3        000000
__Hbank4                  bank4        000000
__Hbank5                  bank5        000000
__Hbigbss                 bigbss       000000
__Hbigdata                bigdata      000000
__Hbigram                 bigram       000000
__Hbss                    bss          000000
__HbssBANK0               bssBANK0     000000
__HbssBANK1               bssBANK1     000000
__HbssCOMRAM              bssCOMRAM    000000
__Hcinit                  cinit        000000
__Hclrtext                clrtext      000000
__Hcomram                 comram       000000
__Hconfig                 config       30000E
__Hconst                  const        000000
__HcstackBANK0            cstackBANK0  000000
__HcstackBANK1            cstackBANK1  000000
__HcstackCOMRAM           cstackCOMRAM 000000
__Hdata                   data         000000
__HdataBANK0              dataBANK0    000000
__HdataBANK1              dataBANK1    000000
__HdataCOMRAM             dataCOMRAM   000000
__Heeprom_data            eeprom_data  000000
__Hend_init               end_init     0000B6
__Hfarbss                 farbss       000000
__Hfardata                fardata      000000
__Hibigdata               ibigdata     000000
__Hidata                  idata        000000
__HidataBANK0             idataBANK0   000000
__HidataBANK1             idataBANK1   000000
__HidataCOMRAM            idataCOMRAM  000000
__Hidloc                  idloc        200008
__Hifardata               ifardata     000000
__Hinit                   init         0000B2
__Hintcode                intcode      000016
__Hintcode_body           intcode_body 000000
__Hintcodelo              intcodelo    0000B2
__Hintentry               intentry     000000
__Hintret                 intret       000000
__Hintsave_regs           intsave_regs 000000
__Hirdata                 irdata       000000
__Hmediumconst            mediumconst  008000
__HnvFARRAM               nvFARRAM     000000
__Hnvbit                  nvbit        000000
__Hnvrram                 nvrram       000000
__Hparam                  rparam       000000
__Hpowerup                powerup      0000B2
__Hram                    ram          000000
__Hramtop                 ramtop       000600
__Hrbit                   rbit         000000
__Hrbss                   rbss         000000
__Hrdata                  rdata        000000
__Hreset_vec              reset_vec    000004
__Hrparam                 rparam       000000
__Hsfr                    sfr          000000
__Hsmallconst             smallconst   000000
__Hspace_0                (abs)        30000E
__Hspace_1                (abs)        00015D
__Hspace_2                (abs)        000000
__Hstack                  stack        000000
__Hstruct                 struct       000000
__Htemp                   temp         00004B
__Htext                   text         000000
__Htext0                  text0        000000
__Htext1                  text1        000000
__Htext10                 text10       000000
__Htext11                 text11       000000
__Htext12                 text12       000000
__Htext13                 text13       000000
__Htext14                 text14       000000
__Htext15                 text15       000000
__Htext16                 text16       000000
__Htext17                 text17       000000
__Htext18                 text18       000000
__Htext19                 text19       000000
__Htext2                  text2        000000
__Htext20                 text20       000000
__Htext21                 text21       000000
__Htext22                 text22       000000
__Htext23                 text23       000000
__Htext24                 text24       000000
__Htext25                 text25       000000
__Htext26                 text26       000000
__Htext27                 text27       000000
__Htext28                 text28       000000
__Htext29                 text29       000000
__Htext3                  text3        000000
__Htext30                 text30       000000
__Htext31                 text31       000000
__Htext32                 text32       000000
__Htext33                 text33       000000
__Htext34                 text34       000000
__Htext35                 text35       000000
__Htext36                 text36       000000
__Htext37                 text37       000000
__Htext38                 text38       000000
__Htext39                 text39       000000
__Htext4                  text4        000000
__Htext40                 text40       000000
__Htext41                 text41       000000
__Htext42                 text42       000000
__Htext43                 text43       000000
__Htext44                 text44       000000
__Htext45                 text45       000000
__Htext46                 text46       000000
__Htext47                 text47       000000
__Htext48                 text48       000000
__Htext49                 text49       000000
__Htext5                  text5        000000
__Htext50                 text50       000000
__Htext51                 text51       000000
__Htext52                 text52       000000
__Htext53                 text53       000000
__Htext54                 text54       000000
__Htext55                 text55       000000
__Htext56                 text56       000000
__Htext57                 text57       000000
__Htext58                 text58       000000
__Htext59                 text59       000000
__Htext6                  text6        000000
__Htext60                 text60       000000
__Htext61                 text61       000000
__Htext62                 text62       000000
__Htext63                 text63       000000
__Htext65                 text65       000000
__Htext66                 text66       000000
__Htext67                 text67       000000
__Htext68                 text68       000000
__Htext69                 text69       000000
__Htext7                  text7        000000
__Htext70                 text70       000000
__Htext71                 text71       000000
__Htext72                 text72       000000
__Htext73                 text73       000000
__Htext75                 text75       000000
__Htext76                 text76       000000
__Htext77                 text77       000000
__Htext8                  text8        000000
__Htext9                  text9        000000
__LRAM                    (abs)        000001
__Labs1                   abs1         000000
__Lbank0                  bank0        000000
__Lbank1                  bank1        000000
__Lbank2                  bank2        000000
__Lbank3                  bank3        000000
__Lbank4                  bank4        000000
__Lbank5                  bank5        000000
__Lbigbss                 bigbss       000000
__Lbigdata                bigdata      000000
__Lbigram                 bigram       000000
__Lbss                    bss          000000
__LbssBANK0               bssBANK0     000000
__LbssBANK1               bssBANK1     000000
__LbssCOMRAM              bssCOMRAM    000000
__Lcinit                  cinit        000000
__Lclrtext                clrtext      000000
__Lcomram                 comram       000000
__Lconfig                 config       300000
__Lconst                  const        000000
__LcstackBANK0            cstackBANK0  000000
__LcstackBANK1            cstackBANK1  000000
__LcstackCOMRAM           cstackCOMRAM 000000
__Ldata                   data         000000
__LdataBANK0              dataBANK0    000000
__LdataBANK1              dataBANK1    000000
__LdataCOMRAM             dataCOMRAM   000000
__Leeprom_data            eeprom_data  000000
__Lend_init               end_init     0000B2
__Lfarbss                 farbss       000000
__Lfardata                fardata      000000
__Libigdata               ibigdata     000000
__Lidata                  idata        000000
__LidataBANK0             idataBANK0   000000
__LidataBANK1             idataBANK1   000000
__LidataCOMRAM            idataCOMRAM  000000
__Lidloc                  idloc        200000
__Lifardata               ifardata     000000
__Linit                   init         0000B2
__Lintcode                intcode      000008
__Lintcode_body           intcode_body 000000
__Lintcodelo              intcodelo    000018
__Lintentry               intentry     000000
__Lintret                 intret       000000
__Lintsave_regs           intsave_regs 000000
__Lirdata                 irdata       000000
__Lmediumconst            mediumconst  007D52
__LnvFARRAM               nvFARRAM     000000
__Lnvbit                  nvbit        000000
__Lnvrram                 nvrram       000000
__Lparam                  rparam       000000
__Lpowerup                powerup      0000B2
__Lram                    ram          000000
__Lramtop                 ramtop       000600
__Lrbit                   rbit         000000
__Lrbss                   rbss         000000
__Lrdata                  rdata        000000
__Lreset_vec              reset_vec    000000
__Lrparam                 rparam       000000
__Lsfr                    sfr          000000
__Lsmallconst             smallconst   000000
__Lspace_0                (abs)        000000
__Lspace_1                (abs)        000000
__Lspace_2                (abs)        000000
__Lstack                  stack        000000
__Lstruct                 struct       000000
__Ltemp                   temp         00004A
__Ltext                   text         000000
__Ltext0                  text0        000000
__Ltext1                  text1        000000
__Ltext10                 text10       000000
__Ltext11                 text11       000000
__Ltext12                 text12       000000
__Ltext13                 text13       000000
__Ltext14                 text14       000000
__Ltext15                 text15       000000
__Ltext16                 text16       000000
__Ltext17                 text17       000000
__Ltext18                 text18       000000
__Ltext19                 text19       000000
__Ltext2                  text2        000000
__Ltext20                 text20       000000
__Ltext21                 text21       000000
__Ltext22                 text22       000000
__Ltext23                 text23       000000
__Ltext24                 text24       000000
__Ltext25                 text25       000000
__Ltext26                 text26       000000
__Ltext27                 text27       000000
__Ltext28                 text28       000000
__Ltext29                 text29       000000
__Ltext3                  text3        000000
__Ltext30                 text30       000000
__Ltext31                 text31       000000
__Ltext32                 text32       000000
__Ltext33                 text33       000000
__Ltext34                 text34       000000
__Ltext35                 text35       000000
__Ltext36                 text36       000000
__Ltext37                 text37       000000
__Ltext38                 text38       000000
__Ltext39                 text39       000000
__Ltext4                  text4        000000
__Ltext40                 text40       000000
__Ltext41                 text41       000000
__Ltext42                 text42       000000
__Ltext43                 text43       000000
__Ltext44                 text44       000000
__Ltext45                 text45       000000
__Ltext46                 text46       000000
__Ltext47                 text47       000000
__Ltext48                 text48       000000
__Ltext49                 text49       000000
__Ltext5                  text5        000000
__Ltext50                 text50       000000
__Ltext51                 text51       000000
__Ltext52                 text52       000000
__Ltext53                 text53       000000
__Ltext54                 text54       000000
__Ltext55                 text55       000000
__Ltext56                 text56       000000
__Ltext57                 text57       000000
__Ltext58                 text58       000000
__Ltext59                 text59       000000
__Ltext6                  text6        000000
__Ltext60                 text60       000000
__Ltext61                 text61       000000
__Ltext62                 text62       000000
__Ltext63                 text63       000000
__Ltext65                 text65       000000
__Ltext66                 text66       000000
__Ltext67                 text67       000000
__Ltext68                 text68       000000
__Ltext69                 text69       000000
__Ltext7                  text7        000000
__Ltext70                 text70       000000
__Ltext71                 text71       000000
__Ltext72                 text72       000000
__Ltext73                 text73       000000
__Ltext75                 text75       000000
__Ltext76                 text76       000000
__Ltext77                 text77       000000
__Ltext8                  text8        000000
__Ltext9                  text9        000000
__S0                      (abs)        30000E
__S1                      (abs)        00015D
__S2                      (abs)        000000
___awdiv                  text25       00444A
___awdiv@counter          cstackBANK0  00007F
___awdiv@dividend         cstackBANK0  00007B
___awdiv@divisor          cstackBANK0  00007D
___awdiv@quotient         cstackBANK0  000081
___awdiv@sign             cstackBANK0  000080
___awmod                  text24       004666
___awmod@counter          cstackBANK0  000079
___awmod@dividend         cstackBANK0  000075
___awmod@divisor          cstackBANK0  000077
___awmod@sign             cstackBANK0  00007A
___fladd                  text34       0011F6
___fladd@a                cstackBANK0  0000AD
___fladd@aexp             cstackBANK0  0000BA
___fladd@b                cstackBANK0  0000A9
___fladd@bexp             cstackBANK0  0000BB
___fladd@grs              cstackBANK0  0000BC
___fladd@signs            cstackBANK0  0000B9
___fldiv                  text51       001B44
___fldiv@a                cstackBANK0  000079
___fldiv@aexp             cstackBANK0  00008D
___fldiv@b                cstackBANK0  000075
___fldiv@bexp             cstackBANK0  00008C
___fldiv@grs              cstackBANK0  000088
___fldiv@new_exp          cstackBANK0  000086
___fldiv@rem              cstackBANK0  000082
___fldiv@sign             cstackBANK0  000081
___flge                   text36       0033D8
___flge@ff1               cstackBANK0  000075
___flge@ff2               cstackBANK0  000079
___flmul                  text50       00169E
___flmul@a                cstackBANK0  000087
___flmul@aexp             cstackBANK0  000090
___flmul@b                cstackBANK0  000083
___flmul@bexp             cstackBANK0  000095
___flmul@grs              cstackBANK0  000091
___flmul@prod             cstackBANK0  000096
___flmul@sign             cstackBANK0  00008F
___flmul@temp             cstackBANK0  00009A
___flneg                  text35       004F50
___flneg@f1               cstackBANK0  000075
___flsub                  text33       004D76
___flsub@a                cstackBANK0  0000C1
___flsub@b                cstackBANK0  0000BD
___fltol                  text32       003E58
___fltol@exp1             cstackBANK0  0000AE
___fltol@f1               cstackBANK0  0000A5
___fltol@sign1            cstackBANK0  0000AD
___inthi_sp               stack        000000
___intlo_sp               stack        000000
___lldiv                  text31       004508
___lldiv@counter          cstackBANK0  000081
___lldiv@dividend         cstackBANK0  000075
___lldiv@divisor          cstackBANK0  000079
___lldiv@quotient         cstackBANK0  00007D
___llmod                  text30       004708
___llmod@counter          cstackBANK0  00008A
___llmod@dividend         cstackBANK0  000082
___llmod@divisor          cstackBANK0  000086
___param_bank             (abs)        000010
___rparam_used            (abs)        000001
___sp                     stack        000000
___wmul                   text29       004FC0
___wmul@multiplicand      cstackBANK0  000077
___wmul@multiplier        cstackBANK0  000075
___wmul@product           cstackBANK0  000079
___xxtofl                 text28       00306C
___xxtofl@arg             cstackBANK0  00007F
___xxtofl@exp             cstackBANK0  00007E
___xxtofl@sign            cstackBANK0  00007D
___xxtofl@val             cstackBANK0  000075
__accesstop               (abs)        000060
__activetblptr            (abs)        000002
__div_to_l_               text27       003568
__div_to_l_@cntr          cstackBANK0  000081
__div_to_l_@exp1          cstackBANK0  000082
__div_to_l_@f1            cstackBANK0  000075
__div_to_l_@f2            cstackBANK0  000079
__div_to_l_@quot          cstackBANK0  00007D
__end_of_EEPROMConfig     text63       0052A2
__end_of_PWM2Config       text60       004D22
__end_of_T2int            text75       005162
__end_of_UARTConfig       text59       004FC0
__end_of_UARTint          text65       004F14
__end_of___awdiv          text25       004508
__end_of___awmod          text24       004708
__end_of___fladd          text34       00169E
__end_of___fldiv          text51       001F04
__end_of___flge           text36       003568
__end_of___flmul          text50       001B44
__end_of___flneg          text35       004F88
__end_of___flsub          text33       004DBE
__end_of___fltol          text32       003F64
__end_of___lldiv          text31       0045C4
__end_of___llmod          text30       0047A2
__end_of___wmul           text29       004FF6
__end_of___xxtofl         text28       00323A
__end_of__div_to_l_       text27       0036F0
__end_of__initialization  cinit        0048BA
__end_of__npowers_        mediumconst  007D87
__end_of__powers_         mediumconst  007DBB
__end_of__tdiv_to_l_      text26       0033D8
__end_of_buttonChecking   text38       00306C
__end_of_calcSysVars      text49       00399A
__end_of_checkPass        text52       004A74
__end_of_clockConfig      text37       00518A
__end_of_confirmEdition   text46       003C10
__end_of_delay_ms         text58       004E90
__end_of_dpowers          mediumconst  007DE3
__end_of_drawAdvOFF       text12       0050E2
__end_of_drawAdvON        text11       0050B4
__end_of_drawBadPass      text10       005086
__end_of_drawChanVal      text9        002E0A
__end_of_drawMenu         text8        002286
__end_of_drawPassWord     text7        00427C
__end_of_drawSNquest      text6        00444A
__end_of_drawScreen       text5        004958
__end_of_fround           text23       0028A8
__end_of_hp_isr           intcode_body 004BE0
__end_of_interruptConfig  text4        00529C
__end_of_ioConfig         text3        005028
__end_of_ioInitStt        text2        005294
__end_of_isdigit          text22       005138
__end_of_isr              intcodelo    0000B2
__end_of_lcd_gotoxy       text17       005058
__end_of_lcd_init         text1        004666
__end_of_lcd_putc         text16       004AEE
__end_of_lcd_read_4bits   text21       004B68
__end_of_lcd_read_byte    text20       004E04
__end_of_lcd_send_4bits   text19       0049E6
__end_of_lcd_send_byte    text18       004ED2
__end_of_longPressDOWN    text57       005268
__end_of_longPressENTER   text56       004CBC
__end_of_longPressRETRO   text55       004F50
__end_of_longPressUP      text54       004D76
__end_of_main             text0        00510E
__end_of_pressDOWN        text53       004376
__end_of_pressENTER       text45       00384C
__end_of_pressRETRO       text44       004E4A
__end_of_pressUP          text43       00406E
__end_of_printf           text13       000D24
__end_of_putch            text15       005228
__end_of_putchUART        text73       005274
__end_of_readEEPROM       text72       005208
__end_of_releaseDOWN      text42       00525C
__end_of_releaseENTER     text41       005244
__end_of_releaseRETRO     text40       005236
__end_of_releaseUP        text39       005250
__end_of_saveSysParams    text47       003D34
__end_of_scale            text14       0011F6
__end_of_setPWM2duty      text62       004836
__end_of_sysParamInit     text68       004176
__end_of_t2config         text61       0051E0
__end_of_writeEEPROM      text48       0051AA
__end_ofi1___fldiv        text71       002B5C
__end_ofi1___flmul        text70       0025D6
__end_ofi1_calcSysVars    text69       003AE6
__end_ofi1_saveSysParams  text66       003E58
__end_ofi1_writeEEPROM    text67       0051C8
__end_ofi2_putchUART      text77       005280
__end_ofi2_setPWM2duty    text76       004C50
__initialization          cinit        004836
__mediumconst             mediumconst  007D52
__npowers_                mediumconst  007D53
__pbssBANK0               bssBANK0     0000CC
__pbssBANK1               bssBANK1     000131
__pbssCOMRAM              bssCOMRAM    000043
__pcinit                  cinit        004836
__pcstackBANK0            cstackBANK0  000060
__pcstackBANK1            cstackBANK1  000100
__pcstackCOMRAM           cstackCOMRAM 000001
__pdataBANK0              dataBANK0    0000D9
__pdataBANK1              dataBANK1    00014B
__pdataCOMRAM             dataCOMRAM   00002F
__pidataBANK0             idataBANK0   005280
__pidataBANK1             idataBANK1   005208
__pidataCOMRAM            idataCOMRAM  0051E0
__pintcode                intcode      000008
__pintcode_body           intcode_body 004B68
__pintcodelo              intcodelo    000018
__pmediumconst            mediumconst  007D52
__powers_                 mediumconst  007D87
__ptext0                  text0        0050E2
__ptext1                  text1        0045C4
__ptext10                 text10       005058
__ptext11                 text11       005086
__ptext12                 text12       0050B4
__ptext13                 text13       0000B6
__ptext14                 text14       000D24
__ptext15                 text15       00521A
__ptext16                 text16       004A74
__ptext17                 text17       005028
__ptext18                 text18       004E90
__ptext19                 text19       004958
__ptext2                  text2        00528C
__ptext20                 text20       004DBE
__ptext21                 text21       004AEE
__ptext22                 text22       00510E
__ptext23                 text23       0025D6
__ptext24                 text24       004666
__ptext25                 text25       00444A
__ptext26                 text26       00323A
__ptext27                 text27       003568
__ptext28                 text28       00306C
__ptext29                 text29       004FC0
__ptext3                  text3        004FF6
__ptext30                 text30       004708
__ptext31                 text31       004508
__ptext32                 text32       003E58
__ptext33                 text33       004D76
__ptext34                 text34       0011F6
__ptext35                 text35       004F50
__ptext36                 text36       0033D8
__ptext37                 text37       005162
__ptext38                 text38       002E0A
__ptext39                 text39       005244
__ptext4                  text4        005294
__ptext40                 text40       005228
__ptext41                 text41       005236
__ptext42                 text42       005250
__ptext43                 text43       003F64
__ptext44                 text44       004E04
__ptext45                 text45       0036F0
__ptext46                 text46       003AE6
__ptext47                 text47       003C10
__ptext48                 text48       00518A
__ptext49                 text49       00384C
__ptext5                  text5        0048C8
__ptext50                 text50       00169E
__ptext51                 text51       001B44
__ptext52                 text52       0049E6
__ptext53                 text53       00427C
__ptext54                 text54       004D22
__ptext55                 text55       004F14
__ptext56                 text56       004C50
__ptext57                 text57       00525C
__ptext58                 text58       004E4A
__ptext59                 text59       004F88
__ptext6                  text6        004376
__ptext60                 text60       004CBC
__ptext61                 text61       0051C8
__ptext62                 text62       0047A2
__ptext63                 text63       00529C
__ptext65                 text65       004ED2
__ptext66                 text66       003D34
__ptext67                 text67       0051AA
__ptext68                 text68       00406E
__ptext69                 text69       00399A
__ptext7                  text7        004176
__ptext70                 text70       002286
__ptext71                 text71       0028A8
__ptext72                 text72       0051F4
__ptext73                 text73       005268
__ptext75                 text75       005138
__ptext76                 text76       004BE0
__ptext77                 text77       005274
__ptext8                  text8        001F04
__ptext9                  text9        002B5C
__ramtop                  ramtop       000600
__size_of_EEPROMConfig    (abs)        000000
__size_of_PWM2Config      (abs)        000000
__size_of_T2int           (abs)        000000
__size_of_UARTConfig      (abs)        000000
__size_of_UARTint         (abs)        000000
__size_of___awdiv         (abs)        000000
__size_of___awmod         (abs)        000000
__size_of___fladd         (abs)        000000
__size_of___fldiv         (abs)        000000
__size_of___flge          (abs)        000000
__size_of___flmul         (abs)        000000
__size_of___flneg         (abs)        000000
__size_of___flsub         (abs)        000000
__size_of___fltol         (abs)        000000
__size_of___lldiv         (abs)        000000
__size_of___llmod         (abs)        000000
__size_of___wmul          (abs)        000000
__size_of___xxtofl        (abs)        000000
__size_of__div_to_l_      (abs)        000000
__size_of__tdiv_to_l_     (abs)        000000
__size_of_buttonChecking  (abs)        000000
__size_of_calcSysVars     (abs)        000000
__size_of_checkPass       (abs)        000000
__size_of_clockConfig     (abs)        000000
__size_of_confirmEdition  (abs)        000000
__size_of_delay_ms        (abs)        000000
__size_of_drawAdvOFF      (abs)        000000
__size_of_drawAdvON       (abs)        000000
__size_of_drawBadPass     (abs)        000000
__size_of_drawChanVal     (abs)        000000
__size_of_drawMenu        (abs)        000000
__size_of_drawPassWord    (abs)        000000
__size_of_drawSNquest     (abs)        000000
__size_of_drawScreen      (abs)        000000
__size_of_fround          (abs)        000000
__size_of_hp_isr          (abs)        000000
__size_of_interruptConfig (abs)        000000
__size_of_ioConfig        (abs)        000000
__size_of_ioInitStt       (abs)        000000
__size_of_isdigit         (abs)        000000
__size_of_isr             (abs)        000000
__size_of_lcd_gotoxy      (abs)        000000
__size_of_lcd_init        (abs)        000000
__size_of_lcd_putc        (abs)        000000
__size_of_lcd_read_4bits  (abs)        000000
__size_of_lcd_read_byte   (abs)        000000
__size_of_lcd_send_4bits  (abs)        000000
__size_of_lcd_send_byte   (abs)        000000
__size_of_longPressDOWN   (abs)        000000
__size_of_longPressENTER  (abs)        000000
__size_of_longPressRETRO  (abs)        000000
__size_of_longPressUP     (abs)        000000
__size_of_main            (abs)        000000
__size_of_pressDOWN       (abs)        000000
__size_of_pressENTER      (abs)        000000
__size_of_pressRETRO      (abs)        000000
__size_of_pressUP         (abs)        000000
__size_of_printf          (abs)        000000
__size_of_putch           (abs)        000000
__size_of_putchUART       (abs)        000000
__size_of_readEEPROM      (abs)        000000
__size_of_releaseDOWN     (abs)        000000
__size_of_releaseENTER    (abs)        000000
__size_of_releaseRETRO    (abs)        000000
__size_of_releaseUP       (abs)        000000
__size_of_saveSysParams   (abs)        000000
__size_of_scale           (abs)        000000
__size_of_setPWM2duty     (abs)        000000
__size_of_sysParamInit    (abs)        000000
__size_of_t2config        (abs)        000000
__size_of_writeEEPROM     (abs)        000000
__size_ofi1___fldiv       (abs)        000000
__size_ofi1___flmul       (abs)        000000
__size_ofi1_calcSysVars   (abs)        000000
__size_ofi1_saveSysParams (abs)        000000
__size_ofi1_writeEEPROM   (abs)        000000
__size_ofi2_putchUART     (abs)        000000
__size_ofi2_setPWM2duty   (abs)        000000
__smallconst              smallconst   000000
__tdiv_to_l_              text26       00323A
__tdiv_to_l_@cntr         cstackBANK0  000084
__tdiv_to_l_@exp1         cstackBANK0  000085
__tdiv_to_l_@f1           cstackBANK0  000075
__tdiv_to_l_@f2           cstackBANK0  000079
__tdiv_to_l_@quot         cstackBANK0  000080
_actualScreen             bssBANK0     0000D1
_buttonChecking           text38       002E0A
_calFactor                bssBANK1     000131
_calcSysVars              text49       00384C
_checkPass                text52       0049E6
_clockConfig              text37       005162
_confirmEdition           text46       003AE6
_contra                   dataBANK1    00014B
_delay_ms                 text58       004E4A
_densidadMasa             dataBANK0    0000D9
_diamTubo                 dataBANK0    0000DD
_dpowers                  mediumconst  007DBB
_drawAdvOFF               text12       0050B4
_drawAdvON                text11       005086
_drawBadPass              text10       005058
_drawChanVal              text9        002B5C
_drawMenu                 text8        001F04
_drawPassWord             text7        004176
_drawSNquest              text6        004376
_drawScreen               text5        0048C8
_fData                    bssBANK0     0000CC
_fd                       bssBANK1     00014A
_fround                   text23       0025D6
_fround$2839              cstackBANK0  0000A4
_fround$2840              cstackBANK0  0000A0
_holdDOWNcont             bssCOMRAM    000047
_holdENTERcont            bssBANK0     0000D2
_holdRETROcont            bssCOMRAM    000048
_holdUPcont               bssBANK0     0000D3
_hp_isr                   intcode      000008
_i16Data                  bssCOMRAM    000043
_ie                       bssCOMRAM    000049
_interruptConfig          text4        005294
_introducido              bssBANK1     000135
_ioConfig                 text3        004FF6
_ioInitStt                text2        00528C
_isdigit                  text22       00510E
_isdigit$2357             cstackBANK0  000076
_isr                      intcodelo    000018
_kgXcorte                 dataCOMRAM   00002F
_lastSttDOWN              dataCOMRAM   00003F
_lastSttENTER             dataCOMRAM   000040
_lastSttRETRO             dataCOMRAM   000041
_lastSttUP                dataCOMRAM   000042
_lcd_gotoxy               text17       005028
_lcd_init                 text1        0045C4
_lcd_putc                 text16       004A74
_lcd_read_4bits           text21       004AEE
_lcd_read_byte            text20       004DBE
_lcd_send_4bits           text19       004958
_lcd_send_4bits$1602      cstackBANK0  000075
_lcd_send_4bits$1603      cstackBANK0  000076
_lcd_send_4bits$1604      cstackBANK0  000077
_lcd_send_4bits$1605      cstackBANK0  000078
_lcd_send_byte            text18       004E90
_longPressDOWN            text57       00525C
_longPressENTER           text56       004C50
_longPressRETRO           text55       004F14
_longPressUP              text54       004D22
_m3Xcorte                 dataCOMRAM   000033
_main                     text0        0050E2
_menuSection              bssBANK0     0000D4
_numCortes                dataBANK0    0000E1
_passChar                 bssBANK1     000139
_passSection              bssBANK0     0000D5
_pi                       dataBANK1    00014F
_pressDOWN                text53       00427C
_pressENTER               text45       0036F0
_pressRETRO               text44       004E04
_pressUP                  text43       003F64
_printf                   text13       0000B6
_printf$2842              cstackBANK1  000112
_proceso                  bssBANK1     000140
_putch                    text15       00521A
_putchUART                text73       005268
_questKMT                 bssBANK1     00013D
_questSN                  bssBANK1     000142
_readEEPROM               text72       0051F4
_releaseDOWN              text42       005250
_releaseENTER             text41       005236
_releaseRETRO             text40       005228
_releaseUP                text39       005244
_saveSysParams            text47       003C10
_scale                    text14       000D24
_scale$2841               cstackBANK0  0000A0
_selKMT                   bssBANK0     0000D6
_selSN                    bssBANK0     0000D7
_setPWM2duty              text62       0047A2
_sysParamInit             text68       00406E
_t2config                 text61       0051C8
_tVarProceso              dataBANK0    0000E3
_tempLastScreen           bssBANK0     0000D8
_tempNumCortes            dataBANK1    00015B
_tempkgXcorte             dataBANK1    000153
_tiXcorte                 dataCOMRAM   000037
_velocidadMasa            dataCOMRAM   00003B
_writeEEPROM              text48       00518A
btemp                     temp         00004A
calcSysVars@temp          cstackBANK0  00009C
checkPass@i               cstackBANK0  00007A
checkPass@passOK          cstackBANK0  000079
confirmEdition@yes        cstackBANK0  0000A0
delay_ms@del              cstackBANK0  000075
delay_ms@i                cstackBANK0  000078
drawChanVal@i             cstackBANK0  0000C9
drawMenu@adv              cstackBANK0  0000C9
drawPassWord@i            cstackBANK0  0000C9
drawSNquest@i             cstackBANK0  0000CA
drawSNquest@tq            cstackBANK0  0000C9
end_of_initialization     cinit        0048BA
fround@prec               cstackBANK0  0000A8
i1___fldiv                text71       0028A8
i1___fldiv@a              cstackCOMRAM 000019
i1___fldiv@aexp           cstackCOMRAM 00002D
i1___fldiv@b              cstackCOMRAM 000015
i1___fldiv@bexp           cstackCOMRAM 00002C
i1___fldiv@grs            cstackCOMRAM 000028
i1___fldiv@new_exp        cstackCOMRAM 000026
i1___fldiv@rem            cstackCOMRAM 000022
i1___fldiv@sign           cstackCOMRAM 000021
i1___flmul                text70       002286
i1___flmul@a              cstackCOMRAM 000019
i1___flmul@aexp           cstackCOMRAM 000022
i1___flmul@b              cstackCOMRAM 000015
i1___flmul@bexp           cstackCOMRAM 000027
i1___flmul@grs            cstackCOMRAM 000023
i1___flmul@prod           cstackCOMRAM 000028
i1___flmul@sign           cstackCOMRAM 000021
i1___flmul@temp           cstackCOMRAM 00002C
i1_calcSysVars            text69       00399A
i1_saveSysParams          text66       003D34
i1_writeEEPROM            text67       0051AA
i1calcSysVars@temp        cstackBANK0  000060
i1writeEEPROM@adr         cstackCOMRAM 000016
i1writeEEPROM@data        cstackCOMRAM 000015
i2_putchUART              text77       005274
i2_setPWM2duty            text76       004BE0
i2putchUART@val           cstackCOMRAM 000001
i2setPWM2duty@act         cstackCOMRAM 000005
i2setPWM2duty@actuator    cstackCOMRAM 000001
int$flags                 temp         00004A
int_func                  intcode_body 004B68
intlevel0                 text         000000
intlevel1                 text         000000
intlevel2                 text         000000
intlevel3                 text         000000
isdigit@c                 cstackBANK0  000077
lcd_gotoxy@address        cstackBANK0  00007F
lcd_gotoxy@fila           cstackBANK0  00007D
lcd_gotoxy@pos            cstackBANK0  00007E
lcd_init@F7567            dataBANK1    000157
lcd_init@LCD_INIT_STRING  cstackBANK0  00007E
lcd_init@i                cstackBANK0  000082
lcd_putc@cha              cstackBANK0  000081
lcd_read_4bits@n          cstackBANK0  000076
lcd_read_byte@high        cstackBANK0  000078
lcd_read_byte@low         cstackBANK0  000077
lcd_send_4bits@n          cstackBANK0  000079
lcd_send_byte@address     cstackBANK0  00007C
lcd_send_byte@n           cstackBANK0  00007A
printf@ap                 cstackBANK1  00011A
printf@c                  cstackBANK1  000130
printf@cp                 cstackBANK1  000116
printf@exp                cstackBANK1  000126
printf@f                  cstackBANK1  000100
printf@flag               cstackBANK1  00011C
printf@fval               cstackBANK1  00012A
printf@len                cstackBANK1  000118
printf@prec               cstackBANK1  00012E
printf@tmpval             cstackBANK1  00011E
printf@val                cstackBANK1  000122
printf@width              cstackBANK1  000128
putch@val                 cstackBANK0  000082
putchUART@val             cstackCOMRAM 000015
readEEPROM@adr            cstackCOMRAM 000015
scale@scl                 cstackBANK0  0000A4
setPWM2duty@act           cstackBANK0  000079
setPWM2duty@actuator      cstackBANK0  000075
stackhi                   (abs)        0005FF
stacklo                   (abs)        00015D
start                     init         0000B2
start_initialization      cinit        004836
writeEEPROM@adr           cstackBANK0  000076
writeEEPROM@data          cstackBANK0  000075


FUNCTION INFORMATION:

 *************** function _main *****************
 Defined at:
		line 27 in file "source/main.c"
 Parameters:    Size  Location     Type
		None
 Auto vars:     Size  Location     Type
		None
 Return value:  Size  Location     Type
                  1    wreg      void 
 Registers used:
		wreg, fsr2l, fsr2h, status,2, status,0, tblptrl, tblptrh, tblptru, prodl, prodh, cstack
 Tracked objects:
		On entry : 
		On exit  : 
		Unchanged: 
 Data sizes:     COMRAM   BANK0   BANK1   BANK2   BANK3   BANK4   BANK5
      Params:         0       0       0       0       0       0       0
      Locals:         0       0       0       0       0       0       0
      Temps:          0       0       0       0       0       0       0
      Totals:         0       0       0       0       0       0       0
Total ram usage:        0 bytes
 Hardware stack levels required when called:   17
 This function calls:
		_EEPROMConfig
		_PWM2Config
		_UARTConfig
		_buttonChecking
		_clockConfig
		_drawScreen
		_interruptConfig
		_ioConfig
		_ioInitStt
		_lcd_init
 This function is called by:
		Startup code after reset
 This function uses a non-reentrant model


 *************** function _lcd_init *****************
 Defined at:
		line 179 in file "source/../../vclib_lcd.h"
 Parameters:    Size  Location     Type
		None
 Auto vars:     Size  Location     Type
  LCD_INIT_STR    4   30[BANK0 ] unsigned char [4]
  i               1   34[BANK0 ] unsigned char 
 Return value:  Size  Location     Type
                  1    wreg      void 
 Registers used:
		wreg, fsr2l, fsr2h, status,2, status,0, prodl, prodh, cstack
 Tracked objects:
		On entry : 
		On exit  : 
		Unchanged: 
 Data sizes:     COMRAM   BANK0   BANK1   BANK2   BANK3   BANK4   BANK5
      Params:         0       0       0       0       0       0       0
      Locals:         0       5       0       0       0       0       0
      Temps:          0       1       0       0       0       0       0
      Totals:         0       6       0       0       0       0       0
Total ram usage:        6 bytes
 Hardware stack levels used:    1
 Hardware stack levels required when called:   11
 This function calls:
		_lcd_send_4bits
		_lcd_send_byte
 This function is called by:
		_main
 This function uses a non-reentrant model


 *************** function _ioInitStt *****************
 Defined at:
		line 80 in file "source/IOConfig.h"
 Parameters:    Size  Location     Type
		None
 Auto vars:     Size  Location     Type
		None
 Return value:  Size  Location     Type
                  1    wreg      void 
 Registers used:
		None
 Tracked objects:
		On entry : 
		On exit  : 
		Unchanged: 
 Data sizes:     COMRAM   BANK0   BANK1   BANK2   BANK3   BANK4   BANK5
      Params:         0       0       0       0       0       0       0
      Locals:         0       0       0       0       0       0       0
      Temps:          0       0       0       0       0       0       0
      Totals:         0       0       0       0       0       0       0
Total ram usage:        0 bytes
 Hardware stack levels used:    1
 Hardware stack levels required when called:    8
 This function calls:
		Nothing
 This function is called by:
		_main
 This function uses a non-reentrant model


 *************** function _ioConfig *****************
 Defined at:
		line 63 in file "source/IOConfig.h"
 Parameters:    Size  Location     Type
		None
 Auto vars:     Size  Location     Type
		None
 Return value:  Size  Location     Type
                  1    wreg      void 
 Registers used:
		None
 Tracked objects:
		On entry : 
		On exit  : 
		Unchanged: 
 Data sizes:     COMRAM   BANK0   BANK1   BANK2   BANK3   BANK4   BANK5
      Params:         0       0       0       0       0       0       0
      Locals:         0       0       0       0       0       0       0
      Temps:          0       0       0       0       0       0       0
      Totals:         0       0       0       0       0       0       0
Total ram usage:        0 bytes
 Hardware stack levels used:    1
 Hardware stack levels required when called:    8
 This function calls:
		Nothing
 This function is called by:
		_main
 This function uses a non-reentrant model


 *************** function _interruptConfig *****************
 Defined at:
		line 90 in file "source/SYSConfig.h"
 Parameters:    Size  Location     Type
		None
 Auto vars:     Size  Location     Type
		None
 Return value:  Size  Location     Type
                  1    wreg      void 
 Registers used:
		None
 Tracked objects:
		On entry : 
		On exit  : 
		Unchanged: 
 Data sizes:     COMRAM   BANK0   BANK1   BANK2   BANK3   BANK4   BANK5
      Params:         0       0       0       0       0       0       0
      Locals:         0       0       0       0       0       0       0
      Temps:          0       0       0       0       0       0       0
      Totals:         0       0       0       0       0       0       0
Total ram usage:        0 bytes
 Hardware stack levels used:    1
 Hardware stack levels required when called:    8
 This function calls:
		Nothing
 This function is called by:
		_main
 This function uses a non-reentrant model


 *************** function _drawScreen *****************
 Defined at:
		line 292 in file "source/screenDrawers.h"
 Parameters:    Size  Location     Type
		None
 Auto vars:     Size  Location     Type
		None
 Return value:  Size  Location     Type
                  1    wreg      void 
 Registers used:
		wreg, fsr2l, fsr2h, status,2, status,0, tblptrl, tblptrh, tblptru, prodl, prodh, cstack
 Tracked objects:
		On entry : 
		On exit  : 
		Unchanged: 
 Data sizes:     COMRAM   BANK0   BANK1   BANK2   BANK3   BANK4   BANK5
      Params:         0       0       0       0       0       0       0
      Locals:         0       0       0       0       0       0       0
      Temps:          0       0       0       0       0       0       0
      Totals:         0       0       0       0       0       0       0
Total ram usage:        0 bytes
 Hardware stack levels used:    1
 Hardware stack levels required when called:   16
 This function calls:
		_drawAdvOFF
		_drawAdvON
		_drawBadPass
		_drawChanVal
		_drawMenu
		_drawPassWord
		_drawSNquest
 This function is called by:
		_main
 This function uses a non-reentrant model


 *************** function _drawSNquest *****************
 Defined at:
		line 277 in file "source/screenDrawers.h"
 Parameters:    Size  Location     Type
  tq              1    wreg     unsigned char 
 Auto vars:     Size  Location     Type
  tq              1  105[BANK0 ] unsigned char 
  i               2  106[BANK0 ] int 
 Return value:  Size  Location     Type
                  1    wreg      void 
 Registers used:
		wreg, fsr2l, fsr2h, status,2, status,0, tblptrl, tblptrh, tblptru, prodl, prodh, cstack
 Tracked objects:
		On entry : 
		On exit  : 
		Unchanged: 
 Data sizes:     COMRAM   BANK0   BANK1   BANK2   BANK3   BANK4   BANK5
      Params:         0       0       0       0       0       0       0
      Locals:         0       3       0       0       0       0       0
      Temps:          0       0       0       0       0       0       0
      Totals:         0       3       0       0       0       0       0
Total ram usage:        3 bytes
 Hardware stack levels used:    1
 Hardware stack levels required when called:   15
 This function calls:
		_lcd_gotoxy
		_printf
 This function is called by:
		_drawScreen
 This function uses a non-reentrant model


 *************** function _drawPassWord *****************
 Defined at:
		line 240 in file "source/screenDrawers.h"
 Parameters:    Size  Location     Type
		None
 Auto vars:     Size  Location     Type
  i               2  105[BANK0 ] int 
 Return value:  Size  Location     Type
                  1    wreg      void 
 Registers used:
		wreg, fsr2l, fsr2h, status,2, status,0, tblptrl, tblptrh, tblptru, prodl, prodh, cstack
 Tracked objects:
		On entry : 
		On exit  : 
		Unchanged: 
 Data sizes:     COMRAM   BANK0   BANK1   BANK2   BANK3   BANK4   BANK5
      Params:         0       0       0       0       0       0       0
      Locals:         0       2       0       0       0       0       0
      Temps:          0       0       0       0       0       0       0
      Totals:         0       2       0       0       0       0       0
Total ram usage:        2 bytes
 Hardware stack levels used:    1
 Hardware stack levels required when called:   15
 This function calls:
		_lcd_gotoxy
		_printf
 This function is called by:
		_drawScreen
 This function uses a non-reentrant model


 *************** function _drawMenu *****************
 Defined at:
		line 39 in file "source/screenDrawers.h"
 Parameters:    Size  Location     Type
  adv             1    wreg     unsigned char 
 Auto vars:     Size  Location     Type
  adv             1  105[BANK0 ] unsigned char 
 Return value:  Size  Location     Type
                  1    wreg      void 
 Registers used:
		wreg, fsr2l, fsr2h, status,2, status,0, tblptrl, tblptrh, tblptru, prodl, prodh, cstack
 Tracked objects:
		On entry : 
		On exit  : 
		Unchanged: 
 Data sizes:     COMRAM   BANK0   BANK1   BANK2   BANK3   BANK4   BANK5
      Params:         0       0       0       0       0       0       0
      Locals:         0       1       0       0       0       0       0
      Temps:          0       0       0       0       0       0       0
      Totals:         0       1       0       0       0       0       0
Total ram usage:        1 bytes
 Hardware stack levels used:    1
 Hardware stack levels required when called:   15
 This function calls:
		_lcd_gotoxy
		_lcd_putc
		_printf
 This function is called by:
		_drawScreen
 This function uses a non-reentrant model


 *************** function _drawChanVal *****************
 Defined at:
		line 163 in file "source/screenDrawers.h"
 Parameters:    Size  Location     Type
		None
 Auto vars:     Size  Location     Type
  i               2  105[BANK0 ] int 
 Return value:  Size  Location     Type
                  1    wreg      void 
 Registers used:
		wreg, fsr2l, fsr2h, status,2, status,0, tblptrl, tblptrh, tblptru, prodl, prodh, cstack
 Tracked objects:
		On entry : 
		On exit  : 
		Unchanged: 
 Data sizes:     COMRAM   BANK0   BANK1   BANK2   BANK3   BANK4   BANK5
      Params:         0       0       0       0       0       0       0
      Locals:         0       2       0       0       0       0       0
      Temps:          0       0       0       0       0       0       0
      Totals:         0       2       0       0       0       0       0
Total ram usage:        2 bytes
 Hardware stack levels used:    1
 Hardware stack levels required when called:   15
 This function calls:
		_lcd_gotoxy
		_printf
 This function is called by:
		_drawScreen
 This function uses a non-reentrant model


 *************** function _drawBadPass *****************
 Defined at:
		line 259 in file "source/screenDrawers.h"
 Parameters:    Size  Location     Type
		None
 Auto vars:     Size  Location     Type
		None
 Return value:  Size  Location     Type
                  1    wreg      void 
 Registers used:
		wreg, fsr2l, fsr2h, status,2, status,0, tblptrl, tblptrh, tblptru, prodl, prodh, cstack
 Tracked objects:
		On entry : 
		On exit  : 
		Unchanged: 
 Data sizes:     COMRAM   BANK0   BANK1   BANK2   BANK3   BANK4   BANK5
      Params:         0       0       0       0       0       0       0
      Locals:         0       0       0       0       0       0       0
      Temps:          0       0       0       0       0       0       0
      Totals:         0       0       0       0       0       0       0
Total ram usage:        0 bytes
 Hardware stack levels used:    1
 Hardware stack levels required when called:   15
 This function calls:
		_lcd_gotoxy
		_printf
 This function is called by:
		_drawScreen
 This function uses a non-reentrant model


 *************** function _drawAdvON *****************
 Defined at:
		line 265 in file "source/screenDrawers.h"
 Parameters:    Size  Location     Type
		None
 Auto vars:     Size  Location     Type
		None
 Return value:  Size  Location     Type
                  1    wreg      void 
 Registers used:
		wreg, fsr2l, fsr2h, status,2, status,0, tblptrl, tblptrh, tblptru, prodl, prodh, cstack
 Tracked objects:
		On entry : 
		On exit  : 
		Unchanged: 
 Data sizes:     COMRAM   BANK0   BANK1   BANK2   BANK3   BANK4   BANK5
      Params:         0       0       0       0       0       0       0
      Locals:         0       0       0       0       0       0       0
      Temps:          0       0       0       0       0       0       0
      Totals:         0       0       0       0       0       0       0
Total ram usage:        0 bytes
 Hardware stack levels used:    1
 Hardware stack levels required when called:   15
 This function calls:
		_lcd_gotoxy
		_printf
 This function is called by:
		_drawScreen
 This function uses a non-reentrant model


 *************** function _drawAdvOFF *****************
 Defined at:
		line 271 in file "source/screenDrawers.h"
 Parameters:    Size  Location     Type
		None
 Auto vars:     Size  Location     Type
		None
 Return value:  Size  Location     Type
                  1    wreg      void 
 Registers used:
		wreg, fsr2l, fsr2h, status,2, status,0, tblptrl, tblptrh, tblptru, prodl, prodh, cstack
 Tracked objects:
		On entry : 
		On exit  : 
		Unchanged: 
 Data sizes:     COMRAM   BANK0   BANK1   BANK2   BANK3   BANK4   BANK5
      Params:         0       0       0       0       0       0       0
      Locals:         0       0       0       0       0       0       0
      Temps:          0       0       0       0       0       0       0
      Totals:         0       0       0       0       0       0       0
Total ram usage:        0 bytes
 Hardware stack levels used:    1
 Hardware stack levels required when called:   15
 This function calls:
		_lcd_gotoxy
		_printf
 This function is called by:
		_drawScreen
 This function uses a non-reentrant model


 *************** function _printf *****************
 Defined at:
		line 464 in file "C:\Program Files (x86)\Microchip\xc8\v1.38\sources\common\doprnt.c"
 Parameters:    Size  Location     Type
  f               2    0[BANK1 ] PTR const unsigned char 
		 -> STR_48(19), STR_47(18), STR_46(18), STR_45(18), 
		 -> STR_44(17), STR_43(18), STR_42(17), STR_41(18), 
		 -> STR_40(17), STR_39(18), STR_38(25), STR_37(18), 
		 -> STR_36(15), STR_35(18), STR_34(15), STR_33(18), 
		 -> STR_32(15), STR_31(18), STR_30(16), STR_29(18), 
		 -> STR_28(15), STR_27(15), STR_26(15), STR_25(18), 
		 -> STR_24(20), STR_23(18), STR_22(17), STR_21(15), 
		 -> STR_20(18), STR_19(15), STR_18(18), STR_17(15), 
		 -> STR_16(18), STR_15(15), STR_14(18), STR_13(16), 
		 -> STR_12(18), STR_11(15), STR_10(15), STR_9(15), 
		 -> STR_8(18), STR_7(17), STR_6(17), STR_5(18), 
		 -> STR_4(18), STR_3(17), STR_2(15), STR_1(18), 
 Auto vars:     Size  Location     Type
[...]
		On entry : 
		On exit  : 
		Unchanged: 
 Data sizes:     COMRAM   BANK0   BANK1   BANK2   BANK3   BANK4   BANK5
      Params:         0       0       0       0       0       0       0
      Locals:         0       0       0       0       0       0       0
      Temps:          0       0       0       0       0       0       0
      Totals:         0       0       0       0       0       0       0
Total ram usage:        0 bytes
 Hardware stack levels used:    1
 Hardware stack levels required when called:    5
 This function calls:
		i1_calcSysVars
		i1_writeEEPROM
 This function is called by:
		_UARTint
 This function uses a non-reentrant model


 *************** function i1_writeEEPROM *****************
 Defined at:
		line 36 in file "source/sysParams.h"
 Parameters:    Size  Location     Type
  adr             1    wreg     unsigned char 
  data            1   20[COMRAM] unsigned char 
 Auto vars:     Size  Location     Type
  adr             1   21[COMRAM] unsigned char 
 Return value:  Size  Location     Type
                  1    wreg      void 
 Registers used:
		wreg, status,2
 Tracked objects:
		On entry : 
		On exit  : 
		Unchanged: 
 Data sizes:     COMRAM   BANK0   BANK1   BANK2   BANK3   BANK4   BANK5
      Params:         1       0       0       0       0       0       0
      Locals:         1       0       0       0       0       0       0
      Temps:          0       0       0       0       0       0       0
      Totals:         2       0       0       0       0       0       0
Total ram usage:        2 bytes
 Hardware stack levels used:    1
 Hardware stack levels required when called:    3
 This function calls:
		Nothing
 This function is called by:
		i1_saveSysParams
 This function uses a non-reentrant model


 *************** function _sysParamInit *****************
 Defined at:
		line 134 in file "source/sysParams.h"
 Parameters:    Size  Location     Type
		None
 Auto vars:     Size  Location     Type
		None
 Return value:  Size  Location     Type
                  1    wreg      void 
 Registers used:
		wreg, status,2, status,0, prodl, prodh, cstack
 Tracked objects:
		On entry : 
		On exit  : 
		Unchanged: 
 Data sizes:     COMRAM   BANK0   BANK1   BANK2   BANK3   BANK4   BANK5
      Params:         0       0       0       0       0       0       0
      Locals:         0       0       0       0       0       0       0
      Temps:          0       0       0       0       0       0       0
      Totals:         0       0       0       0       0       0       0
Total ram usage:        0 bytes
 Hardware stack levels used:    1
 Hardware stack levels required when called:    5
 This function calls:
		_readEEPROM
		i1_calcSysVars
 This function is called by:
		_UARTint
 This function uses a non-reentrant model


 *************** function i1_calcSysVars *****************
 Defined at:
		line 62 in file "source/sysParams.h"
 Parameters:    Size  Location     Type
		None
 Auto vars:     Size  Location     Type
  calcSysVars     4    0[BANK0 ] float 
 Return value:  Size  Location     Type
                  1    wreg      void 
 Registers used:
		wreg, status,2, status,0, prodl, prodh, cstack
 Tracked objects:
		On entry : 
		On exit  : 
		Unchanged: 
 Data sizes:     COMRAM   BANK0   BANK1   BANK2   BANK3   BANK4   BANK5
      Params:         0       0       0       0       0       0       0
      Locals:         0       4       0       0       0       0       0
      Temps:          0       0       0       0       0       0       0
      Totals:         0       4       0       0       0       0       0
Total ram usage:        4 bytes
 Hardware stack levels used:    1
 Hardware stack levels required when called:    4
 This function calls:
		i1___fldiv
		i1___flmul
 This function is called by:
		_sysParamInit
		i1_saveSysParams
 This function uses a non-reentrant model


 *************** function i1___flmul *****************
 Defined at:
		line 8 in file "C:\Program Files (x86)\Microchip\xc8\v1.38\sources\common\sprcmul.c"
 Parameters:    Size  Location     Type
  b               4   20[COMRAM] void 
  a               4   24[COMRAM] void 
 Auto vars:     Size  Location     Type
  __flmul         4   39[COMRAM] struct .
  __flmul         4   34[COMRAM] unsigned long 
  __flmul         2   43[COMRAM] struct .
  __flmul         1   38[COMRAM] unsigned char 
  __flmul         1   33[COMRAM] unsigned char 
  __flmul         1   32[COMRAM] unsigned char 
 Return value:  Size  Location     Type
                  4   20[COMRAM] unsigned char 
 Registers used:
		wreg, status,2, status,0, prodl, prodh
 Tracked objects:
		On entry : 
		On exit  : 
		Unchanged: 
 Data sizes:     COMRAM   BANK0   BANK1   BANK2   BANK3   BANK4   BANK5
      Params:         8       0       0       0       0       0       0
      Locals:        13       0       0       0       0       0       0
      Temps:          4       0       0       0       0       0       0
      Totals:        25       0       0       0       0       0       0
Total ram usage:       25 bytes
 Hardware stack levels used:    1
 Hardware stack levels required when called:    3
 This function calls:
		Nothing
 This function is called by:
		i1_calcSysVars
 This function uses a non-reentrant model


 *************** function i1___fldiv *****************
 Defined at:
		line 11 in file "C:\Program Files (x86)\Microchip\xc8\v1.38\sources\common\sprcdiv.c"
 Parameters:    Size  Location     Type
  b               4   20[COMRAM] unsigned char 
  a               4   24[COMRAM] unsigned char 
 Auto vars:     Size  Location     Type
  __fldiv         4   39[COMRAM] unsigned long 
  __fldiv         4   33[COMRAM] unsigned long 
  __fldiv         2   37[COMRAM] int 
  __fldiv         1   44[COMRAM] unsigned char 
  __fldiv         1   43[COMRAM] unsigned char 
  __fldiv         1   32[COMRAM] unsigned char 
 Return value:  Size  Location     Type
                  4   20[COMRAM] unsigned char 
 Registers used:
		wreg, status,2, status,0
 Tracked objects:
		On entry : 
		On exit  : 
		Unchanged: 
 Data sizes:     COMRAM   BANK0   BANK1   BANK2   BANK3   BANK4   BANK5
      Params:         8       0       0       0       0       0       0
      Locals:        13       0       0       0       0       0       0
      Temps:          4       0       0       0       0       0       0
      Totals:        25       0       0       0       0       0       0
Total ram usage:       25 bytes
 Hardware stack levels used:    1
 Hardware stack levels required when called:    3
 This function calls:
		Nothing
 This function is called by:
		i1_calcSysVars
 This function uses a non-reentrant model


 *************** function _readEEPROM *****************
 Defined at:
		line 47 in file "source/sysParams.h"
 Parameters:    Size  Location     Type
  adr             1    wreg     unsigned char 
 Auto vars:     Size  Location     Type
  adr             1   20[COMRAM] unsigned char 
 Return value:  Size  Location     Type
                  1    wreg      unsigned char 
 Registers used:
		wreg, status,2
 Tracked objects:
		On entry : 
		On exit  : 
		Unchanged: 
 Data sizes:     COMRAM   BANK0   BANK1   BANK2   BANK3   BANK4   BANK5
      Params:         0       0       0       0       0       0       0
      Locals:         1       0       0       0       0       0       0
      Temps:          0       0       0       0       0       0       0
      Totals:         1       0       0       0       0       0       0
Total ram usage:        1 bytes
 Hardware stack levels used:    1
 Hardware stack levels required when called:    3
 This function calls:
		Nothing
 This function is called by:
		_sysParamInit
 This function uses a non-reentrant model


 *************** function _putchUART *****************
 Defined at:
		line 11 in file "source/UARTConfig.h"
 Parameters:    Size  Location     Type
  val             1    wreg     unsigned char 
 Auto vars:     Size  Location     Type
  val             1   20[COMRAM] unsigned char 
 Return value:  Size  Location     Type
                  1    wreg      void 
 Registers used:
		wreg
 Tracked objects:
		On entry : 
		On exit  : 
		Unchanged: 
 Data sizes:     COMRAM   BANK0   BANK1   BANK2   BANK3   BANK4   BANK5
      Params:         0       0       0       0       0       0       0
      Locals:         1       0       0       0       0       0       0
      Temps:          0       0       0       0       0       0       0
      Totals:         1       0       0       0       0       0       0
Total ram usage:        1 bytes
 Hardware stack levels used:    1
 Hardware stack levels required when called:    3
 This function calls:
		Nothing
 This function is called by:
		_UARTint
 This function uses a non-reentrant model


 *************** function _hp_isr *****************
 Defined at:
		line 13 in file "source/main.c"
 Parameters:    Size  Location     Type
		None
 Auto vars:     Size  Location     Type
		None
 Return value:  Size  Location     Type
                  1    wreg      void 
 Registers used:
		wreg, status,2, status,0, cstack
 Tracked objects:
		On entry : 
		On exit  : 
		Unchanged: 
 Data sizes:     COMRAM   BANK0   BANK1   BANK2   BANK3   BANK4   BANK5
      Params:         0       0       0       0       0       0       0
      Locals:         0       0       0       0       0       0       0
      Temps:         14       0       0       0       0       0       0
      Totals:        14       0       0       0       0       0       0
Total ram usage:       14 bytes
 Hardware stack levels used:    1
 Hardware stack levels required when called:    2
 This function calls:
		_T2int
 This function is called by:
		Interrupt level 2
 This function uses a non-reentrant model


 *************** function _T2int *****************
 Defined at:
		line 35 in file "source/PWMConfig.h"
 Parameters:    Size  Location     Type
		None
 Auto vars:     Size  Location     Type
		None
 Return value:  Size  Location     Type
                  1    wreg      void 
 Registers used:
		wreg, status,2, status,0, cstack
 Tracked objects:
		On entry : 
		On exit  : 
		Unchanged: 
 Data sizes:     COMRAM   BANK0   BANK1   BANK2   BANK3   BANK4   BANK5
      Params:         0       0       0       0       0       0       0
      Locals:         0       0       0       0       0       0       0
      Temps:          0       0       0       0       0       0       0
      Totals:         0       0       0       0       0       0       0
Total ram usage:        0 bytes
 Hardware stack levels used:    1
 Hardware stack levels required when called:    1
 This function calls:
		i2_putchUART
		i2_setPWM2duty
 This function is called by:
		_hp_isr
 This function uses a non-reentrant model


 *************** function i2_setPWM2duty *****************
 Defined at:
		line 23 in file "source/PWMConfig.h"
 Parameters:    Size  Location     Type
  actuator        2    0[COMRAM] short 
 Auto vars:     Size  Location     Type
  setPWM2duty     2    4[COMRAM] short 
 Return value:  Size  Location     Type
                  1    wreg      void 
 Registers used:
		wreg, status,2, status,0
 Tracked objects:
		On entry : 
		On exit  : 
		Unchanged: 
 Data sizes:     COMRAM   BANK0   BANK1   BANK2   BANK3   BANK4   BANK5
      Params:         2       0       0       0       0       0       0
      Locals:         2       0       0       0       0       0       0
      Temps:          2       0       0       0       0       0       0
      Totals:         6       0       0       0       0       0       0
Total ram usage:        6 bytes
 Hardware stack levels used:    1
 This function calls:
		Nothing
 This function is called by:
		_T2int
 This function uses a non-reentrant model


 *************** function i2_putchUART *****************
 Defined at:
		line 11 in file "source/UARTConfig.h"
 Parameters:    Size  Location     Type
  val             1    wreg     unsigned char 
 Auto vars:     Size  Location     Type
  val             1    0[COMRAM] unsigned char 
 Return value:  Size  Location     Type
                  1    wreg      void 
 Registers used:
		wreg
 Tracked objects:
		On entry : 
		On exit  : 
		Unchanged: 
 Data sizes:     COMRAM   BANK0   BANK1   BANK2   BANK3   BANK4   BANK5
      Params:         0       0       0       0       0       0       0
      Locals:         1       0       0       0       0       0       0
      Temps:          0       0       0       0       0       0       0
      Totals:         1       0       0       0       0       0       0
Total ram usage:        1 bytes
 Hardware stack levels used:    1
 This function calls:
		Nothing
 This function is called by:
		_T2int
 This function uses a non-reentrant model



MODULE INFORMATION

Module		Function		Class		Link	Load	Size
source/ButtonController.h
		_buttonChecking		CODE           	2E0A	0000	611

source/ButtonController.h estimated size: 611

C:\Program Files (x86)\Microchip\xc8\v1.38\sources\common\awmod.c
		___awmod       		CODE           	4666	0000	163

C:\Program Files (x86)\Microchip\xc8\v1.38\sources\common\awmod.c estimated size: 163

C:\Program Files (x86)\Microchip\xc8\v1.38\sources\common\ftdivl.c
		__tdiv_to_l_   		CODE           	323A	0000	415

C:\Program Files (x86)\Microchip\xc8\v1.38\sources\common\ftdivl.c estimated size: 415

C:\Program Files (x86)\Microchip\xc8\v1.38\sources\common\llmod.c
		___llmod       		CODE           	4708	0000	155

C:\Program Files (x86)\Microchip\xc8\v1.38\sources\common\llmod.c estimated size: 155

C:\Program Files (x86)\Microchip\xc8\v1.38\sources\common\Umul16.c
		___wmul        		CODE           	4FC0	0000	55

C:\Program Files (x86)\Microchip\xc8\v1.38\sources\common\Umul16.c estimated size: 55

source/screenDrawers.h
		_drawChanVal   		CODE           	2B5C	0000	687
		_drawPassWord  		CODE           	4176	0000	263
		_drawBadPass   		CODE           	5058	0000	47
		_drawMenu      		CODE           	1F04	0000	899
		_drawAdvON     		CODE           	5086	0000	47
		_drawAdvOFF    		CODE           	50B4	0000	47
		_drawScreen    		CODE           	48C8	0000	145
		_drawSNquest   		CODE           	4376	0000	213

source/screenDrawers.h estimated size: 2348

source/sysParams.h
		_EEPROMConfig  		CODE           	529C	0000	7
		_saveSysParams 		CODE           	3C10	0000	293
		_calcSysVars   		CODE           	384C	0000	335
		_sysParamInit  		CODE           	406E	0000	265
		_readEEPROM    		CODE           	51F4	0000	21
		_writeEEPROM   		CODE           	518A	0000	33

source/sysParams.h estimated size: 954

C:\Program Files (x86)\Microchip\xc8\v1.38\sources\common\fldivl.c
		__div_to_l_    		CODE           	3568	0000	393

C:\Program Files (x86)\Microchip\xc8\v1.38\sources\common\fldivl.c estimated size: 393

source/main.c
		_main          		CODE           	50E2	0000	45
		_isr           		CODE           	0018	0000	155
		_hp_isr        		CODE           	0008	0000	135

source/main.c estimated size: 335

C:\Program Files (x86)\Microchip\xc8\v1.38\sources\common\sprcmul.c
		___flmul       		CODE           	169E	0000	1191

C:\Program Files (x86)\Microchip\xc8\v1.38\sources\common\sprcmul.c estimated size: 1191

C:\Program Files (x86)\Microchip\xc8\v1.38\sources\common\sprcdiv.c
		___fldiv       		CODE           	1B44	0000	961

C:\Program Files (x86)\Microchip\xc8\v1.38\sources\common\sprcdiv.c estimated size: 961

source/PWMConfig.h
		_setPWM2duty   		CODE           	47A2	0000	149
		_t2config      		CODE           	51C8	0000	25
		_PWM2Config    		CODE           	4CBC	0000	103
		_T2int         		CODE           	5138	0000	43

source/PWMConfig.h estimated size: 320

C:\Program Files (x86)\Microchip\xc8\v1.38\sources\common\awdiv.c
		___awdiv       		CODE           	444A	0000	191

C:\Program Files (x86)\Microchip\xc8\v1.38\sources\common\awdiv.c estimated size: 191

source/../../vclib_lcd.h
		_lcd_read_byte 		CODE           	4DBE	0000	71
		_lcd_putc      		CODE           	4A74	0000	123
		_lcd_send_byte 		CODE           	4E90	0000	67
		_lcd_read_4bits		CODE           	4AEE	0000	123
		_lcd_send_4bits		CODE           	4958	0000	143
		_lcd_gotoxy    		CODE           	5028	0000	49
		_lcd_init      		CODE           	45C4	0000	163

source/../../vclib_lcd.h estimated size: 739

C:\Program Files (x86)\Microchip\xc8\v1.38\sources\common\fltol.c
		___fltol       		CODE           	3E58	0000	269

C:\Program Files (x86)\Microchip\xc8\v1.38\sources\common\fltol.c estimated size: 269

C:\Program Files (x86)\Microchip\xc8\v1.38\sources\common\lldiv.c
		___lldiv       		CODE           	4508	0000	189

C:\Program Files (x86)\Microchip\xc8\v1.38\sources\common\lldiv.c estimated size: 189

C:\Program Files (x86)\Microchip\xc8\v1.38\sources\common\xxtofl.c
		___xxtofl      		CODE           	306C	0000	463

C:\Program Files (x86)\Microchip\xc8\v1.38\sources\common\xxtofl.c estimated size: 463

source/IOConfig.h
		_putch         		CODE           	521A	0000	15
		_ioInitStt     		CODE           	528C	0000	9
		_ioConfig      		CODE           	4FF6	0000	51

source/IOConfig.h estimated size: 75

shared
		i2_putchUART   		CODE           	5274	0000	13
		i1_writeEEPROM 		CODE           	51AA	0000	31
		i1_calcSysVars 		CODE           	399A	0000	333
		__powers_      		MEDIUMCONST    	7D87	0000	53
		_dpowers       		MEDIUMCONST    	7DBB	0000	41
		i1___fldiv     		CODE           	28A8	0000	693
		__npowers_     		MEDIUMCONST    	7D53	0000	53
		__initialization		CODE           	4836	0000	133
		i1___flmul     		CODE           	2286	0000	849
		i1_saveSysParams		CODE           	3D34	0000	293
		i2_setPWM2duty 		CODE           	4BE0	0000	113

shared estimated size: 2605

C:\Program Files (x86)\Microchip\xc8\v1.38\sources\common\isdigit.c
		_isdigit       		CODE           	510E	0000	43

C:\Program Files (x86)\Microchip\xc8\v1.38\sources\common\isdigit.c estimated size: 43

C:\Program Files (x86)\Microchip\xc8\v1.38\sources\common\sprcadd.c
		___flsub       		CODE           	4D76	0000	73
		___fladd       		CODE           	11F6	0000	1193

C:\Program Files (x86)\Microchip\xc8\v1.38\sources\common\sprcadd.c estimated size: 1266

C:\Program Files (x86)\Microchip\xc8\v1.38\sources\common\flge.c
		___flge        		CODE           	33D8	0000	401

C:\Program Files (x86)\Microchip\xc8\v1.38\sources\common\flge.c estimated size: 401

source/SYSConfig.h
		_interruptConfig		CODE           	5294	0000	9
		_clockConfig   		CODE           	5162	0000	41

source/SYSConfig.h estimated size: 50

C:\Program Files (x86)\Microchip\xc8\v1.38\sources\common\flneg.c
		___flneg       		CODE           	4F50	0000	57

C:\Program Files (x86)\Microchip\xc8\v1.38\sources\common\flneg.c estimated size: 57

C:\Program Files (x86)\Microchip\xc8\v1.38\sources\common\doprnt.c
		_scale         		CODE           	0D24	0000	1235
		_printf        		CODE           	00B6	0000	3183
		_fround        		CODE           	25D6	0000	723

C:\Program Files (x86)\Microchip\xc8\v1.38\sources\common\doprnt.c estimated size: 5141

source/UARTConfig.h
		_putchUART     		CODE           	5268	0000	13
		_UARTConfig    		CODE           	4F88	0000	57
		_UARTint       		CODE           	4ED2	0000	67

source/UARTConfig.h estimated size: 137

source/DisplayProtocol.h
		_pressUP       		CODE           	3F64	0000	267
		_pressENTER    		CODE           	36F0	0000	349
		_pressRETRO    		CODE           	4E04	0000	71
		_pressDOWN     		CODE           	427C	0000	251
		_releaseUP     		CODE           	5244	0000	13
		_releaseDOWN   		CODE           	5250	0000	13
		_releaseENTER  		CODE           	5236	0000	15
		_releaseRETRO  		CODE           	5228	0000	15
		_confirmEdition		CODE           	3AE6	0000	299
		_longPressUP   		CODE           	4D22	0000	85
		_longPressDOWN 		CODE           	525C	0000	13
		_longPressENTER		CODE           	4C50	0000	109
		_longPressRETRO		CODE           	4F14	0000	61
		_checkPass     		CODE           	49E6	0000	143

source/DisplayProtocol.h estimated size: 1704

source/../../delay.h
		_delay_ms      		CODE           	4E4A	0000	71

source/../../delay.h estimated size: 71

