Microchip MPLAB XC8 Compiler V1.38 ()

Linker command line:

-W-3 --edf=C:\Program Files (x86)\Microchip\xc8\v1.38\dat\en_msgs.txt -cs \
  -h+dist/default/production\CortaMasa.X.production.sym \
  --cmf=dist/default/production\CortaMasa.X.production.cmf -z -Q18F25K22 \
  -oC:\Users\Sebas\AppData\Local\Temp\sd5g.2 \
  -Mdist/default/production/CortaMasa.X.production.map -E1 -ver=XC8 \
  -ASTACK=01CDh-05ffh -pstack=STACK -ACODE=00h-07FFFh -ACONST=00h-07FFFh \
  -ASMALLCONST=0600h-06FFhx122 -AMEDIUMCONST=0600h-07FFFh -ACOMRAM=01h-05Fh \
  -AABS1=00h-05FFh -ABIGRAM=01h-05FFh -ARAM=060h-0FFh,0100h-01FFhx5 \
  -ABANK0=060h-0FFh -ABANK1=0100h-01FFh -ABANK2=0200h-02FFh \
  -ABANK3=0300h-03FFh -ABANK4=0400h-04FFh -ABANK5=0500h-05FFh \
  -ASFR=0F38h-0F5Fh,0F60h-0FFFh \
  -preset_vec=00h,intcode=08h,intcodelo=018h,powerup,init,end_init \
  -pramtop=0600h -psmallconst=SMALLCONST -pmediumconst=MEDIUMCONST \
  -pconst=CONST -AFARRAM=00h-00h -ACONFIG=0300000h-030000Dh -pconfig=CONFIG \
  -AIDLOC=0200000h-0200007h -pidloc=IDLOC -AEEDATA=0F00000h-0F000FFh \
  -peeprom_data=EEDATA \
  -prdata=COMRAM,nvrram=COMRAM,nvbit=COMRAM,rbss=COMRAM,rbit=COMRAM \
  -pfarbss=FARRAM,fardata=FARRAM,nvFARRAM=FARRAM \
  -pintsave_regs=BIGRAM,bigbss=BIGRAM,bigdata=BIGRAM -pbss=RAM \
  -pidata=CODE,irdata=CODE,ibigdata=CODE,ifardata=CODE -prparam=COMRAM \
  C:\Users\Sebas\AppData\Local\Temp\sd5g.obj \
  dist/default/production\CortaMasa.X.production.obj 

Object code version is 3.11

Machine type is 18F25K22

Call graph: (short form)




                Name                               Link     Load   Length Selector   Space Scale
C:\Users\Sebas\AppData\Local\Temp\sd5g.obj
                end_init                             BE       BE        4        C       0
                reset_vec                             0        0        4        0       0
                idloc                            200000   200000        8   200000       0
                config                           300000   300000        E   300000       0
dist/default/production\CortaMasa.X.production.obj
                intcodelo                            18       18       A6        C       0
                intcode                               8        8        E        4       0
                temp                                 5D       5D        1        1       1
                mediumconst                        7D3A     7D3A      2C6     3E9D       0
                text127                            6B30     6B30       2E        C       0
                text126                            540A     540A       AE        C       0
                text125                            611E     611E       78        C       0
                text124                            2A86     2A86      1AC        C       0
                text123                            5BEC     5BEC       90        C       0
                text122                            636A     636A       70        C       0
                text121                            3424     3424      174        C       0
                intcode_body                       60A6     60A6       78        C       0
                text119                            6C4C     6C4C       20        C       0
                text118                            68F2     68F2       3C        C       0
                text117                            59A2     59A2       94        C       0
                text116                            32A4     32A4      180        C       0
                text115                            440C     440C      10C        C       0
                text114                            36F6     36F6      15E        C       0
                text113                            6444     6444       6A        C       0
                text112                            39A0     39A0      14C        C       0
                text111                            6620     6620       58        C       0
                text110                            5B5A     5B5A       92        C       0
                text109                            675C     675C       48        C       0
                text108                            6D2C     6D2C        E     3688       0
                text107                            6BDC     6BDC       2A        C       0
                text106                            2668     2668      268        C       0
                text105                            51F2     51F2       BC        C       0
                text104                            699E     699E       38        C       0
                text103                            57D6     57D6       9E        C       0
                text102                            620C     620C       76        C       0
                text101                            3E96     3E96      122        C       0
                text100                            1C66     1C66      28E        C       0
                text99                             656E     656E       5A        C       0
                text98                             62F6     62F6       74        C       0
                text97                             4D68     4D68       CC        C       0
                text96                             4822     4822       FE        C       0
                text95                             5D98     5D98       8E        C       0
                text94                             40D2     40D2      11A        C       0
                text93                             3C30     3C30      144        C       0
                text92                             2DD8     2DD8      1A6        C       0
                text91                             68B2     68B2       40        C       0
                text90                             217A     217A      286        C       0
                text89                             535C     535C       AE        C       0
                text88                             4BCC     4BCC       D0        C       0
                text87                             461E     461E      106        C       0
                text86                             6CE8     6CE8       16        C       0
                text85                             5738     5738       9E        C       0
                text84                             41EC     41EC      114        C       0
                text82                             6D78     6D78        6     3688       0
                text81                             590E     590E       94        C       0
                text80                             6CA4     6CA4       18        C       0
                text79                             64AE     64AE       66        C       0
                text78                             6966     6966       38        C       0
                text77                             67EA     67EA       46        C       0
                text76                             6BB2     6BB2       2A        C       0
                text75                             4300     4300      10C        C       0
                text74                             2400     2400      268        C       0
                text73                             3854     3854      14C        C       0
                text72                             3598     3598      15E        C       0
                text71                             65C8     65C8       58        C       0
                text70                             6C2C     6C2C       20        C       0
                text69                             5AC8     5AC8       92        C       0
                text68                             5136     5136       BC        C       0
                text67                             692E     692E       38        C       0
                text66                             569A     569A       9E        C       0
                text65                             6196     6196       76        C       0
                text64                             3D74     3D74      122        C       0
                text63                             19D8     19D8      28E        C       0
                text62                             6514     6514       5A        C       0
                text61                             6282     6282       74        C       0
                text60                             4C9C     4C9C       CC        C       0
                text59                             4724     4724       FE        C       0
                text58                             5D0A     5D0A       8E        C       0
                text57                             3FB8     3FB8      11A        C       0
                text56                             3AEC     3AEC      144        C       0
                text55                             2C32     2C32      1A6        C       0
                text54                             6872     6872       40        C       0
                text53                             1EF4     1EF4      286        C       0
                text52                             52AE     52AE       AE        C       0
                text51                             4AFC     4AFC       D0        C       0
                text50                             4518     4518      106        C       0
                text49                             6D52     6D52        C     3688       0
                text48                             6D1E     6D1E        E     3688       0
                text47                             6D46     6D46        C     3688       0
                text46                             6D3A     6D3A        C     3688       0
                text45                             147A     147A      2B2        C       0
                text44                             6C06     6C06       26        C       0
                text43                             4E34     4E34       C8        C       0
                text42                             6AD2     6AD2       30        C       0
                text41                             66C6     66C6       4C        C       0
                text40                             507A     507A       BC        C       0
                text39                             5874     5874       9A        C       0
                text38                             5F36     5F36       7C        C       0
                text37                             311C     311C      188        C       0
                text36                             2F7E     2F7E      19E        C       0
                text35                             4FBC     4FBC       BE        C       0
                text34                             555A     555A       A2        C       0
                text33                             69D6     69D6       36        C       0
                text32                             172C     172C      2AC        C       0
                text31                             6B88     6B88       2A        C       0
                text30                             602C     602C       7A        C       0
                text29                             67A4     67A4       46        C       0
                text28                             5C7C     5C7C       8E        C       0
                text27                             6830     6830       42        C       0
                text26                             6AA2     6AA2       30        C       0
                text25                             5FB2     5FB2       7A        C       0
                text24                             6D10     6D10        E     3688       0
                text23                              CF4      CF4      4AE        C       0
                text22                               C2       C2      C32        C       0
                text21                             6678     6678       4E        C       0
                text20                             11A2     11A2      2D8        C       0
                text19                             6A70     6A70       32        C       0
                text18                             6C6C     6C6C       1E        C       0
                text17                             6CD2     6CD2       16        C       0
                text16                             5E26     5E26       8C        C       0
                text15                             5EB2     5EB2       84        C       0
                text14                             6B02     6B02       2E        C       0
                text13                             28D0     28D0      1B6        C       0
                text12                             4A10     4A10       EC        C       0
                text11                             4920     4920       F0        C       0
                text10                             4EFC     4EFC       C0        C       0
                text9                              6D70     6D70        8     3688       0
                text8                              6A3E     6A3E       32        C       0
                text7                              6D68     6D68        8     3688       0
                text6                              54B8     54B8       A2        C       0
                text5                              6C8A     6C8A       1A        C       0
                text4                              63DA     63DA       6A        C       0
                text3                              6CBC     6CBC       16        C       0
                text2                              55FC     55FC       9E        C       0
                text1                              6B5E     6B5E       2A        C       0
                text0                              6712     6712       4A        C       0
                cstackCOMRAM                          1        1       36        1       1
                cstackBANK0                          60       60       45       60       1
                cstackBANK1                         100      100       77      100       1
                dataBANK1                           177      177       32      100       1
                bssBANK1                            1A9      1A9       24      100       1
                dataBANK0                            BF       BF        A       60       1
                bssBANK0                             A5       A5       1A       60       1
                dataCOMRAM                           4C       4C       11        1       1
                bssCOMRAM                            37       37       15        1       1
                cinit                              5A36     5A36       92        C       0
                idataBANK1                         6A0C     6A0C       32        C       0
                idataBANK0                         6D5E     6D5E        A     3688       0
                idataCOMRAM                        6CFE     6CFE       11        C       0

TOTAL           Name                               Link     Load   Length     Space
        CLASS   STACK          

        CLASS   CODE           
                end_init                             BE       BE        4         0
                intcodelo                            18       18       A6         0
                intcode                               8        8        E         0
                reset_vec                             0        0        4         0
                text127                            6B30     6B30       2E         0
                text126                            540A     540A       AE         0
                text125                            611E     611E       78         0
                text124                            2A86     2A86      1AC         0
                text123                            5BEC     5BEC       90         0
                text122                            636A     636A       70         0
                text121                            3424     3424      174         0
                intcode_body                       60A6     60A6       78         0
                text119                            6C4C     6C4C       20         0
                text118                            68F2     68F2       3C         0
                text117                            59A2     59A2       94         0
                text116                            32A4     32A4      180         0
                text115                            440C     440C      10C         0
                text114                            36F6     36F6      15E         0
                text113                            6444     6444       6A         0
                text112                            39A0     39A0      14C         0
                text111                            6620     6620       58         0
                text110                            5B5A     5B5A       92         0
                text109                            675C     675C       48         0
                text108                            6D2C     6D2C        E         0
                text107                            6BDC     6BDC       2A         0
                text106                            2668     2668      268         0
                text105                            51F2     51F2       BC         0
                text104                            699E     699E       38         0
                text103                            57D6     57D6       9E         0
                text102                            620C     620C       76         0
                text101                            3E96     3E96      122         0
                text100                            1C66     1C66      28E         0
                text99                             656E     656E       5A         0
                text98                             62F6     62F6       74         0
                text97                             4D68     4D68       CC         0
                text96                             4822     4822       FE         0
                text95                             5D98     5D98       8E         0
                text94                             40D2     40D2      11A         0
                text93                             3C30     3C30      144         0
                text92                             2DD8     2DD8      1A6         0
                text91                             68B2     68B2       40         0
                text90                             217A     217A      286         0
                text89                             535C     535C       AE         0
                text88                             4BCC     4BCC       D0         0
                text87                             461E     461E      106         0
                text86                             6CE8     6CE8       16         0
                text85                             5738     5738       9E         0
                text84                             41EC     41EC      114         0
                text82                             6D78     6D78        6         0
                text81                             590E     590E       94         0
                text80                             6CA4     6CA4       18         0
                text79                             64AE     64AE       66         0
                text78                             6966     6966       38         0
                text77                             67EA     67EA       46         0
                text76                             6BB2     6BB2       2A         0
                text75                             4300     4300      10C         0
                text74                             2400     2400      268         0
                text73                             3854     3854      14C         0
                text72                             3598     3598      15E         0
                text71                             65C8     65C8       58         0
                text70                             6C2C     6C2C       20         0
                text69                             5AC8     5AC8       92         0
                text68                             5136     5136       BC         0
                text67                             692E     692E       38         0
                text66                             569A     569A       9E         0
                text65                             6196     6196       76         0
                text64                             3D74     3D74      122         0
                text63                             19D8     19D8      28E         0
                text62                             6514     6514       5A         0
                text61                             6282     6282       74         0
                text60                             4C9C     4C9C       CC         0
                text59                             4724     4724       FE         0
                text58                             5D0A     5D0A       8E         0
                text57                             3FB8     3FB8      11A         0
                text56                             3AEC     3AEC      144         0
                text55                             2C32     2C32      1A6         0
                text54                             6872     6872       40         0
                text53                             1EF4     1EF4      286         0
                text52                             52AE     52AE       AE         0
                text51                             4AFC     4AFC       D0         0
                text50                             4518     4518      106         0
                text49                             6D52     6D52        C         0
                text48                             6D1E     6D1E        E         0
                text47                             6D46     6D46        C         0
                text46                             6D3A     6D3A        C         0
                text45                             147A     147A      2B2         0
                text44                             6C06     6C06       26         0
                text43                             4E34     4E34       C8         0
                text42                             6AD2     6AD2       30         0
                text41                             66C6     66C6       4C         0
                text40                             507A     507A       BC         0
                text39                             5874     5874       9A         0
                text38                             5F36     5F36       7C         0
                text37                             311C     311C      188         0
                text36                             2F7E     2F7E      19E         0
                text35                             4FBC     4FBC       BE         0
                text34                             555A     555A       A2         0
                text33                             69D6     69D6       36         0
                text32                             172C     172C      2AC         0
                text31                             6B88     6B88       2A         0
                text30                             602C     602C       7A         0
                text29                             67A4     67A4       46         0
                text28                             5C7C     5C7C       8E         0
                text27                             6830     6830       42         0
                text26                             6AA2     6AA2       30         0
                text25                             5FB2     5FB2       7A         0
                text24                             6D10     6D10        E         0
                text23                              CF4      CF4      4AE         0
                text22                               C2       C2      C32         0
                text21                             6678     6678       4E         0
                text20                             11A2     11A2      2D8         0
                text19                             6A70     6A70       32         0
                text18                             6C6C     6C6C       1E         0
                text17                             6CD2     6CD2       16         0
                text16                             5E26     5E26       8C         0
                text15                             5EB2     5EB2       84         0
                text14                             6B02     6B02       2E         0
                text13                             28D0     28D0      1B6         0
                text12                             4A10     4A10       EC         0
                text11                             4920     4920       F0         0
                text10                             4EFC     4EFC       C0         0
                text9                              6D70     6D70        8         0
                text8                              6A3E     6A3E       32         0
                text7                              6D68     6D68        8         0
                text6                              54B8     54B8       A2         0
                text5                              6C8A     6C8A       1A         0
                text4                              63DA     63DA       6A         0
                text3                              6CBC     6CBC       16         0
                text2                              55FC     55FC       9E         0
                text1                              6B5E     6B5E       2A         0
                text0                              6712     6712       4A         0
                cinit                              5A36     5A36       92         0
                idataBANK1                         6A0C     6A0C       32         0
                idataBANK0                         6D5E     6D5E        A         0
                idataCOMRAM                        6CFE     6CFE       11         0

        CLASS   CONST          

        CLASS   SMALLCONST     

        CLASS   MEDIUMCONST    
                mediumconst                        7D3A     7D3A      2C6         0

        CLASS   COMRAM         
                temp                                 5D       5D        1         1
                cstackCOMRAM                          1        1       36         1
                dataCOMRAM                           4C       4C       11         1
                bssCOMRAM                            37       37       15         1

        CLASS   ABS1           

        CLASS   BIGRAM         

        CLASS   RAM            

        CLASS   BANK0          
                cstackBANK0                          60       60       45         1
                dataBANK0                            BF       BF        A         1
                bssBANK0                             A5       A5       1A         1

        CLASS   BANK1          
                cstackBANK1                         100      100       77         1
                dataBANK1                           177      177       32         1
                bssBANK1                            1A9      1A9       24         1

        CLASS   BANK2          

        CLASS   BANK3          

        CLASS   BANK4          

        CLASS   BANK5          

        CLASS   SFR            

        CLASS   FARRAM         

        CLASS   CONFIG         
                config                           300000   300000        E         0

        CLASS   IDLOC          
                idloc                            200000   200000        8         0

        CLASS   EEDATA         



SEGMENTS        Name                           Load    Length   Top    Selector   Space  Class

                reset_vec                      000000  000004  000004         0       0  CODE    
                cstackCOMRAM                   000001  00005D  00005E         1       1  COMRAM  
                intcode                        000008  00000E  000016         4       0  CODE    
                intcodelo                      000018  006CF7  006D0F         C       0  CODE    
                cstackBANK0                    000060  000069  0000C9        60       1  BANK0   
                cstackBANK1                    000100  0000CD  0001CD       100       1  BANK1   
                text24                         006D10  00006E  006D7E      3688       0  CODE    
                mediumconst                    007D3A  0002C6  008000      3E9D       0  MEDIUMCO
                idloc                          200000  000008  200008    200000       0  IDLOC   
                config                         300000  00000E  30000E    300000       0  CONFIG  


UNUSED ADDRESS RANGES

        Name                Unused          Largest block    Delta
        BANK0            0000C9-0000FF               37
        BANK1            0001CD-0001FF               33
        BANK2            000200-0002FF              100
        BANK3            000300-0003FF              100
        BANK4            000400-0004FF              100
        BANK5            000500-0005FF              100
        BIGRAM           00005E-00005F                2
                         0000C9-0000FF               37
                         0001CD-0005FF              433
        CODE             000004-000007                4
                         000016-000017                2
                         006D0F-006D0F                1
                         006D7E-007D39              FBC
        COMRAM           00005E-00005F                2
        CONST            000004-000007                4
                         000016-000017                2
                         006D0F-006D0F                1
                         006D7E-007D39              FBC
        EEDATA           F00000-F000FF              100
        MEDIUMCONST      006D0F-006D0F                1
                         006D7E-007D39              FBC
        RAM              0000C9-0000FF               37
                         0001CD-0005FF              100
        SFR              000F38-000FFF               28
        SMALLCONST       006D0F-006D0F                1
                         006D7E-007D39              100
        STACK            0001CD-0005FF              433

                                  Symbol Table

?___aldiv                  cstackBANK1  000100
?___altoft                 cstackBANK1  000108
?___awdiv                  cstackBANK1  000106
?___awmod                  cstackBANK1  000100
?___ftadd                  cstackBANK1  00012D
?___ftdiv                  cstackBANK1  000112
?___ftmul                  cstackBANK1  000114
?___ftneg                  cstackBANK1  000100
?___ftpack                 cstackBANK1  000100
?___ftsub                  cstackBANK1  000139
?___fttol                  cstackBANK1  00012A
?___lldiv                  cstackBANK1  000100
?___llmod                  cstackBANK1  00010D
?___lltoft                 cstackBANK1  000108
?___lmul                   cstackBANK1  000100
?___wmul                   cstackBANK1  00010E
?__div_to_l_               cstackBANK1  000100
?__tdiv_to_l_              cstackBANK1  000100
?_fround                   cstackBANK1  000123
?_printf                   cstackBANK1  00013F
?_scale                    cstackBANK1  000123
?i1___aldiv                cstackBANK0  000060
?i1___altoft               cstackBANK0  000068
?i1___ftadd                cstackBANK0  000068
?i1___ftdiv                cstackBANK0  000072
?i1___ftmul                cstackBANK0  000068
?i1___ftpack               cstackBANK0  000060
?i1___fttol                cstackBANK0  000060
?i1___lmul                 cstackBANK0  000060
?i2___altoft               cstackCOMRAM 000009
?i2___ftadd                cstackCOMRAM 000013
?i2___ftpack               cstackCOMRAM 000001
UARTint@sas                cstackBANK0  000093
_ANSELAbits                (abs)        000F38
_ANSELCbits                (abs)        000F3A
_BAUDCON1bits              (abs)        000FB8
_CCP2CONbits               (abs)        000F66
_CCPR2L                    (abs)        000F67
_CCPTMRS0bits              (abs)        000F49
_DOWNisLP                  bssCOMRAM    000045
_DOWNsecurLock             bssBANK1     0001BE
_ECCP2ASbits               (abs)        000F64
_EEADR                     (abs)        000FA9
_EECON1bits                (abs)        000FA6
_EECON2                    (abs)        000FA7
_EEDATA                    (abs)        000FA8
_EEPROMConfig              text82       006D78
_ENTERisLP                 bssBANK1     0001BF
_ENTERsecurLock            bssBANK1     0001C0
_FC1securLock              bssCOMRAM    000046
_FC2securLock              bssCOMRAM    000047
_INTCONbits                (abs)        000FF2
_IPR1bits                  (abs)        000F9F
_IPR5bits                  (abs)        000F7F
_LATBbits                  (abs)        000F8A
_LATCbits                  (abs)        000F8B
_OSCCON2bits               (abs)        000FD2
_OSCCONbits                (abs)        000FD3
_OSCTUNEbits               (abs)        000F9B
_PIE1bits                  (abs)        000F9D
_PIE5bits                  (abs)        000F7D
_PIR1bits                  (abs)        000F9E
_PIR5bits                  (abs)        000F7E
_PORTAbits                 (abs)        000F80
_PORTBbits                 (abs)        000F81
_PORTCbits                 (abs)        000F82
_PR2                       (abs)        000FBB
_PR4                       (abs)        000F52
_PSTR2CONbits              (abs)        000F63
_PWM2CONbits               (abs)        000F65
_PWM2Config                text79       0064AE
_RCONbits                  (abs)        000FD0
_RCREG1                    (abs)        000FAE
_RCSTA1bits                (abs)        000FAB
_RETROisLP                 bssCOMRAM    000048
_RETROsecurLock            bssBANK1     0001C1
_SPBRG1                    (abs)        000FAF
_SPBRGH1                   (abs)        000FB0
_T2CONbits                 (abs)        000FBA
_T2int                     text116      0032A4
_T4CONbits                 (abs)        000F51
_T4int                     text121      003424
_TRISAbits                 (abs)        000F92
_TRISBbits                 (abs)        000F93
_TRISCbits                 (abs)        000F94
_TXREG1                    (abs)        000FAD
_TXSTA1bits                (abs)        000FAC
_UARTConfig                text78       006966
_UARTint                   text84       0041EC
_UPisLP                    bssCOMRAM    000049
_UPsecurLock               bssBANK1     0001C2
_WDTCONbits                (abs)        000FD1
__CFG_BOREN$SBORDIS        (abs)        000000
__CFG_BORV$285             (abs)        000000
__CFG_CCP2MX$PORTC1        (abs)        000000
__CFG_CCP3MX$PORTB5        (abs)        000000
__CFG_CP0$OFF              (abs)        000000
__CFG_CP1$OFF              (abs)        000000
__CFG_CP2$OFF              (abs)        000000
__CFG_CP3$OFF              (abs)        000000
__CFG_CPB$OFF              (abs)        000000
__CFG_CPD$OFF              (abs)        000000
__CFG_EBTR0$OFF            (abs)        000000
__CFG_EBTR1$OFF            (abs)        000000
__CFG_EBTR2$OFF            (abs)        000000
__CFG_EBTR3$OFF            (abs)        000000
__CFG_EBTRB$OFF            (abs)        000000
__CFG_FCMEN$ON             (abs)        000000
__CFG_FOSC$INTIO67         (abs)        000000
__CFG_HFOFST$ON            (abs)        000000
__CFG_IESO$ON              (abs)        000000
__CFG_LVP$OFF              (abs)        000000
__CFG_MCLRE$EXTMCLR        (abs)        000000
__CFG_P2BMX$PORTC0         (abs)        000000
__CFG_PBADEN$OFF           (abs)        000000
__CFG_PLLCFG$ON            (abs)        000000
__CFG_PRICLKEN$ON          (abs)        000000
__CFG_PWRTEN$ON            (abs)        000000
__CFG_STVREN$ON            (abs)        000000
__CFG_T3CMX$PORTC0         (abs)        000000
__CFG_WDTEN$SWON           (abs)        000000
__CFG_WDTPS$32             (abs)        000000
__CFG_WRT0$OFF             (abs)        000000
__CFG_WRT1$OFF             (abs)        000000
__CFG_WRT2$OFF             (abs)        000000
__CFG_WRT3$OFF             (abs)        000000
__CFG_WRTB$OFF             (abs)        000000
__CFG_WRTC$OFF             (abs)        000000
__CFG_WRTD$OFF             (abs)        000000
__CFG_XINST$OFF            (abs)        000000
__HRAM                     (abs)        000000
__Habs1                    abs1         000000
__Hbank0                   bank0        000000
__Hbank1                   bank1        000000
__Hbank2                   bank2        000000
__Hbank3                   bank3        000000
__Hbank4                   bank4        000000
__Hbank5                   bank5        000000
__Hbigbss                  bigbss       000000
__Hbigdata                 bigdata      000000
__Hbigram                  bigram       000000
__Hbss                     bss          000000
__HbssBANK0                bssBANK0     000000
__HbssBANK1                bssBANK1     000000
__HbssCOMRAM               bssCOMRAM    000000
__Hcinit                   cinit        000000
__Hclrtext                 clrtext      000000
__Hcomram                  comram       000000
__Hconfig                  config       30000E
__Hconst                   const        000000
__HcstackBANK0             cstackBANK0  000000
__HcstackBANK1             cstackBANK1  000000
__HcstackCOMRAM            cstackCOMRAM 000000
__Hdata                    data         000000
__HdataBANK0               dataBANK0    000000
__HdataBANK1               dataBANK1    000000
__HdataCOMRAM              dataCOMRAM   000000
__Heeprom_data             eeprom_data  000000
__Hend_init                end_init     0000C2
__Hfarbss                  farbss       000000
__Hfardata                 fardata      000000
__Hibigdata                ibigdata     000000
__Hidata                   idata        000000
__HidataBANK0              idataBANK0   000000
__HidataBANK1              idataBANK1   000000
__HidataCOMRAM             idataCOMRAM  000000
__Hidloc                   idloc        200008
__Hifardata                ifardata     000000
__Hinit                    init         0000BE
__Hintcode                 intcode      000016
__Hintcode_body            intcode_body 000000
__Hintcodelo               intcodelo    0000BE
__Hintentry                intentry     000000
__Hintret                  intret       000000
__Hintsave_regs            intsave_regs 000000
__Hirdata                  irdata       000000
__Hmediumconst             mediumconst  008000
__HnvFARRAM                nvFARRAM     000000
__Hnvbit                   nvbit        000000
__Hnvrram                  nvrram       000000
__Hparam                   rparam       000000
__Hpowerup                 powerup      0000BE
__Hram                     ram          000000
__Hramtop                  ramtop       000600
__Hrbit                    rbit         000000
__Hrbss                    rbss         000000
__Hrdata                   rdata        000000
__Hreset_vec               reset_vec    000004
__Hrparam                  rparam       000000
__Hsfr                     sfr          000000
__Hsmallconst              smallconst   000000
__Hspace_0                 (abs)        30000E
__Hspace_1                 (abs)        0001CD
__Hspace_2                 (abs)        000000
__Hstack                   stack        000000
__Hstruct                  struct       000000
__Htemp                    temp         00005E
__Htext                    text         000000
__Htext0                   text0        000000
__Htext1                   text1        000000
__Htext10                  text10       000000
__Htext100                 text100      000000
__Htext101                 text101      000000
__Htext102                 text102      000000
__Htext103                 text103      000000
__Htext104                 text104      000000
__Htext105                 text105      000000
__Htext106                 text106      000000
__Htext107                 text107      000000
__Htext108                 text108      000000
__Htext109                 text109      000000
__Htext11                  text11       000000
__Htext110                 text110      000000
__Htext111                 text111      000000
__Htext112                 text112      000000
__Htext113                 text113      000000
__Htext114                 text114      000000
__Htext115                 text115      000000
__Htext116                 text116      000000
__Htext117                 text117      000000
__Htext118                 text118      000000
__Htext119                 text119      000000
__Htext12                  text12       000000
__Htext121                 text121      000000
__Htext122                 text122      000000
__Htext123                 text123      000000
__Htext124                 text124      000000
__Htext125                 text125      000000
__Htext126                 text126      000000
__Htext127                 text127      000000
__Htext13                  text13       000000
__Htext14                  text14       000000
__Htext15                  text15       000000
__Htext16                  text16       000000
__Htext17                  text17       000000
__Htext18                  text18       000000
__Htext19                  text19       000000
__Htext2                   text2        000000
__Htext20                  text20       000000
__Htext21                  text21       000000
__Htext22                  text22       000000
__Htext23                  text23       000000
__Htext24                  text24       000000
__Htext25                  text25       000000
__Htext26                  text26       000000
__Htext27                  text27       000000
__Htext28                  text28       000000
__Htext29                  text29       000000
__Htext3                   text3        000000
__Htext30                  text30       000000
__Htext31                  text31       000000
__Htext32                  text32       000000
__Htext33                  text33       000000
__Htext34                  text34       000000
__Htext35                  text35       000000
__Htext36                  text36       000000
__Htext37                  text37       000000
__Htext38                  text38       000000
__Htext39                  text39       000000
__Htext4                   text4        000000
__Htext40                  text40       000000
__Htext41                  text41       000000
__Htext42                  text42       000000
__Htext43                  text43       000000
__Htext44                  text44       000000
__Htext45                  text45       000000
__Htext46                  text46       000000
__Htext47                  text47       000000
__Htext48                  text48       000000
__Htext49                  text49       000000
__Htext5                   text5        000000
__Htext50                  text50       000000
__Htext51                  text51       000000
__Htext52                  text52       000000
__Htext53                  text53       000000
__Htext54                  text54       000000
__Htext55                  text55       000000
__Htext56                  text56       000000
__Htext57                  text57       000000
__Htext58                  text58       000000
__Htext59                  text59       000000
__Htext6                   text6        000000
__Htext60                  text60       000000
__Htext61                  text61       000000
__Htext62                  text62       000000
__Htext63                  text63       000000
__Htext64                  text64       000000
__Htext65                  text65       000000
__Htext66                  text66       000000
__Htext67                  text67       000000
__Htext68                  text68       000000
__Htext69                  text69       000000
__Htext7                   text7        000000
__Htext70                  text70       000000
__Htext71                  text71       000000
__Htext72                  text72       000000
__Htext73                  text73       000000
__Htext74                  text74       000000
__Htext75                  text75       000000
__Htext76                  text76       000000
__Htext77                  text77       000000
__Htext78                  text78       000000
__Htext79                  text79       000000
__Htext8                   text8        000000
__Htext80                  text80       000000
__Htext81                  text81       000000
__Htext82                  text82       000000
__Htext84                  text84       000000
__Htext85                  text85       000000
__Htext86                  text86       000000
__Htext87                  text87       000000
__Htext88                  text88       000000
__Htext89                  text89       000000
__Htext9                   text9        000000
__Htext90                  text90       000000
__Htext91                  text91       000000
__Htext92                  text92       000000
__Htext93                  text93       000000
__Htext94                  text94       000000
__Htext95                  text95       000000
__Htext96                  text96       000000
__Htext97                  text97       000000
__Htext98                  text98       000000
__Htext99                  text99       000000
__LRAM                     (abs)        000001
__Labs1                    abs1         000000
__Lbank0                   bank0        000000
__Lbank1                   bank1        000000
__Lbank2                   bank2        000000
__Lbank3                   bank3        000000
__Lbank4                   bank4        000000
__Lbank5                   bank5        000000
__Lbigbss                  bigbss       000000
__Lbigdata                 bigdata      000000
__Lbigram                  bigram       000000
__Lbss                     bss          000000
__LbssBANK0                bssBANK0     000000
__LbssBANK1                bssBANK1     000000
__LbssCOMRAM               bssCOMRAM    000000
__Lcinit                   cinit        000000
__Lclrtext                 clrtext      000000
__Lcomram                  comram       000000
__Lconfig                  config       300000
__Lconst                   const        000000
__LcstackBANK0             cstackBANK0  000000
__LcstackBANK1             cstackBANK1  000000
__LcstackCOMRAM            cstackCOMRAM 000000
__Ldata                    data         000000
__LdataBANK0               dataBANK0    000000
__LdataBANK1               dataBANK1    000000
__LdataCOMRAM              dataCOMRAM   000000
__Leeprom_data             eeprom_data  000000
__Lend_init                end_init     0000BE
__Lfarbss                  farbss       000000
__Lfardata                 fardata      000000
__Libigdata                ibigdata     000000
__Lidata                   idata        000000
__LidataBANK0              idataBANK0   000000
__LidataBANK1              idataBANK1   000000
__LidataCOMRAM             idataCOMRAM  000000
__Lidloc                   idloc        200000
__Lifardata                ifardata     000000
__Linit                    init         0000BE
__Lintcode                 intcode      000008
__Lintcode_body            intcode_body 000000
__Lintcodelo               intcodelo    000018
__Lintentry                intentry     000000
__Lintret                  intret       000000
__Lintsave_regs            intsave_regs 000000
__Lirdata                  irdata       000000
__Lmediumconst             mediumconst  007D3A
__LnvFARRAM                nvFARRAM     000000
__Lnvbit                   nvbit        000000
__Lnvrram                  nvrram       000000
__Lparam                   rparam       000000
__Lpowerup                 powerup      0000BE
__Lram                     ram          000000
__Lramtop                  ramtop       000600
__Lrbit                    rbit         000000
__Lrbss                    rbss         000000
__Lrdata                   rdata        000000
__Lreset_vec               reset_vec    000000
__Lrparam                  rparam       000000
__Lsfr                     sfr          000000
__Lsmallconst              smallconst   000000
__Lspace_0                 (abs)        000000
__Lspace_1                 (abs)        000000
__Lspace_2                 (abs)        000000
__Lstack                   stack        000000
__Lstruct                  struct       000000
__Ltemp                    temp         00005D
__Ltext                    text         000000
__Ltext0                   text0        000000
__Ltext1                   text1        000000
__Ltext10                  text10       000000
__Ltext100                 text100      000000
__Ltext101                 text101      000000
__Ltext102                 text102      000000
__Ltext103                 text103      000000
__Ltext104                 text104      000000
__Ltext105                 text105      000000
__Ltext106                 text106      000000
__Ltext107                 text107      000000
__Ltext108                 text108      000000
__Ltext109                 text109      000000
__Ltext11                  text11       000000
__Ltext110                 text110      000000
__Ltext111                 text111      000000
__Ltext112                 text112      000000
__Ltext113                 text113      000000
__Ltext114                 text114      000000
__Ltext115                 text115      000000
__Ltext116                 text116      000000
__Ltext117                 text117      000000
__Ltext118                 text118      000000
__Ltext119                 text119      000000
__Ltext12                  text12       000000
__Ltext121                 text121      000000
__Ltext122                 text122      000000
__Ltext123                 text123      000000
__Ltext124                 text124      000000
__Ltext125                 text125      000000
__Ltext126                 text126      000000
__Ltext127                 text127      000000
__Ltext13                  text13       000000
__Ltext14                  text14       000000
__Ltext15                  text15       000000
__Ltext16                  text16       000000
__Ltext17                  text17       000000
__Ltext18                  text18       000000
__Ltext19                  text19       000000
__Ltext2                   text2        000000
__Ltext20                  text20       000000
__Ltext21                  text21       000000
__Ltext22                  text22       000000
__Ltext23                  text23       000000
__Ltext24                  text24       000000
__Ltext25                  text25       000000
__Ltext26                  text26       000000
__Ltext27                  text27       000000
__Ltext28                  text28       000000
__Ltext29                  text29       000000
__Ltext3                   text3        000000
__Ltext30                  text30       000000
__Ltext31                  text31       000000
__Ltext32                  text32       000000
__Ltext33                  text33       000000
__Ltext34                  text34       000000
__Ltext35                  text35       000000
__Ltext36                  text36       000000
__Ltext37                  text37       000000
__Ltext38                  text38       000000
__Ltext39                  text39       000000
__Ltext4                   text4        000000
__Ltext40                  text40       000000
__Ltext41                  text41       000000
__Ltext42                  text42       000000
__Ltext43                  text43       000000
__Ltext44                  text44       000000
__Ltext45                  text45       000000
__Ltext46                  text46       000000
__Ltext47                  text47       000000
__Ltext48                  text48       000000
__Ltext49                  text49       000000
__Ltext5                   text5        000000
__Ltext50                  text50       000000
__Ltext51                  text51       000000
__Ltext52                  text52       000000
__Ltext53                  text53       000000
__Ltext54                  text54       000000
__Ltext55                  text55       000000
__Ltext56                  text56       000000
__Ltext57                  text57       000000
__Ltext58                  text58       000000
__Ltext59                  text59       000000
__Ltext6                   text6        000000
__Ltext60                  text60       000000
__Ltext61                  text61       000000
__Ltext62                  text62       000000
__Ltext63                  text63       000000
__Ltext64                  text64       000000
__Ltext65                  text65       000000
__Ltext66                  text66       000000
__Ltext67                  text67       000000
__Ltext68                  text68       000000
__Ltext69                  text69       000000
__Ltext7                   text7        000000
__Ltext70                  text70       000000
__Ltext71                  text71       000000
__Ltext72                  text72       000000
__Ltext73                  text73       000000
__Ltext74                  text74       000000
__Ltext75                  text75       000000
__Ltext76                  text76       000000
__Ltext77                  text77       000000
__Ltext78                  text78       000000
__Ltext79                  text79       000000
__Ltext8                   text8        000000
__Ltext80                  text80       000000
__Ltext81                  text81       000000
__Ltext82                  text82       000000
__Ltext84                  text84       000000
__Ltext85                  text85       000000
__Ltext86                  text86       000000
__Ltext87                  text87       000000
__Ltext88                  text88       000000
__Ltext89                  text89       000000
__Ltext9                   text9        000000
__Ltext90                  text90       000000
__Ltext91                  text91       000000
__Ltext92                  text92       000000
__Ltext93                  text93       000000
__Ltext94                  text94       000000
__Ltext95                  text95       000000
__Ltext96                  text96       000000
__Ltext97                  text97       000000
__Ltext98                  text98       000000
__Ltext99                  text99       000000
__S0                       (abs)        30000E
__S1                       (abs)        0001CD
__S2                       (abs)        000000
___aldiv                   text57       003FB8
___aldiv@counter           cstackBANK1  000108
___aldiv@dividend          cstackBANK1  000100
___aldiv@divisor           cstackBANK1  000104
___aldiv@quotient          cstackBANK1  00010A
___aldiv@sign              cstackBANK1  000109
___altoft                  text66       00569A
___altoft@c                cstackBANK1  000108
___altoft@exp              cstackBANK1  000110
___altoft@sign             cstackBANK1  000111
___awdiv                   text35       004FBC
___awdiv@counter           cstackBANK1  00010A
___awdiv@dividend          cstackBANK1  000106
___awdiv@divisor           cstackBANK1  000108
___awdiv@quotient          cstackBANK1  00010C
___awdiv@sign              cstackBANK1  00010B
___awmod                   text34       00555A
___awmod@counter           cstackBANK1  000104
___awmod@dividend          cstackBANK1  000100
___awmod@divisor           cstackBANK1  000102
___awmod@sign              cstackBANK1  000105
___ftadd                   text74       002400
___ftadd@exp1              cstackBANK1  000138
___ftadd@exp2              cstackBANK1  000137
___ftadd@f1                cstackBANK1  00012D
___ftadd@f2                cstackBANK1  000130
___ftadd@sign              cstackBANK1  000136
___ftdiv                   text73       003854
___ftdiv@cntr              cstackBANK1  00011B
___ftdiv@exp               cstackBANK1  00011F
___ftdiv@f1                cstackBANK1  000112
___ftdiv@f2                cstackBANK1  000115
___ftdiv@f3                cstackBANK1  00011C
___ftdiv@sign              cstackBANK1  000120
___ftge                    text43       004E34
___ftge@ff1                cstackBANK1  000100
___ftge@ff2                cstackBANK1  000103
___ftmul                   text72       003598
___ftmul@cntr              cstackBANK1  000121
___ftmul@exp               cstackBANK1  00011D
___ftmul@f1                cstackBANK1  000114
___ftmul@f2                cstackBANK1  000117
___ftmul@f3_as_product     cstackBANK1  00011E
___ftmul@sign              cstackBANK1  000122
___ftneg                   text42       006AD2
___ftneg@f1                cstackBANK1  000100
___ftpack                  text75       004300
___ftpack@arg              cstackBANK1  000100
___ftpack@exp              cstackBANK1  000103
___ftpack@sign             cstackBANK1  000104
___ftsub                   text41       0066C6
___ftsub@f1                cstackBANK1  000139
___ftsub@f2                cstackBANK1  00013C
___fttol                   text56       003AEC
___fttol@exp1              cstackBANK1  000138
___fttol@f1                cstackBANK1  00012A
___fttol@lval              cstackBANK1  000134
___fttol@sign1             cstackBANK1  000133
___inthi_sp                stack        000000
___intlo_sp                stack        000000
___lldiv                   text40       00507A
___lldiv@counter           cstackBANK1  00010C
___lldiv@dividend          cstackBANK1  000100
___lldiv@divisor           cstackBANK1  000104
___lldiv@quotient          cstackBANK1  000108
___llmod                   text39       005874
___llmod@counter           cstackBANK1  000115
___llmod@dividend          cstackBANK1  00010D
___llmod@divisor           cstackBANK1  000111
___lltoft                  text38       005F36
___lltoft@c                cstackBANK1  000108
___lltoft@exp              cstackBANK1  000110
___lmul                    text65       006196
___lmul@multiplicand       cstackBANK1  000104
___lmul@multiplier         cstackBANK1  000100
___lmul@product            cstackBANK1  000108
___param_bank              (abs)        000010
___rparam_used             (abs)        000001
___sp                      stack        000000
___wmul                    text33       0069D6
___wmul@multiplicand       cstackBANK1  000110
___wmul@multiplier         cstackBANK1  00010E
___wmul@product            cstackBANK1  000112
__accesstop                (abs)        000060
__activetblptr             (abs)        000002
__div_to_l_                text37       00311C
__div_to_l_@cntr           cstackBANK1  00010A
__div_to_l_@exp1           cstackBANK1  00010B
__div_to_l_@f1             cstackBANK1  000100
__div_to_l_@f2             cstackBANK1  000103
__div_to_l_@quot           cstackBANK1  000106
__end_of_EEPROMConfig      text82       006D7E
__end_of_PWM2Config        text79       006514
__end_of_T2int             text116      003424
__end_of_T4int             text121      003598
__end_of_UARTConfig        text78       00699E
__end_of_UARTint           text84       004300
__end_of___aldiv           text57       0040D2
__end_of___altoft          text66       005738
__end_of___awdiv           text35       00507A
__end_of___awmod           text34       0055FC
__end_of___ftadd           text74       002668
__end_of___ftdiv           text73       0039A0
__end_of___ftge            text43       004EFC
__end_of___ftmul           text72       0036F6
__end_of___ftneg           text42       006B02
__end_of___ftpack          text75       00440C
__end_of___ftsub           text41       006712
__end_of___fttol           text56       003C30
__end_of___lldiv           text40       005136
__end_of___llmod           text39       00590E
__end_of___lltoft          text38       005FB2
__end_of___lmul            text65       00620C
__end_of___wmul            text33       006A0C
__end_of__div_to_l_        text37       0032A4
__end_of__initialization   cinit        005ABA
__end_of__npowers_         mediumconst  007D8A
__end_of__powers_          mediumconst  007DB1
__end_of__tdiv_to_l_       text36       00311C
__end_of_buttonChecking    text45       00172C
__end_of_calcSysVars       text4        006444
__end_of_calcVars2ti       text71       006620
__end_of_chanValDigDOWN    text60       004D68
__end_of_chanValDigUP      text51       004BCC
__end_of_checkPass         text58       005D98
__end_of_clockConfig       text44       006C2C
__end_of_confirmEdition    text68       0051F2
__end_of_cutError          text127      006B5E
__end_of_delay_ms          text77       006830
__end_of_desintegrator     text55       002DD8
__end_of_dpowers           mediumconst  007D63
__end_of_drawAdvON         text21       0066C6
__end_of_drawAutoCalibRM   text19       006AA2
__end_of_drawBadPass       text17       006CE8
__end_of_drawCalibProc     text16       005EB2
__end_of_drawChanVal       text15       005F36
__end_of_drawCutError      text14       006B30
__end_of_drawMenu          text13       002A86
__end_of_drawPass1Lin      text18       006C8A
__end_of_drawPassWord      text12       004AFC
__end_of_drawSNquest       text11       004A10
__end_of_drawScreen        text10       004FBC
__end_of_drawValEditor     text20       00147A
__end_of_fround            text32       0019D8
__end_of_hp_isr            intcode_body 00611E
__end_of_initCalib         text67       006966
__end_of_initProtocoll     text54       0068B2
__end_of_integrator        text64       003E96
__end_of_interruptConfig   text9        006D78
__end_of_ioConfig          text8        006A70
__end_of_ioInitStt         text7        006D70
__end_of_isdigit           text31       006BB2
__end_of_isr               intcodelo    0000BE
__end_of_lcd_gotoxy        text26       006AD2
__end_of_lcd_init          text6        00555A
__end_of_lcd_putc          text25       00602C
__end_of_lcd_read_4bits    text30       0060A6
__end_of_lcd_read_byte     text29       0067EA
__end_of_lcd_send_4bits    text28       005D0A
__end_of_lcd_send_byte     text27       006872
__end_of_loadSysParams     text109      0067A4
__end_of_longPressDOWN     text76       006BDC
__end_of_longPressENTER    text63       001C66
__end_of_longPressRETRO    text62       00656E
__end_of_longPressUP       text61       0062F6
__end_of_main              text0        00675C
__end_of_pressDOWN         text59       004822
__end_of_pressENTER        text53       00217A
__end_of_pressRETRO        text52       00535C
__end_of_pressUP           text50       00461E
__end_of_printf            text22       000CF4
__end_of_putch             text24       006D1E
__end_of_putchUART         text108      006D3A
__end_of_readEEPROM        text3        006CD2
__end_of_releaseDOWN       text49       006D5E
__end_of_releaseENTER      text48       006D2C
__end_of_releaseRETRO      text47       006D52
__end_of_releaseUP         text46       006D46
__end_of_saveProcessState  text118      00692E
__end_of_saveSysParams     text69       005B5A
__end_of_scale             text23       0011A2
__end_of_setPWM2duty       text81       0059A2
__end_of_setPWM2on         text5        006CA4
__end_of_sysParamInit      text2        00569A
__end_of_t2config          text80       006CBC
__end_of_t4config          text1        006B88
__end_of_writeEEPROM       text70       006C4C
__end_ofi1___aldiv         text94       0041EC
__end_ofi1___altoft        text103      005874
__end_ofi1___ftadd         text106      0028D0
__end_ofi1___ftdiv         text112      003AEC
__end_ofi1___ftmul         text114      003854
__end_ofi1___ftpack        text115      004518
__end_ofi1___fttol         text93       003D74
__end_ofi1___lmul          text102      006282
__end_ofi1_calcSysVars     text113      0064AE
__end_ofi1_calcVars2ti     text111      006678
__end_ofi1_chanValDigDOWN  text97       004E34
__end_ofi1_chanValDigUP    text88       004C9C
__end_ofi1_checkPass       text95       005E26
__end_ofi1_confirmEdition  text105      0052AE
__end_ofi1_desintegrator   text92       002F7E
__end_ofi1_initCalib       text104      0069D6
__end_ofi1_initProtocoll   text91       0068F2
__end_ofi1_integrator      text101      003FB8
__end_ofi1_longPressDOWN   text107      006C06
__end_ofi1_longPressENTER  text100      001EF4
__end_ofi1_longPressRETRO  text99       0065C8
__end_ofi1_longPressUP     text98       00636A
__end_ofi1_pressDOWN       text96       004920
__end_ofi1_pressENTER      text90       002400
__end_ofi1_pressRETRO      text89       00540A
__end_ofi1_pressUP         text87       004724
__end_ofi1_readEEPROM      text86       006CFE
__end_ofi1_saveSysParams   text110      005BEC
__end_ofi1_setPWM2duty     text117      005A36
__end_ofi1_sysParamInit    text85       0057D6
__end_ofi1_writeEEPROM     text119      006C6C
__end_ofi2___altoft        text125      006196
__end_ofi2___ftadd         text124      002C32
__end_ofi2___ftge          text123      005C7C
__end_ofi2___ftpack        text126      0054B8
__end_ofi2_setPWM2duty     text122      0063DA
__initialization           cinit        005A36
__mediumconst              mediumconst  007D3A
__npowers_                 mediumconst  007D63
__pbssBANK0                bssBANK0     0000A5
__pbssBANK1                bssBANK1     0001A9
__pbssCOMRAM               bssCOMRAM    000037
__pcinit                   cinit        005A36
__pcstackBANK0             cstackBANK0  000060
__pcstackBANK1             cstackBANK1  000100
__pcstackCOMRAM            cstackCOMRAM 000001
__pdataBANK0               dataBANK0    0000BF
__pdataBANK1               dataBANK1    000177
__pdataCOMRAM              dataCOMRAM   00004C
__pidataBANK0              idataBANK0   006D5E
__pidataBANK1              idataBANK1   006A0C
__pidataCOMRAM             idataCOMRAM  006CFE
__pintcode                 intcode      000008
__pintcode_body            intcode_body 0060A6
__pintcodelo               intcodelo    000018
__pmediumconst             mediumconst  007D3A
__powers_                  mediumconst  007D8A
__ptext0                   text0        006712
__ptext1                   text1        006B5E
__ptext10                  text10       004EFC
__ptext100                 text100      001C66
__ptext101                 text101      003E96
__ptext102                 text102      00620C
__ptext103                 text103      0057D6
__ptext104                 text104      00699E
__ptext105                 text105      0051F2
__ptext106                 text106      002668
__ptext107                 text107      006BDC
__ptext108                 text108      006D2C
__ptext109                 text109      00675C
__ptext11                  text11       004920
__ptext110                 text110      005B5A
__ptext111                 text111      006620
__ptext112                 text112      0039A0
__ptext113                 text113      006444
__ptext114                 text114      0036F6
__ptext115                 text115      00440C
__ptext116                 text116      0032A4
__ptext117                 text117      0059A2
__ptext118                 text118      0068F2
__ptext119                 text119      006C4C
__ptext12                  text12       004A10
__ptext121                 text121      003424
__ptext122                 text122      00636A
__ptext123                 text123      005BEC
__ptext124                 text124      002A86
__ptext125                 text125      00611E
__ptext126                 text126      00540A
__ptext127                 text127      006B30
__ptext13                  text13       0028D0
__ptext14                  text14       006B02
__ptext15                  text15       005EB2
__ptext16                  text16       005E26
__ptext17                  text17       006CD2
__ptext18                  text18       006C6C
__ptext19                  text19       006A70
__ptext2                   text2        0055FC
__ptext20                  text20       0011A2
__ptext21                  text21       006678
__ptext22                  text22       0000C2
__ptext23                  text23       000CF4
__ptext24                  text24       006D10
__ptext25                  text25       005FB2
__ptext26                  text26       006AA2
__ptext27                  text27       006830
__ptext28                  text28       005C7C
__ptext29                  text29       0067A4
__ptext3                   text3        006CBC
__ptext30                  text30       00602C
__ptext31                  text31       006B88
__ptext32                  text32       00172C
__ptext33                  text33       0069D6
__ptext34                  text34       00555A
__ptext35                  text35       004FBC
__ptext36                  text36       002F7E
__ptext37                  text37       00311C
__ptext38                  text38       005F36
__ptext39                  text39       005874
__ptext4                   text4        0063DA
__ptext40                  text40       00507A
__ptext41                  text41       0066C6
__ptext42                  text42       006AD2
__ptext43                  text43       004E34
__ptext44                  text44       006C06
__ptext45                  text45       00147A
__ptext46                  text46       006D3A
__ptext47                  text47       006D46
__ptext48                  text48       006D1E
__ptext49                  text49       006D52
__ptext5                   text5        006C8A
__ptext50                  text50       004518
__ptext51                  text51       004AFC
__ptext52                  text52       0052AE
__ptext53                  text53       001EF4
__ptext54                  text54       006872
__ptext55                  text55       002C32
__ptext56                  text56       003AEC
__ptext57                  text57       003FB8
__ptext58                  text58       005D0A
__ptext59                  text59       004724
__ptext6                   text6        0054B8
__ptext60                  text60       004C9C
__ptext61                  text61       006282
__ptext62                  text62       006514
__ptext63                  text63       0019D8
__ptext64                  text64       003D74
__ptext65                  text65       006196
__ptext66                  text66       00569A
__ptext67                  text67       00692E
__ptext68                  text68       005136
__ptext69                  text69       005AC8
__ptext7                   text7        006D68
__ptext70                  text70       006C2C
__ptext71                  text71       0065C8
__ptext72                  text72       003598
__ptext73                  text73       003854
__ptext74                  text74       002400
__ptext75                  text75       004300
__ptext76                  text76       006BB2
__ptext77                  text77       0067EA
__ptext78                  text78       006966
__ptext79                  text79       0064AE
__ptext8                   text8        006A3E
__ptext80                  text80       006CA4
__ptext81                  text81       00590E
__ptext82                  text82       006D78
__ptext84                  text84       0041EC
__ptext85                  text85       005738
__ptext86                  text86       006CE8
__ptext87                  text87       00461E
__ptext88                  text88       004BCC
__ptext89                  text89       00535C
__ptext9                   text9        006D70
__ptext90                  text90       00217A
__ptext91                  text91       0068B2
__ptext92                  text92       002DD8
__ptext93                  text93       003C30
__ptext94                  text94       0040D2
__ptext95                  text95       005D98
__ptext96                  text96       004822
__ptext97                  text97       004D68
__ptext98                  text98       0062F6
__ptext99                  text99       00656E
__ramtop                   ramtop       000600
__size_of_EEPROMConfig     (abs)        000000
__size_of_PWM2Config       (abs)        000000
__size_of_T2int            (abs)        000000
__size_of_T4int            (abs)        000000
__size_of_UARTConfig       (abs)        000000
__size_of_UARTint          (abs)        000000
__size_of___aldiv          (abs)        000000
__size_of___altoft         (abs)        000000
__size_of___awdiv          (abs)        000000
__size_of___awmod          (abs)        000000
__size_of___ftadd          (abs)        000000
__size_of___ftdiv          (abs)        000000
__size_of___ftge           (abs)        000000
__size_of___ftmul          (abs)        000000
__size_of___ftneg          (abs)        000000
__size_of___ftpack         (abs)        000000
__size_of___ftsub          (abs)        000000
__size_of___fttol          (abs)        000000
__size_of___lldiv          (abs)        000000
__size_of___llmod          (abs)        000000
__size_of___lltoft         (abs)        000000
__size_of___lmul           (abs)        000000
__size_of___wmul           (abs)        000000
__size_of__div_to_l_       (abs)        000000
__size_of__tdiv_to_l_      (abs)        000000
__size_of_buttonChecking   (abs)        000000
__size_of_calcSysVars      (abs)        000000
__size_of_calcVars2ti      (abs)        000000
__size_of_chanValDigDOWN   (abs)        000000
__size_of_chanValDigUP     (abs)        000000
__size_of_checkPass        (abs)        000000
__size_of_clockConfig      (abs)        000000
__size_of_confirmEdition   (abs)        000000
__size_of_cutError         (abs)        000000
__size_of_delay_ms         (abs)        000000
__size_of_desintegrator    (abs)        000000
__size_of_drawAdvON        (abs)        000000
__size_of_drawAutoCalibRM  (abs)        000000
__size_of_drawBadPass      (abs)        000000
__size_of_drawCalibProc    (abs)        000000
__size_of_drawChanVal      (abs)        000000
__size_of_drawCutError     (abs)        000000
__size_of_drawMenu         (abs)        000000
__size_of_drawPass1Lin     (abs)        000000
__size_of_drawPassWord     (abs)        000000
__size_of_drawSNquest      (abs)        000000
__size_of_drawScreen       (abs)        000000
__size_of_drawValEditor    (abs)        000000
__size_of_fround           (abs)        000000
__size_of_hp_isr           (abs)        000000
__size_of_initCalib        (abs)        000000
__size_of_initProtocoll    (abs)        000000
__size_of_integrator       (abs)        000000
__size_of_interruptConfig  (abs)        000000
__size_of_ioConfig         (abs)        000000
__size_of_ioInitStt        (abs)        000000
__size_of_isdigit          (abs)        000000
__size_of_isr              (abs)        000000
__size_of_lcd_gotoxy       (abs)        000000
__size_of_lcd_init         (abs)        000000
__size_of_lcd_putc         (abs)        000000
__size_of_lcd_read_4bits   (abs)        000000
__size_of_lcd_read_byte    (abs)        000000
__size_of_lcd_send_4bits   (abs)        000000
__size_of_lcd_send_byte    (abs)        000000
__size_of_loadSysParams    (abs)        000000
__size_of_longPressDOWN    (abs)        000000
__size_of_longPressENTER   (abs)        000000
__size_of_longPressRETRO   (abs)        000000
__size_of_longPressUP      (abs)        000000
__size_of_main             (abs)        000000
__size_of_pressDOWN        (abs)        000000
__size_of_pressENTER       (abs)        000000
__size_of_pressRETRO       (abs)        000000
__size_of_pressUP          (abs)        000000
__size_of_printf           (abs)        000000
__size_of_putch            (abs)        000000
__size_of_putchUART        (abs)        000000
__size_of_readEEPROM       (abs)        000000
__size_of_releaseDOWN      (abs)        000000
__size_of_releaseENTER     (abs)        000000
__size_of_releaseRETRO     (abs)        000000
__size_of_releaseUP        (abs)        000000
__size_of_saveProcessState (abs)        000000
__size_of_saveSysParams    (abs)        000000
__size_of_scale            (abs)        000000
__size_of_setPWM2duty      (abs)        000000
__size_of_setPWM2on        (abs)        000000
__size_of_sysParamInit     (abs)        000000
__size_of_t2config         (abs)        000000
__size_of_t4config         (abs)        000000
__size_of_writeEEPROM      (abs)        000000
__size_ofi1___aldiv        (abs)        000000
__size_ofi1___altoft       (abs)        000000
__size_ofi1___ftadd        (abs)        000000
__size_ofi1___ftdiv        (abs)        000000
__size_ofi1___ftmul        (abs)        000000
__size_ofi1___ftpack       (abs)        000000
__size_ofi1___fttol        (abs)        000000
__size_ofi1___lmul         (abs)        000000
__size_ofi1_calcSysVars    (abs)        000000
__size_ofi1_calcVars2ti    (abs)        000000
__size_ofi1_chanValDigDOWN (abs)        000000
__size_ofi1_chanValDigUP   (abs)        000000
__size_ofi1_checkPass      (abs)        000000
__size_ofi1_confirmEdition (abs)        000000
__size_ofi1_desintegrator  (abs)        000000
__size_ofi1_initCalib      (abs)        000000
__size_ofi1_initProtocoll  (abs)        000000
__size_ofi1_integrator     (abs)        000000
__size_ofi1_longPressDOWN  (abs)        000000
__size_ofi1_longPressENTER (abs)        000000
__size_ofi1_longPressRETRO (abs)        000000
__size_ofi1_longPressUP    (abs)        000000
__size_ofi1_pressDOWN      (abs)        000000
__size_ofi1_pressENTER     (abs)        000000
__size_ofi1_pressRETRO     (abs)        000000
__size_ofi1_pressUP        (abs)        000000
__size_ofi1_readEEPROM     (abs)        000000
__size_ofi1_saveSysParams  (abs)        000000
__size_ofi1_setPWM2duty    (abs)        000000
__size_ofi1_sysParamInit   (abs)        000000
__size_ofi1_writeEEPROM    (abs)        000000
__size_ofi2___altoft       (abs)        000000
__size_ofi2___ftadd        (abs)        000000
__size_ofi2___ftge         (abs)        000000
__size_ofi2___ftpack       (abs)        000000
__size_ofi2_setPWM2duty    (abs)        000000
__smallconst               smallconst   000000
__tdiv_to_l_               text36       002F7E
__tdiv_to_l_@cntr          cstackBANK1  00010D
__tdiv_to_l_@exp1          cstackBANK1  00010E
__tdiv_to_l_@f1            cstackBANK1  000100
__tdiv_to_l_@f2            cstackBANK1  000103
__tdiv_to_l_@quot          cstackBANK1  000109
_actualScreen              bssBANK1     0001C3
_bladeIsUP                 dataBANK0    0000C8
_buttonChecking            text45       00147A
_calFactor                 bssCOMRAM    00003F
_calcSysVars               text4        0063DA
_calcVars2ti               text71       0065C8
_calibLevel                bssBANK1     0001C4
_chanValChar               bssBANK0     0000A5
_chanValDigDOWN            text60       004C9C
_chanValDigUP              text51       004AFC
_chanValSection            dataBANK1    00019D
_chanValdig                bssBANK1     0001A9
_chanValf                  bssBANK1     0001B7
[...]
  adr             1    wreg     unsigned char 
  data            1    0[BANK0 ] unsigned char 
 Auto vars:     Size  Location     Type
  adr             1    1[BANK0 ] unsigned char 
 Return value:  Size  Location     Type
                  1    wreg      void 
 Registers used:
		wreg, status,2
 Tracked objects:
		On entry : 
		On exit  : 
		Unchanged: 
 Data sizes:     COMRAM   BANK0   BANK1   BANK2   BANK3   BANK4   BANK5
      Params:         0       1       0       0       0       0       0
      Locals:         0       1       0       0       0       0       0
      Temps:          0       0       0       0       0       0       0
      Totals:         0       2       0       0       0       0       0
Total ram usage:        2 bytes
 Hardware stack levels used:    1
 Hardware stack levels required when called:    4
 This function calls:
		Nothing
 This function is called by:
		_saveProcessState
		i1_saveSysParams
 This function uses a non-reentrant model


 *************** function _hp_isr *****************
 Defined at:
		line 14 in file "source/main.c"
 Parameters:    Size  Location     Type
		None
 Auto vars:     Size  Location     Type
		None
 Return value:  Size  Location     Type
                  1    wreg      void 
 Registers used:
		wreg, status,2, status,0, cstack
 Tracked objects:
		On entry : 
		On exit  : 
		Unchanged: 
 Data sizes:     COMRAM   BANK0   BANK1   BANK2   BANK3   BANK4   BANK5
      Params:         0       0       0       0       0       0       0
      Locals:         0       0       0       0       0       0       0
      Temps:         14       0       0       0       0       0       0
      Totals:        14       0       0       0       0       0       0
Total ram usage:       14 bytes
 Hardware stack levels used:    1
 Hardware stack levels required when called:    3
 This function calls:
		_T4int
 This function is called by:
		Interrupt level 2
 This function uses a non-reentrant model


 *************** function _T4int *****************
 Defined at:
		line 21 in file "source/T4Config.h"
 Parameters:    Size  Location     Type
		None
 Auto vars:     Size  Location     Type
		None
 Return value:  Size  Location     Type
                  1    wreg      void 
 Registers used:
		wreg, status,2, status,0, cstack
 Tracked objects:
		On entry : 
		On exit  : 
		Unchanged: 
 Data sizes:     COMRAM   BANK0   BANK1   BANK2   BANK3   BANK4   BANK5
      Params:         0       0       0       0       0       0       0
      Locals:         0       0       0       0       0       0       0
      Temps:          1       0       0       0       0       0       0
      Totals:         1       0       0       0       0       0       0
Total ram usage:        1 bytes
 Hardware stack levels used:    1
 Hardware stack levels required when called:    2
 This function calls:
		_cutError
		i2___altoft
		i2___ftadd
		i2___ftge
		i2_setPWM2duty
 This function is called by:
		_hp_isr
 This function uses a non-reentrant model


 *************** function i2_setPWM2duty *****************
 Defined at:
		line 37 in file "source/PWMConfig.h"
 Parameters:    Size  Location     Type
  actuator        2    0[COMRAM] short 
 Auto vars:     Size  Location     Type
  setPWM2duty     2    4[COMRAM] short 
 Return value:  Size  Location     Type
                  1    wreg      void 
 Registers used:
		wreg, status,2, status,0
 Tracked objects:
		On entry : 
		On exit  : 
		Unchanged: 
 Data sizes:     COMRAM   BANK0   BANK1   BANK2   BANK3   BANK4   BANK5
      Params:         2       0       0       0       0       0       0
      Locals:         2       0       0       0       0       0       0
      Temps:          2       0       0       0       0       0       0
      Totals:         6       0       0       0       0       0       0
Total ram usage:        6 bytes
 Hardware stack levels used:    1
 This function calls:
		Nothing
 This function is called by:
		_T4int
 This function uses a non-reentrant model


 *************** function i2___ftge *****************
 Defined at:
		line 4 in file "C:\Program Files (x86)\Microchip\xc8\v1.38\sources\common\ftge.c"
 Parameters:    Size  Location     Type
  ff1             3   30[COMRAM] float 
  ff2             3   33[COMRAM] float 
 Auto vars:     Size  Location     Type
		None
 Return value:  Size  Location     Type
		None               void
 Registers used:
		wreg, status,2, status,0
 Tracked objects:
		On entry : 
		On exit  : 
		Unchanged: 
 Data sizes:     COMRAM   BANK0   BANK1   BANK2   BANK3   BANK4   BANK5
      Params:         6       0       0       0       0       0       0
      Locals:         0       0       0       0       0       0       0
      Temps:          3       0       0       0       0       0       0
      Totals:         9       0       0       0       0       0       0
Total ram usage:        9 bytes
 Hardware stack levels used:    1
 This function calls:
		Nothing
 This function is called by:
		_T4int
 This function uses a non-reentrant model


 *************** function i2___ftadd *****************
 Defined at:
		line 86 in file "C:\Program Files (x86)\Microchip\xc8\v1.38\sources\common\ftadd.c"
 Parameters:    Size  Location     Type
  f1              3   18[COMRAM] float 
  f2              3   21[COMRAM] float 
 Auto vars:     Size  Location     Type
  __ftadd         1   29[COMRAM] unsigned char 
  __ftadd         1   28[COMRAM] unsigned char 
  __ftadd         1   27[COMRAM] unsigned char 
 Return value:  Size  Location     Type
                  3   18[COMRAM] float 
 Registers used:
		wreg, status,2, status,0, cstack
 Tracked objects:
		On entry : 
		On exit  : 
		Unchanged: 
 Data sizes:     COMRAM   BANK0   BANK1   BANK2   BANK3   BANK4   BANK5
      Params:         6       0       0       0       0       0       0
      Locals:         3       0       0       0       0       0       0
      Temps:          3       0       0       0       0       0       0
      Totals:        12       0       0       0       0       0       0
Total ram usage:       12 bytes
 Hardware stack levels used:    1
 Hardware stack levels required when called:    1
 This function calls:
		i2___ftpack
 This function is called by:
		_T4int
 This function uses a non-reentrant model


 *************** function i2___altoft *****************
 Defined at:
		line 42 in file "C:\Program Files (x86)\Microchip\xc8\v1.38\sources\common\altoft.c"
 Parameters:    Size  Location     Type
  c               4    8[COMRAM] long 
 Auto vars:     Size  Location     Type
  __altoft        1   17[COMRAM] unsigned char 
  __altoft        1   16[COMRAM] unsigned char 
 Return value:  Size  Location     Type
                  3    8[COMRAM] float 
 Registers used:
		wreg, status,2, status,0, cstack
 Tracked objects:
		On entry : 
		On exit  : 
		Unchanged: 
 Data sizes:     COMRAM   BANK0   BANK1   BANK2   BANK3   BANK4   BANK5
      Params:         4       0       0       0       0       0       0
      Locals:         2       0       0       0       0       0       0
      Temps:          4       0       0       0       0       0       0
      Totals:        10       0       0       0       0       0       0
Total ram usage:       10 bytes
 Hardware stack levels used:    1
 Hardware stack levels required when called:    1
 This function calls:
		i2___ftpack
 This function is called by:
		_T4int
 This function uses a non-reentrant model


 *************** function i2___ftpack *****************
 Defined at:
		line 62 in file "C:\Program Files (x86)\Microchip\xc8\v1.38\sources\common\float.c"
 Parameters:    Size  Location     Type
  arg             3    0[COMRAM] unsigned um
  exp             1    3[COMRAM] unsigned char 
  sign            1    4[COMRAM] unsigned char 
 Auto vars:     Size  Location     Type
		None
 Return value:  Size  Location     Type
                  3    0[COMRAM] float 
 Registers used:
		wreg, status,2, status,0
 Tracked objects:
		On entry : 
		On exit  : 
		Unchanged: 
 Data sizes:     COMRAM   BANK0   BANK1   BANK2   BANK3   BANK4   BANK5
      Params:         5       0       0       0       0       0       0
      Locals:         0       0       0       0       0       0       0
      Temps:          3       0       0       0       0       0       0
      Totals:         8       0       0       0       0       0       0
Total ram usage:        8 bytes
 Hardware stack levels used:    1
 This function calls:
		Nothing
 This function is called by:
		i2___altoft
		i2___ftadd
 This function uses a non-reentrant model


 *************** function _cutError *****************
 Defined at:
		line 12 in file "source/T4Config.h"
 Parameters:    Size  Location     Type
		None
 Auto vars:     Size  Location     Type
		None
 Return value:  Size  Location     Type
                  1    wreg      void 
 Registers used:
		wreg, status,2
 Tracked objects:
		On entry : 
		On exit  : 
		Unchanged: 
 Data sizes:     COMRAM   BANK0   BANK1   BANK2   BANK3   BANK4   BANK5
      Params:         0       0       0       0       0       0       0
      Locals:         0       0       0       0       0       0       0
      Temps:          0       0       0       0       0       0       0
      Totals:         0       0       0       0       0       0       0
Total ram usage:        0 bytes
 Hardware stack levels used:    1
 This function calls:
		Nothing
 This function is called by:
		_T4int
 This function uses a non-reentrant model



MODULE INFORMATION

Module		Function		Class		Link	Load	Size
C:\Program Files (x86)\Microchip\xc8\v1.38\sources\common\ftsub.c
		___ftsub       		CODE           	66C6	0000	77

C:\Program Files (x86)\Microchip\xc8\v1.38\sources\common\ftsub.c estimated size: 77

C:\Program Files (x86)\Microchip\xc8\v1.38\sources\common\float.c
		___ftpack      		CODE           	4300	0000	269

C:\Program Files (x86)\Microchip\xc8\v1.38\sources\common\float.c estimated size: 269

source/ButtonController.h
		_buttonChecking		CODE           	147A	0000	691

source/ButtonController.h estimated size: 691

C:\Program Files (x86)\Microchip\xc8\v1.38\sources\common\awmod.c
		___awmod       		CODE           	555A	0000	163

C:\Program Files (x86)\Microchip\xc8\v1.38\sources\common\awmod.c estimated size: 163

C:\Program Files (x86)\Microchip\xc8\v1.38\sources\common\ftdivl.c
		__tdiv_to_l_   		CODE           	2F7E	0000	415

C:\Program Files (x86)\Microchip\xc8\v1.38\sources\common\ftdivl.c estimated size: 415

C:\Program Files (x86)\Microchip\xc8\v1.38\sources\common\llmod.c
		___llmod       		CODE           	5874	0000	155

C:\Program Files (x86)\Microchip\xc8\v1.38\sources\common\llmod.c estimated size: 155

C:\Program Files (x86)\Microchip\xc8\v1.38\sources\common\Umul16.c
		___wmul        		CODE           	69D6	0000	55

C:\Program Files (x86)\Microchip\xc8\v1.38\sources\common\Umul16.c estimated size: 55

source/screenDrawers.h
		_drawChanVal   		CODE           	5EB2	0000	133
		_drawPass1Lin  		CODE           	6C6C	0000	31
		_drawPassWord  		CODE           	4A10	0000	237
		_drawCalibProc 		CODE           	5E26	0000	141
		_drawBadPass   		CODE           	6CD2	0000	23
		_drawValEditor 		CODE           	11A2	0000	729
		_drawCutError  		CODE           	6B02	0000	47
		_drawMenu      		CODE           	28D0	0000	439
		_drawAutoCalibRM		CODE           	6A70	0000	51
		_drawAdvON     		CODE           	6678	0000	79
		_drawScreen    		CODE           	4EFC	0000	193
		_drawSNquest   		CODE           	4920	0000	241

source/screenDrawers.h estimated size: 2344

source/sysParams.h
		_EEPROMConfig  		CODE           	6D78	0000	7
		_saveSysParams 		CODE           	5AC8	0000	147
		_calcSysVars   		CODE           	63DA	0000	107
		_sysParamInit  		CODE           	55FC	0000	159
		_loadSysParams 		CODE           	675C	0000	73
		_saveProcessState		CODE           	68F2	0000	61
		_readEEPROM    		CODE           	6CBC	0000	23
		_writeEEPROM   		CODE           	6C2C	0000	33
		_calcVars2ti   		CODE           	65C8	0000	89

source/sysParams.h estimated size: 699

C:\Program Files (x86)\Microchip\xc8\v1.38\sources\common\fldivl.c
		__div_to_l_    		CODE           	311C	0000	393

C:\Program Files (x86)\Microchip\xc8\v1.38\sources\common\fldivl.c estimated size: 393

source/main.c
		_main          		CODE           	6712	0000	75
		_isr           		CODE           	0018	0000	167
		_hp_isr        		CODE           	0008	0000	135

source/main.c estimated size: 377

C:\Program Files (x86)\Microchip\xc8\v1.38\sources\common\ftmul.c
		___ftmul       		CODE           	3598	0000	351

C:\Program Files (x86)\Microchip\xc8\v1.38\sources\common\ftmul.c estimated size: 351

C:\Program Files (x86)\Microchip\xc8\v1.38\sources\common\ftdiv.c
		___ftdiv       		CODE           	3854	0000	333

C:\Program Files (x86)\Microchip\xc8\v1.38\sources\common\ftdiv.c estimated size: 333

source/PWMConfig.h
		_setPWM2on     		CODE           	6C8A	0000	27
		_setPWM2duty   		CODE           	590E	0000	149
		_t2config      		CODE           	6CA4	0000	25
		_PWM2Config    		CODE           	64AE	0000	103
		_T2int         		CODE           	32A4	0000	385

source/PWMConfig.h estimated size: 689

C:\Program Files (x86)\Microchip\xc8\v1.38\sources\common\awdiv.c
		___awdiv       		CODE           	4FBC	0000	191

C:\Program Files (x86)\Microchip\xc8\v1.38\sources\common\awdiv.c estimated size: 191

C:\Program Files (x86)\Microchip\xc8\v1.38\sources\common\Umul32.c
		___lmul        		CODE           	6196	0000	119

C:\Program Files (x86)\Microchip\xc8\v1.38\sources\common\Umul32.c estimated size: 119

source/../../vclib_lcd.h
		_lcd_read_byte 		CODE           	67A4	0000	71
		_lcd_putc      		CODE           	5FB2	0000	123
		_lcd_send_byte 		CODE           	6830	0000	67
		_lcd_read_4bits		CODE           	602C	0000	123
		_lcd_send_4bits		CODE           	5C7C	0000	143
		_lcd_gotoxy    		CODE           	6AA2	0000	49
		_lcd_init      		CODE           	54B8	0000	163

source/../../vclib_lcd.h estimated size: 739

C:\Program Files (x86)\Microchip\xc8\v1.38\sources\common\lldiv.c
		___lldiv       		CODE           	507A	0000	189

C:\Program Files (x86)\Microchip\xc8\v1.38\sources\common\lldiv.c estimated size: 189

C:\Program Files (x86)\Microchip\xc8\v1.38\sources\common\aldiv.c
		___aldiv       		CODE           	3FB8	0000	283

C:\Program Files (x86)\Microchip\xc8\v1.38\sources\common\aldiv.c estimated size: 283

source/IOConfig.h
		_putchUART     		CODE           	6D2C	0000	15
		_putch         		CODE           	6D10	0000	15
		_ioInitStt     		CODE           	6D68	0000	9
		_ioConfig      		CODE           	6A3E	0000	51

source/IOConfig.h estimated size: 90

C:\Program Files (x86)\Microchip\xc8\v1.38\sources\common\fttol.c
		___fttol       		CODE           	3AEC	0000	325

C:\Program Files (x86)\Microchip\xc8\v1.38\sources\common\fttol.c estimated size: 325

shared
		i1_longPressENTER		CODE           	1C66	0000	655
		i1___ftadd     		CODE           	2668	0000	617
		i1_longPressRETRO		CODE           	656E	0000	91
		i2___ftadd     		CODE           	2A86	0000	429
		i1_writeEEPROM 		CODE           	6C4C	0000	33
		i1_calcSysVars 		CODE           	6444	0000	107
		i1___ftdiv     		CODE           	39A0	0000	333
		i1___fttol     		CODE           	3C30	0000	325
		__powers_      		MEDIUMCONST    	7D8A	0000	40
		i1_calcVars2ti 		CODE           	6620	0000	89
		i1_initProtocoll		CODE           	68B2	0000	65
		_dpowers       		MEDIUMCONST    	7D3B	0000	41
		i2___ftge      		CODE           	5BEC	0000	145
		i1_integrator  		CODE           	3E96	0000	291
		i1_pressUP     		CODE           	461E	0000	263
		i1_sysParamInit		CODE           	5738	0000	159
		i1_pressDOWN   		CODE           	4822	0000	255
		i1_longPressUP 		CODE           	62F6	0000	117
		i1___ftmul     		CODE           	36F6	0000	351
		i1_pressENTER  		CODE           	217A	0000	647
		i1_pressRETRO  		CODE           	535C	0000	175
		i1_chanValDigDOWN		CODE           	4D68	0000	205
		i1___ftpack    		CODE           	440C	0000	269
		__npowers_     		MEDIUMCONST    	7D63	0000	40
		i2___ftpack    		CODE           	540A	0000	175
		__initialization		CODE           	5A36	0000	133
		i1___lmul      		CODE           	620C	0000	119
		i1___aldiv     		CODE           	40D2	0000	283
		i1___altoft    		CODE           	57D6	0000	159
		i2___altoft    		CODE           	611E	0000	121
		i1_longPressDOWN		CODE           	6BDC	0000	43
		i1_saveSysParams		CODE           	5B5A	0000	147
		i1_initCalib   		CODE           	699E	0000	57
		i1_setPWM2duty 		CODE           	59A2	0000	149
		i2_setPWM2duty 		CODE           	636A	0000	113
		i1_chanValDigUP		CODE           	4BCC	0000	209
		i1_desintegrator		CODE           	2DD8	0000	423
		i1_readEEPROM  		CODE           	6CE8	0000	23
		i1_confirmEdition		CODE           	51F2	0000	189
		i1_checkPass   		CODE           	5D98	0000	143

shared estimated size: 8228

source/T4Config.h
		_T4int         		CODE           	3424	0000	373
		_t4config      		CODE           	6B5E	0000	43
		_cutError      		CODE           	6B30	0000	47

source/T4Config.h estimated size: 463

C:\Program Files (x86)\Microchip\xc8\v1.38\sources\common\altoft.c
		___altoft      		CODE           	569A	0000	159

C:\Program Files (x86)\Microchip\xc8\v1.38\sources\common\altoft.c estimated size: 159

C:\Program Files (x86)\Microchip\xc8\v1.38\sources\common\isdigit.c
		_isdigit       		CODE           	6B88	0000	43

C:\Program Files (x86)\Microchip\xc8\v1.38\sources\common\isdigit.c estimated size: 43

C:\Program Files (x86)\Microchip\xc8\v1.38\sources\common\ftadd.c
		___ftadd       		CODE           	2400	0000	617

C:\Program Files (x86)\Microchip\xc8\v1.38\sources\common\ftadd.c estimated size: 617

source/SYSConfig.h
		_interruptConfig		CODE           	6D70	0000	9
		_clockConfig   		CODE           	6C06	0000	39

source/SYSConfig.h estimated size: 48

C:\Program Files (x86)\Microchip\xc8\v1.38\sources\common\doprnt.c
		_scale         		CODE           	0CF4	0000	1199
		_printf        		CODE           	00C2	0000	3123
		_fround        		CODE           	172C	0000	685

C:\Program Files (x86)\Microchip\xc8\v1.38\sources\common\doprnt.c estimated size: 5007

source/UARTConfig.h
		_UARTConfig    		CODE           	6966	0000	57
		_UARTint       		CODE           	41EC	0000	277

source/UARTConfig.h estimated size: 334

source/DisplayProtocol.h
		_pressUP       		CODE           	4518	0000	263
		_pressENTER    		CODE           	1EF4	0000	647
		_initCalib     		CODE           	692E	0000	57
		_pressRETRO    		CODE           	52AE	0000	175
		_pressDOWN     		CODE           	4724	0000	255
		_chanValDigUP  		CODE           	4AFC	0000	209
		_releaseUP     		CODE           	6D3A	0000	13
		_initProtocoll 		CODE           	6872	0000	65
		_releaseDOWN   		CODE           	6D52	0000	13
		_releaseENTER  		CODE           	6D1E	0000	15
		_releaseRETRO  		CODE           	6D46	0000	13
		_confirmEdition		CODE           	5136	0000	189
		_chanValDigDOWN		CODE           	4C9C	0000	205
		_longPressUP   		CODE           	6282	0000	117
		_desintegrator 		CODE           	2C32	0000	423
		_longPressDOWN 		CODE           	6BB2	0000	43
		_longPressENTER		CODE           	19D8	0000	655
		_longPressRETRO		CODE           	6514	0000	91
		_checkPass     		CODE           	5D0A	0000	143
		_integrator    		CODE           	3D74	0000	291

source/DisplayProtocol.h estimated size: 3882

C:\Program Files (x86)\Microchip\xc8\v1.38\sources\common\lltoft.c
		___lltoft      		CODE           	5F36	0000	125

C:\Program Files (x86)\Microchip\xc8\v1.38\sources\common\lltoft.c estimated size: 125

source/../../delay.h
		_delay_ms      		CODE           	67EA	0000	71

source/../../delay.h estimated size: 71

C:\Program Files (x86)\Microchip\xc8\v1.38\sources\common\ftge.c
		___ftge        		CODE           	4E34	0000	201

C:\Program Files (x86)\Microchip\xc8\v1.38\sources\common\ftge.c estimated size: 201

C:\Program Files (x86)\Microchip\xc8\v1.38\sources\common\ftneg.c
		___ftneg       		CODE           	6AD2	0000	49

C:\Program Files (x86)\Microchip\xc8\v1.38\sources\common\ftneg.c estimated size: 49

