Microchip MPLAB XC8 Compiler V1.38 ()

Linker command line:

-W-3 --edf=C:\Program Files (x86)\Microchip\xc8\v1.38\dat\en_msgs.txt -cs \
  -h+dist/default/production\CortaMasa.production.sym \
  --cmf=dist/default/production\CortaMasa.production.cmf -z -Q18F25K22 \
  -oC:\Users\SEBAST~1\AppData\Local\Temp\s24c.2 \
  -Mdist/default/production/CortaMasa.production.map -E1 -ver=XC8 \
  --acfsm=1493 -ASTACK=0123h-05ffh -pstack=STACK -ACODE=00h-07FFFh \
  -ACONST=00h-07FFFh -ASMALLCONST=0600h-06FFhx122 \
  -AMEDIUMCONST=0600h-07FFFh -ACOMRAM=01h-05Fh -AABS1=00h-05FFh \
  -ABIGRAM=01h-05FFh -ARAM=060h-0FFh,0100h-01FFhx5 -ABANK0=060h-0FFh \
  -ABANK1=0100h-01FFh -ABANK2=0200h-02FFh -ABANK3=0300h-03FFh \
  -ABANK4=0400h-04FFh -ABANK5=0500h-05FFh -ASFR=0F38h-0F5Fh,0F60h-0FFFh \
  -preset_vec=00h,intcode=08h,intcodelo=018h,powerup,init,end_init \
  -pramtop=0600h -psmallconst=SMALLCONST -pmediumconst=MEDIUMCONST \
  -pconst=CONST -AFARRAM=00h-00h -ACONFIG=0300000h-030000Dh -pconfig=CONFIG \
  -AIDLOC=0200000h-0200007h -pidloc=IDLOC -AEEDATA=0F00000h-0F000FFh \
  -peeprom_data=EEDATA \
  -prdata=COMRAM,nvrram=COMRAM,nvbit=COMRAM,rbss=COMRAM,rbit=COMRAM \
  -pfarbss=FARRAM,fardata=FARRAM,nvFARRAM=FARRAM \
  -pintsave_regs=BIGRAM,bigbss=BIGRAM,bigdata=BIGRAM -pbss=RAM \
  -pidata=CODE,irdata=CODE,ibigdata=CODE,ifardata=CODE -prparam=COMRAM \
  C:\Users\SEBAST~1\AppData\Local\Temp\s24c.obj \
  dist/default/production\CortaMasa.production.obj 

Object code version is 3.11

Machine type is 18F25K22

Call graph: (short form)




                Name                               Link     Load   Length Selector   Space Scale
C:\Users\SEBAST~1\AppData\Local\Temp\s24c.obj
                end_init                             B2       B2        4        C       0
                reset_vec                             0        0        4        0       0
                idloc                            200000   200000        8   200000       0
                config                           300000   300000        E   300000       0
dist/default/production\CortaMasa.production.obj
                intcodelo                            18       18       9A        C       0
                intcode                               8        8        E        4       0
                temp                                 4B       4B        1        1       1
                mediumconst                        7E02     7E02      1FE     3F01       0
                text67                             3352     3352       70        C       0
                text66                             39D6     39D6       16        C       0
                intcode_body                       32DA     32DA       78        C       0
                text64                             3566     3566       56        C       0
                text63                             3720     3720       3E        C       0
                text62                             342E     342E       6C        C       0
                text61                             383E     383E       36        C       0
                text60                             394C     394C       22        C       0
                text59                             33C2     33C2       6C        C       0
                text58                             3A0C     3A0C        E        C       0
                text57                             3A66     3A66        8        C       0
                text55                             3A6E     3A6E        6        C       0
                text54                             3038     3038       94        C       0
                text53                             39A8     39A8       18        C       0
                text52                             3500     3500       66        C       0
                text51                             37D0     37D0       38        C       0
                text50                             3900     3900       28        C       0
                text49                             3698     3698       46        C       0
                text48                             2662     2662      190        C       0
                text47                             3798     3798       38        C       0
                text46                              DA8      DA8      4A8        C       0
                text45                             360A     360A       48        C       0
                text44                             2BD4     2BD4      10C        C       0
                text43                             2D9E     2D9E       BC        C       0
                text42                             2F9E     2F9E       9A        C       0
                text41                             3808     3808       36        C       0
                text40                             22F6     22F6      1CE        C       0
                text39                             27F2     27F2      188        C       0
                text38                             24C4     24C4      19E        C       0
                text37                             2CE0     2CE0       BE        C       0
                text36                             2EFC     2EFC       A2        C       0
                text35                             1250     1250      4A6        C       0
                text34                             1D96     1D96      2D2        C       0
                text33                             3260     3260       7A        C       0
                text32                             3652     3652       46        C       0
                text31                             30CC     30CC       8E        C       0
                text30                             36DE     36DE       42        C       0
                text29                             38A6     38A6       30        C       0
                text28                             31E6     31E6       7A        C       0
                text27                             39FE     39FE        E        C       0
                text26                              8D6      8D6      4D2        C       0
                text25                               B6       B6      820        C       0
                text24                             2068     2068      28E        C       0
                text23                             35BC     35BC       4E        C       0
                text22                             396E     396E       20        C       0
                text21                             3A7A     3A7A        2        C       0
                text20                             3A5E     3A5E        8        C       0
                text19                             3874     3874       32        C       0
                text18                             3A56     3A56        8        C       0
                text17                             2E5A     2E5A       A2        C       0
                text16                             3A78     3A78        2        C       0
                text15                             375E     375E       3A        C       0
                text14                             3A4A     3A4A        C        C       0
                text13                             315A     315A       8C        C       0
                text12                             3928     3928       24        C       0
                text11                             3A76     3A76        2        C       0
                text10                             3A74     3A74        2        C       0
                text9                              38D6     38D6       2A        C       0
                text8                              3A3E     3A3E        C        C       0
                text7                              3A32     3A32        C        C       0
                text6                              3A26     3A26        C        C       0
                text5                              3A1A     3A1A        C        C       0
                text4                              16F6     16F6      3C0        C       0
                text3                              297A     297A      14E        C       0
                text2                              39EC     39EC       12        C       0
                text1                              2AC8     2AC8      10C        C       0
                text0                              1AB6     1AB6      2E0        C       0
                cstackCOMRAM                          1        1       21        1       1
                cstackBANK0                          60       60       64       60       1
                cstackBANK1                         100      100       23      100       1
                dataBANK0                            C4       C4       16       60       1
                bssBANK0                             DA       DA       13       60       1
                dataCOMRAM                           22       22       1A        1       1
                bssCOMRAM                            3C       3C        F        1       1
                cinit                              349A     349A       66        C       0
                idataBANK0                         39C0     39C0       16        C       0
                idataCOMRAM                        398E     398E       1A        C       0

TOTAL           Name                               Link     Load   Length     Space
        CLASS   STACK          

        CLASS   CODE           
                end_init                             B2       B2        4         0
                intcodelo                            18       18       9A         0
                intcode                               8        8        E         0
                reset_vec                             0        0        4         0
                text67                             3352     3352       70         0
                text66                             39D6     39D6       16         0
                intcode_body                       32DA     32DA       78         0
                text64                             3566     3566       56         0
                text63                             3720     3720       3E         0
                text62                             342E     342E       6C         0
                text61                             383E     383E       36         0
                text60                             394C     394C       22         0
                text59                             33C2     33C2       6C         0
                text58                             3A0C     3A0C        E         0
                text57                             3A66     3A66        8         0
                text55                             3A6E     3A6E        6         0
                text54                             3038     3038       94         0
                text53                             39A8     39A8       18         0
                text52                             3500     3500       66         0
                text51                             37D0     37D0       38         0
                text50                             3900     3900       28         0
                text49                             3698     3698       46         0
                text48                             2662     2662      190         0
                text47                             3798     3798       38         0
                text46                              DA8      DA8      4A8         0
                text45                             360A     360A       48         0
                text44                             2BD4     2BD4      10C         0
                text43                             2D9E     2D9E       BC         0
                text42                             2F9E     2F9E       9A         0
                text41                             3808     3808       36         0
                text40                             22F6     22F6      1CE         0
                text39                             27F2     27F2      188         0
                text38                             24C4     24C4      19E         0
                text37                             2CE0     2CE0       BE         0
                text36                             2EFC     2EFC       A2         0
                text35                             1250     1250      4A6         0
                text34                             1D96     1D96      2D2         0
                text33                             3260     3260       7A         0
                text32                             3652     3652       46         0
                text31                             30CC     30CC       8E         0
                text30                             36DE     36DE       42         0
                text29                             38A6     38A6       30         0
                text28                             31E6     31E6       7A         0
                text27                             39FE     39FE        E         0
                text26                              8D6      8D6      4D2         0
                text25                               B6       B6      820         0
                text24                             2068     2068      28E         0
                text23                             35BC     35BC       4E         0
                text22                             396E     396E       20         0
                text21                             3A7A     3A7A        2         0
                text20                             3A5E     3A5E        8         0
                text19                             3874     3874       32         0
                text18                             3A56     3A56        8         0
                text17                             2E5A     2E5A       A2         0
                text16                             3A78     3A78        2         0
                text15                             375E     375E       3A         0
                text14                             3A4A     3A4A        C         0
                text13                             315A     315A       8C         0
                text12                             3928     3928       24         0
                text11                             3A76     3A76        2         0
                text10                             3A74     3A74        2         0
                text9                              38D6     38D6       2A         0
                text8                              3A3E     3A3E        C         0
                text7                              3A32     3A32        C         0
                text6                              3A26     3A26        C         0
                text5                              3A1A     3A1A        C         0
                text4                              16F6     16F6      3C0         0
                text3                              297A     297A      14E         0
                text2                              39EC     39EC       12         0
                text1                              2AC8     2AC8      10C         0
                text0                              1AB6     1AB6      2E0         0
                cinit                              349A     349A       66         0
                idataBANK0                         39C0     39C0       16         0
                idataCOMRAM                        398E     398E       1A         0

        CLASS   CONST          

        CLASS   SMALLCONST     

        CLASS   MEDIUMCONST    
                mediumconst                        7E02     7E02      1FE         0

        CLASS   COMRAM         
                temp                                 4B       4B        1         1
                cstackCOMRAM                          1        1       21         1
                dataCOMRAM                           22       22       1A         1
                bssCOMRAM                            3C       3C        F         1

        CLASS   ABS1           

        CLASS   BIGRAM         

        CLASS   RAM            

        CLASS   BANK0          
                cstackBANK0                          60       60       64         1
                dataBANK0                            C4       C4       16         1
                bssBANK0                             DA       DA       13         1

        CLASS   BANK1          
                cstackBANK1                         100      100       23         1

        CLASS   BANK2          

        CLASS   BANK3          

        CLASS   BANK4          

        CLASS   BANK5          

        CLASS   SFR            

        CLASS   FARRAM         

        CLASS   CONFIG         
                config                           300000   300000        E         0

        CLASS   IDLOC          
                idloc                            200000   200000        8         0

        CLASS   EEDATA         



SEGMENTS        Name                           Load    Length   Top    Selector   Space  Class

                reset_vec                      000000  000004  000004         0       0  CODE    
                cstackCOMRAM                   000001  00004B  00004C         1       1  COMRAM  
                intcode                        000008  00000E  000016         4       0  CODE    
                intcodelo                      000018  003A64  003A7C         C       0  CODE    
                cstackBANK0                    000060  00008D  0000ED        60       1  BANK0   
                cstackBANK1                    000100  000023  000123       100       1  BANK1   
                mediumconst                    007E02  0001FE  008000      3F01       0  MEDIUMCO
                idloc                          200000  000008  200008    200000       0  IDLOC   
                config                         300000  00000E  30000E    300000       0  CONFIG  


UNUSED ADDRESS RANGES

        Name                Unused          Largest block    Delta
        BANK0            0000ED-0000FF               13
        BANK1            000123-0001FF               DD
        BANK2            000200-0002FF              100
        BANK3            000300-0003FF              100
        BANK4            000400-0004FF              100
        BANK5            000500-0005FF              100
        BIGRAM           00004C-00005F               14
                         0000ED-0000FF               13
                         000123-0005FF              4DD
        CODE             000004-000007                4
                         000016-000017                2
                         003A7C-007E01             4386
        COMRAM           00004C-00005F               14
        CONST            000004-000007                4
                         000016-000017                2
                         003A7C-007E01             4386
        EEDATA           F00000-F000FF              100
        MEDIUMCONST      003A7C-007E01             4386
        RAM              0000ED-0000FF               13
                         000123-0005FF              100
        SFR              000F38-000FFF               28
        SMALLCONST       003A7C-007E01              100
        STACK            000123-0005FF              4DD

                                  Symbol Table

?___awdiv                  cstackBANK0  000078
?___awmod                  cstackBANK0  000072
?___fladd                  cstackBANK0  0000A6
?___fldiv                  cstackBANK0  000072
?___flmul                  cstackBANK0  000080
?___flneg                  cstackBANK0  000072
?___flsub                  cstackBANK0  0000BA
?___fltol                  cstackBANK0  0000A2
?___lldiv                  cstackBANK0  000072
?___llmod                  cstackBANK0  00007F
?___wmul                   cstackBANK0  000072
?___xxtofl                 cstackBANK0  000072
?__div_to_l_               cstackBANK0  000072
?__tdiv_to_l_              cstackBANK0  000072
?_fround                   cstackBANK0  000099
?_printf                   cstackBANK1  000100
?_scale                    cstackBANK0  000099
_ANSELAbits                (abs)        000F38
_ANSELCbits                (abs)        000F3A
_BAUDCON1bits              (abs)        000FB8
_CCP2CONbits               (abs)        000F66
_CCPR2L                    (abs)        000F67
_CCPTMRS0bits              (abs)        000F49
_DOWNisLP                  bssCOMRAM    000044
_DOWNsecurLock             bssBANK0     0000E2
_ECCP2ASbits               (abs)        000F64
_EEADR                     (abs)        000FA9
_EECON1bits                (abs)        000FA6
_EECON2                    (abs)        000FA7
_EEDATA                    (abs)        000FA8
_EEPROMConfig              text55       003A6E
_ENTERisLP                 bssCOMRAM    000045
_ENTERsecurLock            bssBANK0     0000E3
_INTCONbits                (abs)        000FF2
_IPR1bits                  (abs)        000F9F
_LATBbits                  (abs)        000F8A
_LATCbits                  (abs)        000F8B
_OSCCON2bits               (abs)        000FD2
_OSCCONbits                (abs)        000FD3
_OSCTUNEbits               (abs)        000F9B
_PIE1bits                  (abs)        000F9D
_PIR1bits                  (abs)        000F9E
_PORTAbits                 (abs)        000F80
_PORTBbits                 (abs)        000F81
_PR2                       (abs)        000FBB
_PSTR2CONbits              (abs)        000F63
_PWM2CONbits               (abs)        000F65
_PWM2Config                text52       003500
_RCONbits                  (abs)        000FD0
_RCREG1                    (abs)        000FAE
_RCSTA1bits                (abs)        000FAB
_RETROisLP                 bssCOMRAM    000046
_RETROsecurLock            bssBANK0     0000E4
_SPBRG1                    (abs)        000FAF
_SPBRGH1                   (abs)        000FB0
_T2CONbits                 (abs)        000FBA
_T2int                     text66       0039D6
_TRISAbits                 (abs)        000F92
_TRISBbits                 (abs)        000F93
_TRISCbits                 (abs)        000F94
_TXREG1                    (abs)        000FAD
_TXSTA1bits                (abs)        000FAC
_UARTConfig                text51       0037D0
_UARTint                   text57       003A66
_UPisLP                    bssCOMRAM    000047
_UPsecurLock               bssBANK0     0000E5
_WDTCONbits                (abs)        000FD1
__CFG_BOREN$SBORDIS        (abs)        000000
__CFG_BORV$285             (abs)        000000
__CFG_CCP2MX$PORTC1        (abs)        000000
__CFG_CCP3MX$PORTB5        (abs)        000000
__CFG_CP0$OFF              (abs)        000000
__CFG_CP1$OFF              (abs)        000000
__CFG_CP2$OFF              (abs)        000000
__CFG_CP3$OFF              (abs)        000000
__CFG_CPB$OFF              (abs)        000000
__CFG_CPD$OFF              (abs)        000000
__CFG_EBTR0$OFF            (abs)        000000
__CFG_EBTR1$OFF            (abs)        000000
__CFG_EBTR2$OFF            (abs)        000000
__CFG_EBTR3$OFF            (abs)        000000
__CFG_EBTRB$OFF            (abs)        000000
__CFG_FCMEN$ON             (abs)        000000
__CFG_FOSC$INTIO67         (abs)        000000
__CFG_HFOFST$ON            (abs)        000000
__CFG_IESO$ON              (abs)        000000
__CFG_LVP$OFF              (abs)        000000
__CFG_MCLRE$EXTMCLR        (abs)        000000
__CFG_P2BMX$PORTC0         (abs)        000000
__CFG_PBADEN$OFF           (abs)        000000
__CFG_PLLCFG$ON            (abs)        000000
__CFG_PRICLKEN$ON          (abs)        000000
__CFG_PWRTEN$ON            (abs)        000000
__CFG_STVREN$ON            (abs)        000000
__CFG_T3CMX$PORTC0         (abs)        000000
__CFG_WDTEN$SWON           (abs)        000000
__CFG_WDTPS$32768          (abs)        000000
__CFG_WRT0$OFF             (abs)        000000
__CFG_WRT1$OFF             (abs)        000000
__CFG_WRT2$OFF             (abs)        000000
__CFG_WRT3$OFF             (abs)        000000
__CFG_WRTB$OFF             (abs)        000000
__CFG_WRTC$OFF             (abs)        000000
__CFG_WRTD$OFF             (abs)        000000
__CFG_XINST$OFF            (abs)        000000
__HRAM                     (abs)        000000
__Habs1                    abs1         000000
__Hbank0                   bank0        000000
__Hbank1                   bank1        000000
__Hbank2                   bank2        000000
__Hbank3                   bank3        000000
__Hbank4                   bank4        000000
__Hbank5                   bank5        000000
__Hbigbss                  bigbss       000000
__Hbigdata                 bigdata      000000
__Hbigram                  bigram       000000
__Hbss                     bss          000000
__HbssBANK0                bssBANK0     000000
__HbssCOMRAM               bssCOMRAM    000000
__Hcinit                   cinit        000000
__Hclrtext                 clrtext      000000
__Hcomram                  comram       000000
__Hconfig                  config       30000E
__Hconst                   const        000000
__HcstackBANK0             cstackBANK0  000000
__HcstackBANK1             cstackBANK1  000000
__HcstackCOMRAM            cstackCOMRAM 000000
__Hdata                    data         000000
__HdataBANK0               dataBANK0    000000
__HdataCOMRAM              dataCOMRAM   000000
__Heeprom_data             eeprom_data  000000
__Hend_init                end_init     0000B6
__Hfarbss                  farbss       000000
__Hfardata                 fardata      000000
__Hibigdata                ibigdata     000000
__Hidata                   idata        000000
__HidataBANK0              idataBANK0   000000
__HidataCOMRAM             idataCOMRAM  000000
__Hidloc                   idloc        200008
__Hifardata                ifardata     000000
__Hinit                    init         0000B2
__Hintcode                 intcode      000016
__Hintcode_body            intcode_body 000000
__Hintcodelo               intcodelo    0000B2
__Hintentry                intentry     000000
__Hintret                  intret       000000
__Hintsave_regs            intsave_regs 000000
__Hirdata                  irdata       000000
__Hmediumconst             mediumconst  008000
__HnvFARRAM                nvFARRAM     000000
__Hnvbit                   nvbit        000000
__Hnvrram                  nvrram       000000
__Hparam                   rparam       000000
__Hpowerup                 powerup      0000B2
__Hram                     ram          000000
__Hramtop                  ramtop       000600
__Hrbit                    rbit         000000
__Hrbss                    rbss         000000
__Hrdata                   rdata        000000
__Hreset_vec               reset_vec    000004
__Hrparam                  rparam       000000
__Hsfr                     sfr          000000
__Hsmallconst              smallconst   000000
__Hspace_0                 (abs)        30000E
__Hspace_1                 (abs)        000123
__Hspace_2                 (abs)        000000
__Hstack                   stack        000000
__Hstruct                  struct       000000
__Htemp                    temp         00004C
__Htext                    text         000000
__Htext0                   text0        000000
__Htext1                   text1        000000
__Htext10                  text10       000000
__Htext11                  text11       000000
__Htext12                  text12       000000
__Htext13                  text13       000000
__Htext14                  text14       000000
__Htext15                  text15       000000
__Htext16                  text16       000000
__Htext17                  text17       000000
__Htext18                  text18       000000
__Htext19                  text19       000000
__Htext2                   text2        000000
__Htext20                  text20       000000
__Htext21                  text21       000000
__Htext22                  text22       000000
__Htext23                  text23       000000
__Htext24                  text24       000000
__Htext25                  text25       000000
__Htext26                  text26       000000
__Htext27                  text27       000000
__Htext28                  text28       000000
__Htext29                  text29       000000
__Htext3                   text3        000000
__Htext30                  text30       000000
__Htext31                  text31       000000
__Htext32                  text32       000000
__Htext33                  text33       000000
__Htext34                  text34       000000
__Htext35                  text35       000000
__Htext36                  text36       000000
__Htext37                  text37       000000
__Htext38                  text38       000000
__Htext39                  text39       000000
__Htext4                   text4        000000
__Htext40                  text40       000000
__Htext41                  text41       000000
__Htext42                  text42       000000
__Htext43                  text43       000000
__Htext44                  text44       000000
__Htext45                  text45       000000
__Htext46                  text46       000000
__Htext47                  text47       000000
__Htext48                  text48       000000
__Htext49                  text49       000000
__Htext5                   text5        000000
__Htext50                  text50       000000
__Htext51                  text51       000000
__Htext52                  text52       000000
__Htext53                  text53       000000
__Htext54                  text54       000000
__Htext55                  text55       000000
__Htext57                  text57       000000
__Htext58                  text58       000000
__Htext59                  text59       000000
__Htext6                   text6        000000
__Htext60                  text60       000000
__Htext61                  text61       000000
__Htext62                  text62       000000
__Htext63                  text63       000000
__Htext64                  text64       000000
__Htext66                  text66       000000
__Htext67                  text67       000000
__Htext7                   text7        000000
__Htext8                   text8        000000
__Htext9                   text9        000000
__LRAM                     (abs)        000001
__Labs1                    abs1         000000
__Lbank0                   bank0        000000
__Lbank1                   bank1        000000
__Lbank2                   bank2        000000
__Lbank3                   bank3        000000
__Lbank4                   bank4        000000
__Lbank5                   bank5        000000
__Lbigbss                  bigbss       000000
__Lbigdata                 bigdata      000000
__Lbigram                  bigram       000000
__Lbss                     bss          000000
__LbssBANK0                bssBANK0     000000
__LbssCOMRAM               bssCOMRAM    000000
__Lcinit                   cinit        000000
__Lclrtext                 clrtext      000000
__Lcomram                  comram       000000
__Lconfig                  config       300000
__Lconst                   const        000000
__LcstackBANK0             cstackBANK0  000000
__LcstackBANK1             cstackBANK1  000000
__LcstackCOMRAM            cstackCOMRAM 000000
__Ldata                    data         000000
__LdataBANK0               dataBANK0    000000
__LdataCOMRAM              dataCOMRAM   000000
__Leeprom_data             eeprom_data  000000
__Lend_init                end_init     0000B2
__Lfarbss                  farbss       000000
__Lfardata                 fardata      000000
__Libigdata                ibigdata     000000
__Lidata                   idata        000000
__LidataBANK0              idataBANK0   000000
__LidataCOMRAM             idataCOMRAM  000000
__Lidloc                   idloc        200000
__Lifardata                ifardata     000000
__Linit                    init         0000B2
__Lintcode                 intcode      000008
__Lintcode_body            intcode_body 000000
__Lintcodelo               intcodelo    000018
__Lintentry                intentry     000000
__Lintret                  intret       000000
__Lintsave_regs            intsave_regs 000000
__Lirdata                  irdata       000000
__Lmediumconst             mediumconst  007E02
__LnvFARRAM                nvFARRAM     000000
__Lnvbit                   nvbit        000000
__Lnvrram                  nvrram       000000
__Lparam                   rparam       000000
__Lpowerup                 powerup      0000B2
__Lram                     ram          000000
__Lramtop                  ramtop       000600
__Lrbit                    rbit         000000
__Lrbss                    rbss         000000
__Lrdata                   rdata        000000
__Lreset_vec               reset_vec    000000
__Lrparam                  rparam       000000
__Lsfr                     sfr          000000
__Lsmallconst              smallconst   000000
__Lspace_0                 (abs)        000000
__Lspace_1                 (abs)        000000
__Lspace_2                 (abs)        000000
__Lstack                   stack        000000
__Lstruct                  struct       000000
__Ltemp                    temp         00004B
__Ltext                    text         000000
__Ltext0                   text0        000000
__Ltext1                   text1        000000
__Ltext10                  text10       000000
__Ltext11                  text11       000000
__Ltext12                  text12       000000
__Ltext13                  text13       000000
__Ltext14                  text14       000000
__Ltext15                  text15       000000
__Ltext16                  text16       000000
__Ltext17                  text17       000000
__Ltext18                  text18       000000
__Ltext19                  text19       000000
__Ltext2                   text2        000000
__Ltext20                  text20       000000
__Ltext21                  text21       000000
__Ltext22                  text22       000000
__Ltext23                  text23       000000
__Ltext24                  text24       000000
__Ltext25                  text25       000000
__Ltext26                  text26       000000
__Ltext27                  text27       000000
__Ltext28                  text28       000000
__Ltext29                  text29       000000
__Ltext3                   text3        000000
__Ltext30                  text30       000000
__Ltext31                  text31       000000
__Ltext32                  text32       000000
__Ltext33                  text33       000000
__Ltext34                  text34       000000
__Ltext35                  text35       000000
__Ltext36                  text36       000000
__Ltext37                  text37       000000
__Ltext38                  text38       000000
__Ltext39                  text39       000000
__Ltext4                   text4        000000
__Ltext40                  text40       000000
__Ltext41                  text41       000000
__Ltext42                  text42       000000
__Ltext43                  text43       000000
__Ltext44                  text44       000000
__Ltext45                  text45       000000
__Ltext46                  text46       000000
__Ltext47                  text47       000000
__Ltext48                  text48       000000
__Ltext49                  text49       000000
__Ltext5                   text5        000000
__Ltext50                  text50       000000
__Ltext51                  text51       000000
__Ltext52                  text52       000000
__Ltext53                  text53       000000
__Ltext54                  text54       000000
__Ltext55                  text55       000000
__Ltext57                  text57       000000
__Ltext58                  text58       000000
__Ltext59                  text59       000000
__Ltext6                   text6        000000
__Ltext60                  text60       000000
__Ltext61                  text61       000000
__Ltext62                  text62       000000
__Ltext63                  text63       000000
__Ltext64                  text64       000000
__Ltext66                  text66       000000
__Ltext67                  text67       000000
__Ltext7                   text7        000000
__Ltext8                   text8        000000
__Ltext9                   text9        000000
__S0                       (abs)        30000E
__S1                       (abs)        000123
__S2                       (abs)        000000
___awdiv                   text37       002CE0
___awdiv@counter           cstackBANK0  00007C
___awdiv@dividend          cstackBANK0  000078
___awdiv@divisor           cstackBANK0  00007A
___awdiv@quotient          cstackBANK0  00007E
___awdiv@sign              cstackBANK0  00007D
___awmod                   text36       002EFC
___awmod@counter           cstackBANK0  000076
___awmod@dividend          cstackBANK0  000072
___awmod@divisor           cstackBANK0  000074
___awmod@sign              cstackBANK0  000077
___fladd                   text46       000DA8
___fladd@a                 cstackBANK0  0000AA
___fladd@aexp              cstackBANK0  0000B7
___fladd@b                 cstackBANK0  0000A6
___fladd@bexp              cstackBANK0  0000B8
___fladd@grs               cstackBANK0  0000B9
___fladd@signs             cstackBANK0  0000B6
___fldiv                   text4        0016F6
___fldiv@a                 cstackBANK0  000076
___fldiv@aexp              cstackBANK0  00008A
___fldiv@b                 cstackBANK0  000072
___fldiv@bexp              cstackBANK0  000089
___fldiv@grs               cstackBANK0  000085
___fldiv@new_exp           cstackBANK0  000083
___fldiv@rem               cstackBANK0  00007F
___fldiv@sign              cstackBANK0  00007E
___flge                    text48       002662
___flge@ff1                cstackBANK0  000072
___flge@ff2                cstackBANK0  000076
___flmul                   text35       001250
___flmul@a                 cstackBANK0  000084
___flmul@aexp              cstackBANK0  00008D
___flmul@b                 cstackBANK0  000080
___flmul@bexp              cstackBANK0  000092
___flmul@grs               cstackBANK0  00008E
___flmul@prod              cstackBANK0  000093
___flmul@sign              cstackBANK0  00008C
___flmul@temp              cstackBANK0  000097
___flneg                   text47       003798
___flneg@f1                cstackBANK0  000072
___flsub                   text45       00360A
___flsub@a                 cstackBANK0  0000BE
___flsub@b                 cstackBANK0  0000BA
___fltol                   text44       002BD4
___fltol@exp1              cstackBANK0  0000AB
___fltol@f1                cstackBANK0  0000A2
___fltol@sign1             cstackBANK0  0000AA
___inthi_sp                stack        000000
___intlo_sp                stack        000000
___lldiv                   text43       002D9E
___lldiv@counter           cstackBANK0  00007E
___lldiv@dividend          cstackBANK0  000072
___lldiv@divisor           cstackBANK0  000076
___lldiv@quotient          cstackBANK0  00007A
___llmod                   text42       002F9E
___llmod@counter           cstackBANK0  000087
___llmod@dividend          cstackBANK0  00007F
___llmod@divisor           cstackBANK0  000083
___param_bank              (abs)        000010
___rparam_used             (abs)        000001
___sp                      stack        000000
___wmul                    text41       003808
___wmul@multiplicand       cstackBANK0  000074
___wmul@multiplier         cstackBANK0  000072
___wmul@product            cstackBANK0  000076
___xxtofl                  text40       0022F6
___xxtofl@arg              cstackBANK0  00007C
___xxtofl@exp              cstackBANK0  00007B
___xxtofl@sign             cstackBANK0  00007A
___xxtofl@val              cstackBANK0  000072
__accesstop                (abs)        000060
__activetblptr             (abs)        000002
__div_to_l_                text39       0027F2
__div_to_l_@cntr           cstackBANK0  00007E
__div_to_l_@exp1           cstackBANK0  00007F
__div_to_l_@f1             cstackBANK0  000072
__div_to_l_@f2             cstackBANK0  000076
__div_to_l_@quot           cstackBANK0  00007A
__end_of_EEPROMConfig      text55       003A74
__end_of_PWM2Config        text52       003566
__end_of_T2int             text66       0039EC
__end_of_UARTConfig        text51       003808
__end_of_UARTint           text57       003A6E
__end_of___awdiv           text37       002D9E
__end_of___awmod           text36       002F9E
__end_of___fladd           text46       001250
__end_of___fldiv           text4        001AB6
__end_of___flge            text48       0027F2
__end_of___flmul           text35       0016F6
__end_of___flneg           text47       0037D0
__end_of___flsub           text45       003652
__end_of___fltol           text44       002CE0
__end_of___lldiv           text43       002E5A
__end_of___llmod           text42       003038
__end_of___wmul            text41       00383E
__end_of___xxtofl          text40       0024C4
__end_of__div_to_l_        text39       00297A
__end_of__initialization   cinit        0034F2
__end_of__npowers_         mediumconst  007E37
__end_of__powers_          mediumconst  007E6B
__end_of__tdiv_to_l_       text38       002662
__end_of_calcSysVars       text3        002AC8
__end_of_clockConfig       text50       003928
__end_of_delay_ms          text49       0036DE
__end_of_dpowers           mediumconst  007E93
__end_of_drawMenu          text24       0022F6
__end_of_drawPassWord      text23       00360A
__end_of_drawScreen        text22       00398E
__end_of_execCombinations  text21       003A7C
__end_of_fround            text34       002068
__end_of_hp_isr            intcode_body 003352
__end_of_interruptConfig   text20       003A66
__end_of_ioConfig          text19       0038A6
__end_of_ioInitStt         text18       003A5E
__end_of_isr               intcodelo    0000B2
__end_of_lcd_gotoxy        text29       0038D6
__end_of_lcd_init          text17       002EFC
__end_of_lcd_putc          text28       003260
__end_of_lcd_read_4bits    text33       0032DA
__end_of_lcd_read_byte     text32       003698
__end_of_lcd_send_4bits    text31       00315A
__end_of_lcd_send_byte     text30       003720
__end_of_longPressDOWN     text16       003A7A
__end_of_longPressENTER    text15       003798
__end_of_longPressRETRO    text14       003A56
__end_of_longPressUP       text13       0031E6
__end_of_main              text0        001D96
__end_of_pressDOWN         text12       00394C
__end_of_pressENTER        text11       003A78
__end_of_pressRETRO        text10       003A76
__end_of_pressUP           text9        003900
__end_of_printf            text25       0008D6
__end_of_putch             text27       003A0C
__end_of_readEEPROM        text2        0039FE
__end_of_releaseDOWN       text8        003A4A
__end_of_releaseENTER      text7        003A3E
__end_of_releaseRETRO      text6        003A32
__end_of_releaseUP         text5        003A26
__end_of_scale             text26       000DA8
__end_of_setPWM2duty       text54       0030CC
__end_of_sysParamInit      text1        002BD4
__end_of_t2config          text53       0039C0
__end_ofi1_lcd_gotoxy      text60       00396E
__end_ofi1_lcd_putc        text59       00342E
__end_ofi1_lcd_read_4bits  text64       0035BC
__end_ofi1_lcd_read_byte   text63       00375E
__end_ofi1_lcd_send_4bits  text62       00349A
__end_ofi1_lcd_send_byte   text61       003874
__end_ofi1_putch           text58       003A1A
__end_ofi2_setPWM2duty     text67       0033C2
__initialization           cinit        00349A
__mediumconst              mediumconst  007E02
__npowers_                 mediumconst  007E03
__pbssBANK0                bssBANK0     0000DA
__pbssCOMRAM               bssCOMRAM    00003C
__pcinit                   cinit        00349A
__pcstackBANK0             cstackBANK0  000060
__pcstackBANK1             cstackBANK1  000100
__pcstackCOMRAM            cstackCOMRAM 000001
__pdataBANK0               dataBANK0    0000C4
__pdataCOMRAM              dataCOMRAM   000022
__pidataBANK0              idataBANK0   0039C0
__pidataCOMRAM             idataCOMRAM  00398E
__pintcode                 intcode      000008
__pintcode_body            intcode_body 0032DA
__pintcodelo               intcodelo    000018
__pmediumconst             mediumconst  007E02
__powers_                  mediumconst  007E37
__ptext0                   text0        001AB6
__ptext1                   text1        002AC8
__ptext10                  text10       003A74
__ptext11                  text11       003A76
__ptext12                  text12       003928
__ptext13                  text13       00315A
__ptext14                  text14       003A4A
__ptext15                  text15       00375E
__ptext16                  text16       003A78
__ptext17                  text17       002E5A
__ptext18                  text18       003A56
__ptext19                  text19       003874
__ptext2                   text2        0039EC
__ptext20                  text20       003A5E
__ptext21                  text21       003A7A
__ptext22                  text22       00396E
__ptext23                  text23       0035BC
__ptext24                  text24       002068
__ptext25                  text25       0000B6
__ptext26                  text26       0008D6
__ptext27                  text27       0039FE
__ptext28                  text28       0031E6
__ptext29                  text29       0038A6
__ptext3                   text3        00297A
__ptext30                  text30       0036DE
__ptext31                  text31       0030CC
__ptext32                  text32       003652
__ptext33                  text33       003260
__ptext34                  text34       001D96
__ptext35                  text35       001250
__ptext36                  text36       002EFC
__ptext37                  text37       002CE0
__ptext38                  text38       0024C4
__ptext39                  text39       0027F2
__ptext4                   text4        0016F6
__ptext40                  text40       0022F6
__ptext41                  text41       003808
__ptext42                  text42       002F9E
__ptext43                  text43       002D9E
__ptext44                  text44       002BD4
__ptext45                  text45       00360A
__ptext46                  text46       000DA8
__ptext47                  text47       003798
__ptext48                  text48       002662
__ptext49                  text49       003698
__ptext5                   text5        003A1A
__ptext50                  text50       003900
__ptext51                  text51       0037D0
__ptext52                  text52       003500
__ptext53                  text53       0039A8
__ptext54                  text54       003038
__ptext55                  text55       003A6E
__ptext57                  text57       003A66
__ptext58                  text58       003A0C
__ptext59                  text59       0033C2
__ptext6                   text6        003A26
__ptext60                  text60       00394C
__ptext61                  text61       00383E
__ptext62                  text62       00342E
__ptext63                  text63       003720
__ptext64                  text64       003566
__ptext66                  text66       0039D6
__ptext67                  text67       003352
__ptext7                   text7        003A32
__ptext8                   text8        003A3E
__ptext9                   text9        0038D6
__ramtop                   ramtop       000600
__size_of_EEPROMConfig     (abs)        000000
__size_of_PWM2Config       (abs)        000000
__size_of_T2int            (abs)        000000
__size_of_UARTConfig       (abs)        000000
__size_of_UARTint          (abs)        000000
__size_of___awdiv          (abs)        000000
__size_of___awmod          (abs)        000000
__size_of___fladd          (abs)        000000
__size_of___fldiv          (abs)        000000
__size_of___flge           (abs)        000000
__size_of___flmul          (abs)        000000
__size_of___flneg          (abs)        000000
__size_of___flsub          (abs)        000000
__size_of___fltol          (abs)        000000
__size_of___lldiv          (abs)        000000
__size_of___llmod          (abs)        000000
__size_of___wmul           (abs)        000000
__size_of___xxtofl         (abs)        000000
__size_of__div_to_l_       (abs)        000000
__size_of__tdiv_to_l_      (abs)        000000
__size_of_calcSysVars      (abs)        000000
__size_of_clockConfig      (abs)        000000
__size_of_delay_ms         (abs)        000000
__size_of_drawMenu         (abs)        000000
__size_of_drawPassWord     (abs)        000000
__size_of_drawScreen       (abs)        000000
__size_of_execCombinations (abs)        000000
__size_of_fround           (abs)        000000
__size_of_hp_isr           (abs)        000000
__size_of_interruptConfig  (abs)        000000
__size_of_ioConfig         (abs)        000000
__size_of_ioInitStt        (abs)        000000
__size_of_isr              (abs)        000000
__size_of_lcd_gotoxy       (abs)        000000
__size_of_lcd_init         (abs)        000000
__size_of_lcd_putc         (abs)        000000
__size_of_lcd_read_4bits   (abs)        000000
__size_of_lcd_read_byte    (abs)        000000
__size_of_lcd_send_4bits   (abs)        000000
__size_of_lcd_send_byte    (abs)        000000
__size_of_longPressDOWN    (abs)        000000
__size_of_longPressENTER   (abs)        000000
__size_of_longPressRETRO   (abs)        000000
__size_of_longPressUP      (abs)        000000
__size_of_main             (abs)        000000
__size_of_pressDOWN        (abs)        000000
__size_of_pressENTER       (abs)        000000
__size_of_pressRETRO       (abs)        000000
__size_of_pressUP          (abs)        000000
__size_of_printf           (abs)        000000
__size_of_putch            (abs)        000000
__size_of_readEEPROM       (abs)        000000
__size_of_releaseDOWN      (abs)        000000
__size_of_releaseENTER     (abs)        000000
__size_of_releaseRETRO     (abs)        000000
__size_of_releaseUP        (abs)        000000
__size_of_scale            (abs)        000000
__size_of_setPWM2duty      (abs)        000000
__size_of_sysParamInit     (abs)        000000
__size_of_t2config         (abs)        000000
__size_ofi1_lcd_gotoxy     (abs)        000000
__size_ofi1_lcd_putc       (abs)        000000
__size_ofi1_lcd_read_4bits (abs)        000000
__size_ofi1_lcd_read_byte  (abs)        000000
__size_ofi1_lcd_send_4bits (abs)        000000
__size_ofi1_lcd_send_byte  (abs)        000000
__size_ofi1_putch          (abs)        000000
__size_ofi2_setPWM2duty    (abs)        000000
__smallconst               smallconst   000000
__tdiv_to_l_               text38       0024C4
__tdiv_to_l_@cntr          cstackBANK0  000081
__tdiv_to_l_@exp1          cstackBANK0  000082
__tdiv_to_l_@f1            cstackBANK0  000072
__tdiv_to_l_@f2            cstackBANK0  000076
__tdiv_to_l_@quot          cstackBANK0  00007D
_actualScreen              bssBANK0     0000E6
_advMode                   bssCOMRAM    000048
_calFactor                 bssCOMRAM    00003C
_calcSysVars               text3        00297A
_clockConfig               text50       003900
_contra                    dataCOMRAM   000022
_delay_ms                  text49       003698
_densidadMasa              dataBANK0    0000C4
_diamTubo                  dataBANK0    0000C8
_dpowers                   mediumconst  007E6B
_drawMenu                  text24       002068
_drawPassWord              text23       0035BC
_drawScreen                text22       00396E
_execCombinations          text21       003A7A
_fData                     bssBANK0     0000DA
_fround                    text34       001D96
_fround$2760               cstackBANK0  0000A1
_fround$2761               cstackBANK0  00009D
_holdDOWNcont              bssBANK0     0000E7
_holdENTERcont             bssBANK0     0000E8
_holdRETROcont             bssBANK0     0000E9
_holdUPcont                bssBANK0     0000EA
_hp_isr                    intcode      000008
_i16Data                   bssBANK0     0000DE
_ie                        bssCOMRAM    000049
_interruptConfig           text20       003A5E
_introducido               bssCOMRAM    000040
_ioConfig                  text19       003874
_ioInitStt                 text18       003A56
_isr                       intcodelo    000018
_kgXcorte                  dataBANK0    0000CC
_lastSttDOWN               dataBANK0    0000D6
_lastSttENTER              dataBANK0    0000D7
_lastSttRETRO              dataBANK0    0000D8
_lastSttUP                 dataBANK0    0000D9
_lcd_gotoxy                text29       0038A6
_lcd_init                  text17       002E5A
_lcd_putc                  text28       0031E6
_lcd_read_4bits            text33       003260
_lcd_read_byte             text32       003652
_lcd_send_4bits            text31       0030CC
_lcd_send_4bits$1593       cstackBANK0  000072
_lcd_send_4bits$1594       cstackBANK0  000073
_lcd_send_4bits$1595       cstackBANK0  000074
_lcd_send_4bits$1596       cstackBANK0  000075
_lcd_send_byte             text30       0036DE
_longPressDOWN             text16       003A78
_longPressENTER            text15       00375E
_longPressRETRO            text14       003A4A
_longPressUP               text13       00315A
_m3Xcorte                  dataCOMRAM   000026
_main                      text0        001AB6
_menuSection               bssBANK0     0000EB
_numCortes                 dataBANK0    0000D4
_passSection               bssCOMRAM    00004A
_pi                        dataCOMRAM   00002A
_pressDOWN                 text12       003928
_pressENTER                text11       003A76
_pressRETRO                text10       003A74
_pressUP                   text9        0038D6
_printf                    text25       0000B6
_printf$2763               cstackBANK1  00010A
_proceso                   bssBANK0     0000E0
_putch                     text27       0039FE
_readEEPROM                text2        0039EC
_releaseDOWN               text8        003A3E
_releaseENTER              text7        003A32
_releaseRETRO              text6        003A26
_releaseUP                 text5        003A1A
_scale                     text26       0008D6
_scale$2762                cstackBANK0  00009D
_setPWM2duty               text54       003038
_sysParamInit              text1        002AC8
_t2config                  text53       0039A8
_tVarProceso               bssBANK0     0000EC
_tempNumCortes             dataCOMRAM   00003A
_tempkgXcorte              dataCOMRAM   00002E
_tiXcorte                  dataCOMRAM   000032
_velocidadMasa             dataBANK0    0000D0
btemp                      temp         00004B
calcSysVars@temp           cstackBANK0  000099
delay_ms@del               cstackBANK0  000072
delay_ms@i                 cstackBANK0  000075
end_of_initialization      cinit        0034F2
fround@prec                cstackBANK0  0000A5
i1_lcd_gotoxy              text60       00394C
i1_lcd_putc                text59       0033C2
i1_lcd_read_4bits          text64       003566
i1_lcd_read_byte           text63       003720
i1_lcd_send_4bits          text62       00342E
i1_lcd_send_4bits$1593     cstackCOMRAM 000015
i1_lcd_send_4bits$1594     cstackCOMRAM 000016
i1_lcd_send_4bits$1595     cstackCOMRAM 000017
i1_lcd_send_4bits$1596     cstackCOMRAM 000018
i1_lcd_send_byte           text61       00383E
i1_putch                   text58       003A0C
i1lcd_gotoxy@address       cstackCOMRAM 00001F
i1lcd_gotoxy@fila          cstackCOMRAM 00001D
i1lcd_gotoxy@pos           cstackCOMRAM 00001E
i1lcd_putc@cha             cstackCOMRAM 000021
i1lcd_read_4bits@n         cstackCOMRAM 000016
i1lcd_read_byte@high       cstackCOMRAM 000018
i1lcd_read_byte@low        cstackCOMRAM 000017
i1lcd_send_4bits@n         cstackCOMRAM 000019
i1lcd_send_byte@address    cstackCOMRAM 00001C
i1lcd_send_byte@n          cstackCOMRAM 00001A
i1putch@val                cstackBANK0  000060
i2_setPWM2duty             text67       003352
i2setPWM2duty@act          cstackCOMRAM 000005
i2setPWM2duty@actuator     cstackCOMRAM 000001
int$flags                  temp         00004B
int_func                   intcode_body 0032DA
intlevel0                  text         000000
intlevel1                  text         000000
intlevel2                  text         000000
intlevel3                  text         000000
lcd_gotoxy@address         cstackBANK0  00007C
lcd_gotoxy@fila            cstackBANK0  00007A
lcd_gotoxy@pos             cstackBANK0  00007B
lcd_init@F7556             dataCOMRAM   000036
lcd_init@LCD_INIT_STRING   cstackBANK0  00007B
lcd_init@i                 cstackBANK0  00007F
lcd_putc@cha               cstackBANK0  00007E
lcd_read_4bits@n           cstackBANK0  000073
lcd_read_byte@high         cstackBANK0  000075
lcd_read_byte@low          cstackBANK0  000074
lcd_send_4bits@n           cstackBANK0  000076
lcd_send_byte@address      cstackBANK0  000079
lcd_send_byte@n            cstackBANK0  000077
printf@ap                  cstackBANK1  00010E
printf@c                   cstackBANK1  000122
printf@exp                 cstackBANK1  000118
printf@f                   cstackBANK1  000100
printf@flag                cstackBANK1  000110
printf@fval                cstackBANK1  00011E
printf@prec                cstackBANK1  000112
printf@tmpval              cstackBANK1  00011A
printf@val                 cstackBANK1  000114
putch@val                  cstackBANK0  00007F
readEEPROM@adr             cstackBANK0  000072
scale@scl                  cstackBANK0  0000A1
setPWM2duty@act            cstackBANK0  000076
setPWM2duty@actuator       cstackBANK0  000072
stackhi                    (abs)        0005FF
stacklo                    (abs)        000123
start                      init         0000B2
start_initialization       cinit        00349A


FUNCTION INFORMATION:

 *************** function _main *****************
 Defined at:
		line 25 in file "source/main.c"
 Parameters:    Size  Location     Type
		None
 Auto vars:     Size  Location     Type
		None
 Return value:  Size  Location     Type
                  1    wreg      void 
 Registers used:
		wreg, fsr2l, fsr2h, status,2, status,0, tblptrl, tblptrh, tblptru, prodl, prodh, cstack
 Tracked objects:
		On entry : 
		On exit  : 
		Unchanged: 
 Data sizes:     COMRAM   BANK0   BANK1   BANK2   BANK3   BANK4   BANK5
      Params:         0       0       0       0       0       0       0
      Locals:         0       0       0       0       0       0       0
      Temps:          0       0       0       0       0       0       0
      Totals:         0       0       0       0       0       0       0
Total ram usage:        0 bytes
 Hardware stack levels required when called:   20
 This function calls:
		_EEPROMConfig
		_PWM2Config
		_UARTConfig
		_clockConfig
		_delay_ms
		_drawScreen
		_execCombinations
		_interruptConfig
		_ioConfig
		_ioInitStt
		_lcd_init
		_longPressDOWN
		_longPressENTER
		_longPressRETRO
		_longPressUP
		_pressDOWN
		_pressENTER
		_pressRETRO
		_pressUP
		_releaseDOWN
		_releaseENTER
		_releaseRETRO
		_releaseUP
		_sysParamInit
 This function is called by:
		Startup code after reset
 This function uses a non-reentrant model


 *************** function _sysParamInit *****************
 Defined at:
		line 124 in file "source/sysParams.h"
 Parameters:    Size  Location     Type
		None
 Auto vars:     Size  Location     Type
		None
 Return value:  Size  Location     Type
                  1    wreg      void 
 Registers used:
		wreg, status,2, status,0, prodl, prodh, cstack
 Tracked objects:
		On entry : 
		On exit  : 
		Unchanged: 
 Data sizes:     COMRAM   BANK0   BANK1   BANK2   BANK3   BANK4   BANK5
      Params:         0       0       0       0       0       0       0
      Locals:         0       0       0       0       0       0       0
      Temps:          0       0       0       0       0       0       0
      Totals:         0       0       0       0       0       0       0
Total ram usage:        0 bytes
 Hardware stack levels used:    1
 Hardware stack levels required when called:   13
 This function calls:
		_calcSysVars
		_readEEPROM
 This function is called by:
		_main
 This function uses a non-reentrant model


 *************** function _readEEPROM *****************
 Defined at:
		line 46 in file "source/sysParams.h"
 Parameters:    Size  Location     Type
  adr             1    wreg     unsigned char 
 Auto vars:     Size  Location     Type
  adr             1   18[BANK0 ] unsigned char 
 Return value:  Size  Location     Type
                  1    wreg      unsigned char 
 Registers used:
		wreg, status,2
 Tracked objects:
		On entry : 
		On exit  : 
		Unchanged: 
 Data sizes:     COMRAM   BANK0   BANK1   BANK2   BANK3   BANK4   BANK5
      Params:         0       0       0       0       0       0       0
      Locals:         0       1       0       0       0       0       0
      Temps:          0       0       0       0       0       0       0
      Totals:         0       1       0       0       0       0       0
Total ram usage:        1 bytes
 Hardware stack levels used:    1
 Hardware stack levels required when called:   11
 This function calls:
		Nothing
 This function is called by:
		_sysParamInit
 This function uses a non-reentrant model


 *************** function _calcSysVars *****************
 Defined at:
		line 85 in file "source/sysParams.h"
 Parameters:    Size  Location     Type
		None
 Auto vars:     Size  Location     Type
  temp            4   57[BANK0 ] float 
 Return value:  Size  Location     Type
                  1    wreg      void 
 Registers used:
		wreg, status,2, status,0, prodl, prodh, cstack
 Tracked objects:
		On entry : 
		On exit  : 
		Unchanged: 
 Data sizes:     COMRAM   BANK0   BANK1   BANK2   BANK3   BANK4   BANK5
      Params:         0       0       0       0       0       0       0
      Locals:         0       4       0       0       0       0       0
      Temps:          0       0       0       0       0       0       0
      Totals:         0       4       0       0       0       0       0
Total ram usage:        4 bytes
 Hardware stack levels used:    1
 Hardware stack levels required when called:   12
 This function calls:
		___fldiv
		___flmul
 This function is called by:
		_sysParamInit
 This function uses a non-reentrant model


 *************** function ___fldiv *****************
 Defined at:
		line 11 in file "C:\Program Files (x86)\Microchip\xc8\v1.38\sources\common\sprcdiv.c"
 Parameters:    Size  Location     Type
  b               4   18[BANK0 ] void 
  a               4   22[BANK0 ] void 
 Auto vars:     Size  Location     Type
  grs             4   37[BANK0 ] unsigned long 
  rem             4   31[BANK0 ] unsigned long 
  new_exp         2   35[BANK0 ] int 
  aexp            1   42[BANK0 ] unsigned char 
  bexp            1   41[BANK0 ] unsigned char 
  sign            1   30[BANK0 ] unsigned char 
 Return value:  Size  Location     Type
                  4   18[BANK0 ] unsigned char 
 Registers used:
		wreg, status,2, status,0
 Tracked objects:
		On entry : 
		On exit  : 
		Unchanged: 
 Data sizes:     COMRAM   BANK0   BANK1   BANK2   BANK3   BANK4   BANK5
      Params:         0       8       0       0       0       0       0
      Locals:         0      13       0       0       0       0       0
      Temps:          0       4       0       0       0       0       0
      Totals:         0      25       0       0       0       0       0
Total ram usage:       25 bytes
 Hardware stack levels used:    1
 Hardware stack levels required when called:   11
 This function calls:
		Nothing
 This function is called by:
		_calcSysVars
		_preAutoCal
		_autoCal
 This function uses a non-reentrant model


 *************** function _releaseUP *****************
 Defined at:
		line 59 in file "source/DisplayProtocol.h"
 Parameters:    Size  Location     Type
		None
 Auto vars:     Size  Location     Type
		None
 Return value:  Size  Location     Type
                  1    wreg      void 
 Registers used:
		wreg, status,2
 Tracked objects:
		On entry : 
		On exit  : 
		Unchanged: 
 Data sizes:     COMRAM   BANK0   BANK1   BANK2   BANK3   BANK4   BANK5
      Params:         0       0       0       0       0       0       0
      Locals:         0       0       0       0       0       0       0
      Temps:          0       0       0       0       0       0       0
      Totals:         0       0       0       0       0       0       0
Total ram usage:        0 bytes
 Hardware stack levels used:    1
 Hardware stack levels required when called:   11
 This function calls:
		Nothing
 This function is called by:
		_main
 This function uses a non-reentrant model


 *************** function _releaseRETRO *****************
 Defined at:
		line 94 in file "source/DisplayProtocol.h"
 Parameters:    Size  Location     Type
		None
 Auto vars:     Size  Location     Type
		None
 Return value:  Size  Location     Type
                  1    wreg      void 
 Registers used:
		wreg, status,2
 Tracked objects:
		On entry : 
		On exit  : 
		Unchanged: 
 Data sizes:     COMRAM   BANK0   BANK1   BANK2   BANK3   BANK4   BANK5
      Params:         0       0       0       0       0       0       0
      Locals:         0       0       0       0       0       0       0
      Temps:          0       0       0       0       0       0       0
      Totals:         0       0       0       0       0       0       0
Total ram usage:        0 bytes
 Hardware stack levels used:    1
 Hardware stack levels required when called:   11
 This function calls:
		Nothing
 This function is called by:
		_main
 This function uses a non-reentrant model


 *************** function _releaseENTER *****************
 Defined at:
		line 117 in file "source/DisplayProtocol.h"
 Parameters:    Size  Location     Type
		None
 Auto vars:     Size  Location     Type
		None
 Return value:  Size  Location     Type
                  1    wreg      void 
 Registers used:
		wreg, status,2
 Tracked objects:
		On entry : 
		On exit  : 
		Unchanged: 
 Data sizes:     COMRAM   BANK0   BANK1   BANK2   BANK3   BANK4   BANK5
      Params:         0       0       0       0       0       0       0
      Locals:         0       0       0       0       0       0       0
      Temps:          0       0       0       0       0       0       0
      Totals:         0       0       0       0       0       0       0
Total ram usage:        0 bytes
 Hardware stack levels used:    1
 Hardware stack levels required when called:   11
 This function calls:
		Nothing
 This function is called by:
		_main
 This function uses a non-reentrant model


 *************** function _releaseDOWN *****************
 Defined at:
		line 79 in file "source/DisplayProtocol.h"
 Parameters:    Size  Location     Type
		None
 Auto vars:     Size  Location     Type
		None
 Return value:  Size  Location     Type
                  1    wreg      void 
 Registers used:
		wreg, status,2
 Tracked objects:
		On entry : 
		On exit  : 
		Unchanged: 
 Data sizes:     COMRAM   BANK0   BANK1   BANK2   BANK3   BANK4   BANK5
      Params:         0       0       0       0       0       0       0
      Locals:         0       0       0       0       0       0       0
      Temps:          0       0       0       0       0       0       0
      Totals:         0       0       0       0       0       0       0
Total ram usage:        0 bytes
 Hardware stack levels used:    1
 Hardware stack levels required when called:   11
 This function calls:
		Nothing
 This function is called by:
		_main
 This function uses a non-reentrant model


 *************** function _pressUP *****************
 Defined at:
		line 28 in file "source/DisplayProtocol.h"
 Parameters:    Size  Location     Type
		None
 Auto vars:     Size  Location     Type
		None
 Return value:  Size  Location     Type
                  1    wreg      void 
 Registers used:
		wreg, status,2, status,0
 Tracked objects:
		On entry : 
		On exit  : 
		Unchanged: 
 Data sizes:     COMRAM   BANK0   BANK1   BANK2   BANK3   BANK4   BANK5
      Params:         0       0       0       0       0       0       0
      Locals:         0       0       0       0       0       0       0
      Temps:          0       0       0       0       0       0       0
      Totals:         0       0       0       0       0       0       0
Total ram usage:        0 bytes
 Hardware stack levels used:    1
 Hardware stack levels required when called:   11
 This function calls:
		Nothing
 This function is called by:
		_main
 This function uses a non-reentrant model


 *************** function _pressRETRO *****************
 Defined at:
		line 84 in file "source/DisplayProtocol.h"
 Parameters:    Size  Location     Type
		None
 Auto vars:     Size  Location     Type
		None
 Return value:  Size  Location     Type
                  1    wreg      void 
 Registers used:
		None
 Tracked objects:
		On entry : 
		On exit  : 
		Unchanged: 
 Data sizes:     COMRAM   BANK0   BANK1   BANK2   BANK3   BANK4   BANK5
      Params:         0       0       0       0       0       0       0
      Locals:         0       0       0       0       0       0       0
      Temps:          0       0       0       0       0       0       0
      Totals:         0       0       0       0       0       0       0
Total ram usage:        0 bytes
 Hardware stack levels used:    1
 Hardware stack levels required when called:   11
 This function calls:
		Nothing
 This function is called by:
		_main
 This function uses a non-reentrant model


 *************** function _pressENTER *****************
 Defined at:
		line 99 in file "source/DisplayProtocol.h"
 Parameters:    Size  Location     Type
		None
 Auto vars:     Size  Location     Type
		None
 Return value:  Size  Location     Type
                  1    wreg      void 
 Registers used:
		None
 Tracked objects:
		On entry : 
		On exit  : 
		Unchanged: 
 Data sizes:     COMRAM   BANK0   BANK1   BANK2   BANK3   BANK4   BANK5
      Params:         0       0       0       0       0       0       0
      Locals:         0       0       0       0       0       0       0
      Temps:          0       0       0       0       0       0       0
      Totals:         0       0       0       0       0       0       0
Total ram usage:        0 bytes
 Hardware stack levels used:    1
 Hardware stack levels required when called:   11
 This function calls:
		Nothing
 This function is called by:
		_main
 This function uses a non-reentrant model


 *************** function _pressDOWN *****************
 Defined at:
		line 64 in file "source/DisplayProtocol.h"
 Parameters:    Size  Location     Type
		None
 Auto vars:     Size  Location     Type
		None
 Return value:  Size  Location     Type
                  1    wreg      void 
 Registers used:
		wreg, status,2, status,0
 Tracked objects:
		On entry : 
		On exit  : 
		Unchanged: 
 Data sizes:     COMRAM   BANK0   BANK1   BANK2   BANK3   BANK4   BANK5
      Params:         0       0       0       0       0       0       0
      Locals:         0       0       0       0       0       0       0
      Temps:          0       0       0       0       0       0       0
      Totals:         0       0       0       0       0       0       0
Total ram usage:        0 bytes
 Hardware stack levels used:    1
 Hardware stack levels required when called:   11
 This function calls:
		Nothing
 This function is called by:
		_main
 This function uses a non-reentrant model


 *************** function _longPressUP *****************
 Defined at:
		line 36 in file "source/DisplayProtocol.h"
 Parameters:    Size  Location     Type
		None
 Auto vars:     Size  Location     Type
		None
 Return value:  Size  Location     Type
                  1    wreg      void 
 Registers used:
		wreg, fsr2l, fsr2h, status,2, status,0, prodl, prodh
 Tracked objects:
		On entry : 
		On exit  : 
		Unchanged: 
 Data sizes:     COMRAM   BANK0   BANK1   BANK2   BANK3   BANK4   BANK5
      Params:         0       0       0       0       0       0       0
      Locals:         0       0       0       0       0       0       0
      Temps:          0       1       0       0       0       0       0
      Totals:         0       1       0       0       0       0       0
Total ram usage:        1 bytes
 Hardware stack levels used:    1
 Hardware stack levels required when called:   11
 This function calls:
		Nothing
 This function is called by:
		_main
 This function uses a non-reentrant model


 *************** function _longPressRETRO *****************
 Defined at:
		line 88 in file "source/DisplayProtocol.h"
 Parameters:    Size  Location     Type
		None
 Auto vars:     Size  Location     Type
		None
 Return value:  Size  Location     Type
                  1    wreg      void 
 Registers used:
		wreg, status,2
 Tracked objects:
		On entry : 
		On exit  : 
		Unchanged: 
 Data sizes:     COMRAM   BANK0   BANK1   BANK2   BANK3   BANK4   BANK5
      Params:         0       0       0       0       0       0       0
      Locals:         0       0       0       0       0       0       0
      Temps:          0       0       0       0       0       0       0
      Totals:         0       0       0       0       0       0       0
Total ram usage:        0 bytes
 Hardware stack levels used:    1
 Hardware stack levels required when called:   11
 This function calls:
		Nothing
 This function is called by:
		_main
 This function uses a non-reentrant model


 *************** function _longPressENTER *****************
 Defined at:
		line 103 in file "source/DisplayProtocol.h"
 Parameters:    Size  Location     Type
		None
 Auto vars:     Size  Location     Type
		None
 Return value:  Size  Location     Type
                  1    wreg      void 
 Registers used:
		wreg, status,2, status,0
 Tracked objects:
		On entry : 
		On exit  : 
		Unchanged: 
 Data sizes:     COMRAM   BANK0   BANK1   BANK2   BANK3   BANK4   BANK5
      Params:         0       0       0       0       0       0       0
      Locals:         0       0       0       0       0       0       0
      Temps:          0       0       0       0       0       0       0
      Totals:         0       0       0       0       0       0       0
Total ram usage:        0 bytes
 Hardware stack levels used:    1
 Hardware stack levels required when called:   11
 This function calls:
		Nothing
 This function is called by:
		_main
 This function uses a non-reentrant model


 *************** function _longPressDOWN *****************
 Defined at:
		line 72 in file "source/DisplayProtocol.h"
 Parameters:    Size  Location     Type
		None
 Auto vars:     Size  Location     Type
		None
 Return value:  Size  Location     Type
                  1    wreg      void 
 Registers used:
		None
 Tracked objects:
		On entry : 
		On exit  : 
		Unchanged: 
 Data sizes:     COMRAM   BANK0   BANK1   BANK2   BANK3   BANK4   BANK5
      Params:         0       0       0       0       0       0       0
      Locals:         0       0       0       0       0       0       0
      Temps:          0       0       0       0       0       0       0
      Totals:         0       0       0       0       0       0       0
Total ram usage:        0 bytes
 Hardware stack levels used:    1
 Hardware stack levels required when called:   11
 This function calls:
		Nothing
 This function is called by:
		_main
 This function uses a non-reentrant model


 *************** function _lcd_init *****************
 Defined at:
		line 179 in file "source/../../vclib_lcd.h"
 Parameters:    Size  Location     Type
		None
 Auto vars:     Size  Location     Type
  LCD_INIT_STR    4   27[BANK0 ] unsigned char [4]
  i               1   31[BANK0 ] unsigned char 
 Return value:  Size  Location     Type
                  1    wreg      void 
 Registers used:
		wreg, fsr2l, fsr2h, status,2, status,0, prodl, prodh, cstack
 Tracked objects:
		On entry : 
		On exit  : 
		Unchanged: 
 Data sizes:     COMRAM   BANK0   BANK1   BANK2   BANK3   BANK4   BANK5
      Params:         0       0       0       0       0       0       0
      Locals:         0       5       0       0       0       0       0
      Temps:          0       1       0       0       0       0       0
      Totals:         0       6       0       0       0       0       0
Total ram usage:        6 bytes
 Hardware stack levels used:    1
 Hardware stack levels required when called:   14
 This function calls:
		_lcd_send_4bits
		_lcd_send_byte
 This function is called by:
		_main
 This function uses a non-reentrant model


 *************** function _ioInitStt *****************
 Defined at:
		line 80 in file "source/IOConfig.h"
 Parameters:    Size  Location     Type
		None
 Auto vars:     Size  Location     Type
		None
 Return value:  Size  Location     Type
                  1    wreg      void 
 Registers used:
		None
 Tracked objects:
		On entry : 
		On exit  : 
		Unchanged: 
 Data sizes:     COMRAM   BANK0   BANK1   BANK2   BANK3   BANK4   BANK5
      Params:         0       0       0       0       0       0       0
      Locals:         0       0       0       0       0       0       0
      Temps:          0       0       0       0       0       0       0
      Totals:         0       0       0       0       0       0       0
Total ram usage:        0 bytes
 Hardware stack levels used:    1
 Hardware stack levels required when called:   11
 This function calls:
		Nothing
 This function is called by:
		_main
 This function uses a non-reentrant model


 *************** function _ioConfig *****************
 Defined at:
		line 63 in file "source/IOConfig.h"
 Parameters:    Size  Location     Type
		None
 Auto vars:     Size  Location     Type
		None
 Return value:  Size  Location     Type
                  1    wreg      void 
 Registers used:
		None
 Tracked objects:
		On entry : 
		On exit  : 
		Unchanged: 
 Data sizes:     COMRAM   BANK0   BANK1   BANK2   BANK3   BANK4   BANK5
      Params:         0       0       0       0       0       0       0
      Locals:         0       0       0       0       0       0       0
      Temps:          0       0       0       0       0       0       0
      Totals:         0       0       0       0       0       0       0
Total ram usage:        0 bytes
 Hardware stack levels used:    1
 Hardware stack levels required when called:   11
 This function calls:
		Nothing
 This function is called by:
		_main
 This function uses a non-reentrant model


 *************** function _interruptConfig *****************
 Defined at:
		line 90 in file "source/SYSConfig.h"
 Parameters:    Size  Location     Type
		None
 Auto vars:     Size  Location     Type
		None
 Return value:  Size  Location     Type
                  1    wreg      void 
 Registers used:
		None
 Tracked objects:
		On entry : 
		On exit  : 
		Unchanged: 
 Data sizes:     COMRAM   BANK0   BANK1   BANK2   BANK3   BANK4   BANK5
      Params:         0       0       0       0       0       0       0
      Locals:         0       0       0       0       0       0       0
      Temps:          0       0       0       0       0       0       0
[...]
		None
 Auto vars:     Size  Location     Type
		None
 Return value:  Size  Location     Type
                  1    wreg      void 
 Registers used:
		None
 Tracked objects:
		On entry : 
		On exit  : 
		Unchanged: 
 Data sizes:     COMRAM   BANK0   BANK1   BANK2   BANK3   BANK4   BANK5
      Params:         0       0       0       0       0       0       0
      Locals:         0       0       0       0       0       0       0
      Temps:          0       0       0       0       0       0       0
      Totals:         0       0       0       0       0       0       0
Total ram usage:        0 bytes
 Hardware stack levels used:    1
 Hardware stack levels required when called:   11
 This function calls:
		Nothing
 This function is called by:
		_main
 This function uses a non-reentrant model


 *************** function _isr *****************
 Defined at:
		line 18 in file "source/main.c"
 Parameters:    Size  Location     Type
		None
 Auto vars:     Size  Location     Type
		None
 Return value:  Size  Location     Type
                  1    wreg      void 
 Registers used:
		wreg, status,2, status,0, cstack
 Tracked objects:
		On entry : 
		On exit  : 
		Unchanged: 
 Data sizes:     COMRAM   BANK0   BANK1   BANK2   BANK3   BANK4   BANK5
      Params:         0       0       0       0       0       0       0
      Locals:         0       0       0       0       0       0       0
      Temps:          0      17       0       0       0       0       0
      Totals:         0      17       0       0       0       0       0
Total ram usage:       17 bytes
 Hardware stack levels used:    1
 Hardware stack levels required when called:   10
 This function calls:
		_UARTint
 This function is called by:
		Interrupt level 1
 This function uses a non-reentrant model


 *************** function _UARTint *****************
 Defined at:
		line 14 in file "source/UARTConfig.h"
 Parameters:    Size  Location     Type
		None
 Auto vars:     Size  Location     Type
		None
 Return value:  Size  Location     Type
                  1    wreg      void 
 Registers used:
		wreg, status,2, status,0, cstack
 Tracked objects:
		On entry : 
		On exit  : 
		Unchanged: 
 Data sizes:     COMRAM   BANK0   BANK1   BANK2   BANK3   BANK4   BANK5
      Params:         0       0       0       0       0       0       0
      Locals:         0       0       0       0       0       0       0
      Temps:          0       0       0       0       0       0       0
      Totals:         0       0       0       0       0       0       0
Total ram usage:        0 bytes
 Hardware stack levels used:    1
 Hardware stack levels required when called:    9
 This function calls:
		i1_putch
 This function is called by:
		_isr
 This function uses a non-reentrant model


 *************** function i1_putch *****************
 Defined at:
		line 59 in file "source/IOConfig.h"
 Parameters:    Size  Location     Type
  val             1    wreg     unsigned char 
 Auto vars:     Size  Location     Type
  val             1    0[BANK0 ] unsigned char 
 Return value:  Size  Location     Type
                  1    wreg      void 
 Registers used:
		wreg, status,2, status,0, cstack
 Tracked objects:
		On entry : 
		On exit  : 
		Unchanged: 
 Data sizes:     COMRAM   BANK0   BANK1   BANK2   BANK3   BANK4   BANK5
      Params:         0       0       0       0       0       0       0
      Locals:         0       1       0       0       0       0       0
      Temps:          0       0       0       0       0       0       0
      Totals:         0       1       0       0       0       0       0
Total ram usage:        1 bytes
 Hardware stack levels used:    1
 Hardware stack levels required when called:    8
 This function calls:
		i1_lcd_putc
 This function is called by:
		_UARTint
 This function uses a non-reentrant model


 *************** function i1_lcd_putc *****************
 Defined at:
		line 212 in file "source/../../vclib_lcd.h"
 Parameters:    Size  Location     Type
  cha             1    wreg     unsigned char 
 Auto vars:     Size  Location     Type
  cha             1   32[COMRAM] unsigned char 
 Return value:  Size  Location     Type
                  1    wreg      void 
 Registers used:
		wreg, status,2, status,0, cstack
 Tracked objects:
		On entry : 
		On exit  : 
		Unchanged: 
 Data sizes:     COMRAM   BANK0   BANK1   BANK2   BANK3   BANK4   BANK5
      Params:         0       0       0       0       0       0       0
      Locals:         1       0       0       0       0       0       0
      Temps:          1       0       0       0       0       0       0
      Totals:         2       0       0       0       0       0       0
Total ram usage:        2 bytes
 Hardware stack levels used:    1
 Hardware stack levels required when called:    7
 This function calls:
		i1_lcd_gotoxy
		i1_lcd_send_byte
 This function is called by:
		i1_putch
 This function uses a non-reentrant model


 *************** function i1_lcd_gotoxy *****************
 Defined at:
		line 198 in file "source/../../vclib_lcd.h"
 Parameters:    Size  Location     Type
  pos             1    wreg     unsigned char 
  fila            1   28[COMRAM] unsigned char 
 Auto vars:     Size  Location     Type
  pos             1   29[COMRAM] unsigned char 
  lcd_gotoxy      1   30[COMRAM] unsigned char 
 Return value:  Size  Location     Type
                  1    wreg      void 
 Registers used:
		wreg, status,2, status,0, cstack
 Tracked objects:
		On entry : 
		On exit  : 
		Unchanged: 
 Data sizes:     COMRAM   BANK0   BANK1   BANK2   BANK3   BANK4   BANK5
      Params:         1       0       0       0       0       0       0
      Locals:         2       0       0       0       0       0       0
      Temps:          0       0       0       0       0       0       0
      Totals:         3       0       0       0       0       0       0
Total ram usage:        3 bytes
 Hardware stack levels used:    1
 Hardware stack levels required when called:    6
 This function calls:
		i1_lcd_send_byte
 This function is called by:
		i1_lcd_putc
 This function uses a non-reentrant model


 *************** function i1_lcd_send_byte *****************
 Defined at:
		line 163 in file "source/../../vclib_lcd.h"
 Parameters:    Size  Location     Type
  address         1    wreg     unsigned char 
  n               1   25[COMRAM] unsigned char 
 Auto vars:     Size  Location     Type
  address         1   27[COMRAM] unsigned char 
 Return value:  Size  Location     Type
                  1    wreg      void 
 Registers used:
		wreg, status,2, status,0, cstack
 Tracked objects:
		On entry : 
		On exit  : 
		Unchanged: 
 Data sizes:     COMRAM   BANK0   BANK1   BANK2   BANK3   BANK4   BANK5
      Params:         1       0       0       0       0       0       0
      Locals:         1       0       0       0       0       0       0
      Temps:          1       0       0       0       0       0       0
      Totals:         3       0       0       0       0       0       0
Total ram usage:        3 bytes
 Hardware stack levels used:    1
 Hardware stack levels required when called:    5
 This function calls:
		i1_lcd_read_byte
		i1_lcd_send_4bits
 This function is called by:
		i1_lcd_gotoxy
		i1_lcd_putc
 This function uses a non-reentrant model


 *************** function i1_lcd_send_4bits *****************
 Defined at:
		line 151 in file "source/../../vclib_lcd.h"
 Parameters:    Size  Location     Type
  n               1    wreg     unsigned char 
 Auto vars:     Size  Location     Type
  n               1   24[COMRAM] unsigned char 
 Return value:  Size  Location     Type
                  1    wreg      void 
 Registers used:
		wreg, status,2, cstack
 Tracked objects:
		On entry : 
		On exit  : 
		Unchanged: 
 Data sizes:     COMRAM   BANK0   BANK1   BANK2   BANK3   BANK4   BANK5
      Params:         0       0       0       0       0       0       0
      Locals:         5       0       0       0       0       0       0
      Temps:          0       0       0       0       0       0       0
      Totals:         5       0       0       0       0       0       0
Total ram usage:        5 bytes
 Hardware stack levels used:    1
 Hardware stack levels required when called:    3
 This function calls:
		Nothing
 This function is called by:
		i1_lcd_send_byte
 This function uses a non-reentrant model


 *************** function i1_lcd_read_byte *****************
 Defined at:
		line 127 in file "source/../../vclib_lcd.h"
 Parameters:    Size  Location     Type
		None
 Auto vars:     Size  Location     Type
  lcd_read_byt    1   23[COMRAM] unsigned char 
  lcd_read_byt    1   22[COMRAM] unsigned char 
 Return value:  Size  Location     Type
                  1    wreg      unsigned char 
 Registers used:
		wreg, status,2, status,0, cstack
 Tracked objects:
		On entry : 
		On exit  : 
		Unchanged: 
 Data sizes:     COMRAM   BANK0   BANK1   BANK2   BANK3   BANK4   BANK5
      Params:         0       0       0       0       0       0       0
      Locals:         2       0       0       0       0       0       0
      Temps:          0       0       0       0       0       0       0
      Totals:         2       0       0       0       0       0       0
Total ram usage:        2 bytes
 Hardware stack levels used:    1
 Hardware stack levels required when called:    4
 This function calls:
		i1_lcd_read_4bits
 This function is called by:
		i1_lcd_send_byte
 This function uses a non-reentrant model


 *************** function i1_lcd_read_4bits *****************
 Defined at:
		line 117 in file "source/../../vclib_lcd.h"
 Parameters:    Size  Location     Type
		None
 Auto vars:     Size  Location     Type
  lcd_read_4bi    1   21[COMRAM] unsigned char 
 Return value:  Size  Location     Type
                  1    wreg      unsigned char 
 Registers used:
		wreg, status,2, status,0
 Tracked objects:
		On entry : 
		On exit  : 
		Unchanged: 
 Data sizes:     COMRAM   BANK0   BANK1   BANK2   BANK3   BANK4   BANK5
      Params:         0       0       0       0       0       0       0
      Locals:         1       0       0       0       0       0       0
      Temps:          1       0       0       0       0       0       0
      Totals:         2       0       0       0       0       0       0
Total ram usage:        2 bytes
 Hardware stack levels used:    1
 Hardware stack levels required when called:    3
 This function calls:
		Nothing
 This function is called by:
		i1_lcd_read_byte
 This function uses a non-reentrant model


 *************** function _hp_isr *****************
 Defined at:
		line 11 in file "source/main.c"
 Parameters:    Size  Location     Type
		None
 Auto vars:     Size  Location     Type
		None
 Return value:  Size  Location     Type
                  1    wreg      void 
 Registers used:
		wreg, status,2, status,0, cstack
 Tracked objects:
		On entry : 
		On exit  : 
		Unchanged: 
 Data sizes:     COMRAM   BANK0   BANK1   BANK2   BANK3   BANK4   BANK5
      Params:         0       0       0       0       0       0       0
      Locals:         0       0       0       0       0       0       0
      Temps:         14       0       0       0       0       0       0
      Totals:        14       0       0       0       0       0       0
Total ram usage:       14 bytes
 Hardware stack levels used:    1
 Hardware stack levels required when called:    2
 This function calls:
		_T2int
 This function is called by:
		Interrupt level 2
 This function uses a non-reentrant model


 *************** function _T2int *****************
 Defined at:
		line 32 in file "source/PWMConfig.h"
 Parameters:    Size  Location     Type
		None
 Auto vars:     Size  Location     Type
		None
 Return value:  Size  Location     Type
                  1    wreg      void 
 Registers used:
		wreg, status,2, status,0, cstack
 Tracked objects:
		On entry : 
		On exit  : 
		Unchanged: 
 Data sizes:     COMRAM   BANK0   BANK1   BANK2   BANK3   BANK4   BANK5
      Params:         0       0       0       0       0       0       0
      Locals:         0       0       0       0       0       0       0
      Temps:          0       0       0       0       0       0       0
      Totals:         0       0       0       0       0       0       0
Total ram usage:        0 bytes
 Hardware stack levels used:    1
 Hardware stack levels required when called:    1
 This function calls:
		i2_setPWM2duty
 This function is called by:
		_hp_isr
 This function uses a non-reentrant model


 *************** function i2_setPWM2duty *****************
 Defined at:
		line 20 in file "source/PWMConfig.h"
 Parameters:    Size  Location     Type
  actuator        2    0[COMRAM] short 
 Auto vars:     Size  Location     Type
  setPWM2duty     2    4[COMRAM] short 
 Return value:  Size  Location     Type
                  1    wreg      void 
 Registers used:
		wreg, status,2, status,0
 Tracked objects:
		On entry : 
		On exit  : 
		Unchanged: 
 Data sizes:     COMRAM   BANK0   BANK1   BANK2   BANK3   BANK4   BANK5
      Params:         2       0       0       0       0       0       0
      Locals:         2       0       0       0       0       0       0
      Temps:          2       0       0       0       0       0       0
      Totals:         6       0       0       0       0       0       0
Total ram usage:        6 bytes
 Hardware stack levels used:    1
 This function calls:
		Nothing
 This function is called by:
		_T2int
 This function uses a non-reentrant model



MODULE INFORMATION

Module		Function		Class		Link	Load	Size
C:\Program Files (x86)\Microchip\xc8\v1.38\sources\common\awmod.c
		___awmod       		CODE           	2EFC	0000	163

C:\Program Files (x86)\Microchip\xc8\v1.38\sources\common\awmod.c estimated size: 163

C:\Program Files (x86)\Microchip\xc8\v1.38\sources\common\ftdivl.c
		__tdiv_to_l_   		CODE           	24C4	0000	415

C:\Program Files (x86)\Microchip\xc8\v1.38\sources\common\ftdivl.c estimated size: 415

C:\Program Files (x86)\Microchip\xc8\v1.38\sources\common\llmod.c
		___llmod       		CODE           	2F9E	0000	155

C:\Program Files (x86)\Microchip\xc8\v1.38\sources\common\llmod.c estimated size: 155

C:\Program Files (x86)\Microchip\xc8\v1.38\sources\common\Umul16.c
		___wmul        		CODE           	3808	0000	55

C:\Program Files (x86)\Microchip\xc8\v1.38\sources\common\Umul16.c estimated size: 55

source/sysParams.h
		_EEPROMConfig  		CODE           	3A6E	0000	7
		_calcSysVars   		CODE           	297A	0000	335
		_sysParamInit  		CODE           	2AC8	0000	269
		_readEEPROM    		CODE           	39EC	0000	19

source/sysParams.h estimated size: 630

C:\Program Files (x86)\Microchip\xc8\v1.38\sources\common\fldivl.c
		__div_to_l_    		CODE           	27F2	0000	393

C:\Program Files (x86)\Microchip\xc8\v1.38\sources\common\fldivl.c estimated size: 393

source/main.c
		_main          		CODE           	1AB6	0000	737
		_isr           		CODE           	0018	0000	155
		_hp_isr        		CODE           	0008	0000	135

source/main.c estimated size: 1027

C:\Program Files (x86)\Microchip\xc8\v1.38\sources\common\sprcmul.c
		___flmul       		CODE           	1250	0000	1191

C:\Program Files (x86)\Microchip\xc8\v1.38\sources\common\sprcmul.c estimated size: 1191

C:\Program Files (x86)\Microchip\xc8\v1.38\sources\common\sprcdiv.c
		___fldiv       		CODE           	16F6	0000	961

C:\Program Files (x86)\Microchip\xc8\v1.38\sources\common\sprcdiv.c estimated size: 961

source/PWMConfig.h
		_setPWM2duty   		CODE           	3038	0000	149
		_t2config      		CODE           	39A8	0000	25
		_PWM2Config    		CODE           	3500	0000	103
		_T2int         		CODE           	39D6	0000	23

source/PWMConfig.h estimated size: 300

C:\Program Files (x86)\Microchip\xc8\v1.38\sources\common\awdiv.c
		___awdiv       		CODE           	2CE0	0000	191

C:\Program Files (x86)\Microchip\xc8\v1.38\sources\common\awdiv.c estimated size: 191

source/../../vclib_lcd.h
		_lcd_read_byte 		CODE           	3652	0000	71
		_lcd_putc      		CODE           	31E6	0000	123
		_lcd_send_byte 		CODE           	36DE	0000	67
		_lcd_read_4bits		CODE           	3260	0000	123
		_lcd_send_4bits		CODE           	30CC	0000	143
		_lcd_gotoxy    		CODE           	38A6	0000	49
		_lcd_init      		CODE           	2E5A	0000	163

source/../../vclib_lcd.h estimated size: 739

C:\Program Files (x86)\Microchip\xc8\v1.38\sources\common\fltol.c
		___fltol       		CODE           	2BD4	0000	269

C:\Program Files (x86)\Microchip\xc8\v1.38\sources\common\fltol.c estimated size: 269

C:\Program Files (x86)\Microchip\xc8\v1.38\sources\common\lldiv.c
		___lldiv       		CODE           	2D9E	0000	189

C:\Program Files (x86)\Microchip\xc8\v1.38\sources\common\lldiv.c estimated size: 189

C:\Program Files (x86)\Microchip\xc8\v1.38\sources\common\xxtofl.c
		___xxtofl      		CODE           	22F6	0000	463

C:\Program Files (x86)\Microchip\xc8\v1.38\sources\common\xxtofl.c estimated size: 463

source/IOConfig.h
		_putch         		CODE           	39FE	0000	15
		_ioInitStt     		CODE           	3A56	0000	9
		_ioConfig      		CODE           	3874	0000	51

source/IOConfig.h estimated size: 75

shared
		i1_lcd_send_4bits		CODE           	342E	0000	109
		i1_putch       		CODE           	3A0C	0000	15
		__powers_      		MEDIUMCONST    	7E37	0000	53
		_dpowers       		MEDIUMCONST    	7E6B	0000	41
		i1_lcd_read_4bits		CODE           	3566	0000	87
		i1_lcd_send_byte		CODE           	383E	0000	55
		__npowers_     		MEDIUMCONST    	7E03	0000	53
		__initialization		CODE           	349A	0000	89
		i1_lcd_gotoxy  		CODE           	394C	0000	35
		i1_lcd_read_byte		CODE           	3720	0000	63
		i1_lcd_putc    		CODE           	33C2	0000	109
		i2_setPWM2duty 		CODE           	3352	0000	113

shared estimated size: 822

C:\Program Files (x86)\Microchip\xc8\v1.38\sources\common\sprcadd.c
		___flsub       		CODE           	360A	0000	73
		___fladd       		CODE           	0DA8	0000	1193

C:\Program Files (x86)\Microchip\xc8\v1.38\sources\common\sprcadd.c estimated size: 1266

C:\Program Files (x86)\Microchip\xc8\v1.38\sources\common\flge.c
		___flge        		CODE           	2662	0000	401

C:\Program Files (x86)\Microchip\xc8\v1.38\sources\common\flge.c estimated size: 401

source/SYSConfig.h
		_interruptConfig		CODE           	3A5E	0000	9
		_clockConfig   		CODE           	3900	0000	41

source/SYSConfig.h estimated size: 50

C:\Program Files (x86)\Microchip\xc8\v1.38\sources\common\flneg.c
		___flneg       		CODE           	3798	0000	57

C:\Program Files (x86)\Microchip\xc8\v1.38\sources\common\flneg.c estimated size: 57

C:\Program Files (x86)\Microchip\xc8\v1.38\sources\common\doprnt.c
		_scale         		CODE           	08D6	0000	1235
		_printf        		CODE           	00B6	0000	2081
		_fround        		CODE           	1D96	0000	723

C:\Program Files (x86)\Microchip\xc8\v1.38\sources\common\doprnt.c estimated size: 4039

source/UARTConfig.h
		_UARTConfig    		CODE           	37D0	0000	57
		_UARTint       		CODE           	3A66	0000	9

source/UARTConfig.h estimated size: 66

source/DisplayProtocol.h
		_pressUP       		CODE           	38D6	0000	43
		_pressENTER    		CODE           	3A76	0000	3
		_drawPassWord  		CODE           	35BC	0000	79
		_pressRETRO    		CODE           	3A74	0000	3
		_pressDOWN     		CODE           	3928	0000	37
		_execCombinations		CODE           	3A7A	0000	3
		_releaseUP     		CODE           	3A1A	0000	13
		_releaseDOWN   		CODE           	3A3E	0000	13
		_releaseENTER  		CODE           	3A32	0000	13
		_releaseRETRO  		CODE           	3A26	0000	13
		_drawMenu      		CODE           	2068	0000	655
		_longPressUP   		CODE           	315A	0000	141
		_longPressDOWN 		CODE           	3A78	0000	3
		_drawScreen    		CODE           	396E	0000	33
		_longPressENTER		CODE           	375E	0000	59
		_longPressRETRO		CODE           	3A4A	0000	13

source/DisplayProtocol.h estimated size: 1124

source/../../delay.h
		_delay_ms      		CODE           	3698	0000	71

source/../../delay.h estimated size: 71

