Microchip MPLAB XC8 Compiler V1.38 ()

Linker command line:

-W-3 --edf=C:\Program Files (x86)\Microchip\xc8\v1.38\dat\en_msgs.txt -cs \
  -h+dist/default/production\CortaMasa.X.production.sym \
  --cmf=dist/default/production\CortaMasa.X.production.cmf -z -Q18F25K22 \
  -oC:\Users\Sebas\AppData\Local\Temp\s5rs.2 \
  -Mdist/default/production/CortaMasa.X.production.map -E1 -ver=XC8 \
  --acfsm=1493 -ASTACK=0B1h-05ffh -pstack=STACK -ACODE=00h-07FFFh \
  -ACONST=00h-07FFFh -ASMALLCONST=0600h-06FFhx122 \
  -AMEDIUMCONST=0600h-07FFFh -ACOMRAM=01h-05Fh -AABS1=00h-05FFh \
  -ABIGRAM=01h-05FFh -ARAM=060h-0FFh,0100h-01FFhx5 -ABANK0=060h-0FFh \
  -ABANK1=0100h-01FFh -ABANK2=0200h-02FFh -ABANK3=0300h-03FFh \
  -ABANK4=0400h-04FFh -ABANK5=0500h-05FFh -ASFR=0F38h-0F5Fh,0F60h-0FFFh \
  -preset_vec=00h,intcode=08h,intcodelo=018h,powerup,init,end_init \
  -pramtop=0600h -psmallconst=SMALLCONST -pmediumconst=MEDIUMCONST \
  -pconst=CONST -AFARRAM=00h-00h -ACONFIG=0300000h-030000Dh -pconfig=CONFIG \
  -AIDLOC=0200000h-0200007h -pidloc=IDLOC -AEEDATA=0F00000h-0F000FFh \
  -peeprom_data=EEDATA \
  -prdata=COMRAM,nvrram=COMRAM,nvbit=COMRAM,rbss=COMRAM,rbit=COMRAM \
  -pfarbss=FARRAM,fardata=FARRAM,nvFARRAM=FARRAM \
  -pintsave_regs=BIGRAM,bigbss=BIGRAM,bigdata=BIGRAM -pbss=RAM \
  -pidata=CODE,irdata=CODE,ibigdata=CODE,ifardata=CODE -prparam=COMRAM \
  C:\Users\Sebas\AppData\Local\Temp\s5rs.obj \
  dist/default/production\CortaMasa.X.production.obj 

Object code version is 3.11

Machine type is 18F25K22

Call graph: (short form)




                Name                               Link     Load   Length Selector   Space Scale
C:\Users\Sebas\AppData\Local\Temp\s5rs.obj
                end_init                             B2       B2        4        C       0
                reset_vec                             0        0        4        0       0
                idloc                            200000   200000        8   200000       0
                config                           300000   300000        E   300000       0
dist/default/production\CortaMasa.X.production.obj
                intcodelo                            18       18       9A        C       0
                intcode                               8        8        E        4       0
                temp                                 3A       3A        1        1       1
                mediumconst                        7EDA     7EDA      126     3F6D       0
                text54                             146C     146C       70        C       0
                text53                             1A24     1A24       16      CBA       0
                intcode_body                       13F4     13F4       78        C       0
                text51                             167C     167C       56        C       0
                text50                             17E6     17E6       3E        C       0
                text49                             1548     1548       6C        C       0
                text48                             1892     1892       36        C       0
                text47                             1974     1974       22      CBA       0
                text46                             14DC     14DC       6C        C       0
                text45                             1AAE     1AAE        A      CBA       0
                text44                             1AC8     1AC8        8      CBA       0
                text42                             1AD6     1AD6        6      CBA       0
                text41                             1166     1166       94        C       0
                text40                             1A0C     1A0C       18      CBA       0
                text39                             15B4     15B4       66        C       0
                text38                             1824     1824       38        C       0
                text37                             192A     192A       26        C       0
                text36                             175E     175E       46        C       0
                text35                             137C     137C       78        C       0
                text34                             161A     161A       62        C       0
                text33                             1302     1302       7A        C       0
                text32                             1718     1718       46        C       0
                text31                             11FA     11FA       8E        C       0
                text30                             17A4     17A4       42        C       0
                text29                             18FA     18FA       30        C       0
                text28                             1288     1288       7A        C       0
                text27                             1A4C     1A4C        E      CBA       0
                text26                              D6E      D6E      130        C       0
                text25                              BFA      BFA      174        C       0
                text24                             185C     185C       36        C       0
                text23                             19B6     19B6       20      CBA       0
                text22                             19D6     19D6       1C      CBA       0
                text21                             1AC0     1AC0        8      CBA       0
                text20                             18C8     18C8       32        C       0
                text19                             1AB8     1AB8        8      CBA       0
                text18                             10C4     10C4       A2        C       0
                text17                             1AA2     1AA2        C      CBA       0
                text16                             1AD0     1AD0        6      CBA       0
                text15                             1A96     1A96        C      CBA       0
                text14                             1A8A     1A8A        C      CBA       0
                text13                             19F2     19F2       1A      CBA       0
                text12                             1ADE     1ADE        2      CBA       0
                text11                             1ADC     1ADC        2      CBA       0
                text10                             1996     1996       20      CBA       0
                text9                              1A7E     1A7E        C      CBA       0
                text8                              1A72     1A72        C      CBA       0
                text7                              1A66     1A66        C      CBA       0
                text6                              1A5A     1A5A        C      CBA       0
                text5                               55C      55C      3C0        C       0
                text4                                B6       B6      4A6        C       0
                text3                               E9E      E9E      11A        C       0
                text2                              1A3A     1A3A       12      CBA       0
                text1                               FB8      FB8      10C        C       0
                text0                               91C      91C      2DE        C       0
                cstackCOMRAM                          1        1       33        1       1
                cstackBANK0                          83       83       1D       60       1
                dataBANK0                            60       60       23       60       1
                bssBANK0                             A0       A0       11       60       1
                bssCOMRAM                            34       34        6        1       1
                cinit                              16D2     16D2       46        C       0
                idataBANK0                         1950     1950       23        C       0

TOTAL           Name                               Link     Load   Length     Space
        CLASS   STACK          

        CLASS   CODE           
                end_init                             B2       B2        4         0
                intcodelo                            18       18       9A         0
                intcode                               8        8        E         0
                reset_vec                             0        0        4         0
                text54                             146C     146C       70         0
                text53                             1A24     1A24       16         0
                intcode_body                       13F4     13F4       78         0
                text51                             167C     167C       56         0
                text50                             17E6     17E6       3E         0
                text49                             1548     1548       6C         0
                text48                             1892     1892       36         0
                text47                             1974     1974       22         0
                text46                             14DC     14DC       6C         0
                text45                             1AAE     1AAE        A         0
                text44                             1AC8     1AC8        8         0
                text42                             1AD6     1AD6        6         0
                text41                             1166     1166       94         0
                text40                             1A0C     1A0C       18         0
                text39                             15B4     15B4       66         0
                text38                             1824     1824       38         0
                text37                             192A     192A       26         0
                text36                             175E     175E       46         0
                text35                             137C     137C       78         0
                text34                             161A     161A       62         0
                text33                             1302     1302       7A         0
                text32                             1718     1718       46         0
                text31                             11FA     11FA       8E         0
                text30                             17A4     17A4       42         0
                text29                             18FA     18FA       30         0
                text28                             1288     1288       7A         0
                text27                             1A4C     1A4C        E         0
                text26                              D6E      D6E      130         0
                text25                              BFA      BFA      174         0
                text24                             185C     185C       36         0
                text23                             19B6     19B6       20         0
                text22                             19D6     19D6       1C         0
                text21                             1AC0     1AC0        8         0
                text20                             18C8     18C8       32         0
                text19                             1AB8     1AB8        8         0
                text18                             10C4     10C4       A2         0
                text17                             1AA2     1AA2        C         0
                text16                             1AD0     1AD0        6         0
                text15                             1A96     1A96        C         0
                text14                             1A8A     1A8A        C         0
                text13                             19F2     19F2       1A         0
                text12                             1ADE     1ADE        2         0
                text11                             1ADC     1ADC        2         0
                text10                             1996     1996       20         0
                text9                              1A7E     1A7E        C         0
                text8                              1A72     1A72        C         0
                text7                              1A66     1A66        C         0
                text6                              1A5A     1A5A        C         0
                text5                               55C      55C      3C0         0
                text4                                B6       B6      4A6         0
                text3                               E9E      E9E      11A         0
                text2                              1A3A     1A3A       12         0
                text1                               FB8      FB8      10C         0
                text0                               91C      91C      2DE         0
                cinit                              16D2     16D2       46         0
                idataBANK0                         1950     1950       23         0

        CLASS   CONST          

        CLASS   SMALLCONST     

        CLASS   MEDIUMCONST    
                mediumconst                        7EDA     7EDA      126         0

        CLASS   COMRAM         
                temp                                 3A       3A        1         1
                cstackCOMRAM                          1        1       33         1
                bssCOMRAM                            34       34        6         1

        CLASS   ABS1           

        CLASS   BIGRAM         

        CLASS   RAM            

        CLASS   BANK0          
                cstackBANK0                          83       83       1D         1
                dataBANK0                            60       60       23         1
                bssBANK0                             A0       A0       11         1

        CLASS   BANK1          

        CLASS   BANK2          

        CLASS   BANK3          

        CLASS   BANK4          

        CLASS   BANK5          

        CLASS   SFR            

        CLASS   FARRAM         

        CLASS   CONFIG         
                config                           300000   300000        E         0

        CLASS   IDLOC          
                idloc                            200000   200000        8         0

        CLASS   EEDATA         



SEGMENTS        Name                           Load    Length   Top    Selector   Space  Class

                reset_vec                      000000  000004  000004         0       0  CODE    
                cstackCOMRAM                   000001  00003A  00003B         1       1  COMRAM  
                intcode                        000008  00000E  000016         4       0  CODE    
                intcodelo                      000018  00195B  001973         C       0  CODE    
                dataBANK0                      000060  000051  0000B1        60       1  BANK0   
                text47                         001974  00016C  001AE0       CBA       0  CODE    
                mediumconst                    007EDA  000126  008000      3F6D       0  MEDIUMCO
                idloc                          200000  000008  200008    200000       0  IDLOC   
                config                         300000  00000E  30000E    300000       0  CONFIG  


UNUSED ADDRESS RANGES

        Name                Unused          Largest block    Delta
        BANK0            0000B1-0000FF               4F
        BANK1            000100-0001FF              100
        BANK2            000200-0002FF              100
        BANK3            000300-0003FF              100
        BANK4            000400-0004FF              100
        BANK5            000500-0005FF              100
        BIGRAM           00003B-00005F               25
                         0000B1-0005FF              54F
        CODE             000004-000007                4
                         000016-000017                2
                         001973-001973                1
                         001AE0-007ED9             63FA
        COMRAM           00003B-00005F               25
        CONST            000004-000007                4
                         000016-000017                2
                         001973-001973                1
                         001AE0-007ED9             63FA
        EEDATA           F00000-F000FF              100
        MEDIUMCONST      001973-001973                1
                         001AE0-007ED9             63FA
        RAM              0000B1-0005FF              100
        SFR              000F38-000FFF               28
        SMALLCONST       001973-001973                1
                         001AE0-007ED9              100
        STACK            0000B1-0005FF              54F

                                  Symbol Table

?___fldiv                  cstackBANK0  000083
?___flmul                  cstackBANK0  000083
?___lwdiv                  cstackBANK0  000083
?___lwmod                  cstackBANK0  00008A
?_printf                   cstackBANK0  000091
_ANSELAbits                (abs)        000F38
_ANSELCbits                (abs)        000F3A
_BAUDCON1bits              (abs)        000FB8
_CCP2CONbits               (abs)        000F66
_CCPR2L                    (abs)        000F67
_CCPTMRS0bits              (abs)        000F49
_DOWNisLP                  bssCOMRAM    000034
_DOWNsecurLock             bssBANK0     0000A6
_ECCP2ASbits               (abs)        000F64
_EEADR                     (abs)        000FA9
_EECON1bits                (abs)        000FA6
_EECON2                    (abs)        000FA7
_EEDATA                    (abs)        000FA8
_EEPROMConfig              text42       001AD6
_ENTERisLP                 bssCOMRAM    000035
_ENTERsecurLock            bssBANK0     0000A7
_INTCONbits                (abs)        000FF2
_IPR1bits                  (abs)        000F9F
_LATBbits                  (abs)        000F8A
_LATCbits                  (abs)        000F8B
_OSCCON2bits               (abs)        000FD2
_OSCCONbits                (abs)        000FD3
_OSCTUNEbits               (abs)        000F9B
_PIE1bits                  (abs)        000F9D
_PIR1bits                  (abs)        000F9E
_PORTAbits                 (abs)        000F80
_PORTBbits                 (abs)        000F81
_PR2                       (abs)        000FBB
_PSTR2CONbits              (abs)        000F63
_PWM2CONbits               (abs)        000F65
_PWM2Config                text39       0015B4
_RCONbits                  (abs)        000FD0
_RCREG1                    (abs)        000FAE
_RCSTA1bits                (abs)        000FAB
_RETROisLP                 bssCOMRAM    000036
_RETROsecurLock            bssBANK0     0000A8
_SPBRG1                    (abs)        000FAF
_SPBRGH1                   (abs)        000FB0
_T2CONbits                 (abs)        000FBA
_T2int                     text53       001A24
_TRISAbits                 (abs)        000F92
_TRISBbits                 (abs)        000F93
_TRISCbits                 (abs)        000F94
_TXREG1                    (abs)        000FAD
_TXSTA1bits                (abs)        000FAC
_UARTConfig                text38       001824
_UARTint                   text44       001AC8
_UPisLP                    bssCOMRAM    000037
_UPsecurLock               bssBANK0     0000A9
__CFG_BOREN$SBORDIS        (abs)        000000
__CFG_BORV$285             (abs)        000000
__CFG_CCP2MX$PORTC1        (abs)        000000
__CFG_CCP3MX$PORTB5        (abs)        000000
__CFG_CP0$OFF              (abs)        000000
__CFG_CP1$OFF              (abs)        000000
__CFG_CP2$OFF              (abs)        000000
__CFG_CP3$OFF              (abs)        000000
__CFG_CPB$OFF              (abs)        000000
__CFG_CPD$OFF              (abs)        000000
__CFG_EBTR0$OFF            (abs)        000000
__CFG_EBTR1$OFF            (abs)        000000
__CFG_EBTR2$OFF            (abs)        000000
__CFG_EBTR3$OFF            (abs)        000000
__CFG_EBTRB$OFF            (abs)        000000
__CFG_FCMEN$ON             (abs)        000000
__CFG_FOSC$INTIO67         (abs)        000000
__CFG_HFOFST$ON            (abs)        000000
__CFG_IESO$ON              (abs)        000000
__CFG_LVP$OFF              (abs)        000000
__CFG_MCLRE$EXTMCLR        (abs)        000000
__CFG_P2BMX$PORTC0         (abs)        000000
__CFG_PBADEN$OFF           (abs)        000000
__CFG_PLLCFG$ON            (abs)        000000
__CFG_PRICLKEN$ON          (abs)        000000
__CFG_PWRTEN$ON            (abs)        000000
__CFG_STVREN$ON            (abs)        000000
__CFG_T3CMX$PORTC0         (abs)        000000
__CFG_WDTEN$OFF            (abs)        000000
__CFG_WDTPS$32768          (abs)        000000
__CFG_WRT0$OFF             (abs)        000000
__CFG_WRT1$OFF             (abs)        000000
__CFG_WRT2$OFF             (abs)        000000
__CFG_WRT3$OFF             (abs)        000000
__CFG_WRTB$OFF             (abs)        000000
__CFG_WRTC$OFF             (abs)        000000
__CFG_WRTD$OFF             (abs)        000000
__CFG_XINST$OFF            (abs)        000000
__HRAM                     (abs)        000000
__Habs1                    abs1         000000
__Hbank0                   bank0        000000
__Hbank1                   bank1        000000
__Hbank2                   bank2        000000
__Hbank3                   bank3        000000
__Hbank4                   bank4        000000
__Hbank5                   bank5        000000
__Hbigbss                  bigbss       000000
__Hbigdata                 bigdata      000000
__Hbigram                  bigram       000000
__Hbss                     bss          000000
__HbssBANK0                bssBANK0     000000
__HbssCOMRAM               bssCOMRAM    000000
__Hcinit                   cinit        000000
__Hclrtext                 clrtext      000000
__Hcomram                  comram       000000
__Hconfig                  config       30000E
__Hconst                   const        000000
__HcstackBANK0             cstackBANK0  000000
__HcstackCOMRAM            cstackCOMRAM 000000
__Hdata                    data         000000
__HdataBANK0               dataBANK0    000000
__Heeprom_data             eeprom_data  000000
__Hend_init                end_init     0000B6
__Hfarbss                  farbss       000000
__Hfardata                 fardata      000000
__Hibigdata                ibigdata     000000
__Hidata                   idata        000000
__HidataBANK0              idataBANK0   000000
__Hidloc                   idloc        200008
__Hifardata                ifardata     000000
__Hinit                    init         0000B2
__Hintcode                 intcode      000016
__Hintcode_body            intcode_body 000000
__Hintcodelo               intcodelo    0000B2
__Hintentry                intentry     000000
__Hintret                  intret       000000
__Hintsave_regs            intsave_regs 000000
__Hirdata                  irdata       000000
__Hmediumconst             mediumconst  008000
__HnvFARRAM                nvFARRAM     000000
__Hnvbit                   nvbit        000000
__Hnvrram                  nvrram       000000
__Hparam                   rparam       000000
__Hpowerup                 powerup      0000B2
__Hram                     ram          000000
__Hramtop                  ramtop       000600
__Hrbit                    rbit         000000
__Hrbss                    rbss         000000
__Hrdata                   rdata        000000
__Hreset_vec               reset_vec    000004
__Hrparam                  rparam       000000
__Hsfr                     sfr          000000
__Hsmallconst              smallconst   000000
__Hspace_0                 (abs)        30000E
__Hspace_1                 (abs)        0000B1
__Hspace_2                 (abs)        000000
__Hstack                   stack        000000
__Hstruct                  struct       000000
__Htemp                    temp         00003B
__Htext                    text         000000
__Htext0                   text0        000000
__Htext1                   text1        000000
__Htext10                  text10       000000
__Htext11                  text11       000000
__Htext12                  text12       000000
__Htext13                  text13       000000
__Htext14                  text14       000000
__Htext15                  text15       000000
__Htext16                  text16       000000
__Htext17                  text17       000000
__Htext18                  text18       000000
__Htext19                  text19       000000
__Htext2                   text2        000000
__Htext20                  text20       000000
__Htext21                  text21       000000
__Htext22                  text22       000000
__Htext23                  text23       000000
__Htext24                  text24       000000
__Htext25                  text25       000000
__Htext26                  text26       000000
__Htext27                  text27       000000
__Htext28                  text28       000000
__Htext29                  text29       000000
__Htext3                   text3        000000
__Htext30                  text30       000000
__Htext31                  text31       000000
__Htext32                  text32       000000
__Htext33                  text33       000000
__Htext34                  text34       000000
__Htext35                  text35       000000
__Htext36                  text36       000000
__Htext37                  text37       000000
__Htext38                  text38       000000
__Htext39                  text39       000000
__Htext4                   text4        000000
__Htext40                  text40       000000
__Htext41                  text41       000000
__Htext42                  text42       000000
__Htext44                  text44       000000
__Htext45                  text45       000000
__Htext46                  text46       000000
__Htext47                  text47       000000
__Htext48                  text48       000000
__Htext49                  text49       000000
__Htext5                   text5        000000
__Htext50                  text50       000000
__Htext51                  text51       000000
__Htext53                  text53       000000
__Htext54                  text54       000000
__Htext6                   text6        000000
__Htext7                   text7        000000
__Htext8                   text8        000000
__Htext9                   text9        000000
__LRAM                     (abs)        000001
__Labs1                    abs1         000000
__Lbank0                   bank0        000000
__Lbank1                   bank1        000000
__Lbank2                   bank2        000000
__Lbank3                   bank3        000000
__Lbank4                   bank4        000000
__Lbank5                   bank5        000000
__Lbigbss                  bigbss       000000
__Lbigdata                 bigdata      000000
__Lbigram                  bigram       000000
__Lbss                     bss          000000
__LbssBANK0                bssBANK0     000000
__LbssCOMRAM               bssCOMRAM    000000
__Lcinit                   cinit        000000
__Lclrtext                 clrtext      000000
__Lcomram                  comram       000000
__Lconfig                  config       300000
__Lconst                   const        000000
__LcstackBANK0             cstackBANK0  000000
__LcstackCOMRAM            cstackCOMRAM 000000
__Ldata                    data         000000
__LdataBANK0               dataBANK0    000000
__Leeprom_data             eeprom_data  000000
__Lend_init                end_init     0000B2
__Lfarbss                  farbss       000000
__Lfardata                 fardata      000000
__Libigdata                ibigdata     000000
__Lidata                   idata        000000
__LidataBANK0              idataBANK0   000000
__Lidloc                   idloc        200000
__Lifardata                ifardata     000000
__Linit                    init         0000B2
__Lintcode                 intcode      000008
__Lintcode_body            intcode_body 000000
__Lintcodelo               intcodelo    000018
__Lintentry                intentry     000000
__Lintret                  intret       000000
__Lintsave_regs            intsave_regs 000000
__Lirdata                  irdata       000000
__Lmediumconst             mediumconst  007EDA
__LnvFARRAM                nvFARRAM     000000
__Lnvbit                   nvbit        000000
__Lnvrram                  nvrram       000000
__Lparam                   rparam       000000
__Lpowerup                 powerup      0000B2
__Lram                     ram          000000
__Lramtop                  ramtop       000600
__Lrbit                    rbit         000000
__Lrbss                    rbss         000000
__Lrdata                   rdata        000000
__Lreset_vec               reset_vec    000000
__Lrparam                  rparam       000000
__Lsfr                     sfr          000000
__Lsmallconst              smallconst   000000
__Lspace_0                 (abs)        000000
__Lspace_1                 (abs)        000000
__Lspace_2                 (abs)        000000
__Lstack                   stack        000000
__Lstruct                  struct       000000
__Ltemp                    temp         00003A
__Ltext                    text         000000
__Ltext0                   text0        000000
__Ltext1                   text1        000000
__Ltext10                  text10       000000
__Ltext11                  text11       000000
__Ltext12                  text12       000000
__Ltext13                  text13       000000
__Ltext14                  text14       000000
__Ltext15                  text15       000000
__Ltext16                  text16       000000
__Ltext17                  text17       000000
__Ltext18                  text18       000000
__Ltext19                  text19       000000
__Ltext2                   text2        000000
__Ltext20                  text20       000000
__Ltext21                  text21       000000
__Ltext22                  text22       000000
__Ltext23                  text23       000000
__Ltext24                  text24       000000
__Ltext25                  text25       000000
__Ltext26                  text26       000000
__Ltext27                  text27       000000
__Ltext28                  text28       000000
__Ltext29                  text29       000000
__Ltext3                   text3        000000
__Ltext30                  text30       000000
__Ltext31                  text31       000000
__Ltext32                  text32       000000
__Ltext33                  text33       000000
__Ltext34                  text34       000000
__Ltext35                  text35       000000
__Ltext36                  text36       000000
__Ltext37                  text37       000000
__Ltext38                  text38       000000
__Ltext39                  text39       000000
__Ltext4                   text4        000000
__Ltext40                  text40       000000
__Ltext41                  text41       000000
__Ltext42                  text42       000000
__Ltext44                  text44       000000
__Ltext45                  text45       000000
__Ltext46                  text46       000000
__Ltext47                  text47       000000
__Ltext48                  text48       000000
__Ltext49                  text49       000000
__Ltext5                   text5        000000
__Ltext50                  text50       000000
__Ltext51                  text51       000000
__Ltext53                  text53       000000
__Ltext54                  text54       000000
__Ltext6                   text6        000000
__Ltext7                   text7        000000
__Ltext8                   text8        000000
__Ltext9                   text9        000000
__S0                       (abs)        30000E
__S1                       (abs)        0000B1
__S2                       (abs)        000000
___fldiv                   text5        00055C
___fldiv@a                 cstackBANK0  000087
___fldiv@aexp              cstackBANK0  00009B
___fldiv@b                 cstackBANK0  000083
___fldiv@bexp              cstackBANK0  00009A
___fldiv@grs               cstackBANK0  000096
___fldiv@new_exp           cstackBANK0  000094
___fldiv@rem               cstackBANK0  000090
___fldiv@sign              cstackBANK0  00008F
___flmul                   text4        0000B6
___flmul@a                 cstackBANK0  000087
___flmul@aexp              cstackBANK0  000094
___flmul@b                 cstackBANK0  000083
___flmul@bexp              cstackBANK0  000095
___flmul@grs               cstackBANK0  000090
___flmul@prod              cstackBANK0  000096
___flmul@sign              cstackBANK0  00008F
___flmul@temp              cstackBANK0  00009A
___inthi_sp                stack        000000
___intlo_sp                stack        000000
___lwdiv                   text35       00137C
___lwdiv@counter           cstackBANK0  000089
___lwdiv@dividend          cstackBANK0  000083
___lwdiv@divisor           cstackBANK0  000085
___lwdiv@quotient          cstackBANK0  000087
___lwmod                   text34       00161A
___lwmod@counter           cstackBANK0  00008E
___lwmod@dividend          cstackBANK0  00008A
___lwmod@divisor           cstackBANK0  00008C
___param_bank              (abs)        000010
___rparam_used             (abs)        000001
___sp                      stack        000000
__accesstop                (abs)        000060
__activetblptr             (abs)        000002
__end_of_EEPROMConfig      text42       001ADC
__end_of_PWM2Config        text39       00161A
__end_of_T2int             text53       001A3A
__end_of_UARTConfig        text38       00185C
__end_of_UARTint           text44       001AD0
__end_of___fldiv           text5        00091C
__end_of___flmul           text4        00055C
__end_of___lwdiv           text35       0013F4
__end_of___lwmod           text34       00167C
__end_of__initialization   cinit        00170A
__end_of_calcSysVars       text3        000FB8
__end_of_clockConfig       text37       001950
__end_of_delay_ms          text36       0017A4
__end_of_dpowers           mediumconst  007EE5
__end_of_drawMenu          text25       000D6E
__end_of_drawPassWord      text24       001892
__end_of_drawScreen        text23       0019D6
__end_of_execCombinations  text22       0019F2
__end_of_hp_isr            intcode_body 00146C
__end_of_interruptConfig   text21       001AC8
__end_of_ioConfig          text20       0018FA
__end_of_ioInitStt         text19       001AC0
__end_of_isr               intcodelo    0000B2
__end_of_lcd_gotoxy        text29       00192A
__end_of_lcd_init          text18       001166
__end_of_lcd_putc          text28       001302
__end_of_lcd_read_4bits    text33       00137C
__end_of_lcd_read_byte     text32       00175E
__end_of_lcd_send_4bits    text31       001288
__end_of_lcd_send_byte     text30       0017E6
__end_of_longPressDOWN     text17       001AAE
__end_of_longPressENTER    text16       001AD6
__end_of_longPressRETRO    text15       001AA2
__end_of_longPressUP       text14       001A96
__end_of_main              text0        000BFA
__end_of_pressDOWN         text13       001A0C
__end_of_pressENTER        text12       001AE0
__end_of_pressRETRO        text11       001ADE
__end_of_pressUP           text10       0019B6
__end_of_printf            text26       000E9E
__end_of_putch             text27       001A5A
__end_of_readEEPROM        text2        001A4C
__end_of_releaseDOWN       text9        001A8A
__end_of_releaseENTER      text8        001A7E
__end_of_releaseRETRO      text7        001A72
__end_of_releaseUP         text6        001A66
__end_of_setPWM2duty       text41       0011FA
__end_of_sysParamInit      text1        0010C4
__end_of_t2config          text40       001A24
__end_ofi1_lcd_gotoxy      text47       001996
__end_ofi1_lcd_putc        text46       001548
__end_ofi1_lcd_read_4bits  text51       0016D2
__end_ofi1_lcd_read_byte   text50       001824
__end_ofi1_lcd_send_4bits  text49       0015B4
__end_ofi1_lcd_send_byte   text48       0018C8
__end_ofi1_putch           text45       001AB8
__end_ofi2_setPWM2duty     text54       0014DC
__initialization           cinit        0016D2
__mediumconst              mediumconst  007EDA
__pbssBANK0                bssBANK0     0000A0
__pbssCOMRAM               bssCOMRAM    000034
__pcinit                   cinit        0016D2
__pcstackBANK0             cstackBANK0  000083
__pcstackCOMRAM            cstackCOMRAM 000001
__pdataBANK0               dataBANK0    000060
__pidataBANK0              idataBANK0   001950
__pintcode                 intcode      000008
__pintcode_body            intcode_body 0013F4
__pintcodelo               intcodelo    000018
__pmediumconst             mediumconst  007EDA
__ptext0                   text0        00091C
__ptext1                   text1        000FB8
__ptext10                  text10       001996
__ptext11                  text11       001ADC
__ptext12                  text12       001ADE
__ptext13                  text13       0019F2
__ptext14                  text14       001A8A
__ptext15                  text15       001A96
__ptext16                  text16       001AD0
__ptext17                  text17       001AA2
__ptext18                  text18       0010C4
__ptext19                  text19       001AB8
__ptext2                   text2        001A3A
__ptext20                  text20       0018C8
__ptext21                  text21       001AC0
__ptext22                  text22       0019D6
__ptext23                  text23       0019B6
__ptext24                  text24       00185C
__ptext25                  text25       000BFA
__ptext26                  text26       000D6E
__ptext27                  text27       001A4C
__ptext28                  text28       001288
__ptext29                  text29       0018FA
__ptext3                   text3        000E9E
__ptext30                  text30       0017A4
__ptext31                  text31       0011FA
__ptext32                  text32       001718
__ptext33                  text33       001302
__ptext34                  text34       00161A
__ptext35                  text35       00137C
__ptext36                  text36       00175E
__ptext37                  text37       00192A
__ptext38                  text38       001824
__ptext39                  text39       0015B4
__ptext4                   text4        0000B6
__ptext40                  text40       001A0C
__ptext41                  text41       001166
__ptext42                  text42       001AD6
__ptext44                  text44       001AC8
__ptext45                  text45       001AAE
__ptext46                  text46       0014DC
__ptext47                  text47       001974
__ptext48                  text48       001892
__ptext49                  text49       001548
__ptext5                   text5        00055C
__ptext50                  text50       0017E6
__ptext51                  text51       00167C
__ptext53                  text53       001A24
__ptext54                  text54       00146C
__ptext6                   text6        001A5A
__ptext7                   text7        001A66
__ptext8                   text8        001A72
__ptext9                   text9        001A7E
__ramtop                   ramtop       000600
__size_of_EEPROMConfig     (abs)        000000
__size_of_PWM2Config       (abs)        000000
__size_of_T2int            (abs)        000000
__size_of_UARTConfig       (abs)        000000
__size_of_UARTint          (abs)        000000
__size_of___fldiv          (abs)        000000
__size_of___flmul          (abs)        000000
__size_of___lwdiv          (abs)        000000
__size_of___lwmod          (abs)        000000
__size_of_calcSysVars      (abs)        000000
__size_of_clockConfig      (abs)        000000
__size_of_delay_ms         (abs)        000000
__size_of_drawMenu         (abs)        000000
__size_of_drawPassWord     (abs)        000000
__size_of_drawScreen       (abs)        000000
__size_of_execCombinations (abs)        000000
__size_of_hp_isr           (abs)        000000
__size_of_interruptConfig  (abs)        000000
__size_of_ioConfig         (abs)        000000
__size_of_ioInitStt        (abs)        000000
__size_of_isr              (abs)        000000
__size_of_lcd_gotoxy       (abs)        000000
__size_of_lcd_init         (abs)        000000
__size_of_lcd_putc         (abs)        000000
__size_of_lcd_read_4bits   (abs)        000000
__size_of_lcd_read_byte    (abs)        000000
__size_of_lcd_send_4bits   (abs)        000000
__size_of_lcd_send_byte    (abs)        000000
__size_of_longPressDOWN    (abs)        000000
__size_of_longPressENTER   (abs)        000000
__size_of_longPressRETRO   (abs)        000000
__size_of_longPressUP      (abs)        000000
__size_of_main             (abs)        000000
__size_of_pressDOWN        (abs)        000000
__size_of_pressENTER       (abs)        000000
__size_of_pressRETRO       (abs)        000000
__size_of_pressUP          (abs)        000000
__size_of_printf           (abs)        000000
__size_of_putch            (abs)        000000
__size_of_readEEPROM       (abs)        000000
__size_of_releaseDOWN      (abs)        000000
__size_of_releaseENTER     (abs)        000000
__size_of_releaseRETRO     (abs)        000000
__size_of_releaseUP        (abs)        000000
__size_of_setPWM2duty      (abs)        000000
__size_of_sysParamInit     (abs)        000000
__size_of_t2config         (abs)        000000
__size_ofi1_lcd_gotoxy     (abs)        000000
__size_ofi1_lcd_putc       (abs)        000000
__size_ofi1_lcd_read_4bits (abs)        000000
__size_ofi1_lcd_read_byte  (abs)        000000
__size_ofi1_lcd_send_4bits (abs)        000000
__size_ofi1_lcd_send_byte  (abs)        000000
__size_ofi1_putch          (abs)        000000
__size_ofi2_setPWM2duty    (abs)        000000
__smallconst               smallconst   000000
_actualScreen              bssBANK0     0000AA
_advMode                   bssCOMRAM    000038
_calcSysVars               text3        000E9E
_clockConfig               text37       00192A
_delay_ms                  text36       00175E
_densidadMasa              dataBANK0    000060
_diamTubo                  dataBANK0    000064
_dpowers                   mediumconst  007EDB
_drawMenu                  text25       000BFA
_drawPassWord              text24       00185C
_drawScreen                text23       0019B6
_execCombinations          text22       0019D6
_fData                     bssBANK0     0000A0
_holdDOWNcont              bssBANK0     0000AB
_holdENTERcont             bssBANK0     0000AC
_holdRETROcont             bssBANK0     0000AD
_holdUPcont                bssBANK0     0000AE
_hp_isr                    intcode      000008
_i16Data                   bssBANK0     0000A4
_ie                        bssCOMRAM    000039
_interruptConfig           text21       001AC0
_introducido               dataBANK0    00007E
_ioConfig                  text20       0018C8
_ioInitStt                 text19       001AB8
_isr                       intcodelo    000018
_kgXcorte                  dataBANK0    000068
_lastSttDOWN               dataBANK0    00007F
_lastSttENTER              dataBANK0    000080
_lastSttRETRO              dataBANK0    000081
_lastSttUP                 dataBANK0    000082
_lcd_gotoxy                text29       0018FA
_lcd_init                  text18       0010C4
_lcd_putc                  text28       001288
_lcd_read_4bits            text33       001302
_lcd_read_byte             text32       001718
_lcd_send_4bits            text31       0011FA
_lcd_send_4bits$1580       cstackBANK0  000083
_lcd_send_4bits$1581       cstackBANK0  000084
_lcd_send_4bits$1582       cstackBANK0  000085
_lcd_send_4bits$1583       cstackBANK0  000086
_lcd_send_byte             text30       0017A4
_longPressDOWN             text17       001AA2
_longPressENTER            text16       001AD0
_longPressRETRO            text15       001A96
_longPressUP               text14       001A8A
_m3Xcorte                  dataBANK0    00006C
_main                      text0        00091C
_menuSection               bssBANK0     0000AF
_numCortes                 dataBANK0    00007C
_pressDOWN                 text13       0019F2
_pressENTER                text12       001ADE
_pressRETRO                text11       001ADC
_pressUP                   text10       001996
_printf                    text26       000D6E
_putch                     text27       001A4C
_readEEPROM                text2        001A3A
_releaseDOWN               text9        001A7E
_releaseENTER              text8        001A72
_releaseRETRO              text7        001A66
_releaseUP                 text6        001A5A
_setPWM2duty               text41       001166
_sysParamInit              text1        000FB8
_t2config                  text40       001A0C
_tVarProceso               bssBANK0     0000B0
_tiXcorte                  dataBANK0    000070
_velocidadMasa             dataBANK0    000074
btemp                      temp         00003A
calcSysVars@temp           cstackBANK0  00009C
delay_ms@del               cstackBANK0  000083
delay_ms@i                 cstackBANK0  000086
end_of_initialization      cinit        00170A
i1_lcd_gotoxy              text47       001974
i1_lcd_putc                text46       0014DC
i1_lcd_read_4bits          text51       00167C
i1_lcd_read_byte           text50       0017E6
i1_lcd_send_4bits          text49       001548
i1_lcd_send_4bits$1580     cstackCOMRAM 000015
i1_lcd_send_4bits$1581     cstackCOMRAM 000016
i1_lcd_send_4bits$1582     cstackCOMRAM 000017
i1_lcd_send_4bits$1583     cstackCOMRAM 000018
i1_lcd_send_byte           text48       001892
i1_putch                   text45       001AAE
i1lcd_gotoxy@address       cstackCOMRAM 00001F
i1lcd_gotoxy@fila          cstackCOMRAM 00001D
i1lcd_gotoxy@pos           cstackCOMRAM 00001E
i1lcd_putc@cha             cstackCOMRAM 000021
i1lcd_read_4bits@n         cstackCOMRAM 000016
i1lcd_read_byte@high       cstackCOMRAM 000018
i1lcd_read_byte@low        cstackCOMRAM 000017
i1lcd_send_4bits@n         cstackCOMRAM 000019
i1lcd_send_byte@address    cstackCOMRAM 00001C
i1lcd_send_byte@n          cstackCOMRAM 00001A
i1putch@val                cstackCOMRAM 000022
i2_setPWM2duty             text54       00146C
i2setPWM2duty@act          cstackCOMRAM 000005
i2setPWM2duty@actuator     cstackCOMRAM 000001
int$flags                  temp         00003A
int_func                   intcode_body 0013F4
intlevel0                  text         000000
intlevel1                  text         000000
intlevel2                  text         000000
intlevel3                  text         000000
lcd_gotoxy@address         cstackBANK0  00008D
lcd_gotoxy@fila            cstackBANK0  00008B
lcd_gotoxy@pos             cstackBANK0  00008C
lcd_init@F7556             dataBANK0    000078
lcd_init@LCD_INIT_STRING   cstackBANK0  00008C
lcd_init@i                 cstackBANK0  000090
lcd_putc@cha               cstackBANK0  00008F
lcd_read_4bits@n           cstackBANK0  000084
lcd_read_byte@high         cstackBANK0  000086
lcd_read_byte@low          cstackBANK0  000085
lcd_send_4bits@n           cstackBANK0  000087
lcd_send_byte@address      cstackBANK0  00008A
lcd_send_byte@n            cstackBANK0  000088
printf@ap                  cstackBANK0  000096
printf@c                   cstackBANK0  00009B
printf@f                   cstackBANK0  000091
printf@flag                cstackBANK0  000095
printf@prec                cstackBANK0  00009A
printf@val                 cstackBANK0  000098
putch@val                  cstackBANK0  000090
readEEPROM@adr             cstackBANK0  000083
setPWM2duty@act            cstackBANK0  000087
setPWM2duty@actuator       cstackBANK0  000083
stackhi                    (abs)        0005FF
stacklo                    (abs)        0000B1
start                      init         0000B2
start_initialization       cinit        0016D2


FUNCTION INFORMATION:

 *************** function _main *****************
 Defined at:
		line 25 in file "source/main.c"
 Parameters:    Size  Location     Type
		None
 Auto vars:     Size  Location     Type
		None
 Return value:  Size  Location     Type
                  1    wreg      void 
 Registers used:
		wreg, fsr2l, fsr2h, status,2, status,0, tblptrl, tblptrh, tblptru, prodl, prodh, cstack
 Tracked objects:
		On entry : 
		On exit  : 
		Unchanged: 
 Data sizes:     COMRAM   BANK0   BANK1   BANK2   BANK3   BANK4   BANK5
      Params:         0       0       0       0       0       0       0
      Locals:         0       0       0       0       0       0       0
      Temps:          0       0       0       0       0       0       0
      Totals:         0       0       0       0       0       0       0
Total ram usage:        0 bytes
 Hardware stack levels required when called:   20
 This function calls:
		_EEPROMConfig
		_PWM2Config
		_UARTConfig
		_clockConfig
		_delay_ms
		_drawScreen
		_execCombinations
		_interruptConfig
		_ioConfig
		_ioInitStt
		_lcd_init
		_longPressDOWN
		_longPressENTER
		_longPressRETRO
		_longPressUP
		_pressDOWN
		_pressENTER
		_pressRETRO
		_pressUP
		_releaseDOWN
		_releaseENTER
		_releaseRETRO
		_releaseUP
		_sysParamInit
 This function is called by:
		Startup code after reset
 This function uses a non-reentrant model


 *************** function _sysParamInit *****************
 Defined at:
		line 96 in file "source/sysParams.h"
 Parameters:    Size  Location     Type
		None
 Auto vars:     Size  Location     Type
		None
 Return value:  Size  Location     Type
                  1    wreg      void 
 Registers used:
		wreg, status,2, status,0, prodl, prodh, cstack
 Tracked objects:
		On entry : 
		On exit  : 
		Unchanged: 
 Data sizes:     COMRAM   BANK0   BANK1   BANK2   BANK3   BANK4   BANK5
      Params:         0       0       0       0       0       0       0
      Locals:         0       0       0       0       0       0       0
      Temps:          0       0       0       0       0       0       0
      Totals:         0       0       0       0       0       0       0
Total ram usage:        0 bytes
 Hardware stack levels used:    1
 Hardware stack levels required when called:   13
 This function calls:
		_calcSysVars
		_readEEPROM
 This function is called by:
		_main
 This function uses a non-reentrant model


 *************** function _readEEPROM *****************
 Defined at:
		line 43 in file "source/sysParams.h"
 Parameters:    Size  Location     Type
  adr             1    wreg     unsigned char 
 Auto vars:     Size  Location     Type
  adr             1    0[BANK0 ] unsigned char 
 Return value:  Size  Location     Type
                  1    wreg      unsigned char 
 Registers used:
		wreg, status,2
 Tracked objects:
		On entry : 
		On exit  : 
		Unchanged: 
 Data sizes:     COMRAM   BANK0   BANK1   BANK2   BANK3   BANK4   BANK5
      Params:         0       0       0       0       0       0       0
      Locals:         0       1       0       0       0       0       0
      Temps:          0       0       0       0       0       0       0
      Totals:         0       1       0       0       0       0       0
Total ram usage:        1 bytes
 Hardware stack levels used:    1
 Hardware stack levels required when called:   11
 This function calls:
		Nothing
 This function is called by:
		_sysParamInit
 This function uses a non-reentrant model


 *************** function _calcSysVars *****************
 Defined at:
		line 82 in file "source/sysParams.h"
 Parameters:    Size  Location     Type
		None
 Auto vars:     Size  Location     Type
  temp            4   25[BANK0 ] float 
 Return value:  Size  Location     Type
                  1    wreg      void 
 Registers used:
		wreg, status,2, status,0, prodl, prodh, cstack
 Tracked objects:
		On entry : 
		On exit  : 
		Unchanged: 
 Data sizes:     COMRAM   BANK0   BANK1   BANK2   BANK3   BANK4   BANK5
      Params:         0       0       0       0       0       0       0
      Locals:         0       4       0       0       0       0       0
      Temps:          0       0       0       0       0       0       0
      Totals:         0       4       0       0       0       0       0
Total ram usage:        4 bytes
 Hardware stack levels used:    1
 Hardware stack levels required when called:   12
 This function calls:
		___fldiv
		___flmul
 This function is called by:
		_sysParamInit
 This function uses a non-reentrant model


 *************** function ___flmul *****************
 Defined at:
		line 8 in file "C:\Program Files (x86)\Microchip\xc8\v1.38\sources\common\sprcmul.c"
 Parameters:    Size  Location     Type
  b               4    0[BANK0 ] void 
  a               4    4[BANK0 ] void 
 Auto vars:     Size  Location     Type
  prod            4   19[BANK0 ] struct .
  grs             4   13[BANK0 ] unsigned long 
  temp            2   23[BANK0 ] struct .
  bexp            1   18[BANK0 ] unsigned char 
  aexp            1   17[BANK0 ] unsigned char 
  sign            1   12[BANK0 ] unsigned char 
 Return value:  Size  Location     Type
                  4    0[BANK0 ] unsigned char 
 Registers used:
		wreg, status,2, status,0, prodl, prodh
 Tracked objects:
		On entry : 
		On exit  : 
		Unchanged: 
 Data sizes:     COMRAM   BANK0   BANK1   BANK2   BANK3   BANK4   BANK5
      Params:         0       8       0       0       0       0       0
      Locals:         0      13       0       0       0       0       0
      Temps:          0       4       0       0       0       0       0
      Totals:         0      25       0       0       0       0       0
Total ram usage:       25 bytes
 Hardware stack levels used:    1
 Hardware stack levels required when called:   11
 This function calls:
		Nothing
 This function is called by:
		_calcSysVars
 This function uses a non-reentrant model


 *************** function ___fldiv *****************
 Defined at:
		line 11 in file "C:\Program Files (x86)\Microchip\xc8\v1.38\sources\common\sprcdiv.c"
 Parameters:    Size  Location     Type
  b               4    0[BANK0 ] unsigned char 
  a               4    4[BANK0 ] unsigned char 
 Auto vars:     Size  Location     Type
  grs             4   19[BANK0 ] unsigned long 
  rem             4   13[BANK0 ] unsigned long 
  new_exp         2   17[BANK0 ] int 
  aexp            1   24[BANK0 ] unsigned char 
  bexp            1   23[BANK0 ] unsigned char 
  sign            1   12[BANK0 ] unsigned char 
 Return value:  Size  Location     Type
                  4    0[BANK0 ] unsigned char 
 Registers used:
		wreg, status,2, status,0
 Tracked objects:
		On entry : 
		On exit  : 
		Unchanged: 
 Data sizes:     COMRAM   BANK0   BANK1   BANK2   BANK3   BANK4   BANK5
      Params:         0       8       0       0       0       0       0
      Locals:         0      13       0       0       0       0       0
      Temps:          0       4       0       0       0       0       0
      Totals:         0      25       0       0       0       0       0
Total ram usage:       25 bytes
 Hardware stack levels used:    1
 Hardware stack levels required when called:   11
 This function calls:
		Nothing
 This function is called by:
		_calcSysVars
 This function uses a non-reentrant model


 *************** function _releaseUP *****************
 Defined at:
		line 36 in file "source/DisplayProtocol.h"
 Parameters:    Size  Location     Type
		None
 Auto vars:     Size  Location     Type
		None
 Return value:  Size  Location     Type
                  1    wreg      void 
 Registers used:
		wreg, status,2
 Tracked objects:
		On entry : 
		On exit  : 
		Unchanged: 
 Data sizes:     COMRAM   BANK0   BANK1   BANK2   BANK3   BANK4   BANK5
      Params:         0       0       0       0       0       0       0
      Locals:         0       0       0       0       0       0       0
      Temps:          0       0       0       0       0       0       0
      Totals:         0       0       0       0       0       0       0
Total ram usage:        0 bytes
 Hardware stack levels used:    1
 Hardware stack levels required when called:   11
 This function calls:
		Nothing
 This function is called by:
		_main
 This function uses a non-reentrant model


 *************** function _releaseRETRO *****************
 Defined at:
		line 70 in file "source/DisplayProtocol.h"
 Parameters:    Size  Location     Type
		None
 Auto vars:     Size  Location     Type
		None
 Return value:  Size  Location     Type
                  1    wreg      void 
 Registers used:
		wreg, status,2
 Tracked objects:
		On entry : 
		On exit  : 
		Unchanged: 
 Data sizes:     COMRAM   BANK0   BANK1   BANK2   BANK3   BANK4   BANK5
      Params:         0       0       0       0       0       0       0
      Locals:         0       0       0       0       0       0       0
      Temps:          0       0       0       0       0       0       0
      Totals:         0       0       0       0       0       0       0
Total ram usage:        0 bytes
 Hardware stack levels used:    1
 Hardware stack levels required when called:   11
 This function calls:
		Nothing
 This function is called by:
		_main
 This function uses a non-reentrant model


 *************** function _releaseENTER *****************
 Defined at:
		line 83 in file "source/DisplayProtocol.h"
 Parameters:    Size  Location     Type
		None
 Auto vars:     Size  Location     Type
		None
 Return value:  Size  Location     Type
                  1    wreg      void 
 Registers used:
		wreg, status,2
 Tracked objects:
		On entry : 
		On exit  : 
		Unchanged: 
 Data sizes:     COMRAM   BANK0   BANK1   BANK2   BANK3   BANK4   BANK5
      Params:         0       0       0       0       0       0       0
      Locals:         0       0       0       0       0       0       0
      Temps:          0       0       0       0       0       0       0
      Totals:         0       0       0       0       0       0       0
Total ram usage:        0 bytes
 Hardware stack levels used:    1
 Hardware stack levels required when called:   11
 This function calls:
		Nothing
 This function is called by:
		_main
 This function uses a non-reentrant model


 *************** function _releaseDOWN *****************
 Defined at:
		line 55 in file "source/DisplayProtocol.h"
 Parameters:    Size  Location     Type
		None
 Auto vars:     Size  Location     Type
		None
 Return value:  Size  Location     Type
                  1    wreg      void 
 Registers used:
		wreg, status,2
 Tracked objects:
		On entry : 
		On exit  : 
		Unchanged: 
 Data sizes:     COMRAM   BANK0   BANK1   BANK2   BANK3   BANK4   BANK5
      Params:         0       0       0       0       0       0       0
      Locals:         0       0       0       0       0       0       0
      Temps:          0       0       0       0       0       0       0
      Totals:         0       0       0       0       0       0       0
Total ram usage:        0 bytes
 Hardware stack levels used:    1
 Hardware stack levels required when called:   11
 This function calls:
		Nothing
 This function is called by:
		_main
 This function uses a non-reentrant model


 *************** function _pressUP *****************
 Defined at:
		line 22 in file "source/DisplayProtocol.h"
 Parameters:    Size  Location     Type
		None
 Auto vars:     Size  Location     Type
		None
 Return value:  Size  Location     Type
                  1    wreg      void 
 Registers used:
		wreg, status,2, status,0
 Tracked objects:
		On entry : 
		On exit  : 
		Unchanged: 
 Data sizes:     COMRAM   BANK0   BANK1   BANK2   BANK3   BANK4   BANK5
      Params:         0       0       0       0       0       0       0
      Locals:         0       0       0       0       0       0       0
      Temps:          0       0       0       0       0       0       0
      Totals:         0       0       0       0       0       0       0
Total ram usage:        0 bytes
 Hardware stack levels used:    1
 Hardware stack levels required when called:   11
 This function calls:
		Nothing
 This function is called by:
		_main
 This function uses a non-reentrant model


 *************** function _pressRETRO *****************
 Defined at:
		line 60 in file "source/DisplayProtocol.h"
 Parameters:    Size  Location     Type
		None
 Auto vars:     Size  Location     Type
		None
 Return value:  Size  Location     Type
                  1    wreg      void 
 Registers used:
		None
 Tracked objects:
		On entry : 
		On exit  : 
		Unchanged: 
 Data sizes:     COMRAM   BANK0   BANK1   BANK2   BANK3   BANK4   BANK5
      Params:         0       0       0       0       0       0       0
      Locals:         0       0       0       0       0       0       0
      Temps:          0       0       0       0       0       0       0
      Totals:         0       0       0       0       0       0       0
Total ram usage:        0 bytes
 Hardware stack levels used:    1
 Hardware stack levels required when called:   11
 This function calls:
		Nothing
 This function is called by:
		_main
 This function uses a non-reentrant model


 *************** function _pressENTER *****************
 Defined at:
		line 75 in file "source/DisplayProtocol.h"
 Parameters:    Size  Location     Type
		None
 Auto vars:     Size  Location     Type
		None
 Return value:  Size  Location     Type
                  1    wreg      void 
 Registers used:
		None
 Tracked objects:
		On entry : 
		On exit  : 
		Unchanged: 
 Data sizes:     COMRAM   BANK0   BANK1   BANK2   BANK3   BANK4   BANK5
      Params:         0       0       0       0       0       0       0
      Locals:         0       0       0       0       0       0       0
      Temps:          0       0       0       0       0       0       0
      Totals:         0       0       0       0       0       0       0
Total ram usage:        0 bytes
 Hardware stack levels used:    1
 Hardware stack levels required when called:   11
 This function calls:
		Nothing
 This function is called by:
		_main
 This function uses a non-reentrant model


 *************** function _pressDOWN *****************
 Defined at:
		line 41 in file "source/DisplayProtocol.h"
 Parameters:    Size  Location     Type
		None
 Auto vars:     Size  Location     Type
		None
 Return value:  Size  Location     Type
                  1    wreg      void 
 Registers used:
		wreg, status,2, status,0
 Tracked objects:
		On entry : 
		On exit  : 
		Unchanged: 
 Data sizes:     COMRAM   BANK0   BANK1   BANK2   BANK3   BANK4   BANK5
      Params:         0       0       0       0       0       0       0
      Locals:         0       0       0       0       0       0       0
      Temps:          0       0       0       0       0       0       0
      Totals:         0       0       0       0       0       0       0
Total ram usage:        0 bytes
 Hardware stack levels used:    1
 Hardware stack levels required when called:   11
 This function calls:
		Nothing
 This function is called by:
		_main
 This function uses a non-reentrant model


 *************** function _longPressUP *****************
 Defined at:
		line 30 in file "source/DisplayProtocol.h"
 Parameters:    Size  Location     Type
		None
 Auto vars:     Size  Location     Type
		None
 Return value:  Size  Location     Type
                  1    wreg      void 
 Registers used:
		wreg, status,2
 Tracked objects:
		On entry : 
		On exit  : 
		Unchanged: 
 Data sizes:     COMRAM   BANK0   BANK1   BANK2   BANK3   BANK4   BANK5
      Params:         0       0       0       0       0       0       0
      Locals:         0       0       0       0       0       0       0
      Temps:          0       0       0       0       0       0       0
      Totals:         0       0       0       0       0       0       0
Total ram usage:        0 bytes
 Hardware stack levels used:    1
 Hardware stack levels required when called:   11
 This function calls:
		Nothing
 This function is called by:
		_main
 This function uses a non-reentrant model


 *************** function _longPressRETRO *****************
 Defined at:
		line 64 in file "source/DisplayProtocol.h"
 Parameters:    Size  Location     Type
		None
 Auto vars:     Size  Location     Type
		None
 Return value:  Size  Location     Type
                  1    wreg      void 
 Registers used:
		wreg, status,2
 Tracked objects:
		On entry : 
		On exit  : 
		Unchanged: 
 Data sizes:     COMRAM   BANK0   BANK1   BANK2   BANK3   BANK4   BANK5
      Params:         0       0       0       0       0       0       0
      Locals:         0       0       0       0       0       0       0
      Temps:          0       0       0       0       0       0       0
      Totals:         0       0       0       0       0       0       0
Total ram usage:        0 bytes
 Hardware stack levels used:    1
 Hardware stack levels required when called:   11
 This function calls:
		Nothing
 This function is called by:
		_main
 This function uses a non-reentrant model


 *************** function _longPressENTER *****************
 Defined at:
		line 79 in file "source/DisplayProtocol.h"
 Parameters:    Size  Location     Type
		None
 Auto vars:     Size  Location     Type
		None
 Return value:  Size  Location     Type
                  1    wreg      void 
 Registers used:
		wreg, status,2
 Tracked objects:
		On entry : 
		On exit  : 
		Unchanged: 
 Data sizes:     COMRAM   BANK0   BANK1   BANK2   BANK3   BANK4   BANK5
      Params:         0       0       0       0       0       0       0
      Locals:         0       0       0       0       0       0       0
      Temps:          0       0       0       0       0       0       0
      Totals:         0       0       0       0       0       0       0
Total ram usage:        0 bytes
 Hardware stack levels used:    1
 Hardware stack levels required when called:   11
 This function calls:
		Nothing
 This function is called by:
		_main
 This function uses a non-reentrant model


 *************** function _longPressDOWN *****************
 Defined at:
		line 49 in file "source/DisplayProtocol.h"
 Parameters:    Size  Location     Type
		None
 Auto vars:     Size  Location     Type
		None
 Return value:  Size  Location     Type
                  1    wreg      void 
 Registers used:
		wreg, status,2
 Tracked objects:
		On entry : 
		On exit  : 
		Unchanged: 
 Data sizes:     COMRAM   BANK0   BANK1   BANK2   BANK3   BANK4   BANK5
      Params:         0       0       0       0       0       0       0
      Locals:         0       0       0       0       0       0       0
      Temps:          0       0       0       0       0       0       0
      Totals:         0       0       0       0       0       0       0
Total ram usage:        0 bytes
 Hardware stack levels used:    1
 Hardware stack levels required when called:   11
 This function calls:
		Nothing
 This function is called by:
		_main
 This function uses a non-reentrant model


 *************** function _lcd_init *****************
 Defined at:
		line 179 in file "source/../../vclib_lcd.h"
 Parameters:    Size  Location     Type
		None
 Auto vars:     Size  Location     Type
  LCD_INIT_STR    4    9[BANK0 ] unsigned char [4]
  i               1   13[BANK0 ] unsigned char 
 Return value:  Size  Location     Type
                  1    wreg      void 
 Registers used:
		wreg, fsr2l, fsr2h, status,2, status,0, prodl, prodh, cstack
 Tracked objects:
		On entry : 
		On exit  : 
		Unchanged: 
 Data sizes:     COMRAM   BANK0   BANK1   BANK2   BANK3   BANK4   BANK5
      Params:         0       0       0       0       0       0       0
      Locals:         0       5       0       0       0       0       0
      Temps:          0       1       0       0       0       0       0
      Totals:         0       6       0       0       0       0       0
Total ram usage:        6 bytes
 Hardware stack levels used:    1
 Hardware stack levels required when called:   14
 This function calls:
		_lcd_send_4bits
		_lcd_send_byte
 This function is called by:
		_main
 This function uses a non-reentrant model


 *************** function _ioInitStt *****************
 Defined at:
		line 80 in file "source/IOConfig.h"
 Parameters:    Size  Location     Type
		None
 Auto vars:     Size  Location     Type
		None
 Return value:  Size  Location     Type
                  1    wreg      void 
 Registers used:
		None
 Tracked objects:
		On entry : 
		On exit  : 
		Unchanged: 
 Data sizes:     COMRAM   BANK0   BANK1   BANK2   BANK3   BANK4   BANK5
      Params:         0       0       0       0       0       0       0
      Locals:         0       0       0       0       0       0       0
      Temps:          0       0       0       0       0       0       0
      Totals:         0       0       0       0       0       0       0
Total ram usage:        0 bytes
 Hardware stack levels used:    1
 Hardware stack levels required when called:   11
 This function calls:
		Nothing
 This function is called by:
		_main
 This function uses a non-reentrant model


 *************** function _ioConfig *****************
 Defined at:
		line 63 in file "source/IOConfig.h"
 Parameters:    Size  Location     Type
		None
 Auto vars:     Size  Location     Type
		None
 Return value:  Size  Location     Type
                  1    wreg      void 
 Registers used:
		None
 Tracked objects:
		On entry : 
		On exit  : 
		Unchanged: 
 Data sizes:     COMRAM   BANK0   BANK1   BANK2   BANK3   BANK4   BANK5
      Params:         0       0       0       0       0       0       0
      Locals:         0       0       0       0       0       0       0
      Temps:          0       0       0       0       0       0       0
      Totals:         0       0       0       0       0       0       0
Total ram usage:        0 bytes
 Hardware stack levels used:    1
 Hardware stack levels required when called:   11
 This function calls:
		Nothing
 This function is called by:
		_main
 This function uses a non-reentrant model


 *************** function _interruptConfig *****************
 Defined at:
		line 89 in file "source/SYSConfig.h"
 Parameters:    Size  Location     Type
		None
 Auto vars:     Size  Location     Type
		None
 Return value:  Size  Location     Type
                  1    wreg      void 
 Registers used:
		None
 Tracked objects:
		On entry : 
		On exit  : 
		Unchanged: 
 Data sizes:     COMRAM   BANK0   BANK1   BANK2   BANK3   BANK4   BANK5
      Params:         0       0       0       0       0       0       0
      Locals:         0       0       0       0       0       0       0
      Temps:          0       0       0       0       0       0       0
      Totals:         0       0       0       0       0       0       0
Total ram usage:        0 bytes
 Hardware stack levels used:    1
 Hardware stack levels required when called:   11
 This function calls:
		Nothing
 This function is called by:
		_main
 This function uses a non-reentrant model


 *************** function _execCombinations *****************
 Defined at:
		line 88 in file "source/DisplayProtocol.h"
 Parameters:    Size  Location     Type
		None
 Auto vars:     Size  Location     Type
		None
 Return value:  Size  Location     Type
                  1    wreg      void 
 Registers used:
		wreg, status,2
 Tracked objects:
		On entry : 
		On exit  : 
		Unchanged: 
 Data sizes:     COMRAM   BANK0   BANK1   BANK2   BANK3   BANK4   BANK5
      Params:         0       0       0       0       0       0       0
      Locals:         0       0       0       0       0       0       0
      Temps:          0       0       0       0       0       0       0
      Totals:         0       0       0       0       0       0       0
Total ram usage:        0 bytes
 Hardware stack levels used:    1
 Hardware stack levels required when called:   11
 This function calls:
		Nothing
 This function is called by:
		_main
 This function uses a non-reentrant model


 *************** function _drawScreen *****************
 Defined at:
		line 146 in file "source/DisplayProtocol.h"
 Parameters:    Size  Location     Type
		None
 Auto vars:     Size  Location     Type
		None
 Return value:  Size  Location     Type
                  1    wreg      void 
 Registers used:
		wreg, fsr2l, fsr2h, status,2, status,0, tblptrl, tblptrh, tblptru, prodl, prodh, cstack
 Tracked objects:
		On entry : 
		On exit  : 
		Unchanged: 
 Data sizes:     COMRAM   BANK0   BANK1   BANK2   BANK3   BANK4   BANK5
      Params:         0       0       0       0       0       0       0
      Locals:         0       0       0       0       0       0       0
      Temps:          0       0       0       0       0       0       0
      Totals:         0       0       0       0       0       0       0
Total ram usage:        0 bytes
 Hardware stack levels used:    1
 Hardware stack levels required when called:   19
 This function calls:
		_drawMenu
		_drawPassWord
 This function is called by:
		_main
 This function uses a non-reentrant model


 *************** function _drawPassWord *****************
 Defined at:
		line 140 in file "source/DisplayProtocol.h"
 Parameters:    Size  Location     Type
		None
 Auto vars:     Size  Location     Type
		None
 Return value:  Size  Location     Type
                  1    wreg      void 
 Registers used:
		wreg, fsr2l, fsr2h, status,2, status,0, tblptrl, tblptrh, tblptru, prodl, prodh, cstack
 Tracked objects:
		On entry : 
		On exit  : 
		Unchanged: 
 Data sizes:     COMRAM   BANK0   BANK1   BANK2   BANK3   BANK4   BANK5
      Params:         0       0       0       0       0       0       0
      Locals:         0       0       0       0       0       0       0
      Temps:          0       0       0       0       0       0       0
      Totals:         0       0       0       0       0       0       0
Total ram usage:        0 bytes
 Hardware stack levels used:    1
 Hardware stack levels required when called:   18
 This function calls:
		_lcd_gotoxy
		_printf
 This function is called by:
		_drawScreen
 This function uses a non-reentrant model


 *************** function _drawMenu *****************
 Defined at:
		line 98 in file "source/DisplayProtocol.h"
 Parameters:    Size  Location     Type
		None
 Auto vars:     Size  Location     Type
		None
 Return value:  Size  Location     Type
                  1    wreg      void 
 Registers used:
		wreg, fsr2l, fsr2h, status,2, status,0, tblptrl, tblptrh, tblptru, prodl, prodh, cstack
 Tracked objects:
		On entry : 
		On exit  : 
		Unchanged: 
 Data sizes:     COMRAM   BANK0   BANK1   BANK2   BANK3   BANK4   BANK5
      Params:         0       0       0       0       0       0       0
      Locals:         0       0       0       0       0       0       0
      Temps:          0       0       0       0       0       0       0
      Totals:         0       0       0       0       0       0       0
Total ram usage:        0 bytes
 Hardware stack levels used:    1
 Hardware stack levels required when called:   18
 This function calls:
		_lcd_gotoxy
		_printf
 This function is called by:
		_drawScreen
 This function uses a non-reentrant model


 *************** function _printf *****************
 Defined at:
		line 464 in file "C:\Program Files (x86)\Microchip\xc8\v1.38\sources\common\doprnt.c"
 Parameters:    Size  Location     Type
  f               2   14[BANK0 ] PTR const unsigned char 
		 -> STR_16(10), STR_15(13), STR_14(19), STR_13(18), 
		 -> STR_12(19), STR_11(18), STR_10(19), STR_9(18), 
		 -> STR_8(19), STR_7(18), STR_6(19), STR_5(18), 
		 -> STR_4(19), STR_3(18), STR_2(19), STR_1(18), 
 Auto vars:     Size  Location     Type
  tmpval          4    0        struct .
  cp              3    0        PTR const unsigned char 
  val             2   21[BANK0 ] unsigned int 
  ap              2   19[BANK0 ] PTR void [1]
		 -> ?_printf(2), 
  len             2    0        unsigned int 
  c               1   24[BANK0 ] char 
  prec            1   23[BANK0 ] char 
  flag            1   18[BANK0 ] unsigned char 
 Return value:  Size  Location     Type
                  2   14[BANK0 ] int 
 Registers used:
		wreg, fsr2l, fsr2h, status,2, status,0, tblptrl, tblptrh, tblptru, prodl, prodh, cstack
 Tracked objects:
		On entry : 
		On exit  : 
		Unchanged: 
 Data sizes:     COMRAM   BANK0   BANK1   BANK2   BANK3   BANK4   BANK5
      Params:         0       4       0       0       0       0       0
      Locals:         0       7       0       0       0       0       0
      Temps:          0       0       0       0       0       0       0
      Totals:         0      11       0       0       0       0       0
Total ram usage:       11 bytes
 Hardware stack levels used:    1
 Hardware stack levels required when called:   17
 This function calls:
		___lwdiv
		___lwmod
		_putch
 This function is called by:
		_drawMenu
		_drawPassWord
 This function uses a non-reentrant model


 *************** function _putch *****************
 Defined at:
		line 59 in file "source/IOConfig.h"
 Parameters:    Size  Location     Type
  val             1    wreg     unsigned char 
 Auto vars:     Size  Location     Type
  val             1   13[BANK0 ] unsigned char 
 Return value:  Size  Location     Type
                  1    wreg      void 
 Registers used:
		wreg, status,2, status,0, cstack
 Tracked objects:
		On entry : 
		On exit  : 
		Unchanged: 
 Data sizes:     COMRAM   BANK0   BANK1   BANK2   BANK3   BANK4   BANK5
      Params:         0       0       0       0       0       0       0
      Locals:         0       1       0       0       0       0       0
      Temps:          0       0       0       0       0       0       0
      Totals:         0       1       0       0       0       0       0
Total ram usage:        1 bytes
 Hardware stack levels used:    1
 Hardware stack levels required when called:   16
 This function calls:
		_lcd_putc
 This function is called by:
		_printf
		_send_float
		_send_int32
		_send_int16
		_send_float_vt
		_send_int32_vt
		_send_int16_vt
 This function uses a non-reentrant model


 *************** function _lcd_putc *****************
 Defined at:
		line 212 in file "source/../../vclib_lcd.h"
 Parameters:    Size  Location     Type
  cha             1    wreg     unsigned char 
 Auto vars:     Size  Location     Type
  cha             1   12[BANK0 ] unsigned char 
 Return value:  Size  Location     Type
                  1    wreg      void 
 Registers used:
		wreg, status,2, status,0, cstack
 Tracked objects:
		On entry : 
		On exit  : 
		Unchanged: 
 Data sizes:     COMRAM   BANK0   BANK1   BANK2   BANK3   BANK4   BANK5
      Params:         0       0       0       0       0       0       0
      Locals:         0       1       0       0       0       0       0
      Temps:          0       1       0       0       0       0       0
      Totals:         0       2       0       0       0       0       0
Total ram usage:        2 bytes
 Hardware stack levels used:    1
 Hardware stack levels required when called:   15
 This function calls:
		_lcd_gotoxy
		_lcd_send_byte
 This function is called by:
		_putch
 This function uses a non-reentrant model


 *************** function _lcd_gotoxy *****************
 Defined at:
		line 198 in file "source/../../vclib_lcd.h"
 Parameters:    Size  Location     Type
  pos             1    wreg     unsigned char 
  fila            1    8[BANK0 ] unsigned char 
 Auto vars:     Size  Location     Type
  pos             1    9[BANK0 ] unsigned char 
  address         1   10[BANK0 ] unsigned char 
[...]
 This function calls:
		_setPWM2duty
		_t2config
 This function is called by:
		_main
 This function uses a non-reentrant model


 *************** function _t2config *****************
 Defined at:
		line 9 in file "source/PWMConfig.h"
 Parameters:    Size  Location     Type
		None
 Auto vars:     Size  Location     Type
		None
 Return value:  Size  Location     Type
                  1    wreg      void 
 Registers used:
		wreg, status,2
 Tracked objects:
		On entry : 
		On exit  : 
		Unchanged: 
 Data sizes:     COMRAM   BANK0   BANK1   BANK2   BANK3   BANK4   BANK5
      Params:         0       0       0       0       0       0       0
      Locals:         0       0       0       0       0       0       0
      Temps:          0       0       0       0       0       0       0
      Totals:         0       0       0       0       0       0       0
Total ram usage:        0 bytes
 Hardware stack levels used:    1
 Hardware stack levels required when called:   11
 This function calls:
		Nothing
 This function is called by:
		_PWM2Config
 This function uses a non-reentrant model


 *************** function _setPWM2duty *****************
 Defined at:
		line 20 in file "source/PWMConfig.h"
 Parameters:    Size  Location     Type
  actuator        2    0[BANK0 ] short 
 Auto vars:     Size  Location     Type
  act             2    4[BANK0 ] short 
 Return value:  Size  Location     Type
                  1    wreg      void 
 Registers used:
		wreg, status,2, status,0
 Tracked objects:
		On entry : 
		On exit  : 
		Unchanged: 
 Data sizes:     COMRAM   BANK0   BANK1   BANK2   BANK3   BANK4   BANK5
      Params:         0       2       0       0       0       0       0
      Locals:         0       2       0       0       0       0       0
      Temps:          0       2       0       0       0       0       0
      Totals:         0       6       0       0       0       0       0
Total ram usage:        6 bytes
 Hardware stack levels used:    1
 Hardware stack levels required when called:   11
 This function calls:
		Nothing
 This function is called by:
		_PWM2Config
 This function uses a non-reentrant model


 *************** function _EEPROMConfig *****************
 Defined at:
		line 50 in file "source/sysParams.h"
 Parameters:    Size  Location     Type
		None
 Auto vars:     Size  Location     Type
		None
 Return value:  Size  Location     Type
                  1    wreg      void 
 Registers used:
		None
 Tracked objects:
		On entry : 
		On exit  : 
		Unchanged: 
 Data sizes:     COMRAM   BANK0   BANK1   BANK2   BANK3   BANK4   BANK5
      Params:         0       0       0       0       0       0       0
      Locals:         0       0       0       0       0       0       0
      Temps:          0       0       0       0       0       0       0
      Totals:         0       0       0       0       0       0       0
Total ram usage:        0 bytes
 Hardware stack levels used:    1
 Hardware stack levels required when called:   11
 This function calls:
		Nothing
 This function is called by:
		_main
 This function uses a non-reentrant model


 *************** function _isr *****************
 Defined at:
		line 18 in file "source/main.c"
 Parameters:    Size  Location     Type
		None
 Auto vars:     Size  Location     Type
		None
 Return value:  Size  Location     Type
                  1    wreg      void 
 Registers used:
		wreg, status,2, status,0, cstack
 Tracked objects:
		On entry : 
		On exit  : 
		Unchanged: 
 Data sizes:     COMRAM   BANK0   BANK1   BANK2   BANK3   BANK4   BANK5
      Params:         0       0       0       0       0       0       0
      Locals:         0       0       0       0       0       0       0
      Temps:         17       0       0       0       0       0       0
      Totals:        17       0       0       0       0       0       0
Total ram usage:       17 bytes
 Hardware stack levels used:    1
 Hardware stack levels required when called:   10
 This function calls:
		_UARTint
 This function is called by:
		Interrupt level 1
 This function uses a non-reentrant model


 *************** function _UARTint *****************
 Defined at:
		line 14 in file "source/UARTConfig.h"
 Parameters:    Size  Location     Type
		None
 Auto vars:     Size  Location     Type
		None
 Return value:  Size  Location     Type
                  1    wreg      void 
 Registers used:
		wreg, status,2, status,0, cstack
 Tracked objects:
		On entry : 
		On exit  : 
		Unchanged: 
 Data sizes:     COMRAM   BANK0   BANK1   BANK2   BANK3   BANK4   BANK5
      Params:         0       0       0       0       0       0       0
      Locals:         0       0       0       0       0       0       0
      Temps:          0       0       0       0       0       0       0
      Totals:         0       0       0       0       0       0       0
Total ram usage:        0 bytes
 Hardware stack levels used:    1
 Hardware stack levels required when called:    9
 This function calls:
		i1_putch
 This function is called by:
		_isr
 This function uses a non-reentrant model


 *************** function i1_putch *****************
 Defined at:
		line 59 in file "source/IOConfig.h"
 Parameters:    Size  Location     Type
  val             1    wreg     unsigned char 
 Auto vars:     Size  Location     Type
  val             1   33[COMRAM] unsigned char 
 Return value:  Size  Location     Type
                  1    wreg      void 
 Registers used:
		wreg, status,2, status,0, cstack
 Tracked objects:
		On entry : 
		On exit  : 
		Unchanged: 
 Data sizes:     COMRAM   BANK0   BANK1   BANK2   BANK3   BANK4   BANK5
      Params:         0       0       0       0       0       0       0
      Locals:         1       0       0       0       0       0       0
      Temps:          0       0       0       0       0       0       0
      Totals:         1       0       0       0       0       0       0
Total ram usage:        1 bytes
 Hardware stack levels used:    1
 Hardware stack levels required when called:    8
 This function calls:
		i1_lcd_putc
 This function is called by:
		_UARTint
 This function uses a non-reentrant model


 *************** function i1_lcd_putc *****************
 Defined at:
		line 212 in file "source/../../vclib_lcd.h"
 Parameters:    Size  Location     Type
  cha             1    wreg     unsigned char 
 Auto vars:     Size  Location     Type
  cha             1   32[COMRAM] unsigned char 
 Return value:  Size  Location     Type
                  1    wreg      void 
 Registers used:
		wreg, status,2, status,0, cstack
 Tracked objects:
		On entry : 
		On exit  : 
		Unchanged: 
 Data sizes:     COMRAM   BANK0   BANK1   BANK2   BANK3   BANK4   BANK5
      Params:         0       0       0       0       0       0       0
      Locals:         1       0       0       0       0       0       0
      Temps:          1       0       0       0       0       0       0
      Totals:         2       0       0       0       0       0       0
Total ram usage:        2 bytes
 Hardware stack levels used:    1
 Hardware stack levels required when called:    7
 This function calls:
		i1_lcd_gotoxy
		i1_lcd_send_byte
 This function is called by:
		i1_putch
 This function uses a non-reentrant model


 *************** function i1_lcd_gotoxy *****************
 Defined at:
		line 198 in file "source/../../vclib_lcd.h"
 Parameters:    Size  Location     Type
  pos             1    wreg     unsigned char 
  fila            1   28[COMRAM] unsigned char 
 Auto vars:     Size  Location     Type
  pos             1   29[COMRAM] unsigned char 
  lcd_gotoxy      1   30[COMRAM] unsigned char 
 Return value:  Size  Location     Type
                  1    wreg      void 
 Registers used:
		wreg, status,2, status,0, cstack
 Tracked objects:
		On entry : 
		On exit  : 
		Unchanged: 
 Data sizes:     COMRAM   BANK0   BANK1   BANK2   BANK3   BANK4   BANK5
      Params:         1       0       0       0       0       0       0
      Locals:         2       0       0       0       0       0       0
      Temps:          0       0       0       0       0       0       0
      Totals:         3       0       0       0       0       0       0
Total ram usage:        3 bytes
 Hardware stack levels used:    1
 Hardware stack levels required when called:    6
 This function calls:
		i1_lcd_send_byte
 This function is called by:
		i1_lcd_putc
 This function uses a non-reentrant model


 *************** function i1_lcd_send_byte *****************
 Defined at:
		line 163 in file "source/../../vclib_lcd.h"
 Parameters:    Size  Location     Type
  address         1    wreg     unsigned char 
  n               1   25[COMRAM] unsigned char 
 Auto vars:     Size  Location     Type
  address         1   27[COMRAM] unsigned char 
 Return value:  Size  Location     Type
                  1    wreg      void 
 Registers used:
		wreg, status,2, status,0, cstack
 Tracked objects:
		On entry : 
		On exit  : 
		Unchanged: 
 Data sizes:     COMRAM   BANK0   BANK1   BANK2   BANK3   BANK4   BANK5
      Params:         1       0       0       0       0       0       0
      Locals:         1       0       0       0       0       0       0
      Temps:          1       0       0       0       0       0       0
      Totals:         3       0       0       0       0       0       0
Total ram usage:        3 bytes
 Hardware stack levels used:    1
 Hardware stack levels required when called:    5
 This function calls:
		i1_lcd_read_byte
		i1_lcd_send_4bits
 This function is called by:
		i1_lcd_gotoxy
		i1_lcd_putc
 This function uses a non-reentrant model


 *************** function i1_lcd_send_4bits *****************
 Defined at:
		line 151 in file "source/../../vclib_lcd.h"
 Parameters:    Size  Location     Type
  n               1    wreg     unsigned char 
 Auto vars:     Size  Location     Type
  n               1   24[COMRAM] unsigned char 
 Return value:  Size  Location     Type
                  1    wreg      void 
 Registers used:
		wreg, status,2, cstack
 Tracked objects:
		On entry : 
		On exit  : 
		Unchanged: 
 Data sizes:     COMRAM   BANK0   BANK1   BANK2   BANK3   BANK4   BANK5
      Params:         0       0       0       0       0       0       0
      Locals:         5       0       0       0       0       0       0
      Temps:          0       0       0       0       0       0       0
      Totals:         5       0       0       0       0       0       0
Total ram usage:        5 bytes
 Hardware stack levels used:    1
 Hardware stack levels required when called:    3
 This function calls:
		Nothing
 This function is called by:
		i1_lcd_send_byte
 This function uses a non-reentrant model


 *************** function i1_lcd_read_byte *****************
 Defined at:
		line 127 in file "source/../../vclib_lcd.h"
 Parameters:    Size  Location     Type
		None
 Auto vars:     Size  Location     Type
  lcd_read_byt    1   23[COMRAM] unsigned char 
  lcd_read_byt    1   22[COMRAM] unsigned char 
 Return value:  Size  Location     Type
                  1    wreg      unsigned char 
 Registers used:
		wreg, status,2, status,0, cstack
 Tracked objects:
		On entry : 
		On exit  : 
		Unchanged: 
 Data sizes:     COMRAM   BANK0   BANK1   BANK2   BANK3   BANK4   BANK5
      Params:         0       0       0       0       0       0       0
      Locals:         2       0       0       0       0       0       0
      Temps:          0       0       0       0       0       0       0
      Totals:         2       0       0       0       0       0       0
Total ram usage:        2 bytes
 Hardware stack levels used:    1
 Hardware stack levels required when called:    4
 This function calls:
		i1_lcd_read_4bits
 This function is called by:
		i1_lcd_send_byte
 This function uses a non-reentrant model


 *************** function i1_lcd_read_4bits *****************
 Defined at:
		line 117 in file "source/../../vclib_lcd.h"
 Parameters:    Size  Location     Type
		None
 Auto vars:     Size  Location     Type
  lcd_read_4bi    1   21[COMRAM] unsigned char 
 Return value:  Size  Location     Type
                  1    wreg      unsigned char 
 Registers used:
		wreg, status,2, status,0
 Tracked objects:
		On entry : 
		On exit  : 
		Unchanged: 
 Data sizes:     COMRAM   BANK0   BANK1   BANK2   BANK3   BANK4   BANK5
      Params:         0       0       0       0       0       0       0
      Locals:         1       0       0       0       0       0       0
      Temps:          1       0       0       0       0       0       0
      Totals:         2       0       0       0       0       0       0
Total ram usage:        2 bytes
 Hardware stack levels used:    1
 Hardware stack levels required when called:    3
 This function calls:
		Nothing
 This function is called by:
		i1_lcd_read_byte
 This function uses a non-reentrant model


 *************** function _hp_isr *****************
 Defined at:
		line 11 in file "source/main.c"
 Parameters:    Size  Location     Type
		None
 Auto vars:     Size  Location     Type
		None
 Return value:  Size  Location     Type
                  1    wreg      void 
 Registers used:
		wreg, status,2, status,0, cstack
 Tracked objects:
		On entry : 
		On exit  : 
		Unchanged: 
 Data sizes:     COMRAM   BANK0   BANK1   BANK2   BANK3   BANK4   BANK5
      Params:         0       0       0       0       0       0       0
      Locals:         0       0       0       0       0       0       0
      Temps:         14       0       0       0       0       0       0
      Totals:        14       0       0       0       0       0       0
Total ram usage:       14 bytes
 Hardware stack levels used:    1
 Hardware stack levels required when called:    2
 This function calls:
		_T2int
 This function is called by:
		Interrupt level 2
 This function uses a non-reentrant model


 *************** function _T2int *****************
 Defined at:
		line 32 in file "source/PWMConfig.h"
 Parameters:    Size  Location     Type
		None
 Auto vars:     Size  Location     Type
		None
 Return value:  Size  Location     Type
                  1    wreg      void 
 Registers used:
		wreg, status,2, status,0, cstack
 Tracked objects:
		On entry : 
		On exit  : 
		Unchanged: 
 Data sizes:     COMRAM   BANK0   BANK1   BANK2   BANK3   BANK4   BANK5
      Params:         0       0       0       0       0       0       0
      Locals:         0       0       0       0       0       0       0
      Temps:          0       0       0       0       0       0       0
      Totals:         0       0       0       0       0       0       0
Total ram usage:        0 bytes
 Hardware stack levels used:    1
 Hardware stack levels required when called:    1
 This function calls:
		i2_setPWM2duty
 This function is called by:
		_hp_isr
 This function uses a non-reentrant model


 *************** function i2_setPWM2duty *****************
 Defined at:
		line 20 in file "source/PWMConfig.h"
 Parameters:    Size  Location     Type
  actuator        2    0[COMRAM] short 
 Auto vars:     Size  Location     Type
  setPWM2duty     2    4[COMRAM] short 
 Return value:  Size  Location     Type
                  1    wreg      void 
 Registers used:
		wreg, status,2, status,0
 Tracked objects:
		On entry : 
		On exit  : 
		Unchanged: 
 Data sizes:     COMRAM   BANK0   BANK1   BANK2   BANK3   BANK4   BANK5
      Params:         2       0       0       0       0       0       0
      Locals:         2       0       0       0       0       0       0
      Temps:          2       0       0       0       0       0       0
      Totals:         6       0       0       0       0       0       0
Total ram usage:        6 bytes
 Hardware stack levels used:    1
 This function calls:
		Nothing
 This function is called by:
		_T2int
 This function uses a non-reentrant model



MODULE INFORMATION

Module		Function		Class		Link	Load	Size
C:\Program Files (x86)\Microchip\xc8\v1.38\sources\common\lwmod.c
		___lwmod       		CODE           	161A	0000	99

C:\Program Files (x86)\Microchip\xc8\v1.38\sources\common\lwmod.c estimated size: 99

source/sysParams.h
		_EEPROMConfig  		CODE           	1AD6	0000	7
		_calcSysVars   		CODE           	0E9E	0000	283
		_sysParamInit  		CODE           	0FB8	0000	269
		_readEEPROM    		CODE           	1A3A	0000	19

source/sysParams.h estimated size: 578

source/main.c
		_main          		CODE           	091C	0000	735
		_isr           		CODE           	0018	0000	155
		_hp_isr        		CODE           	0008	0000	135

source/main.c estimated size: 1025

C:\Program Files (x86)\Microchip\xc8\v1.38\sources\common\sprcmul.c
		___flmul       		CODE           	00B6	0000	1191

C:\Program Files (x86)\Microchip\xc8\v1.38\sources\common\sprcmul.c estimated size: 1191

C:\Program Files (x86)\Microchip\xc8\v1.38\sources\common\sprcdiv.c
		___fldiv       		CODE           	055C	0000	961

C:\Program Files (x86)\Microchip\xc8\v1.38\sources\common\sprcdiv.c estimated size: 961

source/PWMConfig.h
		_setPWM2duty   		CODE           	1166	0000	149
		_t2config      		CODE           	1A0C	0000	25
		_PWM2Config    		CODE           	15B4	0000	103
		_T2int         		CODE           	1A24	0000	23

source/PWMConfig.h estimated size: 300

C:\Program Files (x86)\Microchip\xc8\v1.38\sources\common\lwdiv.c
		___lwdiv       		CODE           	137C	0000	121

C:\Program Files (x86)\Microchip\xc8\v1.38\sources\common\lwdiv.c estimated size: 121

source/../../vclib_lcd.h
		_lcd_read_byte 		CODE           	1718	0000	71
		_lcd_putc      		CODE           	1288	0000	123
		_lcd_send_byte 		CODE           	17A4	0000	67
		_lcd_read_4bits		CODE           	1302	0000	123
		_lcd_send_4bits		CODE           	11FA	0000	143
		_lcd_gotoxy    		CODE           	18FA	0000	49
		_lcd_init      		CODE           	10C4	0000	163

source/../../vclib_lcd.h estimated size: 739

source/IOConfig.h
		_putch         		CODE           	1A4C	0000	15
		_ioInitStt     		CODE           	1AB8	0000	9
		_ioConfig      		CODE           	18C8	0000	51

source/IOConfig.h estimated size: 75

shared
		i1_lcd_send_4bits		CODE           	1548	0000	109
		i1_putch       		CODE           	1AAE	0000	11
		_dpowers       		MEDIUMCONST    	7EDB	0000	11
		i1_lcd_read_4bits		CODE           	167C	0000	87
		i1_lcd_send_byte		CODE           	1892	0000	55
		__initialization		CODE           	16D2	0000	57
		i1_lcd_gotoxy  		CODE           	1974	0000	35
		i1_lcd_read_byte		CODE           	17E6	0000	63
		i1_lcd_putc    		CODE           	14DC	0000	109
		i2_setPWM2duty 		CODE           	146C	0000	113

shared estimated size: 650

source/SYSConfig.h
		_interruptConfig		CODE           	1AC0	0000	9
		_clockConfig   		CODE           	192A	0000	39

source/SYSConfig.h estimated size: 48

C:\Program Files (x86)\Microchip\xc8\v1.38\sources\common\doprnt.c
		_printf        		CODE           	0D6E	0000	305

C:\Program Files (x86)\Microchip\xc8\v1.38\sources\common\doprnt.c estimated size: 305

source/UARTConfig.h
		_UARTConfig    		CODE           	1824	0000	57
		_UARTint       		CODE           	1AC8	0000	9

source/UARTConfig.h estimated size: 66

source/DisplayProtocol.h
		_pressUP       		CODE           	1996	0000	33
		_pressENTER    		CODE           	1ADE	0000	3
		_drawPassWord  		CODE           	185C	0000	55
		_pressRETRO    		CODE           	1ADC	0000	3
		_pressDOWN     		CODE           	19F2	0000	27
		_execCombinations		CODE           	19D6	0000	29
		_releaseUP     		CODE           	1A5A	0000	13
		_releaseDOWN   		CODE           	1A7E	0000	13
		_releaseENTER  		CODE           	1A72	0000	13
		_releaseRETRO  		CODE           	1A66	0000	13
		_drawMenu      		CODE           	0BFA	0000	373
		_longPressUP   		CODE           	1A8A	0000	13
		_longPressDOWN 		CODE           	1AA2	0000	13
		_drawScreen    		CODE           	19B6	0000	33
		_longPressENTER		CODE           	1AD0	0000	7
		_longPressRETRO		CODE           	1A96	0000	13

source/DisplayProtocol.h estimated size: 654

source/../../delay.h
		_delay_ms      		CODE           	175E	0000	71

source/../../delay.h estimated size: 71

