Microchip MPLAB XC8 Compiler V1.38 ()

Linker command line:

-W-3 --edf=C:\Program Files (x86)\Microchip\xc8\v1.38\dat\en_msgs.txt -cs \
  -h+dist/default/production\CortaMasa.X.production.sym \
  --cmf=dist/default/production\CortaMasa.X.production.cmf -z -Q18F25K22 \
  -oC:\Users\Sebas\AppData\Local\Temp\sdd8.2 \
  -Mdist/default/production/CortaMasa.X.production.map -E1 -ver=XC8 \
  --acfsm=1493 -ASTACK=01B7h-05ffh -pstack=STACK -ACODE=00h-07FFFh \
  -ACONST=00h-07FFFh -ASMALLCONST=0600h-06FFhx122 \
  -AMEDIUMCONST=0600h-07FFFh -ACOMRAM=01h-05Fh -AABS1=00h-05FFh \
  -ABIGRAM=01h-05FFh -ARAM=060h-0FFh,0100h-01FFhx5 -ABANK0=060h-0FFh \
  -ABANK1=0100h-01FFh -ABANK2=0200h-02FFh -ABANK3=0300h-03FFh \
  -ABANK4=0400h-04FFh -ABANK5=0500h-05FFh -ASFR=0F38h-0F5Fh,0F60h-0FFFh \
  -preset_vec=00h,intcode=08h,intcodelo=018h,powerup,init,end_init \
  -pramtop=0600h -psmallconst=SMALLCONST -pmediumconst=MEDIUMCONST \
  -pconst=CONST -AFARRAM=00h-00h -ACONFIG=0300000h-030000Dh -pconfig=CONFIG \
  -AIDLOC=0200000h-0200007h -pidloc=IDLOC -AEEDATA=0F00000h-0F000FFh \
  -peeprom_data=EEDATA \
  -prdata=COMRAM,nvrram=COMRAM,nvbit=COMRAM,rbss=COMRAM,rbit=COMRAM \
  -pfarbss=FARRAM,fardata=FARRAM,nvFARRAM=FARRAM \
  -pintsave_regs=BIGRAM,bigbss=BIGRAM,bigdata=BIGRAM -pbss=RAM \
  -pidata=CODE,irdata=CODE,ibigdata=CODE,ifardata=CODE -prparam=COMRAM \
  C:\Users\Sebas\AppData\Local\Temp\sdd8.obj \
  dist/default/production\CortaMasa.X.production.obj 

Object code version is 3.11

Machine type is 18F25K22

Call graph: (short form)




                Name                               Link     Load   Length Selector   Space Scale
C:\Users\Sebas\AppData\Local\Temp\sdd8.obj
                end_init                             BE       BE        4        C       0
                reset_vec                             0        0        4        0       0
                idloc                            200000   200000        8   200000       0
                config                           300000   300000        E   300000       0
dist/default/production\CortaMasa.X.production.obj
                intcodelo                            18       18       A6        C       0
                intcode                               8        8        E        4       0
                temp                                 51       51        1        1       1
                mediumconst                        7D1A     7D1A      2E6     3E8D       0
                text93                             404C     404C      120        C       0
                text92                             3DD0     3DD0      150        C       0
                text91                             590C     590C       70        C       0
                text90                             4FA4     4FA4       B2        C       0
                intcode_body                       57AA     57AA       78        C       0
                text88                             5FF2     5FF2       20        C       0
                text87                             5E18     5E18       32        C       0
                text86                             5C86     5C86       46        C       0
                text85                             5372     5372       94        C       0
                text84                             3ABE     3ABE      18A        C       0
                text83                             6092     6092        E        C       0
                text82                             1B50     1B50      4A6        C       0
                text81                             5638     5638       7E        C       0
                text80                             6044     6044       16        C       0
                text79                             4BF2     4BF2       CA        C       0
                text78                             23B6     23B6      3C0        C       0
                text77                             59E8     59E8       6C        C       0
                text76                             4970     4970       E6        C       0
                text75                             55B4     55B4       84        C       0
                text73                             60D4     60D4        6        C       0
                text72                             52DE     52DE       94        C       0
                text71                             602C     602C       18        C       0
                text70                             5ABC     5ABC       66        C       0
                text69                             5D46     5D46       38        C       0
                text68                             5C40     5C40       46        C       0
                text67                             5F82     5F82       2A        C       0
                text66                             1FF6     1FF6      3C0        C       0
                text65                             16AA     16AA      4A6        C       0
                text64                             597C     597C       6C        C       0
                text63                             5FD2     5FD2       20        C       0
                text62                             488A     488A       E6        C       0
                text61                             459C     459C      102        C       0
                text60                             5822     5822       76        C       0
                text59                             3410     3410      1CE        C       0
                text58                             3F20     3F20      12C        C       0
                text57                             4EF2     4EF2       B2        C       0
                text56                             5BFA     5BFA       46        C       0
                text55                             5898     5898       74        C       0
                text54                             4B26     4B26       CC        C       0
                text53                             469E     469E       FC        C       0
                text52                             5526     5526       8E        C       0
                text51                             416C     416C      11A        C       0
                text50                             4286     4286      10C        C       0
                text49                             35DE     35DE      1B2        C       0
                text48                             31F6     31F6      21A        C       0
                text47                             5A54     5A54       68        C       0
                text46                             4A56     4A56       D0        C       0
                text45                             4498     4498      104        C       0
                text44                             60B8     60B8        C        C       0
                text43                             6084     6084        E        C       0
                text42                             60AC     60AC        C        C       0
                text41                             60A0     60A0        C        C       0
                text40                             2D20     2D20      2B2        C       0
                text39                             5FAC     5FAC       26        C       0
                text38                             392E     392E      190        C       0
                text37                             5D0E     5D0E       38        C       0
                text36                             1202     1202      4A8        C       0
                text35                             5B6C     5B6C       48        C       0
                text34                             4E36     4E36       BC        C       0
                text33                             5244     5244       9A        C       0
                text32                             5D7E     5D7E       36        C       0
                text31                             3C48     3C48      188        C       0
                text30                             3790     3790      19E        C       0
                text29                             4CBC     4CBC       BE        C       0
                text28                             51A2     51A2       A2        C       0
                text27                             2A4E     2A4E      2D2        C       0
                text26                             5F58     5F58       2A        C       0
                text25                             5730     5730       7A        C       0
                text24                             5BB4     5BB4       46        C       0
                text23                             5498     5498       8E        C       0
                text22                             5CCC     5CCC       42        C       0
                text21                             5E4A     5E4A       30        C       0
                text20                             56B6     56B6       7A        C       0
                text19                             6076     6076        E        C       0
                text18                              D30      D30      4D2        C       0
                text17                               C2       C2      C6E        C       0
                text16                             5ED6     5ED6       2E        C       0
                text15                             5EA8     5EA8       2E        C       0
                text14                             2776     2776      2D8        C       0
                text13                             5DE6     5DE6       32        C       0
                text12                             5E7A     5E7A       2E        C       0
                text11                             4D7A     4D7A       BC        C       0
                text10                             2FD2     2FD2      224        C       0
                text9                              4392     4392      106        C       0
                text8                              479A     479A       F0        C       0
                text7                              5056     5056       AA        C       0
                text6                              60CC     60CC        8        C       0
                text5                              5DB4     5DB4       32        C       0
                text4                              60C4     60C4        8        C       0
                text3                              5100     5100       A2        C       0
                text2                              6012     6012       1A        C       0
                text1                              5F2E     5F2E       2A        C       0
                text0                              5B22     5B22       4A        C       0
                cstackCOMRAM                          1        1       29        1       1
                cstackBANK0                          60       60       4B       60       1
                cstackBANK1                         100      100       6E      100       1
                dataBANK1                           16E      16E       2A      100       1
                bssBANK1                            198      198       1F      100       1
                dataBANK0                            C3       C3        E       60       1
                bssBANK0                             AB       AB       18       60       1
                dataCOMRAM                           43       43        E        1       1
                bssCOMRAM                            2A       2A       19        1       1
                cinit                              5406     5406       92        C       0
                idataBANK1                         5F04     5F04       2A        C       0
                idataBANK0                         6068     6068        E        C       0
                idataCOMRAM                        605A     605A        E        C       0

TOTAL           Name                               Link     Load   Length     Space
        CLASS   STACK          

        CLASS   CODE           
                end_init                             BE       BE        4         0
                intcodelo                            18       18       A6         0
                intcode                               8        8        E         0
                reset_vec                             0        0        4         0
                text93                             404C     404C      120         0
                text92                             3DD0     3DD0      150         0
                text91                             590C     590C       70         0
                text90                             4FA4     4FA4       B2         0
                intcode_body                       57AA     57AA       78         0
                text88                             5FF2     5FF2       20         0
                text87                             5E18     5E18       32         0
                text86                             5C86     5C86       46         0
                text85                             5372     5372       94         0
                text84                             3ABE     3ABE      18A         0
                text83                             6092     6092        E         0
                text82                             1B50     1B50      4A6         0
                text81                             5638     5638       7E         0
                text80                             6044     6044       16         0
                text79                             4BF2     4BF2       CA         0
                text78                             23B6     23B6      3C0         0
                text77                             59E8     59E8       6C         0
                text76                             4970     4970       E6         0
                text75                             55B4     55B4       84         0
                text73                             60D4     60D4        6         0
                text72                             52DE     52DE       94         0
                text71                             602C     602C       18         0
                text70                             5ABC     5ABC       66         0
                text69                             5D46     5D46       38         0
                text68                             5C40     5C40       46         0
                text67                             5F82     5F82       2A         0
                text66                             1FF6     1FF6      3C0         0
                text65                             16AA     16AA      4A6         0
                text64                             597C     597C       6C         0
                text63                             5FD2     5FD2       20         0
                text62                             488A     488A       E6         0
                text61                             459C     459C      102         0
                text60                             5822     5822       76         0
                text59                             3410     3410      1CE         0
                text58                             3F20     3F20      12C         0
                text57                             4EF2     4EF2       B2         0
                text56                             5BFA     5BFA       46         0
                text55                             5898     5898       74         0
                text54                             4B26     4B26       CC         0
                text53                             469E     469E       FC         0
                text52                             5526     5526       8E         0
                text51                             416C     416C      11A         0
                text50                             4286     4286      10C         0
                text49                             35DE     35DE      1B2         0
                text48                             31F6     31F6      21A         0
                text47                             5A54     5A54       68         0
                text46                             4A56     4A56       D0         0
                text45                             4498     4498      104         0
                text44                             60B8     60B8        C         0
                text43                             6084     6084        E         0
                text42                             60AC     60AC        C         0
                text41                             60A0     60A0        C         0
                text40                             2D20     2D20      2B2         0
                text39                             5FAC     5FAC       26         0
                text38                             392E     392E      190         0
                text37                             5D0E     5D0E       38         0
                text36                             1202     1202      4A8         0
                text35                             5B6C     5B6C       48         0
                text34                             4E36     4E36       BC         0
                text33                             5244     5244       9A         0
                text32                             5D7E     5D7E       36         0
                text31                             3C48     3C48      188         0
                text30                             3790     3790      19E         0
                text29                             4CBC     4CBC       BE         0
                text28                             51A2     51A2       A2         0
                text27                             2A4E     2A4E      2D2         0
                text26                             5F58     5F58       2A         0
                text25                             5730     5730       7A         0
                text24                             5BB4     5BB4       46         0
                text23                             5498     5498       8E         0
                text22                             5CCC     5CCC       42         0
                text21                             5E4A     5E4A       30         0
                text20                             56B6     56B6       7A         0
                text19                             6076     6076        E         0
                text18                              D30      D30      4D2         0
                text17                               C2       C2      C6E         0
                text16                             5ED6     5ED6       2E         0
                text15                             5EA8     5EA8       2E         0
                text14                             2776     2776      2D8         0
                text13                             5DE6     5DE6       32         0
                text12                             5E7A     5E7A       2E         0
                text11                             4D7A     4D7A       BC         0
                text10                             2FD2     2FD2      224         0
                text9                              4392     4392      106         0
                text8                              479A     479A       F0         0
                text7                              5056     5056       AA         0
                text6                              60CC     60CC        8         0
                text5                              5DB4     5DB4       32         0
                text4                              60C4     60C4        8         0
                text3                              5100     5100       A2         0
                text2                              6012     6012       1A         0
                text1                              5F2E     5F2E       2A         0
                text0                              5B22     5B22       4A         0
                cinit                              5406     5406       92         0
                idataBANK1                         5F04     5F04       2A         0
                idataBANK0                         6068     6068        E         0
                idataCOMRAM                        605A     605A        E         0

        CLASS   CONST          

        CLASS   SMALLCONST     

        CLASS   MEDIUMCONST    
                mediumconst                        7D1A     7D1A      2E6         0

        CLASS   COMRAM         
                temp                                 51       51        1         1
                cstackCOMRAM                          1        1       29         1
                dataCOMRAM                           43       43        E         1
                bssCOMRAM                            2A       2A       19         1

        CLASS   ABS1           

        CLASS   BIGRAM         

        CLASS   RAM            

        CLASS   BANK0          
                cstackBANK0                          60       60       4B         1
                dataBANK0                            C3       C3        E         1
                bssBANK0                             AB       AB       18         1

        CLASS   BANK1          
                cstackBANK1                         100      100       6E         1
                dataBANK1                           16E      16E       2A         1
                bssBANK1                            198      198       1F         1

        CLASS   BANK2          

        CLASS   BANK3          

        CLASS   BANK4          

        CLASS   BANK5          

        CLASS   SFR            

        CLASS   FARRAM         

        CLASS   CONFIG         
                config                           300000   300000        E         0

        CLASS   IDLOC          
                idloc                            200000   200000        8         0

        CLASS   EEDATA         



SEGMENTS        Name                           Load    Length   Top    Selector   Space  Class

                reset_vec                      000000  000004  000004         0       0  CODE    
                cstackCOMRAM                   000001  000051  000052         1       1  COMRAM  
                intcode                        000008  00000E  000016         4       0  CODE    
                intcodelo                      000018  0060C2  0060DA         C       0  CODE    
                cstackBANK0                    000060  000071  0000D1        60       1  BANK0   
                cstackBANK1                    000100  0000B7  0001B7       100       1  BANK1   
                mediumconst                    007D1A  0002E6  008000      3E8D       0  MEDIUMCO
                idloc                          200000  000008  200008    200000       0  IDLOC   
                config                         300000  00000E  30000E    300000       0  CONFIG  


UNUSED ADDRESS RANGES

        Name                Unused          Largest block    Delta
        BANK0            0000D1-0000FF               2F
        BANK1            0001B7-0001FF               49
        BANK2            000200-0002FF              100
        BANK3            000300-0003FF              100
        BANK4            000400-0004FF              100
        BANK5            000500-0005FF              100
        BIGRAM           000052-00005F                E
                         0000D1-0000FF               2F
                         0001B7-0005FF              449
        CODE             000004-000007                4
                         000016-000017                2
                         0060DA-007D19             1C40
        COMRAM           000052-00005F                E
        CONST            000004-000007                4
                         000016-000017                2
                         0060DA-007D19             1C40
        EEDATA           F00000-F000FF              100
        MEDIUMCONST      0060DA-007D19             1C40
        RAM              0000D1-0000FF               2F
                         0001B7-0005FF              100
        SFR              000F38-000FFF               28
        SMALLCONST       0060DA-007D19              100
        STACK            0001B7-0005FF              449

                                  Symbol Table

?___aldiv                  cstackBANK0  00008F
?___awdiv                  cstackBANK0  000095
?___awmod                  cstackBANK0  00008F
?___fladd                  cstackBANK1  00011A
?___fldiv                  cstackBANK0  00009D
?___flmul                  cstackBANK0  00009D
?___flneg                  cstackBANK0  00008F
?___flsub                  cstackBANK1  00012E
?___fltol                  cstackBANK1  000116
?___lldiv                  cstackBANK0  00008F
?___llmod                  cstackBANK0  00009C
?___lmul                   cstackBANK0  00008F
?___wmul                   cstackBANK0  00008F
?___xxtofl                 cstackBANK0  00008F
?__div_to_l_               cstackBANK0  00008F
?__tdiv_to_l_              cstackBANK0  00008F
?_fround                   cstackBANK1  00010D
?_printf                   cstackBANK1  000136
?_scale                    cstackBANK1  00010D
?i1___fldiv                cstackBANK0  000060
?i1___flmul                cstackBANK0  000060
?i2___xxtofl               cstackCOMRAM 000001
UARTint@sas                cstackBANK0  00007D
_ANSELAbits                (abs)        000F38
_ANSELCbits                (abs)        000F3A
_BAUDCON1bits              (abs)        000FB8
_CCP2CONbits               (abs)        000F66
_CCPR2L                    (abs)        000F67
_CCPTMRS0bits              (abs)        000F49
_DOWNisLP                  bssCOMRAM    000037
_DOWNsecurLock             bssBANK0     0000B3
_ECCP2ASbits               (abs)        000F64
_EEADR                     (abs)        000FA9
_EECON1bits                (abs)        000FA6
_EECON2                    (abs)        000FA7
_EEDATA                    (abs)        000FA8
_EEPROMConfig              text73       0060D4
_ENTERisLP                 bssBANK0     0000B4
_ENTERsecurLock            bssBANK0     0000B5
_FC1securLock              bssCOMRAM    000038
_FC2securLock              bssCOMRAM    000039
_INTCONbits                (abs)        000FF2
_IPR1bits                  (abs)        000F9F
_IPR5bits                  (abs)        000F7F
_LATBbits                  (abs)        000F8A
_LATCbits                  (abs)        000F8B
_OSCCON2bits               (abs)        000FD2
_OSCCONbits                (abs)        000FD3
_OSCTUNEbits               (abs)        000F9B
_PIE1bits                  (abs)        000F9D
_PIE5bits                  (abs)        000F7D
_PIR1bits                  (abs)        000F9E
_PIR5bits                  (abs)        000F7E
_PORTAbits                 (abs)        000F80
_PORTBbits                 (abs)        000F81
_PR2                       (abs)        000FBB
_PR4                       (abs)        000F52
_PSTR2CONbits              (abs)        000F63
_PWM2CONbits               (abs)        000F65
_PWM2Config                text70       005ABC
_ProcessStarted            bssCOMRAM    00003A
_RCONbits                  (abs)        000FD0
_RCREG1                    (abs)        000FAE
_RCSTA1bits                (abs)        000FAB
_RETROisLP                 bssCOMRAM    00003B
_RETROsecurLock            bssBANK0     0000B6
_SPBRG1                    (abs)        000FAF
_SPBRGH1                   (abs)        000FB0
_T2CONbits                 (abs)        000FBA
_T2int                     text84       003ABE
_T4CONbits                 (abs)        000F51
_T4int                     text90       004FA4
_TRISAbits                 (abs)        000F92
_TRISBbits                 (abs)        000F93
_TRISCbits                 (abs)        000F94
_TXREG1                    (abs)        000FAD
_TXSTA1bits                (abs)        000FAC
_UARTConfig                text69       005D46
_UARTint                   text75       0055B4
_UPisLP                    bssCOMRAM    00003C
_UPsecurLock               bssBANK0     0000B7
_WDTCONbits                (abs)        000FD1
__CFG_BOREN$SBORDIS        (abs)        000000
__CFG_BORV$285             (abs)        000000
__CFG_CCP2MX$PORTC1        (abs)        000000
__CFG_CCP3MX$PORTB5        (abs)        000000
__CFG_CP0$OFF              (abs)        000000
__CFG_CP1$OFF              (abs)        000000
__CFG_CP2$OFF              (abs)        000000
__CFG_CP3$OFF              (abs)        000000
__CFG_CPB$OFF              (abs)        000000
__CFG_CPD$OFF              (abs)        000000
__CFG_EBTR0$OFF            (abs)        000000
__CFG_EBTR1$OFF            (abs)        000000
__CFG_EBTR2$OFF            (abs)        000000
__CFG_EBTR3$OFF            (abs)        000000
__CFG_EBTRB$OFF            (abs)        000000
__CFG_FCMEN$ON             (abs)        000000
__CFG_FOSC$INTIO67         (abs)        000000
__CFG_HFOFST$ON            (abs)        000000
__CFG_IESO$ON              (abs)        000000
__CFG_LVP$OFF              (abs)        000000
__CFG_MCLRE$EXTMCLR        (abs)        000000
__CFG_P2BMX$PORTC0         (abs)        000000
__CFG_PBADEN$OFF           (abs)        000000
__CFG_PLLCFG$ON            (abs)        000000
__CFG_PRICLKEN$ON          (abs)        000000
__CFG_PWRTEN$ON            (abs)        000000
__CFG_STVREN$ON            (abs)        000000
__CFG_T3CMX$PORTC0         (abs)        000000
__CFG_WDTEN$SWON           (abs)        000000
__CFG_WDTPS$32             (abs)        000000
__CFG_WRT0$OFF             (abs)        000000
__CFG_WRT1$OFF             (abs)        000000
__CFG_WRT2$OFF             (abs)        000000
__CFG_WRT3$OFF             (abs)        000000
__CFG_WRTB$OFF             (abs)        000000
__CFG_WRTC$OFF             (abs)        000000
__CFG_WRTD$OFF             (abs)        000000
__CFG_XINST$OFF            (abs)        000000
__HRAM                     (abs)        000000
__Habs1                    abs1         000000
__Hbank0                   bank0        000000
__Hbank1                   bank1        000000
__Hbank2                   bank2        000000
__Hbank3                   bank3        000000
__Hbank4                   bank4        000000
__Hbank5                   bank5        000000
__Hbigbss                  bigbss       000000
__Hbigdata                 bigdata      000000
__Hbigram                  bigram       000000
__Hbss                     bss          000000
__HbssBANK0                bssBANK0     000000
__HbssBANK1                bssBANK1     000000
__HbssCOMRAM               bssCOMRAM    000000
__Hcinit                   cinit        000000
__Hclrtext                 clrtext      000000
__Hcomram                  comram       000000
__Hconfig                  config       30000E
__Hconst                   const        000000
__HcstackBANK0             cstackBANK0  000000
__HcstackBANK1             cstackBANK1  000000
__HcstackCOMRAM            cstackCOMRAM 000000
__Hdata                    data         000000
__HdataBANK0               dataBANK0    000000
__HdataBANK1               dataBANK1    000000
__HdataCOMRAM              dataCOMRAM   000000
__Heeprom_data             eeprom_data  000000
__Hend_init                end_init     0000C2
__Hfarbss                  farbss       000000
__Hfardata                 fardata      000000
__Hibigdata                ibigdata     000000
__Hidata                   idata        000000
__HidataBANK0              idataBANK0   000000
__HidataBANK1              idataBANK1   000000
__HidataCOMRAM             idataCOMRAM  000000
__Hidloc                   idloc        200008
__Hifardata                ifardata     000000
__Hinit                    init         0000BE
__Hintcode                 intcode      000016
__Hintcode_body            intcode_body 000000
__Hintcodelo               intcodelo    0000BE
__Hintentry                intentry     000000
__Hintret                  intret       000000
__Hintsave_regs            intsave_regs 000000
__Hirdata                  irdata       000000
__Hmediumconst             mediumconst  008000
__HnvFARRAM                nvFARRAM     000000
__Hnvbit                   nvbit        000000
__Hnvrram                  nvrram       000000
__Hparam                   rparam       000000
__Hpowerup                 powerup      0000BE
__Hram                     ram          000000
__Hramtop                  ramtop       000600
__Hrbit                    rbit         000000
__Hrbss                    rbss         000000
__Hrdata                   rdata        000000
__Hreset_vec               reset_vec    000004
__Hrparam                  rparam       000000
__Hsfr                     sfr          000000
__Hsmallconst              smallconst   000000
__Hspace_0                 (abs)        30000E
__Hspace_1                 (abs)        0001B7
__Hspace_2                 (abs)        000000
__Hstack                   stack        000000
__Hstruct                  struct       000000
__Htemp                    temp         000052
__Htext                    text         000000
__Htext0                   text0        000000
__Htext1                   text1        000000
__Htext10                  text10       000000
__Htext11                  text11       000000
__Htext12                  text12       000000
__Htext13                  text13       000000
__Htext14                  text14       000000
__Htext15                  text15       000000
__Htext16                  text16       000000
__Htext17                  text17       000000
__Htext18                  text18       000000
__Htext19                  text19       000000
__Htext2                   text2        000000
__Htext20                  text20       000000
__Htext21                  text21       000000
__Htext22                  text22       000000
__Htext23                  text23       000000
__Htext24                  text24       000000
__Htext25                  text25       000000
__Htext26                  text26       000000
__Htext27                  text27       000000
__Htext28                  text28       000000
__Htext29                  text29       000000
__Htext3                   text3        000000
__Htext30                  text30       000000
__Htext31                  text31       000000
__Htext32                  text32       000000
__Htext33                  text33       000000
__Htext34                  text34       000000
__Htext35                  text35       000000
__Htext36                  text36       000000
__Htext37                  text37       000000
__Htext38                  text38       000000
__Htext39                  text39       000000
__Htext4                   text4        000000
__Htext40                  text40       000000
__Htext41                  text41       000000
__Htext42                  text42       000000
__Htext43                  text43       000000
__Htext44                  text44       000000
__Htext45                  text45       000000
__Htext46                  text46       000000
__Htext47                  text47       000000
__Htext48                  text48       000000
__Htext49                  text49       000000
__Htext5                   text5        000000
__Htext50                  text50       000000
__Htext51                  text51       000000
__Htext52                  text52       000000
__Htext53                  text53       000000
__Htext54                  text54       000000
__Htext55                  text55       000000
__Htext56                  text56       000000
__Htext57                  text57       000000
__Htext58                  text58       000000
__Htext59                  text59       000000
__Htext6                   text6        000000
__Htext60                  text60       000000
__Htext61                  text61       000000
__Htext62                  text62       000000
__Htext63                  text63       000000
__Htext64                  text64       000000
__Htext65                  text65       000000
__Htext66                  text66       000000
__Htext67                  text67       000000
__Htext68                  text68       000000
__Htext69                  text69       000000
__Htext7                   text7        000000
__Htext70                  text70       000000
__Htext71                  text71       000000
__Htext72                  text72       000000
__Htext73                  text73       000000
__Htext75                  text75       000000
__Htext76                  text76       000000
__Htext77                  text77       000000
__Htext78                  text78       000000
__Htext79                  text79       000000
__Htext8                   text8        000000
__Htext80                  text80       000000
__Htext81                  text81       000000
__Htext82                  text82       000000
__Htext83                  text83       000000
__Htext84                  text84       000000
__Htext85                  text85       000000
__Htext86                  text86       000000
__Htext87                  text87       000000
__Htext88                  text88       000000
__Htext9                   text9        000000
__Htext90                  text90       000000
__Htext91                  text91       000000
__Htext92                  text92       000000
__Htext93                  text93       000000
__LRAM                     (abs)        000001
__Labs1                    abs1         000000
__Lbank0                   bank0        000000
__Lbank1                   bank1        000000
__Lbank2                   bank2        000000
__Lbank3                   bank3        000000
__Lbank4                   bank4        000000
__Lbank5                   bank5        000000
__Lbigbss                  bigbss       000000
__Lbigdata                 bigdata      000000
__Lbigram                  bigram       000000
__Lbss                     bss          000000
__LbssBANK0                bssBANK0     000000
__LbssBANK1                bssBANK1     000000
__LbssCOMRAM               bssCOMRAM    000000
__Lcinit                   cinit        000000
__Lclrtext                 clrtext      000000
__Lcomram                  comram       000000
__Lconfig                  config       300000
__Lconst                   const        000000
__LcstackBANK0             cstackBANK0  000000
__LcstackBANK1             cstackBANK1  000000
__LcstackCOMRAM            cstackCOMRAM 000000
__Ldata                    data         000000
__LdataBANK0               dataBANK0    000000
__LdataBANK1               dataBANK1    000000
__LdataCOMRAM              dataCOMRAM   000000
__Leeprom_data             eeprom_data  000000
__Lend_init                end_init     0000BE
__Lfarbss                  farbss       000000
__Lfardata                 fardata      000000
__Libigdata                ibigdata     000000
__Lidata                   idata        000000
__LidataBANK0              idataBANK0   000000
__LidataBANK1              idataBANK1   000000
__LidataCOMRAM             idataCOMRAM  000000
__Lidloc                   idloc        200000
__Lifardata                ifardata     000000
__Linit                    init         0000BE
__Lintcode                 intcode      000008
__Lintcode_body            intcode_body 000000
__Lintcodelo               intcodelo    000018
__Lintentry                intentry     000000
__Lintret                  intret       000000
__Lintsave_regs            intsave_regs 000000
__Lirdata                  irdata       000000
__Lmediumconst             mediumconst  007D1A
__LnvFARRAM                nvFARRAM     000000
__Lnvbit                   nvbit        000000
__Lnvrram                  nvrram       000000
__Lparam                   rparam       000000
__Lpowerup                 powerup      0000BE
__Lram                     ram          000000
__Lramtop                  ramtop       000600
__Lrbit                    rbit         000000
__Lrbss                    rbss         000000
__Lrdata                   rdata        000000
__Lreset_vec               reset_vec    000000
__Lrparam                  rparam       000000
__Lsfr                     sfr          000000
__Lsmallconst              smallconst   000000
__Lspace_0                 (abs)        000000
__Lspace_1                 (abs)        000000
__Lspace_2                 (abs)        000000
__Lstack                   stack        000000
__Lstruct                  struct       000000
__Ltemp                    temp         000051
__Ltext                    text         000000
__Ltext0                   text0        000000
__Ltext1                   text1        000000
__Ltext10                  text10       000000
__Ltext11                  text11       000000
__Ltext12                  text12       000000
__Ltext13                  text13       000000
__Ltext14                  text14       000000
__Ltext15                  text15       000000
__Ltext16                  text16       000000
__Ltext17                  text17       000000
__Ltext18                  text18       000000
__Ltext19                  text19       000000
__Ltext2                   text2        000000
__Ltext20                  text20       000000
__Ltext21                  text21       000000
__Ltext22                  text22       000000
__Ltext23                  text23       000000
__Ltext24                  text24       000000
__Ltext25                  text25       000000
__Ltext26                  text26       000000
__Ltext27                  text27       000000
__Ltext28                  text28       000000
__Ltext29                  text29       000000
__Ltext3                   text3        000000
__Ltext30                  text30       000000
__Ltext31                  text31       000000
__Ltext32                  text32       000000
__Ltext33                  text33       000000
__Ltext34                  text34       000000
__Ltext35                  text35       000000
__Ltext36                  text36       000000
__Ltext37                  text37       000000
__Ltext38                  text38       000000
__Ltext39                  text39       000000
__Ltext4                   text4        000000
__Ltext40                  text40       000000
__Ltext41                  text41       000000
__Ltext42                  text42       000000
__Ltext43                  text43       000000
__Ltext44                  text44       000000
__Ltext45                  text45       000000
__Ltext46                  text46       000000
__Ltext47                  text47       000000
__Ltext48                  text48       000000
__Ltext49                  text49       000000
__Ltext5                   text5        000000
__Ltext50                  text50       000000
__Ltext51                  text51       000000
__Ltext52                  text52       000000
__Ltext53                  text53       000000
__Ltext54                  text54       000000
__Ltext55                  text55       000000
__Ltext56                  text56       000000
__Ltext57                  text57       000000
__Ltext58                  text58       000000
__Ltext59                  text59       000000
__Ltext6                   text6        000000
__Ltext60                  text60       000000
__Ltext61                  text61       000000
__Ltext62                  text62       000000
__Ltext63                  text63       000000
__Ltext64                  text64       000000
__Ltext65                  text65       000000
__Ltext66                  text66       000000
__Ltext67                  text67       000000
__Ltext68                  text68       000000
__Ltext69                  text69       000000
__Ltext7                   text7        000000
__Ltext70                  text70       000000
__Ltext71                  text71       000000
__Ltext72                  text72       000000
__Ltext73                  text73       000000
__Ltext75                  text75       000000
__Ltext76                  text76       000000
__Ltext77                  text77       000000
__Ltext78                  text78       000000
__Ltext79                  text79       000000
__Ltext8                   text8        000000
__Ltext80                  text80       000000
__Ltext81                  text81       000000
__Ltext82                  text82       000000
__Ltext83                  text83       000000
__Ltext84                  text84       000000
__Ltext85                  text85       000000
__Ltext86                  text86       000000
__Ltext87                  text87       000000
__Ltext88                  text88       000000
__Ltext9                   text9        000000
__Ltext90                  text90       000000
__Ltext91                  text91       000000
__Ltext92                  text92       000000
__Ltext93                  text93       000000
__S0                       (abs)        30000E
__S1                       (abs)        0001B7
__S2                       (abs)        000000
___aldiv                   text51       00416C
___aldiv@counter           cstackBANK0  000097
___aldiv@dividend          cstackBANK0  00008F
___aldiv@divisor           cstackBANK0  000093
___aldiv@quotient          cstackBANK0  000099
___aldiv@sign              cstackBANK0  000098
___awdiv                   text29       004CBC
___awdiv@counter           cstackBANK0  000099
___awdiv@dividend          cstackBANK0  000095
___awdiv@divisor           cstackBANK0  000097
___awdiv@quotient          cstackBANK0  00009B
___awdiv@sign              cstackBANK0  00009A
___awmod                   text28       0051A2
___awmod@counter           cstackBANK0  000093
___awmod@dividend          cstackBANK0  00008F
___awmod@divisor           cstackBANK0  000091
___awmod@sign              cstackBANK0  000094
___fladd                   text36       001202
___fladd@a                 cstackBANK1  00011E
___fladd@aexp              cstackBANK1  00012B
___fladd@b                 cstackBANK1  00011A
___fladd@bexp              cstackBANK1  00012C
___fladd@grs               cstackBANK1  00012D
___fladd@signs             cstackBANK1  00012A
___fldiv                   text66       001FF6
___fldiv@a                 cstackBANK0  0000A1
___fldiv@aexp              cstackBANK1  00010C
___fldiv@b                 cstackBANK0  00009D
___fldiv@bexp              cstackBANK1  00010B
___fldiv@grs               cstackBANK1  000107
___fldiv@new_exp           cstackBANK1  000105
___fldiv@rem               cstackBANK1  000101
___fldiv@sign              cstackBANK1  000100
___flge                    text38       00392E
___flge@ff1                cstackBANK0  00008F
___flge@ff2                cstackBANK0  000093
___flmul                   text65       0016AA
___flmul@a                 cstackBANK0  0000A1
___flmul@aexp              cstackBANK1  000101
___flmul@b                 cstackBANK0  00009D
___flmul@bexp              cstackBANK1  000106
___flmul@grs               cstackBANK1  000102
___flmul@prod              cstackBANK1  000107
___flmul@sign              cstackBANK1  000100
___flmul@temp              cstackBANK1  00010B
___flneg                   text37       005D0E
___flneg@f1                cstackBANK0  00008F
___flsub                   text35       005B6C
___flsub@a                 cstackBANK1  000132
___flsub@b                 cstackBANK1  00012E
___fltol                   text50       004286
___fltol@exp1              cstackBANK0  0000AA
___fltol@f1                cstackBANK1  000116
___fltol@sign1             cstackBANK0  0000A9
___inthi_sp                stack        000000
___intlo_sp                stack        000000
___lldiv                   text34       004E36
___lldiv@counter           cstackBANK0  00009B
___lldiv@dividend          cstackBANK0  00008F
___lldiv@divisor           cstackBANK0  000093
___lldiv@quotient          cstackBANK0  000097
___llmod                   text33       005244
___llmod@counter           cstackBANK0  0000A4
___llmod@dividend          cstackBANK0  00009C
___llmod@divisor           cstackBANK0  0000A0
___lmul                    text60       005822
___lmul@multiplicand       cstackBANK0  000093
___lmul@multiplier         cstackBANK0  00008F
___lmul@product            cstackBANK0  000097
___param_bank              (abs)        000010
___rparam_used             (abs)        000001
___sp                      stack        000000
___wmul                    text32       005D7E
___wmul@multiplicand       cstackBANK0  000091
___wmul@multiplier         cstackBANK0  00008F
___wmul@product            cstackBANK0  000093
___xxtofl                  text59       003410
___xxtofl@arg              cstackBANK0  000099
___xxtofl@exp              cstackBANK0  000098
___xxtofl@sign             cstackBANK0  000097
___xxtofl@val              cstackBANK0  00008F
__accesstop                (abs)        000060
__activetblptr             (abs)        000002
__div_to_l_                text31       003C48
__div_to_l_@cntr           cstackBANK0  00009B
__div_to_l_@exp1           cstackBANK0  00009C
__div_to_l_@f1             cstackBANK0  00008F
__div_to_l_@f2             cstackBANK0  000093
__div_to_l_@quot           cstackBANK0  000097
__end_of_EEPROMConfig      text73       0060DA
__end_of_PWM2Config        text70       005B22
__end_of_T2int             text84       003C48
__end_of_T4int             text90       005056
__end_of_UARTConfig        text69       005D7E
__end_of_UARTint           text75       005638
__end_of___aldiv           text51       004286
__end_of___awdiv           text29       004D7A
__end_of___awmod           text28       005244
__end_of___fladd           text36       0016AA
__end_of___fldiv           text66       0023B6
__end_of___flge            text38       003ABE
__end_of___flmul           text65       001B50
__end_of___flneg           text37       005D46
__end_of___flsub           text35       005BB4
__end_of___fltol           text50       004392
__end_of___lldiv           text34       004EF2
__end_of___llmod           text33       0052DE
__end_of___lmul            text60       005898
__end_of___wmul            text32       005DB4
__end_of___xxtofl          text59       0035DE
__end_of__div_to_l_        text31       003DD0
__end_of__initialization   cinit        00548A
__end_of__npowers_         mediumconst  007D4F
__end_of__powers_          mediumconst  007D83
__end_of__tdiv_to_l_       text30       00392E
__end_of_buttonChecking    text40       002FD2
__end_of_calcSysVars       text81       0056B6
__end_of_calcVars2ti       text64       0059E8
__end_of_chanValDigDOWN    text54       004BF2
__end_of_chanValDigUP      text46       004B26
__end_of_checkPass         text52       0055B4
__end_of_clockConfig       text39       005FD2
__end_of_confirmEdition    text61       00469E
__end_of_delay_ms          text68       005C86
__end_of_desintegrator     text49       003790
__end_of_dpowers           mediumconst  007DAB
__end_of_drawAdvOFF        text16       005F04
__end_of_drawAdvON         text15       005ED6
__end_of_drawAutoCalibRM   text13       005E18
__end_of_drawBadPass       text12       005EA8
__end_of_drawChanVal       text11       004E36
__end_of_drawMenu          text10       0031F6
__end_of_drawPassWord      text9        004498
__end_of_drawSNquest       text8        00488A
__end_of_drawScreen        text7        005100
__end_of_drawValEditor     text14       002A4E
__end_of_fround            text27       002D20
__end_of_hp_isr            intcode_body 005822
__end_of_integrator        text58       00404C
__end_of_interruptConfig   text6        0060D4
__end_of_ioConfig          text5        005DE6
__end_of_ioInitStt         text4        0060CC
__end_of_isdigit           text26       005F82
__end_of_isr               intcodelo    0000BE
__end_of_lcd_gotoxy        text21       005E7A
__end_of_lcd_init          text3        0051A2
__end_of_lcd_putc          text20       005730
__end_of_lcd_read_4bits    text25       0057AA
__end_of_lcd_read_byte     text24       005BFA
__end_of_lcd_send_4bits    text23       005526
__end_of_lcd_send_byte     text22       005D0E
__end_of_longPressDOWN     text67       005FAC
__end_of_longPressENTER    text57       004FA4
__end_of_longPressRETRO    text56       005C40
__end_of_longPressUP       text55       00590C
__end_of_main              text0        005B6C
__end_of_pressDOWN         text53       00479A
__end_of_pressENTER        text48       003410
__end_of_pressRETRO        text47       005ABC
__end_of_pressUP           text45       00459C
__end_of_printf            text17       000D30
__end_of_putch             text19       006084
__end_of_putchUART         text83       0060A0
__end_of_readEEPROM        text80       00605A
__end_of_releaseDOWN       text44       0060C4
__end_of_releaseENTER      text43       006092
__end_of_releaseRETRO      text42       0060B8
__end_of_releaseUP         text41       0060AC
__end_of_saveProcessState  text87       005E4A
__end_of_saveSysParams     text62       004970
__end_of_scale             text18       001202
__end_of_setPWM2duty       text72       005372
__end_of_setPWM2on         text2        00602C
__end_of_sysParamInit      text79       004CBC
__end_of_t2config          text71       006044
__end_of_t4config          text1        005F58
__end_of_writeEEPROM       text63       005FF2
__end_ofi1___fldiv         text78       002776
__end_ofi1___flmul         text82       001FF6
__end_ofi1_calcVars2ti     text77       005A54
__end_ofi1_delay_ms        text86       005CCC
__end_ofi1_saveSysParams   text76       004A56
__end_ofi1_setPWM2duty     text85       005406
__end_ofi1_writeEEPROM     text88       006012
__end_ofi2___flge          text93       00416C
__end_ofi2___xxtofl        text92       003F20
__end_ofi2_setPWM2duty     text91       00597C
__initialization           cinit        005406
__mediumconst              mediumconst  007D1A
__npowers_                 mediumconst  007D1B
__pbssBANK0                bssBANK0     0000AB
__pbssBANK1                bssBANK1     000198
__pbssCOMRAM               bssCOMRAM    00002A
__pcinit                   cinit        005406
__pcstackBANK0             cstackBANK0  000060
__pcstackBANK1             cstackBANK1  000100
__pcstackCOMRAM            cstackCOMRAM 000001
__pdataBANK0               dataBANK0    0000C3
__pdataBANK1               dataBANK1    00016E
__pdataCOMRAM              dataCOMRAM   000043
__pidataBANK0              idataBANK0   006068
__pidataBANK1              idataBANK1   005F04
__pidataCOMRAM             idataCOMRAM  00605A
__pintcode                 intcode      000008
__pintcode_body            intcode_body 0057AA
__pintcodelo               intcodelo    000018
__pmediumconst             mediumconst  007D1A
__powers_                  mediumconst  007D4F
__ptext0                   text0        005B22
__ptext1                   text1        005F2E
__ptext10                  text10       002FD2
__ptext11                  text11       004D7A
__ptext12                  text12       005E7A
__ptext13                  text13       005DE6
__ptext14                  text14       002776
__ptext15                  text15       005EA8
__ptext16                  text16       005ED6
__ptext17                  text17       0000C2
__ptext18                  text18       000D30
__ptext19                  text19       006076
__ptext2                   text2        006012
__ptext20                  text20       0056B6
__ptext21                  text21       005E4A
__ptext22                  text22       005CCC
__ptext23                  text23       005498
__ptext24                  text24       005BB4
__ptext25                  text25       005730
__ptext26                  text26       005F58
__ptext27                  text27       002A4E
__ptext28                  text28       0051A2
__ptext29                  text29       004CBC
__ptext3                   text3        005100
__ptext30                  text30       003790
__ptext31                  text31       003C48
__ptext32                  text32       005D7E
__ptext33                  text33       005244
__ptext34                  text34       004E36
__ptext35                  text35       005B6C
__ptext36                  text36       001202
__ptext37                  text37       005D0E
__ptext38                  text38       00392E
__ptext39                  text39       005FAC
__ptext4                   text4        0060C4
__ptext40                  text40       002D20
__ptext41                  text41       0060A0
__ptext42                  text42       0060AC
__ptext43                  text43       006084
__ptext44                  text44       0060B8
__ptext45                  text45       004498
__ptext46                  text46       004A56
__ptext47                  text47       005A54
__ptext48                  text48       0031F6
__ptext49                  text49       0035DE
__ptext5                   text5        005DB4
__ptext50                  text50       004286
__ptext51                  text51       00416C
__ptext52                  text52       005526
__ptext53                  text53       00469E
__ptext54                  text54       004B26
__ptext55                  text55       005898
__ptext56                  text56       005BFA
__ptext57                  text57       004EF2
__ptext58                  text58       003F20
__ptext59                  text59       003410
__ptext6                   text6        0060CC
__ptext60                  text60       005822
__ptext61                  text61       00459C
__ptext62                  text62       00488A
__ptext63                  text63       005FD2
__ptext64                  text64       00597C
__ptext65                  text65       0016AA
__ptext66                  text66       001FF6
__ptext67                  text67       005F82
__ptext68                  text68       005C40
__ptext69                  text69       005D46
__ptext7                   text7        005056
__ptext70                  text70       005ABC
__ptext71                  text71       00602C
__ptext72                  text72       0052DE
__ptext73                  text73       0060D4
__ptext75                  text75       0055B4
__ptext76                  text76       004970
__ptext77                  text77       0059E8
__ptext78                  text78       0023B6
__ptext79                  text79       004BF2
__ptext8                   text8        00479A
__ptext80                  text80       006044
__ptext81                  text81       005638
__ptext82                  text82       001B50
__ptext83                  text83       006092
__ptext84                  text84       003ABE
__ptext85                  text85       005372
__ptext86                  text86       005C86
__ptext87                  text87       005E18
__ptext88                  text88       005FF2
__ptext9                   text9        004392
__ptext90                  text90       004FA4
__ptext91                  text91       00590C
__ptext92                  text92       003DD0
__ptext93                  text93       00404C
__ramtop                   ramtop       000600
__size_of_EEPROMConfig     (abs)        000000
__size_of_PWM2Config       (abs)        000000
__size_of_T2int            (abs)        000000
__size_of_T4int            (abs)        000000
__size_of_UARTConfig       (abs)        000000
__size_of_UARTint          (abs)        000000
__size_of___aldiv          (abs)        000000
__size_of___awdiv          (abs)        000000
__size_of___awmod          (abs)        000000
__size_of___fladd          (abs)        000000
__size_of___fldiv          (abs)        000000
__size_of___flge           (abs)        000000
__size_of___flmul          (abs)        000000
__size_of___flneg          (abs)        000000
__size_of___flsub          (abs)        000000
__size_of___fltol          (abs)        000000
__size_of___lldiv          (abs)        000000
__size_of___llmod          (abs)        000000
__size_of___lmul           (abs)        000000
__size_of___wmul           (abs)        000000
__size_of___xxtofl         (abs)        000000
__size_of__div_to_l_       (abs)        000000
__size_of__tdiv_to_l_      (abs)        000000
__size_of_buttonChecking   (abs)        000000
__size_of_calcSysVars      (abs)        000000
__size_of_calcVars2ti      (abs)        000000
__size_of_chanValDigDOWN   (abs)        000000
__size_of_chanValDigUP     (abs)        000000
__size_of_checkPass        (abs)        000000
__size_of_clockConfig      (abs)        000000
__size_of_confirmEdition   (abs)        000000
__size_of_delay_ms         (abs)        000000
__size_of_desintegrator    (abs)        000000
__size_of_drawAdvOFF       (abs)        000000
__size_of_drawAdvON        (abs)        000000
__size_of_drawAutoCalibRM  (abs)        000000
__size_of_drawBadPass      (abs)        000000
__size_of_drawChanVal      (abs)        000000
__size_of_drawMenu         (abs)        000000
__size_of_drawPassWord     (abs)        000000
__size_of_drawSNquest      (abs)        000000
__size_of_drawScreen       (abs)        000000
__size_of_drawValEditor    (abs)        000000
__size_of_fround           (abs)        000000
__size_of_hp_isr           (abs)        000000
__size_of_integrator       (abs)        000000
__size_of_interruptConfig  (abs)        000000
__size_of_ioConfig         (abs)        000000
__size_of_ioInitStt        (abs)        000000
__size_of_isdigit          (abs)        000000
__size_of_isr              (abs)        000000
__size_of_lcd_gotoxy       (abs)        000000
__size_of_lcd_init         (abs)        000000
__size_of_lcd_putc         (abs)        000000
__size_of_lcd_read_4bits   (abs)        000000
__size_of_lcd_read_byte    (abs)        000000
__size_of_lcd_send_4bits   (abs)        000000
__size_of_lcd_send_byte    (abs)        000000
__size_of_longPressDOWN    (abs)        000000
__size_of_longPressENTER   (abs)        000000
__size_of_longPressRETRO   (abs)        000000
__size_of_longPressUP      (abs)        000000
__size_of_main             (abs)        000000
__size_of_pressDOWN        (abs)        000000
__size_of_pressENTER       (abs)        000000
__size_of_pressRETRO       (abs)        000000
__size_of_pressUP          (abs)        000000
__size_of_printf           (abs)        000000
__size_of_putch            (abs)        000000
__size_of_putchUART        (abs)        000000
__size_of_readEEPROM       (abs)        000000
__size_of_releaseDOWN      (abs)        000000
__size_of_releaseENTER     (abs)        000000
__size_of_releaseRETRO     (abs)        000000
__size_of_releaseUP        (abs)        000000
__size_of_saveProcessState (abs)        000000
__size_of_saveSysParams    (abs)        000000
__size_of_scale            (abs)        000000
__size_of_setPWM2duty      (abs)        000000
__size_of_setPWM2on        (abs)        000000
__size_of_sysParamInit     (abs)        000000
__size_of_t2config         (abs)        000000
__size_of_t4config         (abs)        000000
__size_of_writeEEPROM      (abs)        000000
__size_ofi1___fldiv        (abs)        000000
__size_ofi1___flmul        (abs)        000000
__size_ofi1_calcVars2ti    (abs)        000000
__size_ofi1_delay_ms       (abs)        000000
__size_ofi1_saveSysParams  (abs)        000000
__size_ofi1_setPWM2duty    (abs)        000000
__size_ofi1_writeEEPROM    (abs)        000000
__size_ofi2___flge         (abs)        000000
__size_ofi2___xxtofl       (abs)        000000
__size_ofi2_setPWM2duty    (abs)        000000
__smallconst               smallconst   000000
__tdiv_to_l_               text30       003790
__tdiv_to_l_@cntr          cstackBANK0  00009E
__tdiv_to_l_@exp1          cstackBANK0  00009F
__tdiv_to_l_@f1            cstackBANK0  00008F
__tdiv_to_l_@f2            cstackBANK0  000093
__tdiv_to_l_@quot          cstackBANK0  00009A
_actualScreen              bssBANK0     0000B8
_bladeIsUP                 bssBANK0     0000B9
_buttonChecking            text40       002D20
_calFactor                 bssBANK1     0001A4
_calcSysVars               text81       005638
_calcVars2ti               text64       00597C
_chanValChar               bssBANK1     000198
_chanValDigDOWN            text54       004B26
_chanValDigUP              text46       004A56
_chanValSection            dataBANK1    000196
_chanValdig                bssBANK1     00019E
_chanValf                  bssCOMRAM    00002A
_chanVals                  bssBANK1     0001B4
_checkPass                 text52       005526
_clockConfig               text39       005FAC
_confirmEdition            text61       00459C
_contra                    bssBANK1     0001A8
_delay_ms                  text68       005C40
_desintegrator             text49       0035DE
_diamTubo                  dataBANK1    000186
_dpowers                   mediumconst  007D83
_drawAdvOFF                text16       005ED6
_drawAdvON                 text15       005EA8
_drawAutoCalibRM           text13       005DE6
_drawBadPass               text12       005E7A
_drawChanVal               text11       004D7A
_drawMenu                  text10       002FD2
_drawPassWord              text9        004392
_drawSNquest               text8        00479A
_drawScreen                text7        005056
_drawValEditor             text14       002776
_exp10                     dataBANK1    00016E
_fData                     bssBANK0     0000AB
_fd                        bssBANK0     0000BA
_flech                     dataBANK1    000197
_fround                    text27       002A4E
_fround$2972               cstackBANK1  000115
_fround$2973               cstackBANK1  000111
_holdDOWNcont              bssBANK0     0000BB
_holdENTERcont             bssBANK0     0000BC
_holdFC1cont               bssCOMRAM    00003D
_holdFC2cont               bssCOMRAM    00003E
_holdRETROcont             bssBANK0     0000BD
_holdUPcont                bssBANK0     0000BE
_hp_isr                    intcode      000008
_i16Data                   bssBANK0     0000AF
_ie                        bssBANK0     0000BF
_integrator                text58       003F20
_interruptConfig           text6        0060CC
_introducido               bssBANK1     0001AC
_ioConfig                  text5        005DB4
_ioInitStt                 text4        0060C4
_isdigit                   text26       005F58
_isdigit$2475              cstackBANK0  000090
_isr                       intcodelo    000018
_kgXcorte                  dataBANK1    00018A
_lastSttDOWN               dataBANK0    0000CD
_lastSttENTER              dataBANK0    0000CE
_lastSttFC1                bssCOMRAM    00003F
_lastSttFC2                bssCOMRAM    000040
_lastSttRETRO              dataBANK0    0000CF
_lastSttUP                 dataBANK0    0000D0
_lcd_gotoxy                text21       005E4A
_lcd_init                  text3        005100
_lcd_putc                  text20       0056B6
_lcd_read_4bits            text25       005730
_lcd_read_byte             text24       005BB4
_lcd_send_4bits            text23       005498
_lcd_send_4bits$1675       cstackBANK0  00008F
_lcd_send_4bits$1676       cstackBANK0  000090
_lcd_send_4bits$1677       cstackBANK0  000091
_lcd_send_4bits$1678       cstackBANK0  000092
_lcd_send_byte             text22       005CCC
_longPressDOWN             text67       005F82
_longPressENTER            text57       004EF2
_longPressRETRO            text56       005BFA
_longPressUP               text55       005898
_main                      text0        005B22
_menuSection               bssBANK1     0001B6
_numCortes                 dataBANK0    0000CB
_passChar                  bssBANK1     0001B0
_passSection               bssBANK0     0000C0
_pi                        dataBANK1    00018E
_pressDOWN                 text53       00469E
_pressENTER                text48       0031F6
_pressRETRO                text47       005A54
_pressUP                   text45       004498
_printf                    text17       0000C2
_printf$2975               cstackBANK1  00014C
_processState              bssCOMRAM    000035
_processTimer              bssCOMRAM    00002E
_putch                     text19       006076
_putchUART                 text83       006092
_questKMT                  bssCOMRAM    000032
_questSN                   bssBANK0     0000B1
_readEEPROM                text80       006044
_releaseDOWN               text44       0060B8
_releaseENTER              text43       006084
_releaseRETRO              text42       0060AC
_releaseUP                 text41       0060A0
_saveProcessState          text87       005E18
_saveSysParams             text62       00488A
_scale                     text18       000D30
_scale$2974                cstackBANK1  000111
_screen_calibVelRes        bssCOMRAM    000041
_selKMT                    bssCOMRAM    000042
_selSN                     bssBANK0     0000C1
_setPWM2duty               text72       0052DE
_setPWM2on                 text2        006012
_sysParamInit              text79       004BF2
_t2config                  text71       00602C
_t4config                  text1        005F2E
_tempLastScreen            bssBANK0     0000C2
_tempNumCortes             dataCOMRAM   00004F
_tempkgXcorte              dataBANK1    000192
_tiXcorte                  dataBANK0    0000C3
_timeDOWN                  dataCOMRAM   000043
_timsXcorte                dataCOMRAM   000047
_velocidadMasa             dataBANK0    0000C7
_writeEEPROM               text63       005FD2
btemp                      temp         000051
calcSysVars@temp           cstackBANK0  000079
checkPass@i                cstackBANK0  000094
checkPass@passOK           cstackBANK0  000093
confirmEdition@yes         cstackBANK0  0000A9
delay_ms@del               cstackBANK0  00008F
delay_ms@i                 cstackBANK0  000092
desintegrator@i            cstackBANK1  000130
desintegrator@temp         cstackBANK1  000120
desintegrator@temp2        cstackBANK1  00012C
desintegrator@temp3        cstackBANK1  000128
desintegrator@tempL        cstackBANK1  000124
drawMenu@adv               cstackBANK1  00016B
drawPassWord@i             cstackBANK1  00016B
drawSNquest@i              cstackBANK1  00016B
drawSNquest@tq             cstackBANK1  00016D
end_of_initialization      cinit        00548A
fround@prec                cstackBANK1  000119
i1___fldiv                 text78       0023B6
i1___fldiv@a               cstackBANK0  000064
i1___fldiv@aexp            cstackBANK0  000078
i1___fldiv@b               cstackBANK0  000060
i1___fldiv@bexp            cstackBANK0  000077
i1___fldiv@grs             cstackBANK0  000073
i1___fldiv@new_exp         cstackBANK0  000071
i1___fldiv@rem             cstackBANK0  00006D
i1___fldiv@sign            cstackBANK0  00006C
i1___flmul                 text82       001B50
i1___flmul@a               cstackBANK0  000064
i1___flmul@aexp            cstackBANK0  00006D
i1___flmul@b               cstackBANK0  000060
i1___flmul@bexp            cstackBANK0  000072
i1___flmul@grs             cstackBANK0  00006E
i1___flmul@prod            cstackBANK0  000073
i1___flmul@sign            cstackBANK0  00006C
i1___flmul@temp            cstackBANK0  000077
i1_calcVars2ti             text77       0059E8
i1_delay_ms                text86       005C86
i1_saveSysParams           text76       004970
i1_setPWM2duty             text85       005372
i1_writeEEPROM             text88       005FF2
i1delay_ms@del             cstackBANK0  000060
i1delay_ms@i               cstackBANK0  000063
i1setPWM2duty@act          cstackBANK0  000064
i1setPWM2duty@actuator     cstackBANK0  000060
i1writeEEPROM@adr          cstackBANK0  000061
i1writeEEPROM@data         cstackBANK0  000060
i2___flge                  text93       00404C
i2___flge@ff1              cstackCOMRAM 00000F
i2___flge@ff2              cstackCOMRAM 000013
i2___xxtofl                text92       003DD0
i2___xxtofl@arg            cstackCOMRAM 00000B
i2___xxtofl@exp            cstackCOMRAM 00000A
i2___xxtofl@sign           cstackCOMRAM 000009
i2___xxtofl@val            cstackCOMRAM 000001
i2_setPWM2duty             text91       00590C
i2setPWM2duty@act          cstackCOMRAM 000005
i2setPWM2duty@actuator     cstackCOMRAM 000001
int$flags                  temp         000051
int_func                   intcode_body 0057AA
integrator@acum            cstackBANK1  00010D
integrator@i               cstackBANK1  000115
integrator@temp            cstackBANK1  000111
intlevel0                  text         000000
intlevel1                  text         000000
intlevel2                  text         000000
intlevel3                  text         000000
isdigit@c                  cstackBANK0  000091
lcd_gotoxy@address         cstackBANK0  000099
lcd_gotoxy@fila            cstackBANK0  000097
lcd_gotoxy@pos             cstackBANK0  000098
lcd_init@F7567             dataCOMRAM   00004B
lcd_init@LCD_INIT_STRING   cstackBANK0  000098
lcd_init@i                 cstackBANK0  00009C
lcd_putc@cha               cstackBANK0  00009B
lcd_read_4bits@n           cstackBANK0  000090
lcd_read_byte@high         cstackBANK0  000092
lcd_read_byte@low          cstackBANK0  000091
lcd_send_4bits@n           cstackBANK0  000093
lcd_send_byte@address      cstackBANK0  000096
lcd_send_byte@n            cstackBANK0  000094
printf@ap                  cstackBANK1  000154
printf@c                   cstackBANK1  00016A
printf@cp                  cstackBANK1  000150
printf@exp                 cstackBANK1  000160
printf@f                   cstackBANK1  000136
printf@flag                cstackBANK1  000156
printf@fval                cstackBANK1  000164
printf@len                 cstackBANK1  000152
printf@prec                cstackBANK1  000168
printf@tmpval              cstackBANK1  000158
printf@val                 cstackBANK1  00015C
printf@width               cstackBANK1  000162
putch@val                  cstackBANK0  00009C
putchUART@val              cstackBANK0  000060
readEEPROM@adr             cstackBANK0  000060
scale@scl                  cstackBANK1  000115
setPWM2duty@act            cstackBANK0  000093
setPWM2duty@actuator       cstackBANK0  00008F
setPWM2on@on               cstackBANK0  00008F
stackhi                    (abs)        0005FF
stacklo                    (abs)        0001B7
start                      init         0000BE
start_initialization       cinit        005406
writeEEPROM@adr            cstackBANK0  000090
writeEEPROM@data           cstackBANK0  00008F


FUNCTION INFORMATION:

 *************** function _main *****************
 Defined at:
		line 32 in file "source/main.c"
 Parameters:    Size  Location     Type
		None
 Auto vars:     Size  Location     Type
		None
 Return value:  Size  Location     Type
                  1    wreg      void 
 Registers used:
		wreg, fsr2l, fsr2h, status,2, status,0, tblptrl, tblptrh, tblptru, prodl, prodh, cstack
 Tracked objects:
		On entry : 
		On exit  : 
		Unchanged: 
 Data sizes:     COMRAM   BANK0   BANK1   BANK2   BANK3   BANK4   BANK5
      Params:         0       0       0       0       0       0       0
      Locals:         0       0       0       0       0       0       0
      Temps:          0       0       0       0       0       0       0
      Totals:         0       0       0       0       0       0       0
Total ram usage:        0 bytes
 Hardware stack levels required when called:   18
 This function calls:
		_EEPROMConfig
		_PWM2Config
		_UARTConfig
		_buttonChecking
		_clockConfig
		_drawScreen
		_interruptConfig
		_ioConfig
		_ioInitStt
		_lcd_init
		_saveSysParams
		_setPWM2duty
		_setPWM2on
		_t4config
 This function is called by:
		Startup code after reset
 This function uses a non-reentrant model


 *************** function _t4config *****************
 Defined at:
		line 32 in file "source/T4Config.h"
 Parameters:    Size  Location     Type
		None
 Auto vars:     Size  Location     Type
		None
 Return value:  Size  Location     Type
                  1    wreg      void 
 Registers used:
		wreg, status,2
 Tracked objects:
		On entry : 
		On exit  : 
		Unchanged: 
 Data sizes:     COMRAM   BANK0   BANK1   BANK2   BANK3   BANK4   BANK5
      Params:         0       0       0       0       0       0       0
      Locals:         0       0       0       0       0       0       0
      Temps:          0       0       0       0       0       0       0
      Totals:         0       0       0       0       0       0       0
Total ram usage:        0 bytes
 Hardware stack levels used:    1
 Hardware stack levels required when called:    8
 This function calls:
		Nothing
 This function is called by:
		_main
 This function uses a non-reentrant model


 *************** function _setPWM2on *****************
 Defined at:
		line 150 in file "source/PWMConfig.h"
 Parameters:    Size  Location     Type
  on              1    wreg     unsigned char 
 Auto vars:     Size  Location     Type
  on              1   47[BANK0 ] unsigned char 
 Return value:  Size  Location     Type
                  1    wreg      void 
 Registers used:
		wreg, status,2
 Tracked objects:
		On entry : 
		On exit  : 
		Unchanged: 
 Data sizes:     COMRAM   BANK0   BANK1   BANK2   BANK3   BANK4   BANK5
      Params:         0       0       0       0       0       0       0
      Locals:         0       1       0       0       0       0       0
      Temps:          0       0       0       0       0       0       0
      Totals:         0       1       0       0       0       0       0
Total ram usage:        1 bytes
 Hardware stack levels used:    1
 Hardware stack levels required when called:    8
 This function calls:
		Nothing
 This function is called by:
		_main
 This function uses a non-reentrant model


 *************** function _lcd_init *****************
 Defined at:
		line 179 in file "source/../../vclib_lcd.h"
 Parameters:    Size  Location     Type
		None
 Auto vars:     Size  Location     Type
  LCD_INIT_STR    4   56[BANK0 ] unsigned char [4]
  i               1   60[BANK0 ] unsigned char 
 Return value:  Size  Location     Type
                  1    wreg      void 
 Registers used:
		wreg, fsr2l, fsr2h, status,2, status,0, prodl, prodh, cstack
 Tracked objects:
		On entry : 
		On exit  : 
		Unchanged: 
 Data sizes:     COMRAM   BANK0   BANK1   BANK2   BANK3   BANK4   BANK5
      Params:         0       0       0       0       0       0       0
      Locals:         0       5       0       0       0       0       0
      Temps:          0       1       0       0       0       0       0
      Totals:         0       6       0       0       0       0       0
Total ram usage:        6 bytes
 Hardware stack levels used:    1
 Hardware stack levels required when called:   11
 This function calls:
		_lcd_send_4bits
		_lcd_send_byte
 This function is called by:
		_main
 This function uses a non-reentrant model


 *************** function _ioInitStt *****************
 Defined at:
		line 85 in file "source/IOConfig.h"
 Parameters:    Size  Location     Type
		None
 Auto vars:     Size  Location     Type
		None
 Return value:  Size  Location     Type
                  1    wreg      void 
 Registers used:
		None
 Tracked objects:
		On entry : 
		On exit  : 
		Unchanged: 
 Data sizes:     COMRAM   BANK0   BANK1   BANK2   BANK3   BANK4   BANK5
[...]
		_calcSysVars
		i1_calcVars2ti
 This function uses a non-reentrant model


 *************** function _putchUART *****************
 Defined at:
		line 63 in file "source/IOConfig.h"
 Parameters:    Size  Location     Type
  val             1    wreg     unsigned char 
 Auto vars:     Size  Location     Type
  val             1    0[BANK0 ] unsigned char 
 Return value:  Size  Location     Type
                  1    wreg      void 
 Registers used:
		wreg
 Tracked objects:
		On entry : 
		On exit  : 
		Unchanged: 
 Data sizes:     COMRAM   BANK0   BANK1   BANK2   BANK3   BANK4   BANK5
      Params:         0       0       0       0       0       0       0
      Locals:         0       1       0       0       0       0       0
      Temps:          0       0       0       0       0       0       0
      Totals:         0       1       0       0       0       0       0
Total ram usage:        1 bytes
 Hardware stack levels used:    1
 Hardware stack levels required when called:    3
 This function calls:
		Nothing
 This function is called by:
		_UARTint
 This function uses a non-reentrant model


 *************** function _T2int *****************
 Defined at:
		line 45 in file "source/PWMConfig.h"
 Parameters:    Size  Location     Type
		None
 Auto vars:     Size  Location     Type
		None
 Return value:  Size  Location     Type
                  1    wreg      void 
 Registers used:
		wreg, status,2, status,0, cstack
 Tracked objects:
		On entry : 
		On exit  : 
		Unchanged: 
 Data sizes:     COMRAM   BANK0   BANK1   BANK2   BANK3   BANK4   BANK5
      Params:         0       0       0       0       0       0       0
      Locals:         0       0       0       0       0       0       0
      Temps:          0       1       0       0       0       0       0
      Totals:         0       1       0       0       0       0       0
Total ram usage:        1 bytes
 Hardware stack levels used:    1
 Hardware stack levels required when called:    5
 This function calls:
		_saveProcessState
		i1_delay_ms
		i1_setPWM2duty
 This function is called by:
		_isr
 This function uses a non-reentrant model


 *************** function i1_setPWM2duty *****************
 Defined at:
		line 33 in file "source/PWMConfig.h"
 Parameters:    Size  Location     Type
  actuator        2    0[BANK0 ] short 
 Auto vars:     Size  Location     Type
  setPWM2duty     2    4[BANK0 ] short 
 Return value:  Size  Location     Type
                  1    wreg      void 
 Registers used:
		wreg, status,2, status,0
 Tracked objects:
		On entry : 
		On exit  : 
		Unchanged: 
 Data sizes:     COMRAM   BANK0   BANK1   BANK2   BANK3   BANK4   BANK5
      Params:         0       2       0       0       0       0       0
      Locals:         0       2       0       0       0       0       0
      Temps:          0       2       0       0       0       0       0
      Totals:         0       6       0       0       0       0       0
Total ram usage:        6 bytes
 Hardware stack levels used:    1
 Hardware stack levels required when called:    3
 This function calls:
		Nothing
 This function is called by:
		_T2int
 This function uses a non-reentrant model


 *************** function i1_delay_ms *****************
 Defined at:
		line 13 in file "source/../../delay.h"
 Parameters:    Size  Location     Type
  del             2    0[BANK0 ] int 
 Auto vars:     Size  Location     Type
  delay_ms        2    3[BANK0 ] int 
 Return value:  Size  Location     Type
                  1    wreg      void 
 Registers used:
		wreg, status,2, status,0
 Tracked objects:
		On entry : 
		On exit  : 
		Unchanged: 
 Data sizes:     COMRAM   BANK0   BANK1   BANK2   BANK3   BANK4   BANK5
      Params:         0       2       0       0       0       0       0
      Locals:         0       2       0       0       0       0       0
      Temps:          0       1       0       0       0       0       0
      Totals:         0       5       0       0       0       0       0
Total ram usage:        5 bytes
 Hardware stack levels used:    1
 Hardware stack levels required when called:    3
 This function calls:
		Nothing
 This function is called by:
		_T2int
 This function uses a non-reentrant model


 *************** function _saveProcessState *****************
 Defined at:
		line 124 in file "source/sysParams.h"
 Parameters:    Size  Location     Type
		None
 Auto vars:     Size  Location     Type
		None
 Return value:  Size  Location     Type
                  1    wreg      void 
 Registers used:
		wreg, status,2, cstack
 Tracked objects:
		On entry : 
		On exit  : 
		Unchanged: 
 Data sizes:     COMRAM   BANK0   BANK1   BANK2   BANK3   BANK4   BANK5
      Params:         0       0       0       0       0       0       0
      Locals:         0       0       0       0       0       0       0
      Temps:          0       0       0       0       0       0       0
      Totals:         0       0       0       0       0       0       0
Total ram usage:        0 bytes
 Hardware stack levels used:    1
 Hardware stack levels required when called:    4
 This function calls:
		i1_writeEEPROM
 This function is called by:
		_T2int
 This function uses a non-reentrant model


 *************** function i1_writeEEPROM *****************
 Defined at:
		line 31 in file "source/sysParams.h"
 Parameters:    Size  Location     Type
  adr             1    wreg     unsigned char 
  data            1    0[BANK0 ] unsigned char 
 Auto vars:     Size  Location     Type
  adr             1    1[BANK0 ] unsigned char 
 Return value:  Size  Location     Type
                  1    wreg      void 
 Registers used:
		wreg, status,2
 Tracked objects:
		On entry : 
		On exit  : 
		Unchanged: 
 Data sizes:     COMRAM   BANK0   BANK1   BANK2   BANK3   BANK4   BANK5
      Params:         0       1       0       0       0       0       0
      Locals:         0       1       0       0       0       0       0
      Temps:          0       0       0       0       0       0       0
      Totals:         0       2       0       0       0       0       0
Total ram usage:        2 bytes
 Hardware stack levels used:    1
 Hardware stack levels required when called:    3
 This function calls:
		Nothing
 This function is called by:
		_saveProcessState
		i1_saveSysParams
 This function uses a non-reentrant model


 *************** function _hp_isr *****************
 Defined at:
		line 14 in file "source/main.c"
 Parameters:    Size  Location     Type
		None
 Auto vars:     Size  Location     Type
		None
 Return value:  Size  Location     Type
                  1    wreg      void 
 Registers used:
		wreg, status,2, status,0, cstack
 Tracked objects:
		On entry : 
		On exit  : 
		Unchanged: 
 Data sizes:     COMRAM   BANK0   BANK1   BANK2   BANK3   BANK4   BANK5
      Params:         0       0       0       0       0       0       0
      Locals:         0       0       0       0       0       0       0
      Temps:         14       0       0       0       0       0       0
      Totals:        14       0       0       0       0       0       0
Total ram usage:       14 bytes
 Hardware stack levels used:    1
 Hardware stack levels required when called:    2
 This function calls:
		_T4int
 This function is called by:
		Interrupt level 2
 This function uses a non-reentrant model


 *************** function _T4int *****************
 Defined at:
		line 13 in file "source/T4Config.h"
 Parameters:    Size  Location     Type
		None
 Auto vars:     Size  Location     Type
		None
 Return value:  Size  Location     Type
                  1    wreg      void 
 Registers used:
		wreg, status,2, status,0, cstack
 Tracked objects:
		On entry : 
		On exit  : 
		Unchanged: 
 Data sizes:     COMRAM   BANK0   BANK1   BANK2   BANK3   BANK4   BANK5
      Params:         0       0       0       0       0       0       0
      Locals:         0       0       0       0       0       0       0
      Temps:          1       0       0       0       0       0       0
      Totals:         1       0       0       0       0       0       0
Total ram usage:        1 bytes
 Hardware stack levels used:    1
 Hardware stack levels required when called:    1
 This function calls:
		i2___flge
		i2___xxtofl
		i2_setPWM2duty
 This function is called by:
		_hp_isr
 This function uses a non-reentrant model


 *************** function i2_setPWM2duty *****************
 Defined at:
		line 33 in file "source/PWMConfig.h"
 Parameters:    Size  Location     Type
  actuator        2    0[COMRAM] short 
 Auto vars:     Size  Location     Type
  setPWM2duty     2    4[COMRAM] short 
 Return value:  Size  Location     Type
                  1    wreg      void 
 Registers used:
		wreg, status,2, status,0
 Tracked objects:
		On entry : 
		On exit  : 
		Unchanged: 
 Data sizes:     COMRAM   BANK0   BANK1   BANK2   BANK3   BANK4   BANK5
      Params:         2       0       0       0       0       0       0
      Locals:         2       0       0       0       0       0       0
      Temps:          2       0       0       0       0       0       0
      Totals:         6       0       0       0       0       0       0
Total ram usage:        6 bytes
 Hardware stack levels used:    1
 This function calls:
		Nothing
 This function is called by:
		_T4int
 This function uses a non-reentrant model


 *************** function i2___xxtofl *****************
 Defined at:
		line 10 in file "C:\Program Files (x86)\Microchip\xc8\v1.38\sources\common\xxtofl.c"
 Parameters:    Size  Location     Type
  sign            1    wreg     unsigned char 
  val             4    0[COMRAM] long 
 Auto vars:     Size  Location     Type
  sign            1    8[COMRAM] unsigned char 
  __xxtofl        4   10[COMRAM] unsigned long 
  __xxtofl        1    9[COMRAM] unsigned char 
 Return value:  Size  Location     Type
                  4    0[COMRAM] unsigned char 
 Registers used:
		wreg, status,2, status,0
 Tracked objects:
		On entry : 
		On exit  : 
		Unchanged: 
 Data sizes:     COMRAM   BANK0   BANK1   BANK2   BANK3   BANK4   BANK5
      Params:         4       0       0       0       0       0       0
      Locals:         6       0       0       0       0       0       0
      Temps:          4       0       0       0       0       0       0
      Totals:        14       0       0       0       0       0       0
Total ram usage:       14 bytes
 Hardware stack levels used:    1
 This function calls:
		Nothing
 This function is called by:
		_T4int
 This function uses a non-reentrant model


 *************** function i2___flge *****************
 Defined at:
		line 4 in file "C:\Program Files (x86)\Microchip\xc8\v1.38\sources\common\flge.c"
 Parameters:    Size  Location     Type
  ff1             4   14[COMRAM] unsigned char 
  ff2             4   18[COMRAM] unsigned char 
 Auto vars:     Size  Location     Type
		None
 Return value:  Size  Location     Type
		None               void
 Registers used:
		wreg, status,2, status,0
 Tracked objects:
		On entry : 
		On exit  : 
		Unchanged: 
 Data sizes:     COMRAM   BANK0   BANK1   BANK2   BANK3   BANK4   BANK5
      Params:         8       0       0       0       0       0       0
      Locals:         0       0       0       0       0       0       0
      Temps:          4       0       0       0       0       0       0
      Totals:        12       0       0       0       0       0       0
Total ram usage:       12 bytes
 Hardware stack levels used:    1
 This function calls:
		Nothing
 This function is called by:
		_T4int
 This function uses a non-reentrant model



MODULE INFORMATION

Module		Function		Class		Link	Load	Size
source/ButtonController.h
		_buttonChecking		CODE           	2D20	0000	691

source/ButtonController.h estimated size: 691

C:\Program Files (x86)\Microchip\xc8\v1.38\sources\common\awmod.c
		___awmod       		CODE           	51A2	0000	163

C:\Program Files (x86)\Microchip\xc8\v1.38\sources\common\awmod.c estimated size: 163

C:\Program Files (x86)\Microchip\xc8\v1.38\sources\common\ftdivl.c
		__tdiv_to_l_   		CODE           	3790	0000	415

C:\Program Files (x86)\Microchip\xc8\v1.38\sources\common\ftdivl.c estimated size: 415

C:\Program Files (x86)\Microchip\xc8\v1.38\sources\common\llmod.c
		___llmod       		CODE           	5244	0000	155

C:\Program Files (x86)\Microchip\xc8\v1.38\sources\common\llmod.c estimated size: 155

C:\Program Files (x86)\Microchip\xc8\v1.38\sources\common\Umul16.c
		___wmul        		CODE           	5D7E	0000	55

C:\Program Files (x86)\Microchip\xc8\v1.38\sources\common\Umul16.c estimated size: 55

source/screenDrawers.h
		_drawChanVal   		CODE           	4D7A	0000	189
		_drawPassWord  		CODE           	4392	0000	263
		_drawBadPass   		CODE           	5E7A	0000	47
		_drawValEditor 		CODE           	2776	0000	729
		_drawMenu      		CODE           	2FD2	0000	549
		_drawAutoCalibRM		CODE           	5DE6	0000	51
		_drawAdvON     		CODE           	5EA8	0000	47
		_drawAdvOFF    		CODE           	5ED6	0000	47
		_drawScreen    		CODE           	5056	0000	171
		_drawSNquest   		CODE           	479A	0000	241

source/screenDrawers.h estimated size: 2334

source/sysParams.h
		_EEPROMConfig  		CODE           	60D4	0000	7
		_saveSysParams 		CODE           	488A	0000	231
		_calcSysVars   		CODE           	5638	0000	127
		_sysParamInit  		CODE           	4BF2	0000	203
		_saveProcessState		CODE           	5E18	0000	51
		_readEEPROM    		CODE           	6044	0000	23
		_writeEEPROM   		CODE           	5FD2	0000	33
		_calcVars2ti   		CODE           	597C	0000	109

source/sysParams.h estimated size: 784

C:\Program Files (x86)\Microchip\xc8\v1.38\sources\common\fldivl.c
		__div_to_l_    		CODE           	3C48	0000	393

C:\Program Files (x86)\Microchip\xc8\v1.38\sources\common\fldivl.c estimated size: 393

source/main.c
		_main          		CODE           	5B22	0000	75
		_isr           		CODE           	0018	0000	167
		_hp_isr        		CODE           	0008	0000	135

source/main.c estimated size: 377

C:\Program Files (x86)\Microchip\xc8\v1.38\sources\common\sprcmul.c
		___flmul       		CODE           	16AA	0000	1191

C:\Program Files (x86)\Microchip\xc8\v1.38\sources\common\sprcmul.c estimated size: 1191

C:\Program Files (x86)\Microchip\xc8\v1.38\sources\common\sprcdiv.c
		___fldiv       		CODE           	1FF6	0000	961

C:\Program Files (x86)\Microchip\xc8\v1.38\sources\common\sprcdiv.c estimated size: 961

source/PWMConfig.h
		_setPWM2on     		CODE           	6012	0000	27
		_setPWM2duty   		CODE           	52DE	0000	149
		_t2config      		CODE           	602C	0000	25
		_PWM2Config    		CODE           	5ABC	0000	103
		_T2int         		CODE           	3ABE	0000	395

source/PWMConfig.h estimated size: 699

C:\Program Files (x86)\Microchip\xc8\v1.38\sources\common\awdiv.c
		___awdiv       		CODE           	4CBC	0000	191

C:\Program Files (x86)\Microchip\xc8\v1.38\sources\common\awdiv.c estimated size: 191

C:\Program Files (x86)\Microchip\xc8\v1.38\sources\common\Umul32.c
		___lmul        		CODE           	5822	0000	119

C:\Program Files (x86)\Microchip\xc8\v1.38\sources\common\Umul32.c estimated size: 119

source/../../vclib_lcd.h
		_lcd_read_byte 		CODE           	5BB4	0000	71
		_lcd_putc      		CODE           	56B6	0000	123
		_lcd_send_byte 		CODE           	5CCC	0000	67
		_lcd_read_4bits		CODE           	5730	0000	123
		_lcd_send_4bits		CODE           	5498	0000	143
		_lcd_gotoxy    		CODE           	5E4A	0000	49
		_lcd_init      		CODE           	5100	0000	163

source/../../vclib_lcd.h estimated size: 739

C:\Program Files (x86)\Microchip\xc8\v1.38\sources\common\fltol.c
		___fltol       		CODE           	4286	0000	269

C:\Program Files (x86)\Microchip\xc8\v1.38\sources\common\fltol.c estimated size: 269

C:\Program Files (x86)\Microchip\xc8\v1.38\sources\common\lldiv.c
		___lldiv       		CODE           	4E36	0000	189

C:\Program Files (x86)\Microchip\xc8\v1.38\sources\common\lldiv.c estimated size: 189

C:\Program Files (x86)\Microchip\xc8\v1.38\sources\common\aldiv.c
		___aldiv       		CODE           	416C	0000	283

C:\Program Files (x86)\Microchip\xc8\v1.38\sources\common\aldiv.c estimated size: 283

C:\Program Files (x86)\Microchip\xc8\v1.38\sources\common\xxtofl.c
		___xxtofl      		CODE           	3410	0000	463

C:\Program Files (x86)\Microchip\xc8\v1.38\sources\common\xxtofl.c estimated size: 463

source/IOConfig.h
		_putchUART     		CODE           	6092	0000	15
		_putch         		CODE           	6076	0000	15
		_ioInitStt     		CODE           	60C4	0000	9
		_ioConfig      		CODE           	5DB4	0000	51

source/IOConfig.h estimated size: 90

shared
		i1_writeEEPROM 		CODE           	5FF2	0000	33
		__powers_      		MEDIUMCONST    	7D4F	0000	53
		i1_calcVars2ti 		CODE           	59E8	0000	109
		_dpowers       		MEDIUMCONST    	7D83	0000	41
		i1___fldiv     		CODE           	23B6	0000	961
		__npowers_     		MEDIUMCONST    	7D1B	0000	53
		__initialization		CODE           	5406	0000	133
		i2___flge      		CODE           	404C	0000	289
		i1___flmul     		CODE           	1B50	0000	1191
		i2___xxtofl    		CODE           	3DD0	0000	337
		i1_saveSysParams		CODE           	4970	0000	231
		i1_setPWM2duty 		CODE           	5372	0000	149
		i2_setPWM2duty 		CODE           	590C	0000	113
		i1_delay_ms    		CODE           	5C86	0000	71

shared estimated size: 3764

source/T4Config.h
		_T4int         		CODE           	4FA4	0000	179
		_t4config      		CODE           	5F2E	0000	43

source/T4Config.h estimated size: 222

C:\Program Files (x86)\Microchip\xc8\v1.38\sources\common\isdigit.c
		_isdigit       		CODE           	5F58	0000	43

C:\Program Files (x86)\Microchip\xc8\v1.38\sources\common\isdigit.c estimated size: 43

C:\Program Files (x86)\Microchip\xc8\v1.38\sources\common\sprcadd.c
		___flsub       		CODE           	5B6C	0000	73
		___fladd       		CODE           	1202	0000	1193

C:\Program Files (x86)\Microchip\xc8\v1.38\sources\common\sprcadd.c estimated size: 1266

C:\Program Files (x86)\Microchip\xc8\v1.38\sources\common\flge.c
		___flge        		CODE           	392E	0000	401

C:\Program Files (x86)\Microchip\xc8\v1.38\sources\common\flge.c estimated size: 401

source/SYSConfig.h
		_interruptConfig		CODE           	60CC	0000	9
		_clockConfig   		CODE           	5FAC	0000	39

source/SYSConfig.h estimated size: 48

C:\Program Files (x86)\Microchip\xc8\v1.38\sources\common\flneg.c
		___flneg       		CODE           	5D0E	0000	57

C:\Program Files (x86)\Microchip\xc8\v1.38\sources\common\flneg.c estimated size: 57

C:\Program Files (x86)\Microchip\xc8\v1.38\sources\common\doprnt.c
		_scale         		CODE           	0D30	0000	1235
		_printf        		CODE           	00C2	0000	3183
		_fround        		CODE           	2A4E	0000	723

C:\Program Files (x86)\Microchip\xc8\v1.38\sources\common\doprnt.c estimated size: 5141

source/UARTConfig.h
		_UARTConfig    		CODE           	5D46	0000	57
		_UARTint       		CODE           	55B4	0000	133

source/UARTConfig.h estimated size: 190

source/DisplayProtocol.h
		_pressUP       		CODE           	4498	0000	261
		_pressENTER    		CODE           	31F6	0000	539
		_pressRETRO    		CODE           	5A54	0000	105
		_pressDOWN     		CODE           	469E	0000	253
		_chanValDigUP  		CODE           	4A56	0000	209
		_releaseUP     		CODE           	60A0	0000	13
		_releaseDOWN   		CODE           	60B8	0000	13
		_releaseENTER  		CODE           	6084	0000	15
		_releaseRETRO  		CODE           	60AC	0000	13
		_confirmEdition		CODE           	459C	0000	259
		_chanValDigDOWN		CODE           	4B26	0000	205
		_longPressUP   		CODE           	5898	0000	117
		_desintegrator 		CODE           	35DE	0000	435
		_longPressDOWN 		CODE           	5F82	0000	43
		_longPressENTER		CODE           	4EF2	0000	179
		_longPressRETRO		CODE           	5BFA	0000	71
		_checkPass     		CODE           	5526	0000	143
		_integrator    		CODE           	3F20	0000	301

source/DisplayProtocol.h estimated size: 3174

source/../../delay.h
		_delay_ms      		CODE           	5C40	0000	71

source/../../delay.h estimated size: 71

